T1926856   0x0000ffff898f73a0  f8617861   ldr    (%x3,%x1,uxtx #3)[8byte] -> %x1
T1926856     read  8 byte(s) @ 0xffff892f7e08
T1926856   0x0000ffff898f73a4  9ac02420   lsrv   %x1 %x0 -> %x0
T1926856   0x0000ffff898f73a8  9ada2421   lsrv   %x1 %x26 -> %x1
T1926856   0x0000ffff898f73ac  8a010000   and    %x0 %x1 lsl $0x00 -> %x0
T1926856   0x0000ffff898f73b0  37000f00   tbnz   $0x0000ffff898f7590 %x0 $0x00
T1926856   0x0000ffff898f7590  2a0203e2   orr    %wzr %w2 lsl $0x00 -> %w2
T1926856   0x0000ffff898f7594  f9419f21   ldr    +0x0338(%x25)[8byte] -> %x1
T1926856     read  8 byte(s) @ 0xffff898e3338
T1926856   0x0000ffff898f7598  9ac20b40   udiv   %x26 %x2 -> %x0
T1926856   0x0000ffff898f759c  9b02e800   msub   %x0 %x2 %x26 -> %x0
T1926856   0x0000ffff898f75a0  b860783b   ldr    (%x1,%x0,uxtx #2)[4byte] -> %w27
T1926856     read  4 byte(s) @ 0xffff892f88bc
T1926856   0x0000ffff898f75a4  34fff09b   cbz    $0x0000ffff898f73b4 %w27
T1926856   0x0000ffff898f75a8  f941a320   ldr    +0x0340(%x25)[8byte] -> %x0
T1926856     read  8 byte(s) @ 0xffff898e3340
T1926856   0x0000ffff898f75ac  b900cbea   str    %w10 -> +0xc8(%sp)[4byte]
T1926856     write 4 byte(s) @ 0xffffd2962d18
T1926856   0x0000ffff898f75b0  a90d73f5   stp    %x21 %x28 -> +0xd0(%sp)[16byte]
T1926856     write 16 byte(s) @ 0xffffd2962d20
T1926856   0x0000ffff898f75b4  aa1a03fc   orr    %xzr %x26 lsl $0x00 -> %x28
T1926856   0x0000ffff898f75b8  aa1703fa   orr    %xzr %x23 lsl $0x00 -> %x26
T1926856   0x0000ffff898f75bc  8b3b481b   add    %x0 %x27 uxtw $0x02 -> %x27
T1926856   0x0000ffff898f75c0  f90073f8   str    %x24 -> +0xe0(%sp)[8byte]
T1926856     write 8 byte(s) @ 0xffffd2962d30
T1926856   0x0000ffff898f75c4  aa1b03f7   orr    %xzr %x27 lsl $0x00 -> %x23
T1926856   0x0000ffff898f75c8  aa1903f8   orr    %xzr %x25 lsl $0x00 -> %x24
T1926856   0x0000ffff898f75cc  aa0c03fb   orr    %xzr %x12 lsl $0x00 -> %x27
T1926856   0x0000ffff898f75d0  aa0703f9   orr    %xzr %x7 lsl $0x00 -> %x25
T1926856   0x0000ffff898f75d4  f90087f4   str    %x20 -> +0x0108(%sp)[8byte]
T1926856     write 8 byte(s) @ 0xffffd2962d58
T1926856   0x0000ffff898f75d8  2a1603f4   orr    %wzr %w22 lsl $0x00 -> %w20
T1926856   0x0000ffff898f75dc  b940b3f6   ldr    +0xb0(%sp)[4byte] -> %w22
T1926856     read  4 byte(s) @ 0xffffd2962d00
T1926856   0x0000ffff898f75e0  f94063f5   ldr    +0xc0(%sp)[8byte] -> %x21
T1926856     read  8 byte(s) @ 0xffffd2962d10
T1926856   0x0000ffff898f75e4  14000003   b      $0x0000ffff898f75f0
T1926856   0x0000ffff898f75f0  b94002e1   ldr    (%x23)[4byte] -> %w1
T1926856     read  4 byte(s) @ 0xffff892fa494
T1926856   0x0000ffff898f75f4  2a0103e0   orr    %wzr %w1 lsl $0x00 -> %w0
T1926856   0x0000ffff898f75f8  ca1c0000   eor    %x0 %x28 lsl $0x00 -> %x0
T1926856   0x0000ffff898f75fc  eb4007ff   subs   %xzr %x0 lsr $0x01 -> %xzr
T1926856   0x0000ffff898f7600  54ffff41   b.ne   $0x0000ffff898f75e8
T1926856   0x0000ffff898f75e8  910012f7   add    %x23 $0x0004 lsl $0x00 -> %x23
T1926856   0x0000ffff898f75ec  37002ac1   tbnz   $0x0000ffff898f7b44 %x1 $0x00
T1926856   0x0000ffff898f75f0  b94002e1   ldr    (%x23)[4byte] -> %w1
T1926856     read  4 byte(s) @ 0xffff892fa498
T1926856   0x0000ffff898f75f4  2a0103e0   orr    %wzr %w1 lsl $0x00 -> %w0
T1926856   0x0000ffff898f75f8  ca1c0000   eor    %x0 %x28 lsl $0x00 -> %x0
T1926856   0x0000ffff898f75fc  eb4007ff   subs   %xzr %x0 lsr $0x01 -> %xzr
T1926856   0x0000ffff898f7600  54ffff41   b.ne   $0x0000ffff898f75e8
T1926856   0x0000ffff898f7604  f941a306   ldr    +0x0340(%x24)[8byte] -> %x6
T1926856     read  8 byte(s) @ 0xffff898e3340
T1926856   0x0000ffff898f7608  aa1903e7   orr    %xzr %x25 lsl $0x00 -> %x7
T1926856   0x0000ffff898f760c  f94047e0   ldr    +0x88(%sp)[8byte] -> %x0
T1926856     read  8 byte(s) @ 0xffffd2962cd8
T1926856   0x0000ffff898f7610  cb0602e6   sub    %x23 %x6 lsl $0x00 -> %x6
T1926856   0x0000ffff898f7614  f9404fe1   ldr    +0x98(%sp)[8byte] -> %x1
T1926856     read  8 byte(s) @ 0xffffd2962ce8
T1926856   0x0000ffff898f7618  d34284c5   ubfm   %x6 $0x02 $0x21 -> %x5
T1926856   0x0000ffff898f761c  a90003f8   stp    %x24 %x0 -> (%sp)[16byte]
T1926856     write 16 byte(s) @ 0xffffd2962c50
T1926856   0x0000ffff898f7620  aa0503e6   orr    %xzr %x5 lsl $0x00 -> %x6
T1926856   0x0000ffff898f7624  8b0504a5   add    %x5 %x5 lsl $0x01 -> %x5
T1926856   0x0000ffff898f7628  f94043e0   ldr    +0x80(%sp)[8byte] -> %x0
T1926856     read  8 byte(s) @ 0xffffd2962cd0
T1926856   0x0000ffff898f762c  f9000be0   str    %x0 -> +0x10(%sp)[8byte]
T1926856     write 8 byte(s) @ 0xffffd2962c60
T1926856   0x0000ffff898f7630  2a1403e4   orr    %wzr %w20 lsl $0x00 -> %w4
T1926856   0x0000ffff898f7634  2a1603e3   orr    %wzr %w22 lsl $0x00 -> %w3
T1926856   0x0000ffff898f7638  aa1503e2   orr    %xzr %x21 lsl $0x00 -> %x2
T1926856   0x0000ffff898f763c  8b050f65   add    %x27 %x5 lsl $0x03 -> %x5
T1926856   0x0000ffff898f7640  aa1a03e0   orr    %xzr %x26 lsl $0x00 -> %x0
T1926856   0x0000ffff898f7644  97fffec1   bl     $0x0000ffff898f7148 -> %x30
T1926856   0x0000ffff898f7148  a9bc7bfd   stp    %x29 %x30 %sp $0xffffffffffffffc0 -> -0x40(%sp)[16byte] %sp
T1926856     write 16 byte(s) @ 0xffffd2962c10
T1926856   0x0000ffff898f714c  910003fd   add    %sp $0x0000 lsl $0x00 -> %x29
T1926856   0x0000ffff898f7150  a90153f3   stp    %x19 %x20 -> +0x10(%sp)[16byte]
T1926856     write 16 byte(s) @ 0xffffd2962c20
T1926856   0x0000ffff898f7154  aa0503f3   orr    %xzr %x5 lsl $0x00 -> %x19
T1926856   0x0000ffff898f7158  aa0203f4   orr    %xzr %x2 lsl $0x00 -> %x20
T1926856   0x0000ffff898f715c  a9025bf5   stp    %x21 %x22 -> +0x20(%sp)[16byte]
T1926856     write 16 byte(s) @ 0xffffd2962c30
T1926856   0x0000ffff898f7160  2a0603f6   orr    %wzr %w6 lsl $0x00 -> %w22
T1926856   0x0000ffff898f7164  f94004a9   ldr    +0x08(%x5)[8byte] -> %x9
T1926856     read  8 byte(s) @ 0xffff893038c8
T1926856   0x0000ffff898f7168  f9001bf7   str    %x23 -> +0x30(%sp)[8byte]
T1926856     write 8 byte(s) @ 0xffffd2962c40
T1926856   0x0000ffff898f716c  2a0303f7   orr    %wzr %w3 lsl $0x00 -> %w23
T1926856   0x0000ffff898f7170  394010a8   ldrb   +0x04(%x5)[1byte] -> %w8
T1926856     read  1 byte(s) @ 0xffff893038c4
T1926856   0x0000ffff898f7174  79400ca5   ldrh   +0x06(%x5)[2byte] -> %w5
T1926856     read  2 byte(s) @ 0xffff893038c6
T1926856   0x0000ffff898f7178  12000d02   and    %w8 $0x0000000f -> %w2
T1926856   0x0000ffff898f717c  f94023f5   ldr    +0x40(%sp)[8byte] -> %x21
T1926856     read  8 byte(s) @ 0xffffd2962c50
T1926856   0x0000ffff898f7180  b4000769   cbz    $0x0000ffff898f726c %x9
T1926856   0x0000ffff898f7184  710000bf   subs   %w5 $0x0000 lsl $0x00 -> %wzr
T1926856   0x0000ffff898f7188  52808ce8   movz   $0x0467 lsl $0x00 -> %w8
T1926856   0x0000ffff898f718c  1ac22908   asrv   %w8 %w2 -> %w8
T1926856   0x0000ffff898f7190  1a9f17e2   csinc  %wzr %wzr ne -> %w2
T1926856   0x0000ffff898f7194  2a2803e8   orn    %wzr %w8 lsl $0x00 -> %w8
T1926856   0x0000ffff898f7198  0a040042   and    %w2 %w4 lsl $0x00 -> %w2
T1926856   0x0000ffff898f719c  12000104   and    %w8 $0x00000001 -> %w4
T1926856   0x0000ffff898f71a0  2a020084   orr    %w4 %w2 lsl $0x00 -> %w4
T1926856   0x0000ffff898f71a4  350006c4   cbnz   $0x0000ffff898f727c %w4
T1926856   0x0000ffff898f71a8  eb01027f   subs   %x19 %x1 lsl $0x00 -> %xzr
T1926856   0x0000ffff898f71ac  540000c0   b.eq   $0x0000ffff898f71c4
T1926856   0x0000ffff898f71c4  f941baa0   ldr    +0x0370(%x21)[8byte] -> %x0
T1926856     read  8 byte(s) @ 0xffff898e3370
T1926856   0x0000ffff898f71c8  b40002d4   cbz    $0x0000ffff898f7220 %x20
T1926856   0x0000ffff898f71cc  b40006e0   cbz    $0x0000ffff898f72a8 %x0
T1926856   0x0000ffff898f71d0  78765816   ldrh   (%x0,%x22,uxtw #1)[2byte] -> %w22
T1926856     read  2 byte(s) @ 0xffff8930f3b2
T1926856   0x0000ffff898f71d4  52800303   movz   $0x0018 lsl $0x00 -> %w3
T1926856   0x0000ffff898f71d8  f9418ea1   ldr    +0x0318(%x21)[8byte] -> %x1
T1926856     read  8 byte(s) @ 0xffff898e3318
T1926856   0x0000ffff898f71dc  12003ac0   and    %w22 $0x00007fff -> %w0
T1926856   0x0000ffff898f71e0  b9400a82   ldr    +0x08(%x20)[4byte] -> %w2
T1926856     read  4 byte(s) @ 0xffff898e3668
T1926856   0x0000ffff898f71e4  9ba37c00   umaddl %w0 %w3 %xzr -> %x0
T1926856   0x0000ffff898f71e8  8b000023   add    %x1 %x0 lsl $0x00 -> %x3
T1926856   0x0000ffff898f71ec  b9400875   ldr    +0x08(%x3)[4byte] -> %w21
T1926856     read  4 byte(s) @ 0xffff898e3668
T1926856   0x0000ffff898f71f0  6b0202bf   subs   %w21 %w2 lsl $0x00 -> %wzr
T1926856   0x0000ffff898f71f4  54000500   b.eq   $0x0000ffff898f7294
T1926856   0x0000ffff898f7294  f8606820   ldr    (%x1,%x0)[8byte] -> %x0
T1926856     read  8 byte(s) @ 0xffff898e3660
T1926856   0x0000ffff898f7298  f9400281   ldr    (%x20)[8byte] -> %x1
T1926856     read  8 byte(s) @ 0xffff898e3660
T1926856   0x0000ffff898f729c  94003c29   bl     $0x0000ffff89906340 -> %x30
T1926856   0x0000ffff89906340  ca010007   eor    %x0 %x1 lsl $0x00 -> %x7
T1926856   0x0000ffff89906344  b200c3ea   orr    %xzr $0x0101010101010101 -> %x10
T1926856   0x0000ffff89906348  f24008ff   ands   %x7 $0x0000000000000007 -> %xzr
T1926856   0x0000ffff8990634c  540003e1   b.ne   $0x0000ffff899063c8
T1926856   0x0000ffff89906350  f2400807   ands   %x0 $0x0000000000000007 -> %x7
T1926856   0x0000ffff89906354  54000241   b.ne   $0x0000ffff8990639c
T1926856   0x0000ffff89906358  f8408402   ldr    (%x0)[8byte] %x0 $0x0000000000000008 -> %x2 %x0
T1926856     read  8 byte(s) @ 0xffff8930e7f0
T1926856   0x0000ffff8990635c  f8408423   ldr    (%x1)[8byte] %x1 $0x0000000000000008 -> %x3 %x1
T1926856     read  8 byte(s) @ 0xffff8930e7f0
T1926856   0x0000ffff89906360  cb0a0047   sub    %x2 %x10 lsl $0x00 -> %x7
T1926856   0x0000ffff89906364  b200d848   orr    %x2 $0x7f7f7f7f7f7f7f7f -> %x8
T1926856   0x0000ffff89906368  ca030045   eor    %x2 %x3 lsl $0x00 -> %x5
T1926856   0x0000ffff8990636c  8a2800e4   bic    %x7 %x8 lsl $0x00 -> %x4
T1926856   0x0000ffff89906370  aa0400a6   orr    %x5 %x4 lsl $0x00 -> %x6
T1926856   0x0000ffff89906374  b4ffff26   cbz    $0x0000ffff89906358 %x6
T1926856   0x0000ffff89906358  f8408402   ldr    (%x0)[8byte] %x0 $0x0000000000000008 -> %x2 %x0
T1926856     read  8 byte(s) @ 0xffff8930e7f8
T1926856   0x0000ffff8990635c  f8408423   ldr    (%x1)[8byte] %x1 $0x0000000000000008 -> %x3 %x1
T1926856     read  8 byte(s) @ 0xffff8930e7f8
T1926856   0x0000ffff89906360  cb0a0047   sub    %x2 %x10 lsl $0x00 -> %x7
T1926856   0x0000ffff89906364  b200d848   orr    %x2 $0x7f7f7f7f7f7f7f7f -> %x8
T1926856   0x0000ffff89906368  ca030045   eor    %x2 %x3 lsl $0x00 -> %x5
T1926856   0x0000ffff8990636c  8a2800e4   bic    %x7 %x8 lsl $0x00 -> %x4
T1926856   0x0000ffff89906370  aa0400a6   orr    %x5 %x4 lsl $0x00 -> %x6
T1926856   0x0000ffff89906374  b4ffff26   cbz    $0x0000ffff89906358 %x6
T1926856   0x0000ffff89906378  dac00cc6   rev    %x6 -> %x6
T1926856   0x0000ffff8990637c  dac00c42   rev    %x2 -> %x2
T1926856   0x0000ffff89906380  dac010cb   clz    %x6 -> %x11
T1926856   0x0000ffff89906384  dac00c63   rev    %x3 -> %x3
T1926856   0x0000ffff89906388  9acb2042   lslv   %x2 %x11 -> %x2
T1926856   0x0000ffff8990638c  9acb2063   lslv   %x3 %x11 -> %x3
T1926856   0x0000ffff89906390  d378fc42   ubfm   %x2 $0x38 $0x3f -> %x2
T1926856   0x0000ffff89906394  cb43e040   sub    %x2 %x3 lsr $0x38 -> %x0
T1926856   0x0000ffff89906398  d65f03c0   ret    %x30
T1926856   0x0000ffff898f72a0  34fffb40   cbz    $0x0000ffff898f7208 %w0
T1926856   0x0000ffff898f7208  aa1303e0   orr    %xzr %x19 lsl $0x00 -> %x0
T1926856   0x0000ffff898f720c  a94153f3   ldp    +0x10(%sp)[16byte] -> %x19 %x20
T1926856     read  16 byte(s) @ 0xffffd2962c20
T1926856   0x0000ffff898f7210  a9425bf5   ldp    +0x20(%sp)[16byte] -> %x21 %x22
T1926856     read  16 byte(s) @ 0xffffd2962c30
T1926856   0x0000ffff898f7214  f9401bf7   ldr    +0x30(%sp)[8byte] -> %x23
T1926856     read  8 byte(s) @ 0xffffd2962c40
T1926856   0x0000ffff898f7218  a8c47bfd   ldp    (%sp)[16byte] %sp $0x0000000000000040 -> %x29 %x30 %sp
T1926856     read  16 byte(s) @ 0xffffd2962c10
T1926856   0x0000ffff898f721c  d65f03c0   ret    %x30
T1926856   0x0000ffff898f7648  b5003220   cbnz   $0x0000ffff898f7c8c %x0
T1926856   0x0000ffff898f7c8c  aa1903e7   orr    %xzr %x25 lsl $0x00 -> %x7
T1926856   0x0000ffff898f7c90  aa1a03f7   orr    %xzr %x26 lsl $0x00 -> %x23
T1926856   0x0000ffff898f7c94  aa1803f9   orr    %xzr %x24 lsl $0x00 -> %x25
T1926856   0x0000ffff898f7c98  aa1c03fa   orr    %xzr %x28 lsl $0x00 -> %x26
T1926856   0x0000ffff898f7c9c  2a1403f6   orr    %wzr %w20 lsl $0x00 -> %w22
T1926856   0x0000ffff898f7ca0  b940cbea   ldr    +0xc8(%sp)[4byte] -> %w10
T1926856     read  4 byte(s) @ 0xffffd2962d18
T1926856   0x0000ffff898f7ca4  aa0003e3   orr    %xzr %x0 lsl $0x00 -> %x3
T1926856   0x0000ffff898f7ca8  aa1b03ec   orr    %xzr %x27 lsl $0x00 -> %x12
T1926856   0x0000ffff898f7cac  a94d73f5   ldp    +0xd0(%sp)[16byte] -> %x21 %x28
T1926856     read  16 byte(s) @ 0xffffd2962d20
T1926856   0x0000ffff898f7cb0  f94073f8   ldr    +0xe0(%sp)[8byte] -> %x24
T1926856     read  8 byte(s) @ 0xffffd2962d30
T1926856   0x0000ffff898f7cb4  f94087f4   ldr    +0x0108(%sp)[8byte] -> %x20
T1926856     read  8 byte(s) @ 0xffffd2962d58
T1926856   0x0000ffff898f7cb8  17fffe1c   b      $0x0000ffff898f7528
T1926856   0x0000ffff898f7528  f9408fe0   ldr    +0x0118(%sp)[8byte] -> %x0
T1926856     read  8 byte(s) @ 0xffffd2962d68
T1926856   0x0000ffff898f752c  b4000a60   cbz    $0x0000ffff898f7678 %x0
T1926856   0x0000ffff898f7530  39401460   ldrb   +0x05(%x3)[1byte] -> %w0
T1926856     read  1 byte(s) @ 0xffff893038c5
T1926856   0x0000ffff898f7534  12000400   and    %w0 $0x00000003 -> %w0
T1926856   0x0000ffff898f7538  51000400   sub    %w0 $0x0001 lsl $0x00 -> %w0
T1926856   0x0000ffff898f753c  7100041f   subs   %w0 $0x0001 lsl $0x00 -> %wzr
T1926856   0x0000ffff898f7540  54fff3a9   b.ls   $0x0000ffff898f73b4
T1926856   0x0000ffff898f7544  39401060   ldrb   +0x04(%x3)[1byte] -> %w0
T1926856     read  1 byte(s) @ 0xffff893038c4
T1926856   0x0000ffff898f7548  53047c00   ubfm   %w0 $0x04 $0x1f -> %w0
T1926856   0x0000ffff898f754c  7100081f   subs   %w0 $0x0002 lsl $0x00 -> %wzr
T1926856   0x0000ffff898f7550  54001820   b.eq   $0x0000ffff898f7854
T1926856   0x0000ffff898f7554  7100281f   subs   %w0 $0x000a lsl $0x00 -> %wzr
T1926856   0x0000ffff898f7558  54000fa0   b.eq   $0x0000ffff898f774c
T1926856   0x0000ffff898f755c  7100041f   subs   %w0 $0x0001 lsl $0x00 -> %wzr
T1926856   0x0000ffff898f7560  54fff2a1   b.ne   $0x0000ffff898f73b4
T1926856   0x0000ffff898f7564  f94053e0   ldr    +0xa0(%sp)[8byte] -> %x0
T1926856     read  8 byte(s) @ 0xffffd2962cf0
T1926856   0x0000ffff898f7568  a9006403   stp    %x3 %x25 -> (%x0)[16byte]
T1926856     write 16 byte(s) @ 0xffffd2962e28
T1926856   0x0000ffff898f756c  52800020   movz   $0x0001 lsl $0x00 -> %w0
T1926856   0x0000ffff898f7570  a9427bfd   ldp    +0x20(%sp)[16byte] -> %x29 %x30
T1926856     read  16 byte(s) @ 0xffffd2962c70
T1926856   0x0000ffff898f7574  a94353f3   ldp    +0x30(%sp)[16byte] -> %x19 %x20
T1926856     read  16 byte(s) @ 0xffffd2962c80
T1926856   0x0000ffff898f7578  a9445bf5   ldp    +0x40(%sp)[16byte] -> %x21 %x22
T1926856     read  16 byte(s) @ 0xffffd2962c90
T1926856   0x0000ffff898f757c  a94563f7   ldp    +0x50(%sp)[16byte] -> %x23 %x24
T1926856     read  16 byte(s) @ 0xffffd2962ca0
T1926856   0x0000ffff898f7580  a9466bf9   ldp    +0x60(%sp)[16byte] -> %x25 %x26
T1926856     read  16 byte(s) @ 0xffffd2962cb0
T1926856   0x0000ffff898f7584  a94773fb   ldp    +0x70(%sp)[16byte] -> %x27 %x28
T1926856     read  16 byte(s) @ 0xffffd2962cc0
T1926856   0x0000ffff898f7588  910403ff   add    %sp $0x0100 lsl $0x00 -> %sp
T1926856   0x0000ffff898f758c  d65f03c0   ret    %x30
T1926856   0x0000ffff898f7e90  34fffe20   cbz    $0x0000ffff898f7e54 %w0
T1926856   0x0000ffff898f7e94  f9400263   ldr    (%x19)[8byte] -> %x3
T1926856     read  8 byte(s) @ 0xffffd2962f30
T1926856   0x0000ffff898f7e98  f9406fe0   ldr    +0xd8(%sp)[8byte] -> %x0
T1926856     read  8 byte(s) @ 0xffffd2962e28
T1926856   0x0000ffff898f7e9c  b40009c0   cbz    $0x0000ffff898f7fd4 %x0
T1926856   0x0000ffff898f7ea0  b40000a3   cbz    $0x0000ffff898f7eb4 %x3
T1926856   0x0000ffff898f7ea4  39401460   ldrb   +0x05(%x3)[1byte] -> %w0
T1926856     read  1 byte(s) @ 0xffff893038c5
T1926856   0x0000ffff898f7ea8  12000400   and    %w0 $0x00000003 -> %w0
T1926856   0x0000ffff898f7eac  71000c1f   subs   %w0 $0x0003 lsl $0x00 -> %wzr
T1926856   0x0000ffff898f7eb0  54000320   b.eq   $0x0000ffff898f7f14
T1926856   0x0000ffff898f7eb4  f94073fc   ldr    +0xe0(%sp)[8byte] -> %x28
T1926856     read  8 byte(s) @ 0xffffd2962e30
T1926856   0x0000ffff898f7eb8  5280001a   movz   $0x0000 lsl $0x00 -> %w26
T1926856   0x0000ffff898f7ebc  394d3380   ldrb   +0x034c(%x28)[1byte] -> %w0
T1926856     read  1 byte(s) @ 0xfffd4587434c
T1926856   0x0000ffff898f7ec0  90000159   adrp   <rel> 0x0000ffff8991f000 -> %x25
T1926856   0x0000ffff898f7ec4  12000400   and    %w0 $0x00000003 -> %w0
T1926856   0x0000ffff898f7ec8  7100081f   subs   %w0 $0x0002 lsl $0x00 -> %wzr
T1926856   0x0000ffff898f7ecc  540019e0   b.eq   $0x0000ffff898f8208
T1926856   0x0000ffff898f7ed0  b9440f80   ldr    +0x040c(%x28)[4byte] -> %w0
T1926856     read  4 byte(s) @ 0xfffd4587440c
T1926856   0x0000ffff898f7ed4  34001940   cbz    $0x0000ffff898f81fc %w0
T1926856   0x0000ffff898f7ed8  b946db20   ldr    +0x06d8(%x25)[4byte] -> %w0
T1926856     read  4 byte(s) @ 0xffff8991f6d8
T1926856   0x0000ffff898f7edc  52810081   movz   $0x0804 lsl $0x00 -> %w1
T1926856   0x0000ffff898f7ee0  6a01001f   ands   %w0 %w1 lsl $0x00 -> %wzr
T1926856   0x0000ffff898f7ee4  54000d41   b.ne   $0x0000ffff898f808c
T1926856   0x0000ffff898f7ee8  f9406fe0   ldr    +0xd8(%sp)[8byte] -> %x0
T1926856     read  8 byte(s) @ 0xffffd2962e28
T1926856   0x0000ffff898f7eec  f9000260   str    %x0 -> (%x19)[8byte]
T1926856     write 8 byte(s) @ 0xffffd2962f30
T1926856   0x0000ffff898f7ef0  aa1c03e0   orr    %xzr %x28 lsl $0x00 -> %x0
T1926856   0x0000ffff898f7ef4  a9427bfd   ldp    +0x20(%sp)[16byte] -> %x29 %x30
T1926856     read  16 byte(s) @ 0xffffd2962d70
T1926856   0x0000ffff898f7ef8  a94353f3   ldp    +0x30(%sp)[16byte] -> %x19 %x20
T1926856     read  16 byte(s) @ 0xffffd2962d80
T1926856   0x0000ffff898f7efc  a9445bf5   ldp    +0x40(%sp)[16byte] -> %x21 %x22
T1926856     read  16 byte(s) @ 0xffffd2962d90
T1926856   0x0000ffff898f7f00  a94563f7   ldp    +0x50(%sp)[16byte] -> %x23 %x24
T1926856     read  16 byte(s) @ 0xffffd2962da0
T1926856   0x0000ffff898f7f04  a9466bf9   ldp    +0x60(%sp)[16byte] -> %x25 %x26
T1926856     read  16 byte(s) @ 0xffffd2962db0
T1926856   0x0000ffff898f7f08  a94773fb   ldp    +0x70(%sp)[16byte] -> %x27 %x28
T1926856     read  16 byte(s) @ 0xffffd2962dc0
T1926856   0x0000ffff898f7f0c  910443ff   add    %sp $0x0110 lsl $0x00 -> %sp
T1926856   0x0000ffff898f7f10  d65f03c0   ret    %x30
T1926856   0x0000ffff898f9920  aa0003e4   orr    %xzr %x0 lsl $0x00 -> %x4
T1926856   0x0000ffff898f9924  a94b2fa8   ldp    +0xb0(%x29)[16byte] -> %x8 %x11
T1926856     read  16 byte(s) @ 0xffffd2962f20
T1926856   0x0000ffff898f9928  f9022280   str    %x0 -> +0x0440(%x20)[8byte]
T1926856     write 8 byte(s) @ 0xffff898e3440
T1926856   0x0000ffff898f992c  f94063a3   ldr    +0xc0(%x29)[8byte] -> %x3
T1926856     read  8 byte(s) @ 0xffffd2962f30
T1926856   0x0000ffff898f9930  f9022683   str    %x3 -> +0x0448(%x20)[8byte]
T1926856     write 8 byte(s) @ 0xffff898e3448
T1926856   0x0000ffff898f9934  b50016c3   cbnz   $0x0000ffff898f9c0c %x3
T1926856   0x0000ffff898f9c0c  79400c65   ldrh   +0x06(%x3)[2byte] -> %w5
T1926856     read  2 byte(s) @ 0xffff893038c6
T1926856   0x0000ffff898f9c10  529ffe20   movz   $0xfff1 lsl $0x00 -> %w0
T1926856   0x0000ffff898f9c14  39401062   ldrb   +0x04(%x3)[1byte] -> %w2
T1926856     read  1 byte(s) @ 0xffff893038c4
T1926856   0x0000ffff898f9c18  6b0000bf   subs   %w5 %w0 lsl $0x00 -> %wzr
T1926856   0x0000ffff898f9c1c  54ffedc1   b.ne   $0x0000ffff898f99d4
T1926856   0x0000ffff898f99d4  f9400081   ldr    (%x4)[8byte] -> %x1
T1926856     read  8 byte(s) @ 0xffff898e3000
T1926856   0x0000ffff898f99d8  12000c42   and    %w2 $0x0000000f -> %w2
T1926856   0x0000ffff898f99dc  f9400460   ldr    +0x08(%x3)[8byte] -> %x0
T1926856     read  8 byte(s) @ 0xffff893038c8
T1926856   0x0000ffff898f99e0  7100285f   subs   %w2 $0x000a lsl $0x00 -> %wzr
T1926856   0x0000ffff898f99e4  8b000026   add    %x1 %x0 lsl $0x00 -> %x6
T1926856   0x0000ffff898f99e8  54000700   b.eq   $0x0000ffff898f9ac8
T1926856   0x0000ffff898f99ec  7110167f   subs   %w19 $0x0405 lsl $0x00 -> %wzr
T1926856   0x0000ffff898f99f0  54001560   b.eq   $0x0000ffff898f9c9c
T1926856   0x0000ffff898f99f4  54000ae8   b.hi   $0x0000ffff898f9b50
T1926856   0x0000ffff898f99f8  7110127f   subs   %w19 $0x0404 lsl $0x00 -> %wzr
T1926856   0x0000ffff898f99fc  540011a0   b.eq   $0x0000ffff898f9c30
T1926856   0x0000ffff898f9a00  7110027f   subs   %w19 $0x0400 lsl $0x00 -> %wzr
T1926856   0x0000ffff898f9a04  540009e8   b.hi   $0x0000ffff898f9b40
T1926856   0x0000ffff898f9b40  f9400b60   ldr    +0x10(%x27)[8byte] -> %x0
T1926856     read  8 byte(s) @ 0xffff893178c8
T1926856   0x0000ffff898f9b44  8b060000   add    %x0 %x6 lsl $0x00 -> %x0
T1926856   0x0000ffff898f9b48  f8286b80   str    %x0 -> (%x28,%x8)[8byte]
T1926856     write 8 byte(s) @ 0xffff89460fa8
T1926856   0x0000ffff898f9b4c  17ffff87   b      $0x0000ffff898f9968
T1926856   0x0000ffff898f9968  9100637b   add    %x27 $0x0018 lsl $0x00 -> %x27
T1926856   0x0000ffff898f996c  eb1b035f   subs   %x26 %x27 lsl $0x00 -> %xzr
T1926856   0x0000ffff898f9970  54fff6c8   b.hi   $0x0000ffff898f9848
T1926856   0x0000ffff898f9848  a9404f68   ldp    (%x27)[16byte] -> %x8 %x19
T1926856     read  16 byte(s) @ 0xffff893178d0
T1926856   0x0000ffff898f984c  f9418e84   ldr    +0x0318(%x20)[8byte] -> %x4
T1926856     read  8 byte(s) @ 0xffff898e3318
T1926856   0x0000ffff898f9850  d360fe60   ubfm   %x19 $0x20 $0x3f -> %x0
T1926856   0x0000ffff898f9854  71100e7f   subs   %w19 $0x0403 lsl $0x00 -> %wzr
T1926856   0x0000ffff898f9858  2a1303f6   orr    %wzr %w19 lsl $0x00 -> %w22
T1926856   0x0000ffff898f985c  8b08038b   add    %x28 %x8 lsl $0x00 -> %x11
T1926856   0x0000ffff898f9860  8b000415   add    %x0 %x0 lsl $0x01 -> %x21
T1926856   0x0000ffff898f9864  78607b00   ldrh   (%x24,%x0,uxtx #1)[2byte] -> %w0
T1926856     read  2 byte(s) @ 0xffff8930ecac
T1926856   0x0000ffff898f9868  d37df2b5   ubfm   %x21 $0x3d $0x3c -> %x21
T1926856   0x0000ffff898f986c  8b150337   add    %x25 %x21 lsl $0x00 -> %x23
T1926856   0x0000ffff898f9870  f90063b7   str    %x23 -> +0xc0(%x29)[8byte]
T1926856     write 8 byte(s) @ 0xffffd2962f30
T1926856   0x0000ffff898f9874  54001e60   b.eq   $0x0000ffff898f9c40
T1926856   0x0000ffff898f9878  34000793   cbz    $0x0000ffff898f9968 %w19
T1926856   0x0000ffff898f987c  394012e2   ldrb   +0x04(%x23)[1byte] -> %w2
T1926856     read  1 byte(s) @ 0xffff892fe47c
T1926856   0x0000ffff898f9880  6b4213ff   subs   %wzr %w2 lsr $0x04 -> %wzr
T1926856   0x0000ffff898f9884  540009c0   b.eq   $0x0000ffff898f99bc
T1926856   0x0000ffff898f9888  394016e1   ldrb   +0x05(%x23)[1byte] -> %w1
T1926856     read  1 byte(s) @ 0xffff892fe47d
T1926856   0x0000ffff898f988c  12000421   and    %w1 $0x00000003 -> %w1
T1926856   0x0000ffff898f9890  51000421   sub    %w1 $0x0001 lsl $0x00 -> %w1
T1926856   0x0000ffff898f9894  7100043f   subs   %w1 $0x0001 lsl $0x00 -> %wzr
T1926856   0x0000ffff898f9898  54000929   b.ls   $0x0000ffff898f99bc
T1926856   0x0000ffff898f989c  f9421a81   ldr    +0x0430(%x20)[8byte] -> %x1
T1926856     read  8 byte(s) @ 0xffff898e3430
T1926856   0x0000ffff898f98a0  eb0102ff   subs   %x23 %x1 lsl $0x00 -> %xzr
T1926856   0x0000ffff898f98a4  54002200   b.eq   $0x0000ffff898f9ce4
T1926856   0x0000ffff898f98a8  51100a61   sub    %w19 $0x0402 lsl $0x00 -> %w1
T1926856   0x0000ffff898f98ac  52800025   movz   $0x0001 lsl $0x00 -> %w5
T1926856   0x0000ffff898f98b0  721e783f   ands   %w1 $0xfffffffd -> %wzr
T1926856   0x0000ffff898f98b4  54000080   b.eq   $0x0000ffff898f98c4
T1926856   0x0000ffff898f98b8  51101661   sub    %w19 $0x0405 lsl $0x00 -> %w1
T1926856   0x0000ffff898f98bc  7100083f   subs   %w1 $0x0002 lsl $0x00 -> %wzr
T1926856   0x0000ffff898f98c0  1a9f87e5   csinc  %wzr %wzr hi -> %w5
T1926856   0x0000ffff898f98c4  7110027f   subs   %w19 $0x0400 lsl $0x00 -> %wzr
T1926856   0x0000ffff898f98c8  54001b00   b.eq   $0x0000ffff898f9c28
T1926856   0x0000ffff898f98cc  7110067f   subs   %w19 $0x0401 lsl $0x00 -> %wzr
T1926856   0x0000ffff898f98d0  321e00a1   orr    %w5 $0x00000004 -> %w1
T1926856   0x0000ffff898f98d4  1a850025   csel   %w1 %w5 eq -> %w5
T1926856   0x0000ffff898f98d8  12003800   and    %w0 $0x00007fff -> %w0
T1926856   0x0000ffff898f98dc  52800301   movz   $0x0018 lsl $0x00 -> %w1
T1926856   0x0000ffff898f98e0  f9021a97   str    %x23 -> +0x0430(%x20)[8byte]
T1926856     write 8 byte(s) @ 0xffff898e3430
T1926856   0x0000ffff898f98e4  b9043a85   str    %w5 -> +0x0438(%x20)[4byte]
T1926856     write 4 byte(s) @ 0xffff898e3438
T1926856   0x0000ffff898f98e8  9ba11004   umaddl %w0 %w1 %x4 -> %x4
T1926856   0x0000ffff898f98ec  b4000084   cbz    $0x0000ffff898f98fc %x4
T1926856   0x0000ffff898f98f0  b9400880   ldr    +0x08(%x4)[4byte] -> %w0
T1926856     read  4 byte(s) @ 0xffff898e3668
T1926856   0x0000ffff898f98f4  7100001f   subs   %w0 $0x0000 lsl $0x00 -> %wzr
T1926856   0x0000ffff898f98f8  9a9f1084   csel   %x4 %xzr ne -> %x4
T1926856   0x0000ffff898f98fc  a94a07a3   ldp    +0xa0(%x29)[16byte] -> %x3 %x1
T1926856     read  16 byte(s) @ 0xffffd2962f10
T1926856   0x0000ffff898f9900  910303a2   add    %x29 $0x00c0 lsl $0x00 -> %x2
T1926856   0x0000ffff898f9904  b8756b20   ldr    (%x25,%x21)[4byte] -> %w0
T1926856     read  4 byte(s) @ 0xffff892fe478
T1926856   0x0000ffff898f9908  d2800007   movz   $0x0000 lsl $0x00 -> %x7
T1926856   0x0000ffff898f990c  52800126   movz   $0x0009 lsl $0x00 -> %w6
T1926856   0x0000ffff898f9910  a90b2fa8   stp    %x8 %x11 -> +0xb0(%x29)[16byte]
T1926856     write 16 byte(s) @ 0xffffd2962f20
T1926856   0x0000ffff898f9914  8b000020   add    %x1 %x0 lsl $0x00 -> %x0
T1926856   0x0000ffff898f9918  aa1403e1   orr    %xzr %x20 lsl $0x00 -> %x1
T1926856   0x0000ffff898f991c  97fff921   bl     $0x0000ffff898f7da0 -> %x30
T1926856   0x0000ffff898f7da0  d10443ff   sub    %sp $0x0110 lsl $0x00 -> %sp
T1926856   0x0000ffff898f7da4  a9027bfd   stp    %x29 %x30 -> +0x20(%sp)[16byte]
T1926856     write 16 byte(s) @ 0xffffd2962d70
T1926856   0x0000ffff898f7da8  910083fd   add    %sp $0x0020 lsl $0x00 -> %x29
T1926856   0x0000ffff898f7dac  a90353f3   stp    %x19 %x20 -> +0x30(%sp)[16byte]
T1926856     write 16 byte(s) @ 0xffffd2962d80
T1926856   0x0000ffff898f7db0  aa0203f3   orr    %xzr %x2 lsl $0x00 -> %x19
T1926856   0x0000ffff898f7db4  aa0703f4   orr    %xzr %x7 lsl $0x00 -> %x20
T1926856   0x0000ffff898f7db8  a9045bf5   stp    %x21 %x22 -> +0x40(%sp)[16byte]
T1926856     write 16 byte(s) @ 0xffffd2962d90
T1926856   0x0000ffff898f7dbc  aa0403f5   orr    %xzr %x4 lsl $0x00 -> %x21
T1926856   0x0000ffff898f7dc0  2a0603f6   orr    %wzr %w6 lsl $0x00 -> %w22
T1926856   0x0000ffff898f7dc4  a90563f7   stp    %x23 %x24 -> +0x50(%sp)[16byte]
T1926856     write 16 byte(s) @ 0xffffd2962da0
T1926856   0x0000ffff898f7dc8  aa0103f7   orr    %xzr %x1 lsl $0x00 -> %x23
T1926856   0x0000ffff898f7dcc  a9066bf9   stp    %x25 %x26 -> +0x60(%sp)[16byte]
T1926856     write 16 byte(s) @ 0xffffd2962db0
T1926856   0x0000ffff898f7dd0  a90773fb   stp    %x27 %x28 -> +0x70(%sp)[16byte]
T1926856     write 16 byte(s) @ 0xffffd2962dc0
T1926856   0x0000ffff898f7dd4  aa0003fb   orr    %xzr %x0 lsl $0x00 -> %x27
T1926856   0x0000ffff898f7dd8  39400008   ldrb   (%x0)[1byte] -> %w8
T1926856     read  1 byte(s) @ 0xffff8930dba0
T1926856   0x0000ffff898f7ddc  b90083e5   str    %w5 -> +0x80(%sp)[4byte]
T1926856     write 4 byte(s) @ 0xffffd2962dd0
T1926856   0x0000ffff898f7de0  f9004be3   str    %x3 -> +0x90(%sp)[8byte]
T1926856     write 8 byte(s) @ 0xffffd2962de0
T1926856   0x0000ffff898f7de4  34000f48   cbz    $0x0000ffff898f7fcc %w8
T1926856   0x0000ffff898f7de8  d282a0a1   movz   $0x1505 lsl $0x00 -> %x1
T1926856   0x0000ffff898f7dec  d503201f   nop
T1926856   0x0000ffff898f7df0  8b011421   add    %x1 %x1 lsl $0x05 -> %x1
T1926856   0x0000ffff898f7df4  8b280021   add    %x1 %x8 uxtb $0x00 -> %x1
T1926856   0x0000ffff898f7df8  38401c08   ldrb   +0x01(%x0)[1byte] %x0 $0x0000000000000001 -> %w8 %x0
T1926856     read  1 byte(s) @ 0xffff8930dba1
T1926856   0x0000ffff898f7dfc  35ffffa8   cbnz   $0x0000ffff898f7df0 %w8
T1926856   0x0000ffff898f7df0  8b011421   add    %x1 %x1 lsl $0x05 -> %x1
T1926856   0x0000ffff898f7df4  8b280021   add    %x1 %x8 uxtb $0x00 -> %x1
T1926856   0x0000ffff898f7df8  38401c08   ldrb   +0x01(%x0)[1byte] %x0 $0x0000000000000001 -> %w8 %x0
T1926856     read  1 byte(s) @ 0xffff8930dba2
T1926856   0x0000ffff898f7dfc  35ffffa8   cbnz   $0x0000ffff898f7df0 %w8
T1926856   0x0000ffff898f7df0  8b011421   add    %x1 %x1 lsl $0x05 -> %x1
T1926856   0x0000ffff898f7df4  8b280021   add    %x1 %x8 uxtb $0x00 -> %x1
T1926856   0x0000ffff898f7df8  38401c08   ldrb   +0x01(%x0)[1byte] %x0 $0x0000000000000001 -> %w8 %x0
T1926856     read  1 byte(s) @ 0xffff8930dba3
T1926856   0x0000ffff898f7dfc  35ffffa8   cbnz   $0x0000ffff898f7df0 %w8
T1926856   0x0000ffff898f7df0  8b011421   add    %x1 %x1 lsl $0x05 -> %x1
T1926856   0x0000ffff898f7df4  8b280021   add    %x1 %x8 uxtb $0x00 -> %x1
T1926856   0x0000ffff898f7df8  38401c08   ldrb   +0x01(%x0)[1byte] %x0 $0x0000000000000001 -> %w8 %x0
T1926856     read  1 byte(s) @ 0xffff8930dba4
T1926856   0x0000ffff898f7dfc  35ffffa8   cbnz   $0x0000ffff898f7df0 %w8
T1926856   0x0000ffff898f7df0  8b011421   add    %x1 %x1 lsl $0x05 -> %x1
T1926856   0x0000ffff898f7df4  8b280021   add    %x1 %x8 uxtb $0x00 -> %x1
T1926856   0x0000ffff898f7df8  38401c08   ldrb   +0x01(%x0)[1byte] %x0 $0x0000000000000001 -> %w8 %x0
T1926856     read  1 byte(s) @ 0xffff8930dba5
T1926856   0x0000ffff898f7dfc  35ffffa8   cbnz   $0x0000ffff898f7df0 %w8
T1926856   0x0000ffff898f7e00  92407c3a   and    %x1 $0x00000000ffffffff -> %x26
T1926856   0x0000ffff898f7e04  b0000140   adrp   <rel> 0x0000ffff89920000 -> %x0
T1926856   0x0000ffff898f7e08  91018002   add    %x0 $0x0060 lsl $0x00 -> %x2
T1926856   0x0000ffff898f7e0c  b2407fe0   orr    %xzr $0x00000000ffffffff -> %x0
T1926856   0x0000ffff898f7e10  f90067e0   str    %x0 -> +0xc8(%sp)[8byte]
T1926856     write 8 byte(s) @ 0xffffd2962e18
T1926856   0x0000ffff898f7e14  a90dffff   stp    %xzr %xzr -> +0xd8(%sp)[16byte]
T1926856     write 16 byte(s) @ 0xffffd2962e28
T1926856   0x0000ffff898f7e18  f9450040   ldr    +0x0a00(%x2)[8byte] -> %x0
T1926856     read  8 byte(s) @ 0xffff89920a60
T1926856   0x0000ffff898f7e1c  91000400   add    %x0 $0x0001 lsl $0x00 -> %x0
T1926856   0x0000ffff898f7e20  f9050040   str    %x0 -> +0x0a00(%x2)[8byte]
T1926856     write 8 byte(s) @ 0xffff89920a60
T1926856   0x0000ffff898f7e24  b4000055   cbz    $0x0000ffff898f7e2c %x21
T1926856   0x0000ffff898f7e28  37086c56   tbnz   $0x0000ffff898f8bb0 %x22 $0x01
T1926856   0x0000ffff898f7e2c  f9404be0   ldr    +0x90(%sp)[8byte] -> %x0
T1926856     read  8 byte(s) @ 0xffffd2962de0
T1926856   0x0000ffff898f7e30  f9400263   ldr    (%x19)[8byte] -> %x3
T1926856     read  8 byte(s) @ 0xffffd2962f30
T1926856   0x0000ffff898f7e34  f9400005   ldr    (%x0)[8byte] -> %x5
T1926856     read  8 byte(s) @ 0xffff898e3398
T1926856   0x0000ffff898f7e38  b5001114   cbnz   $0x0000ffff898f8058 %x20
T1926856   0x0000ffff898f7e3c  b4000cc5   cbz    $0x0000ffff898f7fd4 %x5
T1926856   0x0000ffff898f7e40  f90047ff   str    %xzr -> +0x88(%sp)[8byte]
T1926856     write 8 byte(s) @ 0xffffd2962dd8
T1926856   0x0000ffff898f7e44  910363f8   add    %sp $0x00d8 lsl $0x00 -> %x24
T1926856   0x0000ffff898f7e48  910323f9   add    %sp $0x00c8 lsl $0x00 -> %x25
T1926856   0x0000ffff898f7e4c  a948f3e6   ldp    +0x88(%sp)[16byte] -> %x6 %x28
T1926856     read  16 byte(s) @ 0xffffd2962dd8
T1926856   0x0000ffff898f7e50  14000005   b      $0x0000ffff898f7e64
T1926856   0x0000ffff898f7e64  b94083e0   ldr    +0x80(%sp)[4byte] -> %w0
T1926856     read  4 byte(s) @ 0xffffd2962dd0
T1926856   0x0000ffff898f7e68  aa1503e7   orr    %xzr %x21 lsl $0x00 -> %x7
T1926856   0x0000ffff898f7e6c  b90003f6   str    %w22 -> (%sp)[4byte]
T1926856     write 4 byte(s) @ 0xffffd2962d50
T1926856   0x0000ffff898f7e70  aa1803e4   orr    %xzr %x24 lsl $0x00 -> %x4
T1926856   0x0000ffff898f7e74  f90007f4   str    %x20 -> +0x08(%sp)[8byte]
T1926856     write 8 byte(s) @ 0xffffd2962d58
T1926856   0x0000ffff898f7e78  aa1903e2   orr    %xzr %x25 lsl $0x00 -> %x2
T1926856   0x0000ffff898f7e7c  b90013e0   str    %w0 -> +0x10(%sp)[4byte]
T1926856     write 4 byte(s) @ 0xffffd2962d60
T1926856   0x0000ffff898f7e80  aa1a03e1   orr    %xzr %x26 lsl $0x00 -> %x1
T1926856   0x0000ffff898f7e84  f9000ff7   str    %x23 -> +0x18(%sp)[8byte]
T1926856     write 8 byte(s) @ 0xffffd2962d68
T1926856   0x0000ffff898f7e88  aa1b03e0   orr    %xzr %x27 lsl $0x00 -> %x0
T1926856   0x0000ffff898f7e8c  97fffd15   bl     $0x0000ffff898f72e0 -> %x30
T1926856   0x0000ffff898f72e0  d10403ff   sub    %sp $0x0100 lsl $0x00 -> %sp
T1926856   0x0000ffff898f72e4  a9027bfd   stp    %x29 %x30 -> +0x20(%sp)[16byte]
T1926856     write 16 byte(s) @ 0xffffd2962c70
T1926856   0x0000ffff898f72e8  910083fd   add    %sp $0x0020 lsl $0x00 -> %x29
T1926856   0x0000ffff898f72ec  b94008aa   ldr    +0x08(%x5)[4byte] -> %w10
T1926856     read  4 byte(s) @ 0xffff899214f8
T1926856   0x0000ffff898f72f0  a9045bf5   stp    %x21 %x22 -> +0x40(%sp)[16byte]
T1926856     write 16 byte(s) @ 0xffffd2962c90
T1926856   0x0000ffff898f72f4  aa0003f5   orr    %xzr %x0 lsl $0x00 -> %x21
T1926856   0x0000ffff898f72f8  b94103e0   ldr    +0x0100(%sp)[4byte] -> %w0
T1926856     read  4 byte(s) @ 0xffffd2962d50
T1926856   0x0000ffff898f72fc  b94113f6   ldr    +0x0110(%sp)[4byte] -> %w22
T1926856     read  4 byte(s) @ 0xffffd2962d60
T1926856   0x0000ffff898f7300  a90353f3   stp    %x19 %x20 -> +0x30(%sp)[16byte]
T1926856     write 16 byte(s) @ 0xffffd2962c80
T1926856   0x0000ffff898f7304  a90563f7   stp    %x23 %x24 -> +0x50(%sp)[16byte]
T1926856     write 16 byte(s) @ 0xffffd2962ca0
T1926856   0x0000ffff898f7308  aa0a03f7   orr    %xzr %x10 lsl $0x00 -> %x23
T1926856   0x0000ffff898f730c  a9066bf9   stp    %x25 %x26 -> +0x60(%sp)[16byte]
T1926856     write 16 byte(s) @ 0xffffd2962cb0
T1926856   0x0000ffff898f7310  a90773fb   stp    %x27 %x28 -> +0x70(%sp)[16byte]
T1926856     write 16 byte(s) @ 0xffffd2962cc0
T1926856   0x0000ffff898f7314  a90993e3   stp    %x3 %x4 -> +0x98(%sp)[16byte]
T1926856     write 16 byte(s) @ 0xffffd2962ce8
T1926856   0x0000ffff898f7318  b900b3e0   str    %w0 -> +0xb0(%sp)[4byte]
T1926856     write 4 byte(s) @ 0xffffd2962d00
T1926856   0x0000ffff898f731c  a90b9fe2   stp    %x2 %x7 -> +0xb8(%sp)[16byte]
T1926856     write 16 byte(s) @ 0xffffd2962d08
T1926856   0x0000ffff898f7320  f94087ed   ldr    +0x0108(%sp)[8byte] -> %x13
T1926856     read  8 byte(s) @ 0xffffd2962d58
T1926856   0x0000ffff898f7324  d346fc20   ubfm   %x1 $0x06 $0x3f -> %x0
T1926856   0x0000ffff898f7328  f9004be0   str    %x0 -> +0x90(%sp)[8byte]
T1926856     write 8 byte(s) @ 0xffffd2962ce0
T1926856   0x0000ffff898f732c  f94000ba   ldr    (%x5)[8byte] -> %x26
T1926856     read  8 byte(s) @ 0xffff899214f0
T1926856   0x0000ffff898f7330  9103d3e0   add    %sp $0x00f4 lsl $0x00 -> %x0
T1926856   0x0000ffff898f7334  f90043e0   str    %x0 -> +0x80(%sp)[8byte]
T1926856     write 8 byte(s) @ 0xffffd2962cd0
T1926856   0x0000ffff898f7338  9103e3e0   add    %sp $0x00f8 lsl $0x00 -> %x0
T1926856   0x0000ffff898f733c  aa1703f8   orr    %xzr %x23 lsl $0x00 -> %x24
T1926856   0x0000ffff898f7340  aa0603fc   orr    %xzr %x6 lsl $0x00 -> %x28
T1926856   0x0000ffff898f7344  aa1503f7   orr    %xzr %x21 lsl $0x00 -> %x23
T1926856   0x0000ffff898f7348  aa0d03f4   orr    %xzr %x13 lsl $0x00 -> %x20
T1926856   0x0000ffff898f734c  aa1a03f5   orr    %xzr %x26 lsl $0x00 -> %x21
T1926856   0x0000ffff898f7350  aa0103fa   orr    %xzr %x1 lsl $0x00 -> %x26
T1926856   0x0000ffff898f7354  f90047e0   str    %x0 -> +0x88(%sp)[8byte]
T1926856     write 8 byte(s) @ 0xffffd2962cd8
T1926856   0x0000ffff898f7358  d0000080   adrp   <rel> 0x0000ffff89909000 -> %x0
T1926856   0x0000ffff898f735c  91290000   add    %x0 $0x0a40 lsl $0x00 -> %x0
T1926856   0x0000ffff898f7360  f90057e0   str    %x0 -> +0xa8(%sp)[8byte]
T1926856     write 8 byte(s) @ 0xffffd2962cf8
T1926856   0x0000ffff898f7364  14000017   b      $0x0000ffff898f73c0
T1926856   0x0000ffff898f73c0  f87c7aa0   ldr    (%x21,%x28,uxtx #3)[8byte] -> %x0
T1926856     read  8 byte(s) @ 0xffff898e3560
T1926856   0x0000ffff898f73c4  f9401419   ldr    +0x28(%x0)[8byte] -> %x25
T1926856     read  8 byte(s) @ 0xffff89921228
T1926856   0x0000ffff898f73c8  eb14033f   subs   %x25 %x20 lsl $0x00 -> %xzr
T1926856   0x0000ffff898f73cc  54ffff40   b.eq   $0x0000ffff898f73b4
T1926856   0x0000ffff898f73d0  121f02ca   and    %w22 $0x00000002 -> %w10
T1926856   0x0000ffff898f73d4  36080096   tbz    $0x0000ffff898f73e4 %x22 $0x01
T1926856   0x0000ffff898f73e4  394d3720   ldrb   +0x034d(%x25)[1byte] -> %w0
T1926856     read  1 byte(s) @ 0xffff8992154d
T1926856   0x0000ffff898f73e8  372ffe60   tbnz   $0x0000ffff898f73b4 %x0 $0x05
T1926856   0x0000ffff898f73ec  90000153   adrp   <rel> 0x0000ffff8991f000 -> %x19
T1926856   0x0000ffff898f73f0  b946da60   ldr    +0x06d8(%x19)[4byte] -> %w0
T1926856     read  4 byte(s) @ 0xffff8991f6d8
T1926856   0x0000ffff898f73f4  361ffba0   tbz    $0x0000ffff898f7368 %x0 $0x03
T1926856   0x0000ffff898f7368  b9432722   ldr    +0x0324(%x25)[4byte] -> %w2
T1926856     read  4 byte(s) @ 0xffff89921524
T1926856   0x0000ffff898f736c  34000242   cbz    $0x0000ffff898f73b4 %w2
T1926856   0x0000ffff898f7370  a9468720   ldp    +0x68(%x25)[16byte] -> %x0 %x1
T1926856     read  16 byte(s) @ 0xffff89921268
T1926856   0x0000ffff898f7374  b900f7ff   str    %wzr -> +0xf4(%sp)[4byte]
T1926856     write 4 byte(s) @ 0xffffd2962d44
T1926856   0x0000ffff898f7378  f9419b23   ldr    +0x0330(%x25)[8byte] -> %x3
T1926856     read  8 byte(s) @ 0xffff89921530
T1926856   0x0000ffff898f737c  f9007fff   str    %xzr -> +0xf8(%sp)[8byte]
T1926856     write 8 byte(s) @ 0xffffd2962d48
T1926856   0x0000ffff898f7380  f9400407   ldr    +0x08(%x0)[8byte] -> %x7
T1926856     read  8 byte(s) @ 0xffff8580aa50
T1926856   0x0000ffff898f7384  f940042c   ldr    +0x08(%x1)[8byte] -> %x12
T1926856     read  8 byte(s) @ 0xffff8580aa60
T1926856   0x0000ffff898f7388  b4000683   cbz    $0x0000ffff898f7458 %x3
T1926856   0x0000ffff898f738c  f9404be4   ldr    +0x90(%sp)[8byte] -> %x4
T1926856     read  8 byte(s) @ 0xffffd2962ce0
T1926856   0x0000ffff898f7390  b9432b21   ldr    +0x0328(%x25)[4byte] -> %w1
T1926856     read  4 byte(s) @ 0xffff89921528
T1926856   0x0000ffff898f7394  b9432f20   ldr    +0x032c(%x25)[4byte] -> %w0
T1926856     read  4 byte(s) @ 0xffff8992152c
T1926856   0x0000ffff898f7398  8a040021   and    %x1 %x4 lsl $0x00 -> %x1
T1926856   0x0000ffff898f739c  9ac02740   lsrv   %x26 %x0 -> %x0
T1926856   0x0000ffff898f73a0  f8617861   ldr    (%x3,%x1,uxtx #3)[8byte] -> %x1
T1926856     read  8 byte(s) @ 0xffff857e42b0
T1926856   0x0000ffff898f73a4  9ac02420   lsrv   %x1 %x0 -> %x0
T1926856   0x0000ffff898f73a8  9ada2421   lsrv   %x1 %x26 -> %x1
T1926856   0x0000ffff898f73ac  8a010000   and    %x0 %x1 lsl $0x00 -> %x0
T1926856   0x0000ffff898f73b0  37000f00   tbnz   $0x0000ffff898f7590 %x0 $0x00
T1926856   0x0000ffff898f73b4  9100079c   add    %x28 $0x0001 lsl $0x00 -> %x28
T1926856   0x0000ffff898f73b8  eb1c031f   subs   %x24 %x28 lsl $0x00 -> %xzr
T1926856   0x0000ffff898f73bc  540014c9   b.ls   $0x0000ffff898f7654
T1926856   0x0000ffff898f73c0  f87c7aa0   ldr    (%x21,%x28,uxtx #3)[8byte] -> %x0
T1926856     read  8 byte(s) @ 0xffff898e3568
T1926856   0x0000ffff898f73c4  f9401419   ldr    +0x28(%x0)[8byte] -> %x25
T1926856     read  8 byte(s) @ 0xffff898e3028
T1926856   0x0000ffff898f73c8  eb14033f   subs   %x25 %x20 lsl $0x00 -> %xzr
T1926856   0x0000ffff898f73cc  54ffff40   b.eq   $0x0000ffff898f73b4
T1926856   0x0000ffff898f73d0  121f02ca   and    %w22 $0x00000002 -> %w10
T1926856   0x0000ffff898f73d4  36080096   tbz    $0x0000ffff898f73e4 %x22 $0x01
T1926856   0x0000ffff898f73e4  394d3720   ldrb   +0x034d(%x25)[1byte] -> %w0
T1926856     read  1 byte(s) @ 0xffff898e334d
T1926856   0x0000ffff898f73e8  372ffe60   tbnz   $0x0000ffff898f73b4 %x0 $0x05
T1926856   0x0000ffff898f73ec  90000153   adrp   <rel> 0x0000ffff8991f000 -> %x19
T1926856   0x0000ffff898f73f0  b946da60   ldr    +0x06d8(%x19)[4byte] -> %w0
T1926856     read  4 byte(s) @ 0xffff8991f6d8
T1926856   0x0000ffff898f73f4  361ffba0   tbz    $0x0000ffff898f7368 %x0 $0x03
T1926856   0x0000ffff898f7368  b9432722   ldr    +0x0324(%x25)[4byte] -> %w2
T1926856     read  4 byte(s) @ 0xffff898e3324
T1926856   0x0000ffff898f736c  34000242   cbz    $0x0000ffff898f73b4 %w2
T1926856   0x0000ffff898f7370  a9468720   ldp    +0x68(%x25)[16byte] -> %x0 %x1
T1926856     read  16 byte(s) @ 0xffff898e3068
T1926856   0x0000ffff898f7374  b900f7ff   str    %wzr -> +0xf4(%sp)[4byte]
T1926856     write 4 byte(s) @ 0xffffd2962d44
T1926856   0x0000ffff898f7378  f9419b23   ldr    +0x0330(%x25)[8byte] -> %x3
T1926856     read  8 byte(s) @ 0xffff898e3330
T1926856   0x0000ffff898f737c  f9007fff   str    %xzr -> +0xf8(%sp)[8byte]
T1926856     write 8 byte(s) @ 0xffffd2962d48
T1926856   0x0000ffff898f7380  f9400407   ldr    +0x08(%x0)[8byte] -> %x7
T1926856     read  8 byte(s) @ 0xffff89460ba0
T1926856   0x0000ffff898f7384  f940042c   ldr    +0x08(%x1)[8byte] -> %x12
T1926856     read  8 byte(s) @ 0xffff89460bb0
T1926856   0x0000ffff898f7388  b4000683   cbz    $0x0000ffff898f7458 %x3
T1926856   0x0000ffff898f738c  f9404be4   ldr    +0x90(%sp)[8byte] -> %x4
T1926856     read  8 byte(s) @ 0xffffd2962ce0
T1926856   0x0000ffff898f7390  b9432b21   ldr    +0x0328(%x25)[4byte] -> %w1
T1926856     read  4 byte(s) @ 0xffff898e3328
T1926856   0x0000ffff898f7394  b9432f20   ldr    +0x032c(%x25)[4byte] -> %w0
T1926856     read  4 byte(s) @ 0xffff898e332c
T1926856   0x0000ffff898f7398  8a040021   and    %x1 %x4 lsl $0x00 -> %x1
T1926856   0x0000ffff898f739c  9ac02740   lsrv   %x26 %x0 -> %x0
T1926856   0x0000ffff898f73a0  f8617861   ldr    (%x3,%x1,uxtx #3)[8byte] -> %x1
T1926856     read  8 byte(s) @ 0xffff892f7940
T1926856   0x0000ffff898f73a4  9ac02420   lsrv   %x1 %x0 -> %x0
T1926856   0x0000ffff898f73a8  9ada2421   lsrv   %x1 %x26 -> %x1
T1926856   0x0000ffff898f73ac  8a010000   and    %x0 %x1 lsl $0x00 -> %x0
T1926856   0x0000ffff898f73b0  37000f00   tbnz   $0x0000ffff898f7590 %x0 $0x00
T1926856   0x0000ffff898f7590  2a0203e2   orr    %wzr %w2 lsl $0x00 -> %w2
T1926856   0x0000ffff898f7594  f9419f21   ldr    +0x0338(%x25)[8byte] -> %x1
T1926856     read  8 byte(s) @ 0xffff898e3338
T1926856   0x0000ffff898f7598  9ac20b40   udiv   %x26 %x2 -> %x0
T1926856   0x0000ffff898f759c  9b02e800   msub   %x0 %x2 %x26 -> %x0
T1926856   0x0000ffff898f75a0  b860783b   ldr    (%x1,%x0,uxtx #2)[4byte] -> %w27
T1926856     read  4 byte(s) @ 0xffff892f8274
T1926856   0x0000ffff898f75a4  34fff09b   cbz    $0x0000ffff898f73b4 %w27
T1926856   0x0000ffff898f75a8  f941a320   ldr    +0x0340(%x25)[8byte] -> %x0
T1926856     read  8 byte(s) @ 0xffff898e3340
T1926856   0x0000ffff898f75ac  b900cbea   str    %w10 -> +0xc8(%sp)[4byte]
T1926856     write 4 byte(s) @ 0xffffd2962d18
T1926856   0x0000ffff898f75b0  a90d73f5   stp    %x21 %x28 -> +0xd0(%sp)[16byte]
T1926856     write 16 byte(s) @ 0xffffd2962d20
T1926856   0x0000ffff898f75b4  aa1a03fc   orr    %xzr %x26 lsl $0x00 -> %x28
T1926856   0x0000ffff898f75b8  aa1703fa   orr    %xzr %x23 lsl $0x00 -> %x26
T1926856   0x0000ffff898f75bc  8b3b481b   add    %x0 %x27 uxtw $0x02 -> %x27
T1926856   0x0000ffff898f75c0  f90073f8   str    %x24 -> +0xe0(%sp)[8byte]
T1926856     write 8 byte(s) @ 0xffffd2962d30
T1926856   0x0000ffff898f75c4  aa1b03f7   orr    %xzr %x27 lsl $0x00 -> %x23
T1926856   0x0000ffff898f75c8  aa1903f8   orr    %xzr %x25 lsl $0x00 -> %x24
T1926856   0x0000ffff898f75cc  aa0c03fb   orr    %xzr %x12 lsl $0x00 -> %x27
T1926856   0x0000ffff898f75d0  aa0703f9   orr    %xzr %x7 lsl $0x00 -> %x25
T1926856   0x0000ffff898f75d4  f90087f4   str    %x20 -> +0x0108(%sp)[8byte]
T1926856     write 8 byte(s) @ 0xffffd2962d58
T1926856   0x0000ffff898f75d8  2a1603f4   orr    %wzr %w22 lsl $0x00 -> %w20
T1926856   0x0000ffff898f75dc  b940b3f6   ldr    +0xb0(%sp)[4byte] -> %w22
T1926856     read  4 byte(s) @ 0xffffd2962d00
T1926856   0x0000ffff898f75e0  f94063f5   ldr    +0xc0(%sp)[8byte] -> %x21
T1926856     read  8 byte(s) @ 0xffffd2962d10
T1926856   0x0000ffff898f75e4  14000003   b      $0x0000ffff898f75f0
T1926856   0x0000ffff898f75f0  b94002e1   ldr    (%x23)[4byte] -> %w1
T1926856     read  4 byte(s) @ 0xffff892f9688
T1926856   0x0000ffff898f75f4  2a0103e0   orr    %wzr %w1 lsl $0x00 -> %w0
T1926856   0x0000ffff898f75f8  ca1c0000   eor    %x0 %x28 lsl $0x00 -> %x0
T1926856   0x0000ffff898f75fc  eb4007ff   subs   %xzr %x0 lsr $0x01 -> %xzr
T1926856   0x0000ffff898f7600  54ffff41   b.ne   $0x0000ffff898f75e8
T1926856   0x0000ffff898f75e8  910012f7   add    %x23 $0x0004 lsl $0x00 -> %x23
T1926856   0x0000ffff898f75ec  37002ac1   tbnz   $0x0000ffff898f7b44 %x1 $0x00
T1926856   0x0000ffff898f75f0  b94002e1   ldr    (%x23)[4byte] -> %w1
T1926856     read  4 byte(s) @ 0xffff892f968c
T1926856   0x0000ffff898f75f4  2a0103e0   orr    %wzr %w1 lsl $0x00 -> %w0
T1926856   0x0000ffff898f75f8  ca1c0000   eor    %x0 %x28 lsl $0x00 -> %x0
T1926856   0x0000ffff898f75fc  eb4007ff   subs   %xzr %x0 lsr $0x01 -> %xzr
T1926856   0x0000ffff898f7600  54ffff41   b.ne   $0x0000ffff898f75e8
T1926856   0x0000ffff898f7604  f941a306   ldr    +0x0340(%x24)[8byte] -> %x6
T1926856     read  8 byte(s) @ 0xffff898e3340
T1926856   0x0000ffff898f7608  aa1903e7   orr    %xzr %x25 lsl $0x00 -> %x7
T1926856   0x0000ffff898f760c  f94047e0   ldr    +0x88(%sp)[8byte] -> %x0
T1926856     read  8 byte(s) @ 0xffffd2962cd8
T1926856   0x0000ffff898f7610  cb0602e6   sub    %x23 %x6 lsl $0x00 -> %x6
T1926856   0x0000ffff898f7614  f9404fe1   ldr    +0x98(%sp)[8byte] -> %x1
T1926856     read  8 byte(s) @ 0xffffd2962ce8
T1926856   0x0000ffff898f7618  d34284c5   ubfm   %x6 $0x02 $0x21 -> %x5
T1926856   0x0000ffff898f761c  a90003f8   stp    %x24 %x0 -> (%sp)[16byte]
T1926856     write 16 byte(s) @ 0xffffd2962c50
T1926856   0x0000ffff898f7620  aa0503e6   orr    %xzr %x5 lsl $0x00 -> %x6
T1926856   0x0000ffff898f7624  8b0504a5   add    %x5 %x5 lsl $0x01 -> %x5
T1926856   0x0000ffff898f7628  f94043e0   ldr    +0x80(%sp)[8byte] -> %x0
T1926856     read  8 byte(s) @ 0xffffd2962cd0
T1926856   0x0000ffff898f762c  f9000be0   str    %x0 -> +0x10(%sp)[8byte]
T1926856     write 8 byte(s) @ 0xffffd2962c60
T1926856   0x0000ffff898f7630  2a1403e4   orr    %wzr %w20 lsl $0x00 -> %w4
T1926856   0x0000ffff898f7634  2a1603e3   orr    %wzr %w22 lsl $0x00 -> %w3
T1926856   0x0000ffff898f7638  aa1503e2   orr    %xzr %x21 lsl $0x00 -> %x2
T1926856   0x0000ffff898f763c  8b050f65   add    %x27 %x5 lsl $0x03 -> %x5
T1926856   0x0000ffff898f7640  aa1a03e0   orr    %xzr %x26 lsl $0x00 -> %x0
T1926856   0x0000ffff898f7644  97fffec1   bl     $0x0000ffff898f7148 -> %x30
T1926856   0x0000ffff898f7148  a9bc7bfd   stp    %x29 %x30 %sp $0xffffffffffffffc0 -> -0x40(%sp)[16byte] %sp
T1926856     write 16 byte(s) @ 0xffffd2962c10
T1926856   0x0000ffff898f714c  910003fd   add    %sp $0x0000 lsl $0x00 -> %x29
T1926856   0x0000ffff898f7150  a90153f3   stp    %x19 %x20 -> +0x10(%sp)[16byte]
T1926856     write 16 byte(s) @ 0xffffd2962c20
T1926856   0x0000ffff898f7154  aa0503f3   orr    %xzr %x5 lsl $0x00 -> %x19
T1926856   0x0000ffff898f7158  aa0203f4   orr    %xzr %x2 lsl $0x00 -> %x20
T1926856   0x0000ffff898f715c  a9025bf5   stp    %x21 %x22 -> +0x20(%sp)[16byte]
T1926856     write 16 byte(s) @ 0xffffd2962c30
T1926856   0x0000ffff898f7160  2a0603f6   orr    %wzr %w6 lsl $0x00 -> %w22
T1926856   0x0000ffff898f7164  f94004a9   ldr    +0x08(%x5)[8byte] -> %x9
T1926856     read  8 byte(s) @ 0xffff892fe480
T1926856   0x0000ffff898f7168  f9001bf7   str    %x23 -> +0x30(%sp)[8byte]
T1926856     write 8 byte(s) @ 0xffffd2962c40
T1926856   0x0000ffff898f716c  2a0303f7   orr    %wzr %w3 lsl $0x00 -> %w23
T1926856   0x0000ffff898f7170  394010a8   ldrb   +0x04(%x5)[1byte] -> %w8
T1926856     read  1 byte(s) @ 0xffff892fe47c
T1926856   0x0000ffff898f7174  79400ca5   ldrh   +0x06(%x5)[2byte] -> %w5
T1926856     read  2 byte(s) @ 0xffff892fe47e
T1926856   0x0000ffff898f7178  12000d02   and    %w8 $0x0000000f -> %w2
T1926856   0x0000ffff898f717c  f94023f5   ldr    +0x40(%sp)[8byte] -> %x21
T1926856     read  8 byte(s) @ 0xffffd2962c50
T1926856   0x0000ffff898f7180  b4000769   cbz    $0x0000ffff898f726c %x9
T1926856   0x0000ffff898f7184  710000bf   subs   %w5 $0x0000 lsl $0x00 -> %wzr
T1926856   0x0000ffff898f7188  52808ce8   movz   $0x0467 lsl $0x00 -> %w8
T1926856   0x0000ffff898f718c  1ac22908   asrv   %w8 %w2 -> %w8
T1926856   0x0000ffff898f7190  1a9f17e2   csinc  %wzr %wzr ne -> %w2
T1926856   0x0000ffff898f7194  2a2803e8   orn    %wzr %w8 lsl $0x00 -> %w8
T1926856   0x0000ffff898f7198  0a040042   and    %w2 %w4 lsl $0x00 -> %w2
T1926856   0x0000ffff898f719c  12000104   and    %w8 $0x00000001 -> %w4
T1926856   0x0000ffff898f71a0  2a020084   orr    %w4 %w2 lsl $0x00 -> %w4
T1926856   0x0000ffff898f71a4  350006c4   cbnz   $0x0000ffff898f727c %w4
T1926856   0x0000ffff898f71a8  eb01027f   subs   %x19 %x1 lsl $0x00 -> %xzr
T1926856   0x0000ffff898f71ac  540000c0   b.eq   $0x0000ffff898f71c4
T1926856   0x0000ffff898f71c4  f941baa0   ldr    +0x0370(%x21)[8byte] -> %x0
T1926856     read  8 byte(s) @ 0xffff898e3370
T1926856   0x0000ffff898f71c8  b40002d4   cbz    $0x0000ffff898f7220 %x20
T1926856   0x0000ffff898f71cc  b40006e0   cbz    $0x0000ffff898f72a8 %x0
T1926856   0x0000ffff898f71d0  78765816   ldrh   (%x0,%x22,uxtw #1)[2byte] -> %w22
T1926856     read  2 byte(s) @ 0xffff8930ecac
T1926856   0x0000ffff898f71d4  52800303   movz   $0x0018 lsl $0x00 -> %w3
T1926856   0x0000ffff898f71d8  f9418ea1   ldr    +0x0318(%x21)[8byte] -> %x1
T1926856     read  8 byte(s) @ 0xffff898e3318
T1926856   0x0000ffff898f71dc  12003ac0   and    %w22 $0x00007fff -> %w0
T1926856   0x0000ffff898f71e0  b9400a82   ldr    +0x08(%x20)[4byte] -> %w2
T1926856     read  4 byte(s) @ 0xffff898e3668
T1926856   0x0000ffff898f71e4  9ba37c00   umaddl %w0 %w3 %xzr -> %x0
T1926856   0x0000ffff898f71e8  8b000023   add    %x1 %x0 lsl $0x00 -> %x3
T1926856   0x0000ffff898f71ec  b9400875   ldr    +0x08(%x3)[4byte] -> %w21
T1926856     read  4 byte(s) @ 0xffff898e3668
T1926856   0x0000ffff898f71f0  6b0202bf   subs   %w21 %w2 lsl $0x00 -> %wzr
T1926856   0x0000ffff898f71f4  54000500   b.eq   $0x0000ffff898f7294
T1926856   0x0000ffff898f7294  f8606820   ldr    (%x1,%x0)[8byte] -> %x0
T1926856     read  8 byte(s) @ 0xffff898e3660
T1926856   0x0000ffff898f7298  f9400281   ldr    (%x20)[8byte] -> %x1
T1926856     read  8 byte(s) @ 0xffff898e3660
T1926856   0x0000ffff898f729c  94003c29   bl     $0x0000ffff89906340 -> %x30
T1926856   0x0000ffff89906340  ca010007   eor    %x0 %x1 lsl $0x00 -> %x7
T1926856   0x0000ffff89906344  b200c3ea   orr    %xzr $0x0101010101010101 -> %x10
T1926856   0x0000ffff89906348  f24008ff   ands   %x7 $0x0000000000000007 -> %xzr
T1926856   0x0000ffff8990634c  540003e1   b.ne   $0x0000ffff899063c8
T1926856   0x0000ffff89906350  f2400807   ands   %x0 $0x0000000000000007 -> %x7
T1926856   0x0000ffff89906354  54000241   b.ne   $0x0000ffff8990639c
T1926856   0x0000ffff89906358  f8408402   ldr    (%x0)[8byte] %x0 $0x0000000000000008 -> %x2 %x0
T1926856     read  8 byte(s) @ 0xffff8930e7f0
T1926856   0x0000ffff8990635c  f8408423   ldr    (%x1)[8byte] %x1 $0x0000000000000008 -> %x3 %x1
T1926856     read  8 byte(s) @ 0xffff8930e7f0
T1926856   0x0000ffff89906360  cb0a0047   sub    %x2 %x10 lsl $0x00 -> %x7
T1926856   0x0000ffff89906364  b200d848   orr    %x2 $0x7f7f7f7f7f7f7f7f -> %x8
T1926856   0x0000ffff89906368  ca030045   eor    %x2 %x3 lsl $0x00 -> %x5
T1926856   0x0000ffff8990636c  8a2800e4   bic    %x7 %x8 lsl $0x00 -> %x4
T1926856   0x0000ffff89906370  aa0400a6   orr    %x5 %x4 lsl $0x00 -> %x6
T1926856   0x0000ffff89906374  b4ffff26   cbz    $0x0000ffff89906358 %x6
T1926856   0x0000ffff89906358  f8408402   ldr    (%x0)[8byte] %x0 $0x0000000000000008 -> %x2 %x0
T1926856     read  8 byte(s) @ 0xffff8930e7f8
T1926856   0x0000ffff8990635c  f8408423   ldr    (%x1)[8byte] %x1 $0x0000000000000008 -> %x3 %x1
T1926856     read  8 byte(s) @ 0xffff8930e7f8
T1926856   0x0000ffff89906360  cb0a0047   sub    %x2 %x10 lsl $0x00 -> %x7
T1926856   0x0000ffff89906364  b200d848   orr    %x2 $0x7f7f7f7f7f7f7f7f -> %x8
T1926856   0x0000ffff89906368  ca030045   eor    %x2 %x3 lsl $0x00 -> %x5
T1926856   0x0000ffff8990636c  8a2800e4   bic    %x7 %x8 lsl $0x00 -> %x4
T1926856   0x0000ffff89906370  aa0400a6   orr    %x5 %x4 lsl $0x00 -> %x6
T1926856   0x0000ffff89906374  b4ffff26   cbz    $0x0000ffff89906358 %x6
T1926856   0x0000ffff89906378  dac00cc6   rev    %x6 -> %x6
T1926856   0x0000ffff8990637c  dac00c42   rev    %x2 -> %x2
T1926856   0x0000ffff89906380  dac010cb   clz    %x6 -> %x11
T1926856   0x0000ffff89906384  dac00c63   rev    %x3 -> %x3
T1926856   0x0000ffff89906388  9acb2042   lslv   %x2 %x11 -> %x2
T1926856   0x0000ffff8990638c  9acb2063   lslv   %x3 %x11 -> %x3
T1926856   0x0000ffff89906390  d378fc42   ubfm   %x2 $0x38 $0x3f -> %x2
T1926856   0x0000ffff89906394  cb43e040   sub    %x2 %x3 lsr $0x38 -> %x0
T1926856   0x0000ffff89906398  d65f03c0   ret    %x30
T1926856   0x0000ffff898f72a0  34fffb40   cbz    $0x0000ffff898f7208 %w0
T1926856   0x0000ffff898f7208  aa1303e0   orr    %xzr %x19 lsl $0x00 -> %x0
T1926856   0x0000ffff898f720c  a94153f3   ldp    +0x10(%sp)[16byte] -> %x19 %x20
T1926856     read  16 byte(s) @ 0xffffd2962c20
T1926856   0x0000ffff898f7210  a9425bf5   ldp    +0x20(%sp)[16byte] -> %x21 %x22
T1926856     read  16 byte(s) @ 0xffffd2962c30
T1926856   0x0000ffff898f7214  f9401bf7   ldr    +0x30(%sp)[8byte] -> %x23
T1926856     read  8 byte(s) @ 0xffffd2962c40
T1926856   0x0000ffff898f7218  a8c47bfd   ldp    (%sp)[16byte] %sp $0x0000000000000040 -> %x29 %x30 %sp
T1926856     read  16 byte(s) @ 0xffffd2962c10
T1926856   0x0000ffff898f721c  d65f03c0   ret    %x30
T1926856   0x0000ffff898f7648  b5003220   cbnz   $0x0000ffff898f7c8c %x0
T1926856   0x0000ffff898f7c8c  aa1903e7   orr    %xzr %x25 lsl $0x00 -> %x7
T1926856   0x0000ffff898f7c90  aa1a03f7   orr    %xzr %x26 lsl $0x00 -> %x23
T1926856   0x0000ffff898f7c94  aa1803f9   orr    %xzr %x24 lsl $0x00 -> %x25
T1926856   0x0000ffff898f7c98  aa1c03fa   orr    %xzr %x28 lsl $0x00 -> %x26
T1926856   0x0000ffff898f7c9c  2a1403f6   orr    %wzr %w20 lsl $0x00 -> %w22
T1926856   0x0000ffff898f7ca0  b940cbea   ldr    +0xc8(%sp)[4byte] -> %w10
T1926856     read  4 byte(s) @ 0xffffd2962d18
T1926856   0x0000ffff898f7ca4  aa0003e3   orr    %xzr %x0 lsl $0x00 -> %x3
T1926856   0x0000ffff898f7ca8  aa1b03ec   orr    %xzr %x27 lsl $0x00 -> %x12
T1926856   0x0000ffff898f7cac  a94d73f5   ldp    +0xd0(%sp)[16byte] -> %x21 %x28
T1926856     read  16 byte(s) @ 0xffffd2962d20
T1926856   0x0000ffff898f7cb0  f94073f8   ldr    +0xe0(%sp)[8byte] -> %x24
T1926856     read  8 byte(s) @ 0xffffd2962d30
T1926856   0x0000ffff898f7cb4  f94087f4   ldr    +0x0108(%sp)[8byte] -> %x20
T1926856     read  8 byte(s) @ 0xffffd2962d58
T1926856   0x0000ffff898f7cb8  17fffe1c   b      $0x0000ffff898f7528
T1926856   0x0000ffff898f7528  f9408fe0   ldr    +0x0118(%sp)[8byte] -> %x0
T1926856     read  8 byte(s) @ 0xffffd2962d68
T1926856   0x0000ffff898f752c  b4000a60   cbz    $0x0000ffff898f7678 %x0
T1926856   0x0000ffff898f7530  39401460   ldrb   +0x05(%x3)[1byte] -> %w0
T1926856     read  1 byte(s) @ 0xffff892fe47d
T1926856   0x0000ffff898f7534  12000400   and    %w0 $0x00000003 -> %w0
T1926856   0x0000ffff898f7538  51000400   sub    %w0 $0x0001 lsl $0x00 -> %w0
T1926856   0x0000ffff898f753c  7100041f   subs   %w0 $0x0001 lsl $0x00 -> %wzr
T1926856   0x0000ffff898f7540  54fff3a9   b.ls   $0x0000ffff898f73b4
T1926856   0x0000ffff898f7544  39401060   ldrb   +0x04(%x3)[1byte] -> %w0
T1926856     read  1 byte(s) @ 0xffff892fe47c
T1926856   0x0000ffff898f7548  53047c00   ubfm   %w0 $0x04 $0x1f -> %w0
T1926856   0x0000ffff898f754c  7100081f   subs   %w0 $0x0002 lsl $0x00 -> %wzr
T1926856   0x0000ffff898f7550  54001820   b.eq   $0x0000ffff898f7854
T1926856   0x0000ffff898f7554  7100281f   subs   %w0 $0x000a lsl $0x00 -> %wzr
T1926856   0x0000ffff898f7558  54000fa0   b.eq   $0x0000ffff898f774c
T1926856   0x0000ffff898f755c  7100041f   subs   %w0 $0x0001 lsl $0x00 -> %wzr
T1926856   0x0000ffff898f7560  54fff2a1   b.ne   $0x0000ffff898f73b4
T1926856   0x0000ffff898f7564  f94053e0   ldr    +0xa0(%sp)[8byte] -> %x0
T1926856     read  8 byte(s) @ 0xffffd2962cf0
T1926856   0x0000ffff898f7568  a9006403   stp    %x3 %x25 -> (%x0)[16byte]
T1926856     write 16 byte(s) @ 0xffffd2962e28
T1926856   0x0000ffff898f756c  52800020   movz   $0x0001 lsl $0x00 -> %w0
T1926856   0x0000ffff898f7570  a9427bfd   ldp    +0x20(%sp)[16byte] -> %x29 %x30
T1926856     read  16 byte(s) @ 0xffffd2962c70
T1926856   0x0000ffff898f7574  a94353f3   ldp    +0x30(%sp)[16byte] -> %x19 %x20
T1926856     read  16 byte(s) @ 0xffffd2962c80
T1926856   0x0000ffff898f7578  a9445bf5   ldp    +0x40(%sp)[16byte] -> %x21 %x22
T1926856     read  16 byte(s) @ 0xffffd2962c90
T1926856   0x0000ffff898f757c  a94563f7   ldp    +0x50(%sp)[16byte] -> %x23 %x24
T1926856     read  16 byte(s) @ 0xffffd2962ca0
T1926856   0x0000ffff898f7580  a9466bf9   ldp    +0x60(%sp)[16byte] -> %x25 %x26
T1926856     read  16 byte(s) @ 0xffffd2962cb0
T1926856   0x0000ffff898f7584  a94773fb   ldp    +0x70(%sp)[16byte] -> %x27 %x28
T1926856     read  16 byte(s) @ 0xffffd2962cc0
T1926856   0x0000ffff898f7588  910403ff   add    %sp $0x0100 lsl $0x00 -> %sp
T1926856   0x0000ffff898f758c  d65f03c0   ret    %x30
T1926856   0x0000ffff898f7e90  34fffe20   cbz    $0x0000ffff898f7e54 %w0
T1926856   0x0000ffff898f7e94  f9400263   ldr    (%x19)[8byte] -> %x3
T1926856     read  8 byte(s) @ 0xffffd2962f30
T1926856   0x0000ffff898f7e98  f9406fe0   ldr    +0xd8(%sp)[8byte] -> %x0
T1926856     read  8 byte(s) @ 0xffffd2962e28
T1926856   0x0000ffff898f7e9c  b40009c0   cbz    $0x0000ffff898f7fd4 %x0
T1926856   0x0000ffff898f7ea0  b40000a3   cbz    $0x0000ffff898f7eb4 %x3
T1926856   0x0000ffff898f7ea4  39401460   ldrb   +0x05(%x3)[1byte] -> %w0
T1926856     read  1 byte(s) @ 0xffff892fe47d
T1926856   0x0000ffff898f7ea8  12000400   and    %w0 $0x00000003 -> %w0
T1926856   0x0000ffff898f7eac  71000c1f   subs   %w0 $0x0003 lsl $0x00 -> %wzr
T1926856   0x0000ffff898f7eb0  54000320   b.eq   $0x0000ffff898f7f14
T1926856   0x0000ffff898f7eb4  f94073fc   ldr    +0xe0(%sp)[8byte] -> %x28
T1926856     read  8 byte(s) @ 0xffffd2962e30
T1926856   0x0000ffff898f7eb8  5280001a   movz   $0x0000 lsl $0x00 -> %w26
T1926856   0x0000ffff898f7ebc  394d3380   ldrb   +0x034c(%x28)[1byte] -> %w0
T1926856     read  1 byte(s) @ 0xfffd4587434c
T1926856   0x0000ffff898f7ec0  90000159   adrp   <rel> 0x0000ffff8991f000 -> %x25
T1926856   0x0000ffff898f7ec4  12000400   and    %w0 $0x00000003 -> %w0
T1926856   0x0000ffff898f7ec8  7100081f   subs   %w0 $0x0002 lsl $0x00 -> %wzr
T1926856   0x0000ffff898f7ecc  540019e0   b.eq   $0x0000ffff898f8208
T1926856   0x0000ffff898f7ed0  b9440f80   ldr    +0x040c(%x28)[4byte] -> %w0
T1926856     read  4 byte(s) @ 0xfffd4587440c
T1926856   0x0000ffff898f7ed4  34001940   cbz    $0x0000ffff898f81fc %w0
T1926856   0x0000ffff898f7ed8  b946db20   ldr    +0x06d8(%x25)[4byte] -> %w0
T1926856     read  4 byte(s) @ 0xffff8991f6d8
T1926856   0x0000ffff898f7edc  52810081   movz   $0x0804 lsl $0x00 -> %w1
T1926856   0x0000ffff898f7ee0  6a01001f   ands   %w0 %w1 lsl $0x00 -> %wzr
T1926856   0x0000ffff898f7ee4  54000d41   b.ne   $0x0000ffff898f808c
T1926856   0x0000ffff898f7ee8  f9406fe0   ldr    +0xd8(%sp)[8byte] -> %x0
T1926856     read  8 byte(s) @ 0xffffd2962e28
T1926856   0x0000ffff898f7eec  f9000260   str    %x0 -> (%x19)[8byte]
T1926856     write 8 byte(s) @ 0xffffd2962f30
T1926856   0x0000ffff898f7ef0  aa1c03e0   orr    %xzr %x28 lsl $0x00 -> %x0
T1926856   0x0000ffff898f7ef4  a9427bfd   ldp    +0x20(%sp)[16byte] -> %x29 %x30
T1926856     read  16 byte(s) @ 0xffffd2962d70
T1926856   0x0000ffff898f7ef8  a94353f3   ldp    +0x30(%sp)[16byte] -> %x19 %x20
T1926856     read  16 byte(s) @ 0xffffd2962d80
T1926856   0x0000ffff898f7efc  a9445bf5   ldp    +0x40(%sp)[16byte] -> %x21 %x22
T1926856     read  16 byte(s) @ 0xffffd2962d90
T1926856   0x0000ffff898f7f00  a94563f7   ldp    +0x50(%sp)[16byte] -> %x23 %x24
T1926856     read  16 byte(s) @ 0xffffd2962da0
T1926856   0x0000ffff898f7f04  a9466bf9   ldp    +0x60(%sp)[16byte] -> %x25 %x26
T1926856     read  16 byte(s) @ 0xffffd2962db0
T1926856   0x0000ffff898f7f08  a94773fb   ldp    +0x70(%sp)[16byte] -> %x27 %x28
T1926856     read  16 byte(s) @ 0xffffd2962dc0
T1926856   0x0000ffff898f7f0c  910443ff   add    %sp $0x0110 lsl $0x00 -> %sp
T1926856   0x0000ffff898f7f10  d65f03c0   ret    %x30
T1926856   0x0000ffff898f9920  aa0003e4   orr    %xzr %x0 lsl $0x00 -> %x4
T1926856   0x0000ffff898f9924  a94b2fa8   ldp    +0xb0(%x29)[16byte] -> %x8 %x11
T1926856     read  16 byte(s) @ 0xffffd2962f20
T1926856   0x0000ffff898f9928  f9022280   str    %x0 -> +0x0440(%x20)[8byte]
T1926856     write 8 byte(s) @ 0xffff898e3440
T1926856   0x0000ffff898f992c  f94063a3   ldr    +0xc0(%x29)[8byte] -> %x3
T1926856     read  8 byte(s) @ 0xffffd2962f30
T1926856   0x0000ffff898f9930  f9022683   str    %x3 -> +0x0448(%x20)[8byte]
T1926856     write 8 byte(s) @ 0xffff898e3448
T1926856   0x0000ffff898f9934  b50016c3   cbnz   $0x0000ffff898f9c0c %x3
T1926856   0x0000ffff898f9c0c  79400c65   ldrh   +0x06(%x3)[2byte] -> %w5
T1926856     read  2 byte(s) @ 0xffff892fe47e
T1926856   0x0000ffff898f9c10  529ffe20   movz   $0xfff1 lsl $0x00 -> %w0
T1926856   0x0000ffff898f9c14  39401062   ldrb   +0x04(%x3)[1byte] -> %w2
T1926856     read  1 byte(s) @ 0xffff892fe47c
T1926856   0x0000ffff898f9c18  6b0000bf   subs   %w5 %w0 lsl $0x00 -> %wzr
T1926856   0x0000ffff898f9c1c  54ffedc1   b.ne   $0x0000ffff898f99d4
T1926856   0x0000ffff898f99d4  f9400081   ldr    (%x4)[8byte] -> %x1
T1926856     read  8 byte(s) @ 0xffff898e3000
T1926856   0x0000ffff898f99d8  12000c42   and    %w2 $0x0000000f -> %w2
T1926856   0x0000ffff898f99dc  f9400460   ldr    +0x08(%x3)[8byte] -> %x0
T1926856     read  8 byte(s) @ 0xffff892fe480
T1926856   0x0000ffff898f99e0  7100285f   subs   %w2 $0x000a lsl $0x00 -> %wzr
T1926856   0x0000ffff898f99e4  8b000026   add    %x1 %x0 lsl $0x00 -> %x6
T1926856   0x0000ffff898f99e8  54000700   b.eq   $0x0000ffff898f9ac8
T1926856   0x0000ffff898f99ec  7110167f   subs   %w19 $0x0405 lsl $0x00 -> %wzr
T1926856   0x0000ffff898f99f0  54001560   b.eq   $0x0000ffff898f9c9c
T1926856   0x0000ffff898f99f4  54000ae8   b.hi   $0x0000ffff898f9b50
T1926856   0x0000ffff898f99f8  7110127f   subs   %w19 $0x0404 lsl $0x00 -> %wzr
T1926856   0x0000ffff898f99fc  540011a0   b.eq   $0x0000ffff898f9c30
T1926856   0x0000ffff898f9a00  7110027f   subs   %w19 $0x0400 lsl $0x00 -> %wzr
T1926856   0x0000ffff898f9a04  540009e8   b.hi   $0x0000ffff898f9b40
T1926856   0x0000ffff898f9b40  f9400b60   ldr    +0x10(%x27)[8byte] -> %x0
T1926856     read  8 byte(s) @ 0xffff893178e0
T1926856   0x0000ffff898f9b44  8b060000   add    %x0 %x6 lsl $0x00 -> %x0
T1926856   0x0000ffff898f9b48  f8286b80   str    %x0 -> (%x28,%x8)[8byte]
T1926856     write 8 byte(s) @ 0xffff89460fb0
T1926856   0x0000ffff898f9b4c  17ffff87   b      $0x0000ffff898f9968
T1926856   0x0000ffff898f9968  9100637b   add    %x27 $0x0018 lsl $0x00 -> %x27
T1926856   0x0000ffff898f996c  eb1b035f   subs   %x26 %x27 lsl $0x00 -> %xzr
T1926856   0x0000ffff898f9970  54fff6c8   b.hi   $0x0000ffff898f9848
T1926856   0x0000ffff898f9848  a9404f68   ldp    (%x27)[16byte] -> %x8 %x19
T1926856     read  16 byte(s) @ 0xffff893178e8
T1926856   0x0000ffff898f984c  f9418e84   ldr    +0x0318(%x20)[8byte] -> %x4
T1926856     read  8 byte(s) @ 0xffff898e3318
T1926856   0x0000ffff898f9850  d360fe60   ubfm   %x19 $0x20 $0x3f -> %x0
T1926856   0x0000ffff898f9854  71100e7f   subs   %w19 $0x0403 lsl $0x00 -> %wzr
T1926856   0x0000ffff898f9858  2a1303f6   orr    %wzr %w19 lsl $0x00 -> %w22
T1926856   0x0000ffff898f985c  8b08038b   add    %x28 %x8 lsl $0x00 -> %x11
T1926856   0x0000ffff898f9860  8b000415   add    %x0 %x0 lsl $0x01 -> %x21
T1926856   0x0000ffff898f9864  78607b00   ldrh   (%x24,%x0,uxtx #1)[2byte] -> %w0
T1926856     read  2 byte(s) @ 0xffff8930f496
T1926856   0x0000ffff898f9868  d37df2b5   ubfm   %x21 $0x3d $0x3c -> %x21
T1926856   0x0000ffff898f986c  8b150337   add    %x25 %x21 lsl $0x00 -> %x23
T1926856   0x0000ffff898f9870  f90063b7   str    %x23 -> +0xc0(%x29)[8byte]
T1926856     write 8 byte(s) @ 0xffffd2962f30
T1926856   0x0000ffff898f9874  54001e60   b.eq   $0x0000ffff898f9c40
T1926856   0x0000ffff898f9878  34000793   cbz    $0x0000ffff898f9968 %w19
T1926856   0x0000ffff898f987c  394012e2   ldrb   +0x04(%x23)[1byte] -> %w2
T1926856     read  1 byte(s) @ 0xffff89304374
T1926856   0x0000ffff898f9880  6b4213ff   subs   %wzr %w2 lsr $0x04 -> %wzr
T1926856   0x0000ffff898f9884  540009c0   b.eq   $0x0000ffff898f99bc
T1926856   0x0000ffff898f9888  394016e1   ldrb   +0x05(%x23)[1byte] -> %w1
T1926856     read  1 byte(s) @ 0xffff89304375
T1926856   0x0000ffff898f988c  12000421   and    %w1 $0x00000003 -> %w1
T1926856   0x0000ffff898f9890  51000421   sub    %w1 $0x0001 lsl $0x00 -> %w1
T1926856   0x0000ffff898f9894  7100043f   subs   %w1 $0x0001 lsl $0x00 -> %wzr
T1926856   0x0000ffff898f9898  54000929   b.ls   $0x0000ffff898f99bc
T1926856   0x0000ffff898f989c  f9421a81   ldr    +0x0430(%x20)[8byte] -> %x1
T1926856     read  8 byte(s) @ 0xffff898e3430
T1926856   0x0000ffff898f98a0  eb0102ff   subs   %x23 %x1 lsl $0x00 -> %xzr
T1926856   0x0000ffff898f98a4  54002200   b.eq   $0x0000ffff898f9ce4
T1926856   0x0000ffff898f98a8  51100a61   sub    %w19 $0x0402 lsl $0x00 -> %w1
T1926856   0x0000ffff898f98ac  52800025   movz   $0x0001 lsl $0x00 -> %w5
T1926856   0x0000ffff898f98b0  721e783f   ands   %w1 $0xfffffffd -> %wzr
T1926856   0x0000ffff898f98b4  54000080   b.eq   $0x0000ffff898f98c4
T1926856   0x0000ffff898f98b8  51101661   sub    %w19 $0x0405 lsl $0x00 -> %w1
T1926856   0x0000ffff898f98bc  7100083f   subs   %w1 $0x0002 lsl $0x00 -> %wzr
T1926856   0x0000ffff898f98c0  1a9f87e5   csinc  %wzr %wzr hi -> %w5
T1926856   0x0000ffff898f98c4  7110027f   subs   %w19 $0x0400 lsl $0x00 -> %wzr
T1926856   0x0000ffff898f98c8  54001b00   b.eq   $0x0000ffff898f9c28
T1926856   0x0000ffff898f98cc  7110067f   subs   %w19 $0x0401 lsl $0x00 -> %wzr
T1926856   0x0000ffff898f98d0  321e00a1   orr    %w5 $0x00000004 -> %w1
T1926856   0x0000ffff898f98d4  1a850025   csel   %w1 %w5 eq -> %w5
T1926856   0x0000ffff898f98d8  12003800   and    %w0 $0x00007fff -> %w0
T1926856   0x0000ffff898f98dc  52800301   movz   $0x0018 lsl $0x00 -> %w1
T1926856   0x0000ffff898f98e0  f9021a97   str    %x23 -> +0x0430(%x20)[8byte]
T1926856     write 8 byte(s) @ 0xffff898e3430
T1926856   0x0000ffff898f98e4  b9043a85   str    %w5 -> +0x0438(%x20)[4byte]
T1926856     write 4 byte(s) @ 0xffff898e3438
T1926856   0x0000ffff898f98e8  9ba11004   umaddl %w0 %w1 %x4 -> %x4
T1926856   0x0000ffff898f98ec  b4000084   cbz    $0x0000ffff898f98fc %x4
T1926856   0x0000ffff898f98f0  b9400880   ldr    +0x08(%x4)[4byte] -> %w0
T1926856     read  4 byte(s) @ 0xffff898e3668
T1926856   0x0000ffff898f98f4  7100001f   subs   %w0 $0x0000 lsl $0x00 -> %wzr
T1926856   0x0000ffff898f98f8  9a9f1084   csel   %x4 %xzr ne -> %x4
T1926856   0x0000ffff898f98fc  a94a07a3   ldp    +0xa0(%x29)[16byte] -> %x3 %x1
T1926856     read  16 byte(s) @ 0xffffd2962f10
T1926856   0x0000ffff898f9900  910303a2   add    %x29 $0x00c0 lsl $0x00 -> %x2
T1926856   0x0000ffff898f9904  b8756b20   ldr    (%x25,%x21)[4byte] -> %w0
T1926856     read  4 byte(s) @ 0xffff89304370
T1926856   0x0000ffff898f9908  d2800007   movz   $0x0000 lsl $0x00 -> %x7
T1926856   0x0000ffff898f990c  52800126   movz   $0x0009 lsl $0x00 -> %w6
T1926856   0x0000ffff898f9910  a90b2fa8   stp    %x8 %x11 -> +0xb0(%x29)[16byte]
T1926856     write 16 byte(s) @ 0xffffd2962f20
T1926856   0x0000ffff898f9914  8b000020   add    %x1 %x0 lsl $0x00 -> %x0
T1926856   0x0000ffff898f9918  aa1403e1   orr    %xzr %x20 lsl $0x00 -> %x1
T1926856   0x0000ffff898f991c  97fff921   bl     $0x0000ffff898f7da0 -> %x30
T1926856   0x0000ffff898f7da0  d10443ff   sub    %sp $0x0110 lsl $0x00 -> %sp
T1926856   0x0000ffff898f7da4  a9027bfd   stp    %x29 %x30 -> +0x20(%sp)[16byte]
T1926856     write 16 byte(s) @ 0xffffd2962d70
T1926856   0x0000ffff898f7da8  910083fd   add    %sp $0x0020 lsl $0x00 -> %x29
T1926856   0x0000ffff898f7dac  a90353f3   stp    %x19 %x20 -> +0x30(%sp)[16byte]
T1926856     write 16 byte(s) @ 0xffffd2962d80
T1926856   0x0000ffff898f7db0  aa0203f3   orr    %xzr %x2 lsl $0x00 -> %x19
T1926856   0x0000ffff898f7db4  aa0703f4   orr    %xzr %x7 lsl $0x00 -> %x20
T1926856   0x0000ffff898f7db8  a9045bf5   stp    %x21 %x22 -> +0x40(%sp)[16byte]
T1926856     write 16 byte(s) @ 0xffffd2962d90
T1926856   0x0000ffff898f7dbc  aa0403f5   orr    %xzr %x4 lsl $0x00 -> %x21
T1926856   0x0000ffff898f7dc0  2a0603f6   orr    %wzr %w6 lsl $0x00 -> %w22
T1926856   0x0000ffff898f7dc4  a90563f7   stp    %x23 %x24 -> +0x50(%sp)[16byte]
T1926856     write 16 byte(s) @ 0xffffd2962da0
T1926856   0x0000ffff898f7dc8  aa0103f7   orr    %xzr %x1 lsl $0x00 -> %x23
T1926856   0x0000ffff898f7dcc  a9066bf9   stp    %x25 %x26 -> +0x60(%sp)[16byte]
T1926856     write 16 byte(s) @ 0xffffd2962db0
T1926856   0x0000ffff898f7dd0  a90773fb   stp    %x27 %x28 -> +0x70(%sp)[16byte]
T1926856     write 16 byte(s) @ 0xffffd2962dc0
T1926856   0x0000ffff898f7dd4  aa0003fb   orr    %xzr %x0 lsl $0x00 -> %x27
T1926856   0x0000ffff898f7dd8  39400008   ldrb   (%x0)[1byte] -> %w8
T1926856     read  1 byte(s) @ 0xffff8930df0b
T1926856   0x0000ffff898f7ddc  b90083e5   str    %w5 -> +0x80(%sp)[4byte]
T1926856     write 4 byte(s) @ 0xffffd2962dd0
T1926856   0x0000ffff898f7de0  f9004be3   str    %x3 -> +0x90(%sp)[8byte]
T1926856     write 8 byte(s) @ 0xffffd2962de0
T1926856   0x0000ffff898f7de4  34000f48   cbz    $0x0000ffff898f7fcc %w8
T1926856   0x0000ffff898f7de8  d282a0a1   movz   $0x1505 lsl $0x00 -> %x1
T1926856   0x0000ffff898f7dec  d503201f   nop
T1926856   0x0000ffff898f7df0  8b011421   add    %x1 %x1 lsl $0x05 -> %x1
T1926856   0x0000ffff898f7df4  8b280021   add    %x1 %x8 uxtb $0x00 -> %x1
T1926856   0x0000ffff898f7df8  38401c08   ldrb   +0x01(%x0)[1byte] %x0 $0x0000000000000001 -> %w8 %x0
T1926856     read  1 byte(s) @ 0xffff8930df0c
T1926856   0x0000ffff898f7dfc  35ffffa8   cbnz   $0x0000ffff898f7df0 %w8
T1926856   0x0000ffff898f7df0  8b011421   add    %x1 %x1 lsl $0x05 -> %x1
T1926856   0x0000ffff898f7df4  8b280021   add    %x1 %x8 uxtb $0x00 -> %x1
T1926856   0x0000ffff898f7df8  38401c08   ldrb   +0x01(%x0)[1byte] %x0 $0x0000000000000001 -> %w8 %x0
T1926856     read  1 byte(s) @ 0xffff8930df0d
T1926856   0x0000ffff898f7dfc  35ffffa8   cbnz   $0x0000ffff898f7df0 %w8
T1926856   0x0000ffff898f7df0  8b011421   add    %x1 %x1 lsl $0x05 -> %x1
T1926856   0x0000ffff898f7df4  8b280021   add    %x1 %x8 uxtb $0x00 -> %x1
T1926856   0x0000ffff898f7df8  38401c08   ldrb   +0x01(%x0)[1byte] %x0 $0x0000000000000001 -> %w8 %x0
T1926856     read  1 byte(s) @ 0xffff8930df0e
T1926856   0x0000ffff898f7dfc  35ffffa8   cbnz   $0x0000ffff898f7df0 %w8
T1926856   0x0000ffff898f7df0  8b011421   add    %x1 %x1 lsl $0x05 -> %x1
T1926856   0x0000ffff898f7df4  8b280021   add    %x1 %x8 uxtb $0x00 -> %x1
T1926856   0x0000ffff898f7df8  38401c08   ldrb   +0x01(%x0)[1byte] %x0 $0x0000000000000001 -> %w8 %x0
T1926856     read  1 byte(s) @ 0xffff8930df0f
T1926856   0x0000ffff898f7dfc  35ffffa8   cbnz   $0x0000ffff898f7df0 %w8
T1926856   0x0000ffff898f7df0  8b011421   add    %x1 %x1 lsl $0x05 -> %x1
T1926856   0x0000ffff898f7df4  8b280021   add    %x1 %x8 uxtb $0x00 -> %x1
T1926856   0x0000ffff898f7df8  38401c08   ldrb   +0x01(%x0)[1byte] %x0 $0x0000000000000001 -> %w8 %x0
T1926856     read  1 byte(s) @ 0xffff8930df10
T1926856   0x0000ffff898f7dfc  35ffffa8   cbnz   $0x0000ffff898f7df0 %w8
T1926856   0x0000ffff898f7df0  8b011421   add    %x1 %x1 lsl $0x05 -> %x1
T1926856   0x0000ffff898f7df4  8b280021   add    %x1 %x8 uxtb $0x00 -> %x1
T1926856   0x0000ffff898f7df8  38401c08   ldrb   +0x01(%x0)[1byte] %x0 $0x0000000000000001 -> %w8 %x0
T1926856     read  1 byte(s) @ 0xffff8930df11
T1926856   0x0000ffff898f7dfc  35ffffa8   cbnz   $0x0000ffff898f7df0 %w8
T1926856   0x0000ffff898f7df0  8b011421   add    %x1 %x1 lsl $0x05 -> %x1
T1926856   0x0000ffff898f7df4  8b280021   add    %x1 %x8 uxtb $0x00 -> %x1
T1926856   0x0000ffff898f7df8  38401c08   ldrb   +0x01(%x0)[1byte] %x0 $0x0000000000000001 -> %w8 %x0
T1926856     read  1 byte(s) @ 0xffff8930df12
T1926856   0x0000ffff898f7dfc  35ffffa8   cbnz   $0x0000ffff898f7df0 %w8
T1926856   0x0000ffff898f7df0  8b011421   add    %x1 %x1 lsl $0x05 -> %x1
T1926856   0x0000ffff898f7df4  8b280021   add    %x1 %x8 uxtb $0x00 -> %x1
T1926856   0x0000ffff898f7df8  38401c08   ldrb   +0x01(%x0)[1byte] %x0 $0x0000000000000001 -> %w8 %x0
T1926856     read  1 byte(s) @ 0xffff8930df13
T1926856   0x0000ffff898f7dfc  35ffffa8   cbnz   $0x0000ffff898f7df0 %w8
T1926856   0x0000ffff898f7df0  8b011421   add    %x1 %x1 lsl $0x05 -> %x1
T1926856   0x0000ffff898f7df4  8b280021   add    %x1 %x8 uxtb $0x00 -> %x1
T1926856   0x0000ffff898f7df8  38401c08   ldrb   +0x01(%x0)[1byte] %x0 $0x0000000000000001 -> %w8 %x0
T1926856     read  1 byte(s) @ 0xffff8930df14
T1926856   0x0000ffff898f7dfc  35ffffa8   cbnz   $0x0000ffff898f7df0 %w8
T1926856   0x0000ffff898f7df0  8b011421   add    %x1 %x1 lsl $0x05 -> %x1
T1926856   0x0000ffff898f7df4  8b280021   add    %x1 %x8 uxtb $0x00 -> %x1
T1926856   0x0000ffff898f7df8  38401c08   ldrb   +0x01(%x0)[1byte] %x0 $0x0000000000000001 -> %w8 %x0
T1926856     read  1 byte(s) @ 0xffff8930df15
T1926856   0x0000ffff898f7dfc  35ffffa8   cbnz   $0x0000ffff898f7df0 %w8
T1926856   0x0000ffff898f7df0  8b011421   add    %x1 %x1 lsl $0x05 -> %x1
T1926856   0x0000ffff898f7df4  8b280021   add    %x1 %x8 uxtb $0x00 -> %x1
T1926856   0x0000ffff898f7df8  38401c08   ldrb   +0x01(%x0)[1byte] %x0 $0x0000000000000001 -> %w8 %x0
T1926856     read  1 byte(s) @ 0xffff8930df16
T1926856   0x0000ffff898f7dfc  35ffffa8   cbnz   $0x0000ffff898f7df0 %w8
T1926856   0x0000ffff898f7df0  8b011421   add    %x1 %x1 lsl $0x05 -> %x1
T1926856   0x0000ffff898f7df4  8b280021   add    %x1 %x8 uxtb $0x00 -> %x1
T1926856   0x0000ffff898f7df8  38401c08   ldrb   +0x01(%x0)[1byte] %x0 $0x0000000000000001 -> %w8 %x0
T1926856     read  1 byte(s) @ 0xffff8930df17
T1926856   0x0000ffff898f7dfc  35ffffa8   cbnz   $0x0000ffff898f7df0 %w8
T1926856   0x0000ffff898f7df0  8b011421   add    %x1 %x1 lsl $0x05 -> %x1
T1926856   0x0000ffff898f7df4  8b280021   add    %x1 %x8 uxtb $0x00 -> %x1
T1926856   0x0000ffff898f7df8  38401c08   ldrb   +0x01(%x0)[1byte] %x0 $0x0000000000000001 -> %w8 %x0
T1926856     read  1 byte(s) @ 0xffff8930df18
T1926856   0x0000ffff898f7dfc  35ffffa8   cbnz   $0x0000ffff898f7df0 %w8
T1926856   0x0000ffff898f7df0  8b011421   add    %x1 %x1 lsl $0x05 -> %x1
T1926856   0x0000ffff898f7df4  8b280021   add    %x1 %x8 uxtb $0x00 -> %x1
T1926856   0x0000ffff898f7df8  38401c08   ldrb   +0x01(%x0)[1byte] %x0 $0x0000000000000001 -> %w8 %x0
T1926856     read  1 byte(s) @ 0xffff8930df19
T1926856   0x0000ffff898f7dfc  35ffffa8   cbnz   $0x0000ffff898f7df0 %w8
T1926856   0x0000ffff898f7df0  8b011421   add    %x1 %x1 lsl $0x05 -> %x1
T1926856   0x0000ffff898f7df4  8b280021   add    %x1 %x8 uxtb $0x00 -> %x1
T1926856   0x0000ffff898f7df8  38401c08   ldrb   +0x01(%x0)[1byte] %x0 $0x0000000000000001 -> %w8 %x0
T1926856     read  1 byte(s) @ 0xffff8930df1a
T1926856   0x0000ffff898f7dfc  35ffffa8   cbnz   $0x0000ffff898f7df0 %w8
T1926856   0x0000ffff898f7df0  8b011421   add    %x1 %x1 lsl $0x05 -> %x1
T1926856   0x0000ffff898f7df4  8b280021   add    %x1 %x8 uxtb $0x00 -> %x1
T1926856   0x0000ffff898f7df8  38401c08   ldrb   +0x01(%x0)[1byte] %x0 $0x0000000000000001 -> %w8 %x0
T1926856     read  1 byte(s) @ 0xffff8930df1b
T1926856   0x0000ffff898f7dfc  35ffffa8   cbnz   $0x0000ffff898f7df0 %w8
T1926856   0x0000ffff898f7df0  8b011421   add    %x1 %x1 lsl $0x05 -> %x1
T1926856   0x0000ffff898f7df4  8b280021   add    %x1 %x8 uxtb $0x00 -> %x1
T1926856   0x0000ffff898f7df8  38401c08   ldrb   +0x01(%x0)[1byte] %x0 $0x0000000000000001 -> %w8 %x0
T1926856     read  1 byte(s) @ 0xffff8930df1c
T1926856   0x0000ffff898f7dfc  35ffffa8   cbnz   $0x0000ffff898f7df0 %w8
T1926856   0x0000ffff898f7df0  8b011421   add    %x1 %x1 lsl $0x05 -> %x1
T1926856   0x0000ffff898f7df4  8b280021   add    %x1 %x8 uxtb $0x00 -> %x1
T1926856   0x0000ffff898f7df8  38401c08   ldrb   +0x01(%x0)[1byte] %x0 $0x0000000000000001 -> %w8 %x0
T1926856     read  1 byte(s) @ 0xffff8930df1d
T1926856   0x0000ffff898f7dfc  35ffffa8   cbnz   $0x0000ffff898f7df0 %w8
T1926856   0x0000ffff898f7df0  8b011421   add    %x1 %x1 lsl $0x05 -> %x1
T1926856   0x0000ffff898f7df4  8b280021   add    %x1 %x8 uxtb $0x00 -> %x1
T1926856   0x0000ffff898f7df8  38401c08   ldrb   +0x01(%x0)[1byte] %x0 $0x0000000000000001 -> %w8 %x0
T1926856     read  1 byte(s) @ 0xffff8930df1e
T1926856   0x0000ffff898f7dfc  35ffffa8   cbnz   $0x0000ffff898f7df0 %w8
T1926856   0x0000ffff898f7e00  92407c3a   and    %x1 $0x00000000ffffffff -> %x26
T1926856   0x0000ffff898f7e04  b0000140   adrp   <rel> 0x0000ffff89920000 -> %x0
T1926856   0x0000ffff898f7e08  91018002   add    %x0 $0x0060 lsl $0x00 -> %x2
T1926856   0x0000ffff898f7e0c  b2407fe0   orr    %xzr $0x00000000ffffffff -> %x0
T1926856   0x0000ffff898f7e10  f90067e0   str    %x0 -> +0xc8(%sp)[8byte]
T1926856     write 8 byte(s) @ 0xffffd2962e18
T1926856   0x0000ffff898f7e14  a90dffff   stp    %xzr %xzr -> +0xd8(%sp)[16byte]
T1926856     write 16 byte(s) @ 0xffffd2962e28
T1926856   0x0000ffff898f7e18  f9450040   ldr    +0x0a00(%x2)[8byte] -> %x0
T1926856     read  8 byte(s) @ 0xffff89920a60
T1926856   0x0000ffff898f7e1c  91000400   add    %x0 $0x0001 lsl $0x00 -> %x0
T1926856   0x0000ffff898f7e20  f9050040   str    %x0 -> +0x0a00(%x2)[8byte]
T1926856     write 8 byte(s) @ 0xffff89920a60
T1926856   0x0000ffff898f7e24  b4000055   cbz    $0x0000ffff898f7e2c %x21
T1926856   0x0000ffff898f7e28  37086c56   tbnz   $0x0000ffff898f8bb0 %x22 $0x01
T1926856   0x0000ffff898f7e2c  f9404be0   ldr    +0x90(%sp)[8byte] -> %x0
T1926856     read  8 byte(s) @ 0xffffd2962de0
T1926856   0x0000ffff898f7e30  f9400263   ldr    (%x19)[8byte] -> %x3
T1926856     read  8 byte(s) @ 0xffffd2962f30
T1926856   0x0000ffff898f7e34  f9400005   ldr    (%x0)[8byte] -> %x5
T1926856     read  8 byte(s) @ 0xffff898e3398
T1926856   0x0000ffff898f7e38  b5001114   cbnz   $0x0000ffff898f8058 %x20
T1926856   0x0000ffff898f7e3c  b4000cc5   cbz    $0x0000ffff898f7fd4 %x5
T1926856   0x0000ffff898f7e40  f90047ff   str    %xzr -> +0x88(%sp)[8byte]
T1926856     write 8 byte(s) @ 0xffffd2962dd8
T1926856   0x0000ffff898f7e44  910363f8   add    %sp $0x00d8 lsl $0x00 -> %x24
T1926856   0x0000ffff898f7e48  910323f9   add    %sp $0x00c8 lsl $0x00 -> %x25
T1926856   0x0000ffff898f7e4c  a948f3e6   ldp    +0x88(%sp)[16byte] -> %x6 %x28
T1926856     read  16 byte(s) @ 0xffffd2962dd8
T1926856   0x0000ffff898f7e50  14000005   b      $0x0000ffff898f7e64
T1926856   0x0000ffff898f7e64  b94083e0   ldr    +0x80(%sp)[4byte] -> %w0
T1926856     read  4 byte(s) @ 0xffffd2962dd0
T1926856   0x0000ffff898f7e68  aa1503e7   orr    %xzr %x21 lsl $0x00 -> %x7
T1926856   0x0000ffff898f7e6c  b90003f6   str    %w22 -> (%sp)[4byte]
T1926856     write 4 byte(s) @ 0xffffd2962d50
T1926856   0x0000ffff898f7e70  aa1803e4   orr    %xzr %x24 lsl $0x00 -> %x4
T1926856   0x0000ffff898f7e74  f90007f4   str    %x20 -> +0x08(%sp)[8byte]
T1926856     write 8 byte(s) @ 0xffffd2962d58
T1926856   0x0000ffff898f7e78  aa1903e2   orr    %xzr %x25 lsl $0x00 -> %x2
T1926856   0x0000ffff898f7e7c  b90013e0   str    %w0 -> +0x10(%sp)[4byte]
T1926856     write 4 byte(s) @ 0xffffd2962d60
T1926856   0x0000ffff898f7e80  aa1a03e1   orr    %xzr %x26 lsl $0x00 -> %x1
T1926856   0x0000ffff898f7e84  f9000ff7   str    %x23 -> +0x18(%sp)[8byte]
T1926856     write 8 byte(s) @ 0xffffd2962d68
T1926856   0x0000ffff898f7e88  aa1b03e0   orr    %xzr %x27 lsl $0x00 -> %x0
T1926856   0x0000ffff898f7e8c  97fffd15   bl     $0x0000ffff898f72e0 -> %x30
T1926856   0x0000ffff898f72e0  d10403ff   sub    %sp $0x0100 lsl $0x00 -> %sp
T1926856   0x0000ffff898f72e4  a9027bfd   stp    %x29 %x30 -> +0x20(%sp)[16byte]
T1926856     write 16 byte(s) @ 0xffffd2962c70
T1926856   0x0000ffff898f72e8  910083fd   add    %sp $0x0020 lsl $0x00 -> %x29
T1926856   0x0000ffff898f72ec  b94008aa   ldr    +0x08(%x5)[4byte] -> %w10
T1926856     read  4 byte(s) @ 0xffff899214f8
T1926856   0x0000ffff898f72f0  a9045bf5   stp    %x21 %x22 -> +0x40(%sp)[16byte]
T1926856     write 16 byte(s) @ 0xffffd2962c90
T1926856   0x0000ffff898f72f4  aa0003f5   orr    %xzr %x0 lsl $0x00 -> %x21
T1926856   0x0000ffff898f72f8  b94103e0   ldr    +0x0100(%sp)[4byte] -> %w0
T1926856     read  4 byte(s) @ 0xffffd2962d50
T1926856   0x0000ffff898f72fc  b94113f6   ldr    +0x0110(%sp)[4byte] -> %w22
T1926856     read  4 byte(s) @ 0xffffd2962d60
T1926856   0x0000ffff898f7300  a90353f3   stp    %x19 %x20 -> +0x30(%sp)[16byte]
T1926856     write 16 byte(s) @ 0xffffd2962c80
T1926856   0x0000ffff898f7304  a90563f7   stp    %x23 %x24 -> +0x50(%sp)[16byte]
T1926856     write 16 byte(s) @ 0xffffd2962ca0
T1926856   0x0000ffff898f7308  aa0a03f7   orr    %xzr %x10 lsl $0x00 -> %x23
T1926856   0x0000ffff898f730c  a9066bf9   stp    %x25 %x26 -> +0x60(%sp)[16byte]
T1926856     write 16 byte(s) @ 0xffffd2962cb0
T1926856   0x0000ffff898f7310  a90773fb   stp    %x27 %x28 -> +0x70(%sp)[16byte]
T1926856     write 16 byte(s) @ 0xffffd2962cc0
T1926856   0x0000ffff898f7314  a90993e3   stp    %x3 %x4 -> +0x98(%sp)[16byte]
T1926856     write 16 byte(s) @ 0xffffd2962ce8
T1926856   0x0000ffff898f7318  b900b3e0   str    %w0 -> +0xb0(%sp)[4byte]
T1926856     write 4 byte(s) @ 0xffffd2962d00
T1926856   0x0000ffff898f731c  a90b9fe2   stp    %x2 %x7 -> +0xb8(%sp)[16byte]
T1926856     write 16 byte(s) @ 0xffffd2962d08
T1926856   0x0000ffff898f7320  f94087ed   ldr    +0x0108(%sp)[8byte] -> %x13
T1926856     read  8 byte(s) @ 0xffffd2962d58
T1926856   0x0000ffff898f7324  d346fc20   ubfm   %x1 $0x06 $0x3f -> %x0
T1926856   0x0000ffff898f7328  f9004be0   str    %x0 -> +0x90(%sp)[8byte]
T1926856     write 8 byte(s) @ 0xffffd2962ce0
T1926856   0x0000ffff898f732c  f94000ba   ldr    (%x5)[8byte] -> %x26
T1926856     read  8 byte(s) @ 0xffff899214f0
T1926856   0x0000ffff898f7330  9103d3e0   add    %sp $0x00f4 lsl $0x00 -> %x0
T1926856   0x0000ffff898f7334  f90043e0   str    %x0 -> +0x80(%sp)[8byte]
T1926856     write 8 byte(s) @ 0xffffd2962cd0
T1926856   0x0000ffff898f7338  9103e3e0   add    %sp $0x00f8 lsl $0x00 -> %x0
T1926856   0x0000ffff898f733c  aa1703f8   orr    %xzr %x23 lsl $0x00 -> %x24
T1926856   0x0000ffff898f7340  aa0603fc   orr    %xzr %x6 lsl $0x00 -> %x28
T1926856   0x0000ffff898f7344  aa1503f7   orr    %xzr %x21 lsl $0x00 -> %x23
T1926856   0x0000ffff898f7348  aa0d03f4   orr    %xzr %x13 lsl $0x00 -> %x20
T1926856   0x0000ffff898f734c  aa1a03f5   orr    %xzr %x26 lsl $0x00 -> %x21
T1926856   0x0000ffff898f7350  aa0103fa   orr    %xzr %x1 lsl $0x00 -> %x26
T1926856   0x0000ffff898f7354  f90047e0   str    %x0 -> +0x88(%sp)[8byte]
T1926856     write 8 byte(s) @ 0xffffd2962cd8
T1926856   0x0000ffff898f7358  d0000080   adrp   <rel> 0x0000ffff89909000 -> %x0
T1926856   0x0000ffff898f735c  91290000   add    %x0 $0x0a40 lsl $0x00 -> %x0
T1926856   0x0000ffff898f7360  f90057e0   str    %x0 -> +0xa8(%sp)[8byte]
T1926856     write 8 byte(s) @ 0xffffd2962cf8
T1926856   0x0000ffff898f7364  14000017   b      $0x0000ffff898f73c0
T1926856   0x0000ffff898f73c0  f87c7aa0   ldr    (%x21,%x28,uxtx #3)[8byte] -> %x0
T1926856     read  8 byte(s) @ 0xffff898e3560
T1926856   0x0000ffff898f73c4  f9401419   ldr    +0x28(%x0)[8byte] -> %x25
T1926856     read  8 byte(s) @ 0xffff89921228
T1926856   0x0000ffff898f73c8  eb14033f   subs   %x25 %x20 lsl $0x00 -> %xzr
T1926856   0x0000ffff898f73cc  54ffff40   b.eq   $0x0000ffff898f73b4
T1926856   0x0000ffff898f73d0  121f02ca   and    %w22 $0x00000002 -> %w10
T1926856   0x0000ffff898f73d4  36080096   tbz    $0x0000ffff898f73e4 %x22 $0x01
T1926856   0x0000ffff898f73e4  394d3720   ldrb   +0x034d(%x25)[1byte] -> %w0
T1926856     read  1 byte(s) @ 0xffff8992154d
T1926856   0x0000ffff898f73e8  372ffe60   tbnz   $0x0000ffff898f73b4 %x0 $0x05
T1926856   0x0000ffff898f73ec  90000153   adrp   <rel> 0x0000ffff8991f000 -> %x19
T1926856   0x0000ffff898f73f0  b946da60   ldr    +0x06d8(%x19)[4byte] -> %w0
T1926856     read  4 byte(s) @ 0xffff8991f6d8
T1926856   0x0000ffff898f73f4  361ffba0   tbz    $0x0000ffff898f7368 %x0 $0x03
T1926856   0x0000ffff898f7368  b9432722   ldr    +0x0324(%x25)[4byte] -> %w2
T1926856     read  4 byte(s) @ 0xffff89921524
T1926856   0x0000ffff898f736c  34000242   cbz    $0x0000ffff898f73b4 %w2
T1926856   0x0000ffff898f7370  a9468720   ldp    +0x68(%x25)[16byte] -> %x0 %x1
T1926856     read  16 byte(s) @ 0xffff89921268
T1926856   0x0000ffff898f7374  b900f7ff   str    %wzr -> +0xf4(%sp)[4byte]
T1926856     write 4 byte(s) @ 0xffffd2962d44
T1926856   0x0000ffff898f7378  f9419b23   ldr    +0x0330(%x25)[8byte] -> %x3
T1926856     read  8 byte(s) @ 0xffff89921530
T1926856   0x0000ffff898f737c  f9007fff   str    %xzr -> +0xf8(%sp)[8byte]
T1926856     write 8 byte(s) @ 0xffffd2962d48
T1926856   0x0000ffff898f7380  f9400407   ldr    +0x08(%x0)[8byte] -> %x7
T1926856     read  8 byte(s) @ 0xffff8580aa50
T1926856   0x0000ffff898f7384  f940042c   ldr    +0x08(%x1)[8byte] -> %x12
T1926856     read  8 byte(s) @ 0xffff8580aa60
T1926856   0x0000ffff898f7388  b4000683   cbz    $0x0000ffff898f7458 %x3
T1926856   0x0000ffff898f738c  f9404be4   ldr    +0x90(%sp)[8byte] -> %x4
T1926856     read  8 byte(s) @ 0xffffd2962ce0
T1926856   0x0000ffff898f7390  b9432b21   ldr    +0x0328(%x25)[4byte] -> %w1
T1926856     read  4 byte(s) @ 0xffff89921528
T1926856   0x0000ffff898f7394  b9432f20   ldr    +0x032c(%x25)[4byte] -> %w0
T1926856     read  4 byte(s) @ 0xffff8992152c
T1926856   0x0000ffff898f7398  8a040021   and    %x1 %x4 lsl $0x00 -> %x1
T1926856   0x0000ffff898f739c  9ac02740   lsrv   %x26 %x0 -> %x0
T1926856   0x0000ffff898f73a0  f8617861   ldr    (%x3,%x1,uxtx #3)[8byte] -> %x1
T1926856     read  8 byte(s) @ 0xffff857e42b8
T1926856   0x0000ffff898f73a4  9ac02420   lsrv   %x1 %x0 -> %x0
T1926856   0x0000ffff898f73a8  9ada2421   lsrv   %x1 %x26 -> %x1
T1926856   0x0000ffff898f73ac  8a010000   and    %x0 %x1 lsl $0x00 -> %x0
T1926856   0x0000ffff898f73b0  37000f00   tbnz   $0x0000ffff898f7590 %x0 $0x00
T1926856   0x0000ffff898f73b4  9100079c   add    %x28 $0x0001 lsl $0x00 -> %x28
T1926856   0x0000ffff898f73b8  eb1c031f   subs   %x24 %x28 lsl $0x00 -> %xzr
T1926856   0x0000ffff898f73bc  540014c9   b.ls   $0x0000ffff898f7654
T1926856   0x0000ffff898f73c0  f87c7aa0   ldr    (%x21,%x28,uxtx #3)[8byte] -> %x0
T1926856     read  8 byte(s) @ 0xffff898e3568
T1926856   0x0000ffff898f73c4  f9401419   ldr    +0x28(%x0)[8byte] -> %x25
T1926856     read  8 byte(s) @ 0xffff898e3028
T1926856   0x0000ffff898f73c8  eb14033f   subs   %x25 %x20 lsl $0x00 -> %xzr
T1926856   0x0000ffff898f73cc  54ffff40   b.eq   $0x0000ffff898f73b4
T1926856   0x0000ffff898f73d0  121f02ca   and    %w22 $0x00000002 -> %w10
T1926856   0x0000ffff898f73d4  36080096   tbz    $0x0000ffff898f73e4 %x22 $0x01
T1926856   0x0000ffff898f73e4  394d3720   ldrb   +0x034d(%x25)[1byte] -> %w0
T1926856     read  1 byte(s) @ 0xffff898e334d
T1926856   0x0000ffff898f73e8  372ffe60   tbnz   $0x0000ffff898f73b4 %x0 $0x05
T1926856   0x0000ffff898f73ec  90000153   adrp   <rel> 0x0000ffff8991f000 -> %x19
T1926856   0x0000ffff898f73f0  b946da60   ldr    +0x06d8(%x19)[4byte] -> %w0
T1926856     read  4 byte(s) @ 0xffff8991f6d8
T1926856   0x0000ffff898f73f4  361ffba0   tbz    $0x0000ffff898f7368 %x0 $0x03
T1926856   0x0000ffff898f7368  b9432722   ldr    +0x0324(%x25)[4byte] -> %w2
T1926856     read  4 byte(s) @ 0xffff898e3324
T1926856   0x0000ffff898f736c  34000242   cbz    $0x0000ffff898f73b4 %w2
T1926856   0x0000ffff898f7370  a9468720   ldp    +0x68(%x25)[16byte] -> %x0 %x1
T1926856     read  16 byte(s) @ 0xffff898e3068
T1926856   0x0000ffff898f7374  b900f7ff   str    %wzr -> +0xf4(%sp)[4byte]
T1926856     write 4 byte(s) @ 0xffffd2962d44
T1926856   0x0000ffff898f7378  f9419b23   ldr    +0x0330(%x25)[8byte] -> %x3
T1926856     read  8 byte(s) @ 0xffff898e3330
T1926856   0x0000ffff898f737c  f9007fff   str    %xzr -> +0xf8(%sp)[8byte]
T1926856     write 8 byte(s) @ 0xffffd2962d48
T1926856   0x0000ffff898f7380  f9400407   ldr    +0x08(%x0)[8byte] -> %x7
T1926856     read  8 byte(s) @ 0xffff89460ba0
T1926856   0x0000ffff898f7384  f940042c   ldr    +0x08(%x1)[8byte] -> %x12
T1926856     read  8 byte(s) @ 0xffff89460bb0
T1926856   0x0000ffff898f7388  b4000683   cbz    $0x0000ffff898f7458 %x3
T1926856   0x0000ffff898f738c  f9404be4   ldr    +0x90(%sp)[8byte] -> %x4
T1926856     read  8 byte(s) @ 0xffffd2962ce0
T1926856   0x0000ffff898f7390  b9432b21   ldr    +0x0328(%x25)[4byte] -> %w1
T1926856     read  4 byte(s) @ 0xffff898e3328
T1926856   0x0000ffff898f7394  b9432f20   ldr    +0x032c(%x25)[4byte] -> %w0
T1926856     read  4 byte(s) @ 0xffff898e332c
T1926856   0x0000ffff898f7398  8a040021   and    %x1 %x4 lsl $0x00 -> %x1
T1926856   0x0000ffff898f739c  9ac02740   lsrv   %x26 %x0 -> %x0
T1926856   0x0000ffff898f73a0  f8617861   ldr    (%x3,%x1,uxtx #3)[8byte] -> %x1
T1926856     read  8 byte(s) @ 0xffff892f7ac8
T1926856   0x0000ffff898f73a4  9ac02420   lsrv   %x1 %x0 -> %x0
T1926856   0x0000ffff898f73a8  9ada2421   lsrv   %x1 %x26 -> %x1
T1926856   0x0000ffff898f73ac  8a010000   and    %x0 %x1 lsl $0x00 -> %x0
T1926856   0x0000ffff898f73b0  37000f00   tbnz   $0x0000ffff898f7590 %x0 $0x00
T1926856   0x0000ffff898f7590  2a0203e2   orr    %wzr %w2 lsl $0x00 -> %w2
T1926856   0x0000ffff898f7594  f9419f21   ldr    +0x0338(%x25)[8byte] -> %x1
T1926856     read  8 byte(s) @ 0xffff898e3338
T1926856   0x0000ffff898f7598  9ac20b40   udiv   %x26 %x2 -> %x0
T1926856   0x0000ffff898f759c  9b02e800   msub   %x0 %x2 %x26 -> %x0
T1926856   0x0000ffff898f75a0  b860783b   ldr    (%x1,%x0,uxtx #2)[4byte] -> %w27
T1926856     read  4 byte(s) @ 0xffff892f8990
T1926856   0x0000ffff898f75a4  34fff09b   cbz    $0x0000ffff898f73b4 %w27
T1926856   0x0000ffff898f75a8  f941a320   ldr    +0x0340(%x25)[8byte] -> %x0
T1926856     read  8 byte(s) @ 0xffff898e3340
T1926856   0x0000ffff898f75ac  b900cbea   str    %w10 -> +0xc8(%sp)[4byte]
T1926856     write 4 byte(s) @ 0xffffd2962d18
T1926856   0x0000ffff898f75b0  a90d73f5   stp    %x21 %x28 -> +0xd0(%sp)[16byte]
T1926856     write 16 byte(s) @ 0xffffd2962d20
T1926856   0x0000ffff898f75b4  aa1a03fc   orr    %xzr %x26 lsl $0x00 -> %x28
T1926856   0x0000ffff898f75b8  aa1703fa   orr    %xzr %x23 lsl $0x00 -> %x26
T1926856   0x0000ffff898f75bc  8b3b481b   add    %x0 %x27 uxtw $0x02 -> %x27
T1926856   0x0000ffff898f75c0  f90073f8   str    %x24 -> +0xe0(%sp)[8byte]
T1926856     write 8 byte(s) @ 0xffffd2962d30
T1926856   0x0000ffff898f75c4  aa1b03f7   orr    %xzr %x27 lsl $0x00 -> %x23
T1926856   0x0000ffff898f75c8  aa1903f8   orr    %xzr %x25 lsl $0x00 -> %x24
T1926856   0x0000ffff898f75cc  aa0c03fb   orr    %xzr %x12 lsl $0x00 -> %x27
T1926856   0x0000ffff898f75d0  aa0703f9   orr    %xzr %x7 lsl $0x00 -> %x25
T1926856   0x0000ffff898f75d4  f90087f4   str    %x20 -> +0x0108(%sp)[8byte]
T1926856     write 8 byte(s) @ 0xffffd2962d58
T1926856   0x0000ffff898f75d8  2a1603f4   orr    %wzr %w22 lsl $0x00 -> %w20
T1926856   0x0000ffff898f75dc  b940b3f6   ldr    +0xb0(%sp)[4byte] -> %w22
T1926856     read  4 byte(s) @ 0xffffd2962d00
T1926856   0x0000ffff898f75e0  f94063f5   ldr    +0xc0(%sp)[8byte] -> %x21
T1926856     read  8 byte(s) @ 0xffffd2962d10
T1926856   0x0000ffff898f75e4  14000003   b      $0x0000ffff898f75f0
T1926856   0x0000ffff898f75f0  b94002e1   ldr    (%x23)[4byte] -> %w1
T1926856     read  4 byte(s) @ 0xffff892fa65c
T1926856   0x0000ffff898f75f4  2a0103e0   orr    %wzr %w1 lsl $0x00 -> %w0
T1926856   0x0000ffff898f75f8  ca1c0000   eor    %x0 %x28 lsl $0x00 -> %x0
T1926856   0x0000ffff898f75fc  eb4007ff   subs   %xzr %x0 lsr $0x01 -> %xzr
T1926856   0x0000ffff898f7600  54ffff41   b.ne   $0x0000ffff898f75e8
T1926856   0x0000ffff898f75e8  910012f7   add    %x23 $0x0004 lsl $0x00 -> %x23
T1926856   0x0000ffff898f75ec  37002ac1   tbnz   $0x0000ffff898f7b44 %x1 $0x00
T1926856   0x0000ffff898f75f0  b94002e1   ldr    (%x23)[4byte] -> %w1
T1926856     read  4 byte(s) @ 0xffff892fa660
T1926856   0x0000ffff898f75f4  2a0103e0   orr    %wzr %w1 lsl $0x00 -> %w0
T1926856   0x0000ffff898f75f8  ca1c0000   eor    %x0 %x28 lsl $0x00 -> %x0
T1926856   0x0000ffff898f75fc  eb4007ff   subs   %xzr %x0 lsr $0x01 -> %xzr
T1926856   0x0000ffff898f7600  54ffff41   b.ne   $0x0000ffff898f75e8
T1926856   0x0000ffff898f7604  f941a306   ldr    +0x0340(%x24)[8byte] -> %x6
T1926856     read  8 byte(s) @ 0xffff898e3340
T1926856   0x0000ffff898f7608  aa1903e7   orr    %xzr %x25 lsl $0x00 -> %x7
T1926856   0x0000ffff898f760c  f94047e0   ldr    +0x88(%sp)[8byte] -> %x0
T1926856     read  8 byte(s) @ 0xffffd2962cd8
T1926856   0x0000ffff898f7610  cb0602e6   sub    %x23 %x6 lsl $0x00 -> %x6
T1926856   0x0000ffff898f7614  f9404fe1   ldr    +0x98(%sp)[8byte] -> %x1
T1926856     read  8 byte(s) @ 0xffffd2962ce8
T1926856   0x0000ffff898f7618  d34284c5   ubfm   %x6 $0x02 $0x21 -> %x5
T1926856   0x0000ffff898f761c  a90003f8   stp    %x24 %x0 -> (%sp)[16byte]
T1926856     write 16 byte(s) @ 0xffffd2962c50
T1926856   0x0000ffff898f7620  aa0503e6   orr    %xzr %x5 lsl $0x00 -> %x6
T1926856   0x0000ffff898f7624  8b0504a5   add    %x5 %x5 lsl $0x01 -> %x5
T1926856   0x0000ffff898f7628  f94043e0   ldr    +0x80(%sp)[8byte] -> %x0
T1926856     read  8 byte(s) @ 0xffffd2962cd0
T1926856   0x0000ffff898f762c  f9000be0   str    %x0 -> +0x10(%sp)[8byte]
T1926856     write 8 byte(s) @ 0xffffd2962c60
T1926856   0x0000ffff898f7630  2a1403e4   orr    %wzr %w20 lsl $0x00 -> %w4
T1926856   0x0000ffff898f7634  2a1603e3   orr    %wzr %w22 lsl $0x00 -> %w3
T1926856   0x0000ffff898f7638  aa1503e2   orr    %xzr %x21 lsl $0x00 -> %x2
T1926856   0x0000ffff898f763c  8b050f65   add    %x27 %x5 lsl $0x03 -> %x5
T1926856   0x0000ffff898f7640  aa1a03e0   orr    %xzr %x26 lsl $0x00 -> %x0
T1926856   0x0000ffff898f7644  97fffec1   bl     $0x0000ffff898f7148 -> %x30
T1926856   0x0000ffff898f7148  a9bc7bfd   stp    %x29 %x30 %sp $0xffffffffffffffc0 -> -0x40(%sp)[16byte] %sp
T1926856     write 16 byte(s) @ 0xffffd2962c10
T1926856   0x0000ffff898f714c  910003fd   add    %sp $0x0000 lsl $0x00 -> %x29
T1926856   0x0000ffff898f7150  a90153f3   stp    %x19 %x20 -> +0x10(%sp)[16byte]
T1926856     write 16 byte(s) @ 0xffffd2962c20
T1926856   0x0000ffff898f7154  aa0503f3   orr    %xzr %x5 lsl $0x00 -> %x19
T1926856   0x0000ffff898f7158  aa0203f4   orr    %xzr %x2 lsl $0x00 -> %x20
T1926856   0x0000ffff898f715c  a9025bf5   stp    %x21 %x22 -> +0x20(%sp)[16byte]
T1926856     write 16 byte(s) @ 0xffffd2962c30
T1926856   0x0000ffff898f7160  2a0603f6   orr    %wzr %w6 lsl $0x00 -> %w22
T1926856   0x0000ffff898f7164  f94004a9   ldr    +0x08(%x5)[8byte] -> %x9
T1926856     read  8 byte(s) @ 0xffff89304378
T1926856   0x0000ffff898f7168  f9001bf7   str    %x23 -> +0x30(%sp)[8byte]
T1926856     write 8 byte(s) @ 0xffffd2962c40
T1926856   0x0000ffff898f716c  2a0303f7   orr    %wzr %w3 lsl $0x00 -> %w23
T1926856   0x0000ffff898f7170  394010a8   ldrb   +0x04(%x5)[1byte] -> %w8
T1926856     read  1 byte(s) @ 0xffff89304374
T1926856   0x0000ffff898f7174  79400ca5   ldrh   +0x06(%x5)[2byte] -> %w5
T1926856     read  2 byte(s) @ 0xffff89304376
T1926856   0x0000ffff898f7178  12000d02   and    %w8 $0x0000000f -> %w2
T1926856   0x0000ffff898f717c  f94023f5   ldr    +0x40(%sp)[8byte] -> %x21
T1926856     read  8 byte(s) @ 0xffffd2962c50
T1926856   0x0000ffff898f7180  b4000769   cbz    $0x0000ffff898f726c %x9
T1926856   0x0000ffff898f7184  710000bf   subs   %w5 $0x0000 lsl $0x00 -> %wzr
T1926856   0x0000ffff898f7188  52808ce8   movz   $0x0467 lsl $0x00 -> %w8
T1926856   0x0000ffff898f718c  1ac22908   asrv   %w8 %w2 -> %w8
T1926856   0x0000ffff898f7190  1a9f17e2   csinc  %wzr %wzr ne -> %w2
T1926856   0x0000ffff898f7194  2a2803e8   orn    %wzr %w8 lsl $0x00 -> %w8
T1926856   0x0000ffff898f7198  0a040042   and    %w2 %w4 lsl $0x00 -> %w2
T1926856   0x0000ffff898f719c  12000104   and    %w8 $0x00000001 -> %w4
T1926856   0x0000ffff898f71a0  2a020084   orr    %w4 %w2 lsl $0x00 -> %w4
T1926856   0x0000ffff898f71a4  350006c4   cbnz   $0x0000ffff898f727c %w4
T1926856   0x0000ffff898f71a8  eb01027f   subs   %x19 %x1 lsl $0x00 -> %xzr
T1926856   0x0000ffff898f71ac  540000c0   b.eq   $0x0000ffff898f71c4
T1926856   0x0000ffff898f71c4  f941baa0   ldr    +0x0370(%x21)[8byte] -> %x0
T1926856     read  8 byte(s) @ 0xffff898e3370
T1926856   0x0000ffff898f71c8  b40002d4   cbz    $0x0000ffff898f7220 %x20
T1926856   0x0000ffff898f71cc  b40006e0   cbz    $0x0000ffff898f72a8 %x0
T1926856   0x0000ffff898f71d0  78765816   ldrh   (%x0,%x22,uxtw #1)[2byte] -> %w22
T1926856     read  2 byte(s) @ 0xffff8930f496
T1926856   0x0000ffff898f71d4  52800303   movz   $0x0018 lsl $0x00 -> %w3
T1926856   0x0000ffff898f71d8  f9418ea1   ldr    +0x0318(%x21)[8byte] -> %x1
T1926856     read  8 byte(s) @ 0xffff898e3318
T1926856   0x0000ffff898f71dc  12003ac0   and    %w22 $0x00007fff -> %w0
T1926856   0x0000ffff898f71e0  b9400a82   ldr    +0x08(%x20)[4byte] -> %w2
T1926856     read  4 byte(s) @ 0xffff898e3668
T1926856   0x0000ffff898f71e4  9ba37c00   umaddl %w0 %w3 %xzr -> %x0
T1926856   0x0000ffff898f71e8  8b000023   add    %x1 %x0 lsl $0x00 -> %x3
T1926856   0x0000ffff898f71ec  b9400875   ldr    +0x08(%x3)[4byte] -> %w21
T1926856     read  4 byte(s) @ 0xffff898e3668
T1926856   0x0000ffff898f71f0  6b0202bf   subs   %w21 %w2 lsl $0x00 -> %wzr
T1926856   0x0000ffff898f71f4  54000500   b.eq   $0x0000ffff898f7294
T1926856   0x0000ffff898f7294  f8606820   ldr    (%x1,%x0)[8byte] -> %x0
T1926856     read  8 byte(s) @ 0xffff898e3660
T1926856   0x0000ffff898f7298  f9400281   ldr    (%x20)[8byte] -> %x1
T1926856     read  8 byte(s) @ 0xffff898e3660
T1926856   0x0000ffff898f729c  94003c29   bl     $0x0000ffff89906340 -> %x30
T1926856   0x0000ffff89906340  ca010007   eor    %x0 %x1 lsl $0x00 -> %x7
T1926856   0x0000ffff89906344  b200c3ea   orr    %xzr $0x0101010101010101 -> %x10
T1926856   0x0000ffff89906348  f24008ff   ands   %x7 $0x0000000000000007 -> %xzr
T1926856   0x0000ffff8990634c  540003e1   b.ne   $0x0000ffff899063c8
T1926856   0x0000ffff89906350  f2400807   ands   %x0 $0x0000000000000007 -> %x7
T1926856   0x0000ffff89906354  54000241   b.ne   $0x0000ffff8990639c
T1926856   0x0000ffff89906358  f8408402   ldr    (%x0)[8byte] %x0 $0x0000000000000008 -> %x2 %x0
T1926856     read  8 byte(s) @ 0xffff8930e7f0
T1926856   0x0000ffff8990635c  f8408423   ldr    (%x1)[8byte] %x1 $0x0000000000000008 -> %x3 %x1
T1926856     read  8 byte(s) @ 0xffff8930e7f0
T1926856   0x0000ffff89906360  cb0a0047   sub    %x2 %x10 lsl $0x00 -> %x7
T1926856   0x0000ffff89906364  b200d848   orr    %x2 $0x7f7f7f7f7f7f7f7f -> %x8
T1926856   0x0000ffff89906368  ca030045   eor    %x2 %x3 lsl $0x00 -> %x5
T1926856   0x0000ffff8990636c  8a2800e4   bic    %x7 %x8 lsl $0x00 -> %x4
T1926856   0x0000ffff89906370  aa0400a6   orr    %x5 %x4 lsl $0x00 -> %x6
T1926856   0x0000ffff89906374  b4ffff26   cbz    $0x0000ffff89906358 %x6
T1926856   0x0000ffff89906358  f8408402   ldr    (%x0)[8byte] %x0 $0x0000000000000008 -> %x2 %x0
T1926856     read  8 byte(s) @ 0xffff8930e7f8
T1926856   0x0000ffff8990635c  f8408423   ldr    (%x1)[8byte] %x1 $0x0000000000000008 -> %x3 %x1
T1926856     read  8 byte(s) @ 0xffff8930e7f8
T1926856   0x0000ffff89906360  cb0a0047   sub    %x2 %x10 lsl $0x00 -> %x7
T1926856   0x0000ffff89906364  b200d848   orr    %x2 $0x7f7f7f7f7f7f7f7f -> %x8
T1926856   0x0000ffff89906368  ca030045   eor    %x2 %x3 lsl $0x00 -> %x5
T1926856   0x0000ffff8990636c  8a2800e4   bic    %x7 %x8 lsl $0x00 -> %x4
T1926856   0x0000ffff89906370  aa0400a6   orr    %x5 %x4 lsl $0x00 -> %x6
T1926856   0x0000ffff89906374  b4ffff26   cbz    $0x0000ffff89906358 %x6
T1926856   0x0000ffff89906378  dac00cc6   rev    %x6 -> %x6
T1926856   0x0000ffff8990637c  dac00c42   rev    %x2 -> %x2
T1926856   0x0000ffff89906380  dac010cb   clz    %x6 -> %x11
T1926856   0x0000ffff89906384  dac00c63   rev    %x3 -> %x3
T1926856   0x0000ffff89906388  9acb2042   lslv   %x2 %x11 -> %x2
T1926856   0x0000ffff8990638c  9acb2063   lslv   %x3 %x11 -> %x3
T1926856   0x0000ffff89906390  d378fc42   ubfm   %x2 $0x38 $0x3f -> %x2
T1926856   0x0000ffff89906394  cb43e040   sub    %x2 %x3 lsr $0x38 -> %x0
T1926856   0x0000ffff89906398  d65f03c0   ret    %x30
T1926856   0x0000ffff898f72a0  34fffb40   cbz    $0x0000ffff898f7208 %w0
T1926856   0x0000ffff898f7208  aa1303e0   orr    %xzr %x19 lsl $0x00 -> %x0
T1926856   0x0000ffff898f720c  a94153f3   ldp    +0x10(%sp)[16byte] -> %x19 %x20
T1926856     read  16 byte(s) @ 0xffffd2962c20
T1926856   0x0000ffff898f7210  a9425bf5   ldp    +0x20(%sp)[16byte] -> %x21 %x22
T1926856     read  16 byte(s) @ 0xffffd2962c30
T1926856   0x0000ffff898f7214  f9401bf7   ldr    +0x30(%sp)[8byte] -> %x23
T1926856     read  8 byte(s) @ 0xffffd2962c40
T1926856   0x0000ffff898f7218  a8c47bfd   ldp    (%sp)[16byte] %sp $0x0000000000000040 -> %x29 %x30 %sp
T1926856     read  16 byte(s) @ 0xffffd2962c10
T1926856   0x0000ffff898f721c  d65f03c0   ret    %x30
T1926856   0x0000ffff898f7648  b5003220   cbnz   $0x0000ffff898f7c8c %x0
T1926856   0x0000ffff898f7c8c  aa1903e7   orr    %xzr %x25 lsl $0x00 -> %x7
T1926856   0x0000ffff898f7c90  aa1a03f7   orr    %xzr %x26 lsl $0x00 -> %x23
T1926856   0x0000ffff898f7c94  aa1803f9   orr    %xzr %x24 lsl $0x00 -> %x25
T1926856   0x0000ffff898f7c98  aa1c03fa   orr    %xzr %x28 lsl $0x00 -> %x26
T1926856   0x0000ffff898f7c9c  2a1403f6   orr    %wzr %w20 lsl $0x00 -> %w22
T1926856   0x0000ffff898f7ca0  b940cbea   ldr    +0xc8(%sp)[4byte] -> %w10
T1926856     read  4 byte(s) @ 0xffffd2962d18
T1926856   0x0000ffff898f7ca4  aa0003e3   orr    %xzr %x0 lsl $0x00 -> %x3
T1926856   0x0000ffff898f7ca8  aa1b03ec   orr    %xzr %x27 lsl $0x00 -> %x12
T1926856   0x0000ffff898f7cac  a94d73f5   ldp    +0xd0(%sp)[16byte] -> %x21 %x28
T1926856     read  16 byte(s) @ 0xffffd2962d20
T1926856   0x0000ffff898f7cb0  f94073f8   ldr    +0xe0(%sp)[8byte] -> %x24
T1926856     read  8 byte(s) @ 0xffffd2962d30
T1926856   0x0000ffff898f7cb4  f94087f4   ldr    +0x0108(%sp)[8byte] -> %x20
T1926856     read  8 byte(s) @ 0xffffd2962d58
T1926856   0x0000ffff898f7cb8  17fffe1c   b      $0x0000ffff898f7528
T1926856   0x0000ffff898f7528  f9408fe0   ldr    +0x0118(%sp)[8byte] -> %x0
T1926856     read  8 byte(s) @ 0xffffd2962d68
T1926856   0x0000ffff898f752c  b4000a60   cbz    $0x0000ffff898f7678 %x0
T1926856   0x0000ffff898f7530  39401460   ldrb   +0x05(%x3)[1byte] -> %w0
T1926856     read  1 byte(s) @ 0xffff89304375
T1926856   0x0000ffff898f7534  12000400   and    %w0 $0x00000003 -> %w0
T1926856   0x0000ffff898f7538  51000400   sub    %w0 $0x0001 lsl $0x00 -> %w0
T1926856   0x0000ffff898f753c  7100041f   subs   %w0 $0x0001 lsl $0x00 -> %wzr
T1926856   0x0000ffff898f7540  54fff3a9   b.ls   $0x0000ffff898f73b4
T1926856   0x0000ffff898f7544  39401060   ldrb   +0x04(%x3)[1byte] -> %w0
T1926856     read  1 byte(s) @ 0xffff89304374
T1926856   0x0000ffff898f7548  53047c00   ubfm   %w0 $0x04 $0x1f -> %w0
T1926856   0x0000ffff898f754c  7100081f   subs   %w0 $0x0002 lsl $0x00 -> %wzr
T1926856   0x0000ffff898f7550  54001820   b.eq   $0x0000ffff898f7854
T1926856   0x0000ffff898f7554  7100281f   subs   %w0 $0x000a lsl $0x00 -> %wzr
T1926856   0x0000ffff898f7558  54000fa0   b.eq   $0x0000ffff898f774c
T1926856   0x0000ffff898f755c  7100041f   subs   %w0 $0x0001 lsl $0x00 -> %wzr
T1926856   0x0000ffff898f7560  54fff2a1   b.ne   $0x0000ffff898f73b4
T1926856   0x0000ffff898f7564  f94053e0   ldr    +0xa0(%sp)[8byte] -> %x0
T1926856     read  8 byte(s) @ 0xffffd2962cf0
T1926856   0x0000ffff898f7568  a9006403   stp    %x3 %x25 -> (%x0)[16byte]
T1926856     write 16 byte(s) @ 0xffffd2962e28
T1926856   0x0000ffff898f756c  52800020   movz   $0x0001 lsl $0x00 -> %w0
T1926856   0x0000ffff898f7570  a9427bfd   ldp    +0x20(%sp)[16byte] -> %x29 %x30
T1926856     read  16 byte(s) @ 0xffffd2962c70
T1926856   0x0000ffff898f7574  a94353f3   ldp    +0x30(%sp)[16byte] -> %x19 %x20
T1926856     read  16 byte(s) @ 0xffffd2962c80
T1926856   0x0000ffff898f7578  a9445bf5   ldp    +0x40(%sp)[16byte] -> %x21 %x22
T1926856     read  16 byte(s) @ 0xffffd2962c90
T1926856   0x0000ffff898f757c  a94563f7   ldp    +0x50(%sp)[16byte] -> %x23 %x24
T1926856     read  16 byte(s) @ 0xffffd2962ca0
T1926856   0x0000ffff898f7580  a9466bf9   ldp    +0x60(%sp)[16byte] -> %x25 %x26
T1926856     read  16 byte(s) @ 0xffffd2962cb0
T1926856   0x0000ffff898f7584  a94773fb   ldp    +0x70(%sp)[16byte] -> %x27 %x28
T1926856     read  16 byte(s) @ 0xffffd2962cc0
T1926856   0x0000ffff898f7588  910403ff   add    %sp $0x0100 lsl $0x00 -> %sp
T1926856   0x0000ffff898f758c  d65f03c0   ret    %x30
T1926856   0x0000ffff898f7e90  34fffe20   cbz    $0x0000ffff898f7e54 %w0
T1926856   0x0000ffff898f7e94  f9400263   ldr    (%x19)[8byte] -> %x3
T1926856     read  8 byte(s) @ 0xffffd2962f30
T1926856   0x0000ffff898f7e98  f9406fe0   ldr    +0xd8(%sp)[8byte] -> %x0
T1926856     read  8 byte(s) @ 0xffffd2962e28
T1926856   0x0000ffff898f7e9c  b40009c0   cbz    $0x0000ffff898f7fd4 %x0
T1926856   0x0000ffff898f7ea0  b40000a3   cbz    $0x0000ffff898f7eb4 %x3
T1926856   0x0000ffff898f7ea4  39401460   ldrb   +0x05(%x3)[1byte] -> %w0
T1926856     read  1 byte(s) @ 0xffff89304375
T1926856   0x0000ffff898f7ea8  12000400   and    %w0 $0x00000003 -> %w0
T1926856   0x0000ffff898f7eac  71000c1f   subs   %w0 $0x0003 lsl $0x00 -> %wzr
T1926856   0x0000ffff898f7eb0  54000320   b.eq   $0x0000ffff898f7f14
T1926856   0x0000ffff898f7eb4  f94073fc   ldr    +0xe0(%sp)[8byte] -> %x28
T1926856     read  8 byte(s) @ 0xffffd2962e30
T1926856   0x0000ffff898f7eb8  5280001a   movz   $0x0000 lsl $0x00 -> %w26
T1926856   0x0000ffff898f7ebc  394d3380   ldrb   +0x034c(%x28)[1byte] -> %w0
T1926856     read  1 byte(s) @ 0xfffd4587434c
T1926856   0x0000ffff898f7ec0  90000159   adrp   <rel> 0x0000ffff8991f000 -> %x25
T1926856   0x0000ffff898f7ec4  12000400   and    %w0 $0x00000003 -> %w0
T1926856   0x0000ffff898f7ec8  7100081f   subs   %w0 $0x0002 lsl $0x00 -> %wzr
T1926856   0x0000ffff898f7ecc  540019e0   b.eq   $0x0000ffff898f8208
T1926856   0x0000ffff898f7ed0  b9440f80   ldr    +0x040c(%x28)[4byte] -> %w0
T1926856     read  4 byte(s) @ 0xfffd4587440c
T1926856   0x0000ffff898f7ed4  34001940   cbz    $0x0000ffff898f81fc %w0
T1926856   0x0000ffff898f7ed8  b946db20   ldr    +0x06d8(%x25)[4byte] -> %w0
T1926856     read  4 byte(s) @ 0xffff8991f6d8
T1926856   0x0000ffff898f7edc  52810081   movz   $0x0804 lsl $0x00 -> %w1
T1926856   0x0000ffff898f7ee0  6a01001f   ands   %w0 %w1 lsl $0x00 -> %wzr
T1926856   0x0000ffff898f7ee4  54000d41   b.ne   $0x0000ffff898f808c
T1926856   0x0000ffff898f7ee8  f9406fe0   ldr    +0xd8(%sp)[8byte] -> %x0
T1926856     read  8 byte(s) @ 0xffffd2962e28
T1926856   0x0000ffff898f7eec  f9000260   str    %x0 -> (%x19)[8byte]
T1926856     write 8 byte(s) @ 0xffffd2962f30
T1926856   0x0000ffff898f7ef0  aa1c03e0   orr    %xzr %x28 lsl $0x00 -> %x0
T1926856   0x0000ffff898f7ef4  a9427bfd   ldp    +0x20(%sp)[16byte] -> %x29 %x30
T1926856     read  16 byte(s) @ 0xffffd2962d70
T1926856   0x0000ffff898f7ef8  a94353f3   ldp    +0x30(%sp)[16byte] -> %x19 %x20
T1926856     read  16 byte(s) @ 0xffffd2962d80
T1926856   0x0000ffff898f7efc  a9445bf5   ldp    +0x40(%sp)[16byte] -> %x21 %x22
T1926856     read  16 byte(s) @ 0xffffd2962d90
T1926856   0x0000ffff898f7f00  a94563f7   ldp    +0x50(%sp)[16byte] -> %x23 %x24
T1926856     read  16 byte(s) @ 0xffffd2962da0
T1926856   0x0000ffff898f7f04  a9466bf9   ldp    +0x60(%sp)[16byte] -> %x25 %x26
T1926856     read  16 byte(s) @ 0xffffd2962db0
T1926856   0x0000ffff898f7f08  a94773fb   ldp    +0x70(%sp)[16byte] -> %x27 %x28
T1926856     read  16 byte(s) @ 0xffffd2962dc0
T1926856   0x0000ffff898f7f0c  910443ff   add    %sp $0x0110 lsl $0x00 -> %sp
T1926856   0x0000ffff898f7f10  d65f03c0   ret    %x30
T1926856   0x0000ffff898f9920  aa0003e4   orr    %xzr %x0 lsl $0x00 -> %x4
T1926856   0x0000ffff898f9924  a94b2fa8   ldp    +0xb0(%x29)[16byte] -> %x8 %x11
T1926856     read  16 byte(s) @ 0xffffd2962f20
T1926856   0x0000ffff898f9928  f9022280   str    %x0 -> +0x0440(%x20)[8byte]
T1926856     write 8 byte(s) @ 0xffff898e3440
T1926856   0x0000ffff898f992c  f94063a3   ldr    +0xc0(%x29)[8byte] -> %x3
T1926856     read  8 byte(s) @ 0xffffd2962f30
T1926856   0x0000ffff898f9930  f9022683   str    %x3 -> +0x0448(%x20)[8byte]
T1926856     write 8 byte(s) @ 0xffff898e3448
T1926856   0x0000ffff898f9934  b50016c3   cbnz   $0x0000ffff898f9c0c %x3
T1926856   0x0000ffff898f9c0c  79400c65   ldrh   +0x06(%x3)[2byte] -> %w5
T1926856     read  2 byte(s) @ 0xffff89304376
T1926856   0x0000ffff898f9c10  529ffe20   movz   $0xfff1 lsl $0x00 -> %w0
T1926856   0x0000ffff898f9c14  39401062   ldrb   +0x04(%x3)[1byte] -> %w2
T1926856     read  1 byte(s) @ 0xffff89304374
T1926856   0x0000ffff898f9c18  6b0000bf   subs   %w5 %w0 lsl $0x00 -> %wzr
T1926856   0x0000ffff898f9c1c  54ffedc1   b.ne   $0x0000ffff898f99d4
T1926856   0x0000ffff898f99d4  f9400081   ldr    (%x4)[8byte] -> %x1
T1926856     read  8 byte(s) @ 0xffff898e3000
T1926856   0x0000ffff898f99d8  12000c42   and    %w2 $0x0000000f -> %w2
T1926856   0x0000ffff898f99dc  f9400460   ldr    +0x08(%x3)[8byte] -> %x0
T1926856     read  8 byte(s) @ 0xffff89304378
T1926856   0x0000ffff898f99e0  7100285f   subs   %w2 $0x000a lsl $0x00 -> %wzr
T1926856   0x0000ffff898f99e4  8b000026   add    %x1 %x0 lsl $0x00 -> %x6
T1926856   0x0000ffff898f99e8  54000700   b.eq   $0x0000ffff898f9ac8
T1926856   0x0000ffff898f99ec  7110167f   subs   %w19 $0x0405 lsl $0x00 -> %wzr
T1926856   0x0000ffff898f99f0  54001560   b.eq   $0x0000ffff898f9c9c
T1926856   0x0000ffff898f99f4  54000ae8   b.hi   $0x0000ffff898f9b50
T1926856   0x0000ffff898f99f8  7110127f   subs   %w19 $0x0404 lsl $0x00 -> %wzr
T1926856   0x0000ffff898f99fc  540011a0   b.eq   $0x0000ffff898f9c30
T1926856   0x0000ffff898f9a00  7110027f   subs   %w19 $0x0400 lsl $0x00 -> %wzr
T1926856   0x0000ffff898f9a04  540009e8   b.hi   $0x0000ffff898f9b40
T1926856   0x0000ffff898f9b40  f9400b60   ldr    +0x10(%x27)[8byte] -> %x0
T1926856     read  8 byte(s) @ 0xffff893178f8
T1926856   0x0000ffff898f9b44  8b060000   add    %x0 %x6 lsl $0x00 -> %x0
T1926856   0x0000ffff898f9b48  f8286b80   str    %x0 -> (%x28,%x8)[8byte]
T1926856     write 8 byte(s) @ 0xffff89460fb8
T1926856   0x0000ffff898f9b4c  17ffff87   b      $0x0000ffff898f9968
T1926856   0x0000ffff898f9968  9100637b   add    %x27 $0x0018 lsl $0x00 -> %x27
T1926856   0x0000ffff898f996c  eb1b035f   subs   %x26 %x27 lsl $0x00 -> %xzr
T1926856   0x0000ffff898f9970  54fff6c8   b.hi   $0x0000ffff898f9848
T1926856   0x0000ffff898f9848  a9404f68   ldp    (%x27)[16byte] -> %x8 %x19
T1926856     read  16 byte(s) @ 0xffff89317900
T1926856   0x0000ffff898f984c  f9418e84   ldr    +0x0318(%x20)[8byte] -> %x4
T1926856     read  8 byte(s) @ 0xffff898e3318
T1926856   0x0000ffff898f9850  d360fe60   ubfm   %x19 $0x20 $0x3f -> %x0
T1926856   0x0000ffff898f9854  71100e7f   subs   %w19 $0x0403 lsl $0x00 -> %wzr
T1926856   0x0000ffff898f9858  2a1303f6   orr    %wzr %w19 lsl $0x00 -> %w22
T1926856   0x0000ffff898f985c  8b08038b   add    %x28 %x8 lsl $0x00 -> %x11
T1926856   0x0000ffff898f9860  8b000415   add    %x0 %x0 lsl $0x01 -> %x21
T1926856   0x0000ffff898f9864  78607b00   ldrh   (%x24,%x0,uxtx #1)[2byte] -> %w0
T1926856     read  2 byte(s) @ 0xffff8930f91a
T1926856   0x0000ffff898f9868  d37df2b5   ubfm   %x21 $0x3d $0x3c -> %x21
T1926856   0x0000ffff898f986c  8b150337   add    %x25 %x21 lsl $0x00 -> %x23
T1926856   0x0000ffff898f9870  f90063b7   str    %x23 -> +0xc0(%x29)[8byte]
T1926856     write 8 byte(s) @ 0xffffd2962f30
T1926856   0x0000ffff898f9874  54001e60   b.eq   $0x0000ffff898f9c40
T1926856   0x0000ffff898f9878  34000793   cbz    $0x0000ffff898f9968 %w19
T1926856   0x0000ffff898f987c  394012e2   ldrb   +0x04(%x23)[1byte] -> %w2
T1926856     read  1 byte(s) @ 0xffff893079a4
T1926856   0x0000ffff898f9880  6b4213ff   subs   %wzr %w2 lsr $0x04 -> %wzr
T1926856   0x0000ffff898f9884  540009c0   b.eq   $0x0000ffff898f99bc
T1926856   0x0000ffff898f9888  394016e1   ldrb   +0x05(%x23)[1byte] -> %w1
T1926856     read  1 byte(s) @ 0xffff893079a5
T1926856   0x0000ffff898f988c  12000421   and    %w1 $0x00000003 -> %w1
T1926856   0x0000ffff898f9890  51000421   sub    %w1 $0x0001 lsl $0x00 -> %w1
T1926856   0x0000ffff898f9894  7100043f   subs   %w1 $0x0001 lsl $0x00 -> %wzr
T1926856   0x0000ffff898f9898  54000929   b.ls   $0x0000ffff898f99bc
T1926856   0x0000ffff898f989c  f9421a81   ldr    +0x0430(%x20)[8byte] -> %x1
T1926856     read  8 byte(s) @ 0xffff898e3430
T1926856   0x0000ffff898f98a0  eb0102ff   subs   %x23 %x1 lsl $0x00 -> %xzr
T1926856   0x0000ffff898f98a4  54002200   b.eq   $0x0000ffff898f9ce4
T1926856   0x0000ffff898f98a8  51100a61   sub    %w19 $0x0402 lsl $0x00 -> %w1
T1926856   0x0000ffff898f98ac  52800025   movz   $0x0001 lsl $0x00 -> %w5
T1926856   0x0000ffff898f98b0  721e783f   ands   %w1 $0xfffffffd -> %wzr
T1926856   0x0000ffff898f98b4  54000080   b.eq   $0x0000ffff898f98c4
T1926856   0x0000ffff898f98b8  51101661   sub    %w19 $0x0405 lsl $0x00 -> %w1
T1926856   0x0000ffff898f98bc  7100083f   subs   %w1 $0x0002 lsl $0x00 -> %wzr
T1926856   0x0000ffff898f98c0  1a9f87e5   csinc  %wzr %wzr hi -> %w5
T1926856   0x0000ffff898f98c4  7110027f   subs   %w19 $0x0400 lsl $0x00 -> %wzr
T1926856   0x0000ffff898f98c8  54001b00   b.eq   $0x0000ffff898f9c28
T1926856   0x0000ffff898f98cc  7110067f   subs   %w19 $0x0401 lsl $0x00 -> %wzr
T1926856   0x0000ffff898f98d0  321e00a1   orr    %w5 $0x00000004 -> %w1
T1926856   0x0000ffff898f98d4  1a850025   csel   %w1 %w5 eq -> %w5
T1926856   0x0000ffff898f98d8  12003800   and    %w0 $0x00007fff -> %w0
T1926856   0x0000ffff898f98dc  52800301   movz   $0x0018 lsl $0x00 -> %w1
T1926856   0x0000ffff898f98e0  f9021a97   str    %x23 -> +0x0430(%x20)[8byte]
T1926856     write 8 byte(s) @ 0xffff898e3430
T1926856   0x0000ffff898f98e4  b9043a85   str    %w5 -> +0x0438(%x20)[4byte]
T1926856     write 4 byte(s) @ 0xffff898e3438
T1926856   0x0000ffff898f98e8  9ba11004   umaddl %w0 %w1 %x4 -> %x4
T1926856   0x0000ffff898f98ec  b4000084   cbz    $0x0000ffff898f98fc %x4
T1926856   0x0000ffff898f98f0  b9400880   ldr    +0x08(%x4)[4byte] -> %w0
T1926856     read  4 byte(s) @ 0xffff898e3668
T1926856   0x0000ffff898f98f4  7100001f   subs   %w0 $0x0000 lsl $0x00 -> %wzr
T1926856   0x0000ffff898f98f8  9a9f1084   csel   %x4 %xzr ne -> %x4
T1926856   0x0000ffff898f98fc  a94a07a3   ldp    +0xa0(%x29)[16byte] -> %x3 %x1
T1926856     read  16 byte(s) @ 0xffffd2962f10
T1926856   0x0000ffff898f9900  910303a2   add    %x29 $0x00c0 lsl $0x00 -> %x2
T1926856   0x0000ffff898f9904  b8756b20   ldr    (%x25,%x21)[4byte] -> %w0
T1926856     read  4 byte(s) @ 0xffff893079a0
T1926856   0x0000ffff898f9908  d2800007   movz   $0x0000 lsl $0x00 -> %x7
T1926856   0x0000ffff898f990c  52800126   movz   $0x0009 lsl $0x00 -> %w6
T1926856   0x0000ffff898f9910  a90b2fa8   stp    %x8 %x11 -> +0xb0(%x29)[16byte]
T1926856     write 16 byte(s) @ 0xffffd2962f20
T1926856   0x0000ffff898f9914  8b000020   add    %x1 %x0 lsl $0x00 -> %x0
T1926856   0x0000ffff898f9918  aa1403e1   orr    %xzr %x20 lsl $0x00 -> %x1
T1926856   0x0000ffff898f991c  97fff921   bl     $0x0000ffff898f7da0 -> %x30
T1926856   0x0000ffff898f7da0  d10443ff   sub    %sp $0x0110 lsl $0x00 -> %sp
T1926856   0x0000ffff898f7da4  a9027bfd   stp    %x29 %x30 -> +0x20(%sp)[16byte]
T1926856     write 16 byte(s) @ 0xffffd2962d70
T1926856   0x0000ffff898f7da8  910083fd   add    %sp $0x0020 lsl $0x00 -> %x29
T1926856   0x0000ffff898f7dac  a90353f3   stp    %x19 %x20 -> +0x30(%sp)[16byte]
T1926856     write 16 byte(s) @ 0xffffd2962d80
T1926856   0x0000ffff898f7db0  aa0203f3   orr    %xzr %x2 lsl $0x00 -> %x19
T1926856   0x0000ffff898f7db4  aa0703f4   orr    %xzr %x7 lsl $0x00 -> %x20
T1926856   0x0000ffff898f7db8  a9045bf5   stp    %x21 %x22 -> +0x40(%sp)[16byte]
T1926856     write 16 byte(s) @ 0xffffd2962d90
T1926856   0x0000ffff898f7dbc  aa0403f5   orr    %xzr %x4 lsl $0x00 -> %x21
T1926856   0x0000ffff898f7dc0  2a0603f6   orr    %wzr %w6 lsl $0x00 -> %w22
T1926856   0x0000ffff898f7dc4  a90563f7   stp    %x23 %x24 -> +0x50(%sp)[16byte]
T1926856     write 16 byte(s) @ 0xffffd2962da0
T1926856   0x0000ffff898f7dc8  aa0103f7   orr    %xzr %x1 lsl $0x00 -> %x23
T1926856   0x0000ffff898f7dcc  a9066bf9   stp    %x25 %x26 -> +0x60(%sp)[16byte]
T1926856     write 16 byte(s) @ 0xffffd2962db0
T1926856   0x0000ffff898f7dd0  a90773fb   stp    %x27 %x28 -> +0x70(%sp)[16byte]
T1926856     write 16 byte(s) @ 0xffffd2962dc0
T1926856   0x0000ffff898f7dd4  aa0003fb   orr    %xzr %x0 lsl $0x00 -> %x27
T1926856   0x0000ffff898f7dd8  39400008   ldrb   (%x0)[1byte] -> %w8
T1926856     read  1 byte(s) @ 0xffff8930e0bf
T1926856   0x0000ffff898f7ddc  b90083e5   str    %w5 -> +0x80(%sp)[4byte]
T1926856     write 4 byte(s) @ 0xffffd2962dd0
T1926856   0x0000ffff898f7de0  f9004be3   str    %x3 -> +0x90(%sp)[8byte]
T1926856     write 8 byte(s) @ 0xffffd2962de0
T1926856   0x0000ffff898f7de4  34000f48   cbz    $0x0000ffff898f7fcc %w8
T1926856   0x0000ffff898f7de8  d282a0a1   movz   $0x1505 lsl $0x00 -> %x1
T1926856   0x0000ffff898f7dec  d503201f   nop
T1926856   0x0000ffff898f7df0  8b011421   add    %x1 %x1 lsl $0x05 -> %x1
T1926856   0x0000ffff898f7df4  8b280021   add    %x1 %x8 uxtb $0x00 -> %x1
T1926856   0x0000ffff898f7df8  38401c08   ldrb   +0x01(%x0)[1byte] %x0 $0x0000000000000001 -> %w8 %x0
T1926856     read  1 byte(s) @ 0xffff8930e0c0
T1926856   0x0000ffff898f7dfc  35ffffa8   cbnz   $0x0000ffff898f7df0 %w8
T1926856   0x0000ffff898f7df0  8b011421   add    %x1 %x1 lsl $0x05 -> %x1
T1926856   0x0000ffff898f7df4  8b280021   add    %x1 %x8 uxtb $0x00 -> %x1
T1926856   0x0000ffff898f7df8  38401c08   ldrb   +0x01(%x0)[1byte] %x0 $0x0000000000000001 -> %w8 %x0
T1926856     read  1 byte(s) @ 0xffff8930e0c1
T1926856   0x0000ffff898f7dfc  35ffffa8   cbnz   $0x0000ffff898f7df0 %w8
T1926856   0x0000ffff898f7df0  8b011421   add    %x1 %x1 lsl $0x05 -> %x1
T1926856   0x0000ffff898f7df4  8b280021   add    %x1 %x8 uxtb $0x00 -> %x1
T1926856   0x0000ffff898f7df8  38401c08   ldrb   +0x01(%x0)[1byte] %x0 $0x0000000000000001 -> %w8 %x0
T1926856     read  1 byte(s) @ 0xffff8930e0c2
T1926856   0x0000ffff898f7dfc  35ffffa8   cbnz   $0x0000ffff898f7df0 %w8
T1926856   0x0000ffff898f7df0  8b011421   add    %x1 %x1 lsl $0x05 -> %x1
T1926856   0x0000ffff898f7df4  8b280021   add    %x1 %x8 uxtb $0x00 -> %x1
T1926856   0x0000ffff898f7df8  38401c08   ldrb   +0x01(%x0)[1byte] %x0 $0x0000000000000001 -> %w8 %x0
T1926856     read  1 byte(s) @ 0xffff8930e0c3
T1926856   0x0000ffff898f7dfc  35ffffa8   cbnz   $0x0000ffff898f7df0 %w8
T1926856   0x0000ffff898f7df0  8b011421   add    %x1 %x1 lsl $0x05 -> %x1
T1926856   0x0000ffff898f7df4  8b280021   add    %x1 %x8 uxtb $0x00 -> %x1
T1926856   0x0000ffff898f7df8  38401c08   ldrb   +0x01(%x0)[1byte] %x0 $0x0000000000000001 -> %w8 %x0
T1926856     read  1 byte(s) @ 0xffff8930e0c4
T1926856   0x0000ffff898f7dfc  35ffffa8   cbnz   $0x0000ffff898f7df0 %w8
T1926856   0x0000ffff898f7df0  8b011421   add    %x1 %x1 lsl $0x05 -> %x1
T1926856   0x0000ffff898f7df4  8b280021   add    %x1 %x8 uxtb $0x00 -> %x1
T1926856   0x0000ffff898f7df8  38401c08   ldrb   +0x01(%x0)[1byte] %x0 $0x0000000000000001 -> %w8 %x0
T1926856     read  1 byte(s) @ 0xffff8930e0c5
T1926856   0x0000ffff898f7dfc  35ffffa8   cbnz   $0x0000ffff898f7df0 %w8
T1926856   0x0000ffff898f7e00  92407c3a   and    %x1 $0x00000000ffffffff -> %x26
T1926856   0x0000ffff898f7e04  b0000140   adrp   <rel> 0x0000ffff89920000 -> %x0
T1926856   0x0000ffff898f7e08  91018002   add    %x0 $0x0060 lsl $0x00 -> %x2
T1926856   0x0000ffff898f7e0c  b2407fe0   orr    %xzr $0x00000000ffffffff -> %x0
T1926856   0x0000ffff898f7e10  f90067e0   str    %x0 -> +0xc8(%sp)[8byte]
T1926856     write 8 byte(s) @ 0xffffd2962e18
T1926856   0x0000ffff898f7e14  a90dffff   stp    %xzr %xzr -> +0xd8(%sp)[16byte]
T1926856     write 16 byte(s) @ 0xffffd2962e28
T1926856   0x0000ffff898f7e18  f9450040   ldr    +0x0a00(%x2)[8byte] -> %x0
T1926856     read  8 byte(s) @ 0xffff89920a60
T1926856   0x0000ffff898f7e1c  91000400   add    %x0 $0x0001 lsl $0x00 -> %x0
T1926856   0x0000ffff898f7e20  f9050040   str    %x0 -> +0x0a00(%x2)[8byte]
T1926856     write 8 byte(s) @ 0xffff89920a60
T1926856   0x0000ffff898f7e24  b4000055   cbz    $0x0000ffff898f7e2c %x21
T1926856   0x0000ffff898f7e28  37086c56   tbnz   $0x0000ffff898f8bb0 %x22 $0x01
T1926856   0x0000ffff898f7e2c  f9404be0   ldr    +0x90(%sp)[8byte] -> %x0
T1926856     read  8 byte(s) @ 0xffffd2962de0
T1926856   0x0000ffff898f7e30  f9400263   ldr    (%x19)[8byte] -> %x3
T1926856     read  8 byte(s) @ 0xffffd2962f30
T1926856   0x0000ffff898f7e34  f9400005   ldr    (%x0)[8byte] -> %x5
T1926856     read  8 byte(s) @ 0xffff898e3398
T1926856   0x0000ffff898f7e38  b5001114   cbnz   $0x0000ffff898f8058 %x20
T1926856   0x0000ffff898f7e3c  b4000cc5   cbz    $0x0000ffff898f7fd4 %x5
T1926856   0x0000ffff898f7e40  f90047ff   str    %xzr -> +0x88(%sp)[8byte]
T1926856     write 8 byte(s) @ 0xffffd2962dd8
T1926856   0x0000ffff898f7e44  910363f8   add    %sp $0x00d8 lsl $0x00 -> %x24
T1926856   0x0000ffff898f7e48  910323f9   add    %sp $0x00c8 lsl $0x00 -> %x25
T1926856   0x0000ffff898f7e4c  a948f3e6   ldp    +0x88(%sp)[16byte] -> %x6 %x28
T1926856     read  16 byte(s) @ 0xffffd2962dd8
T1926856   0x0000ffff898f7e50  14000005   b      $0x0000ffff898f7e64
T1926856   0x0000ffff898f7e64  b94083e0   ldr    +0x80(%sp)[4byte] -> %w0
T1926856     read  4 byte(s) @ 0xffffd2962dd0
T1926856   0x0000ffff898f7e68  aa1503e7   orr    %xzr %x21 lsl $0x00 -> %x7
T1926856   0x0000ffff898f7e6c  b90003f6   str    %w22 -> (%sp)[4byte]
T1926856     write 4 byte(s) @ 0xffffd2962d50
T1926856   0x0000ffff898f7e70  aa1803e4   orr    %xzr %x24 lsl $0x00 -> %x4
T1926856   0x0000ffff898f7e74  f90007f4   str    %x20 -> +0x08(%sp)[8byte]
T1926856     write 8 byte(s) @ 0xffffd2962d58
T1926856   0x0000ffff898f7e78  aa1903e2   orr    %xzr %x25 lsl $0x00 -> %x2
T1926856   0x0000ffff898f7e7c  b90013e0   str    %w0 -> +0x10(%sp)[4byte]
T1926856     write 4 byte(s) @ 0xffffd2962d60
T1926856   0x0000ffff898f7e80  aa1a03e1   orr    %xzr %x26 lsl $0x00 -> %x1
T1926856   0x0000ffff898f7e84  f9000ff7   str    %x23 -> +0x18(%sp)[8byte]
T1926856     write 8 byte(s) @ 0xffffd2962d68
T1926856   0x0000ffff898f7e88  aa1b03e0   orr    %xzr %x27 lsl $0x00 -> %x0
T1926856   0x0000ffff898f7e8c  97fffd15   bl     $0x0000ffff898f72e0 -> %x30
T1926856   0x0000ffff898f72e0  d10403ff   sub    %sp $0x0100 lsl $0x00 -> %sp
T1926856   0x0000ffff898f72e4  a9027bfd   stp    %x29 %x30 -> +0x20(%sp)[16byte]
T1926856     write 16 byte(s) @ 0xffffd2962c70
T1926856   0x0000ffff898f72e8  910083fd   add    %sp $0x0020 lsl $0x00 -> %x29
T1926856   0x0000ffff898f72ec  b94008aa   ldr    +0x08(%x5)[4byte] -> %w10
T1926856     read  4 byte(s) @ 0xffff899214f8
T1926856   0x0000ffff898f72f0  a9045bf5   stp    %x21 %x22 -> +0x40(%sp)[16byte]
T1926856     write 16 byte(s) @ 0xffffd2962c90
T1926856   0x0000ffff898f72f4  aa0003f5   orr    %xzr %x0 lsl $0x00 -> %x21
T1926856   0x0000ffff898f72f8  b94103e0   ldr    +0x0100(%sp)[4byte] -> %w0
T1926856     read  4 byte(s) @ 0xffffd2962d50
T1926856   0x0000ffff898f72fc  b94113f6   ldr    +0x0110(%sp)[4byte] -> %w22
T1926856     read  4 byte(s) @ 0xffffd2962d60
T1926856   0x0000ffff898f7300  a90353f3   stp    %x19 %x20 -> +0x30(%sp)[16byte]
T1926856     write 16 byte(s) @ 0xffffd2962c80
T1926856   0x0000ffff898f7304  a90563f7   stp    %x23 %x24 -> +0x50(%sp)[16byte]
T1926856     write 16 byte(s) @ 0xffffd2962ca0
T1926856   0x0000ffff898f7308  aa0a03f7   orr    %xzr %x10 lsl $0x00 -> %x23
T1926856   0x0000ffff898f730c  a9066bf9   stp    %x25 %x26 -> +0x60(%sp)[16byte]
T1926856     write 16 byte(s) @ 0xffffd2962cb0
T1926856   0x0000ffff898f7310  a90773fb   stp    %x27 %x28 -> +0x70(%sp)[16byte]
T1926856     write 16 byte(s) @ 0xffffd2962cc0
T1926856   0x0000ffff898f7314  a90993e3   stp    %x3 %x4 -> +0x98(%sp)[16byte]
T1926856     write 16 byte(s) @ 0xffffd2962ce8
T1926856   0x0000ffff898f7318  b900b3e0   str    %w0 -> +0xb0(%sp)[4byte]
T1926856     write 4 byte(s) @ 0xffffd2962d00
T1926856   0x0000ffff898f731c  a90b9fe2   stp    %x2 %x7 -> +0xb8(%sp)[16byte]
T1926856     write 16 byte(s) @ 0xffffd2962d08
T1926856   0x0000ffff898f7320  f94087ed   ldr    +0x0108(%sp)[8byte] -> %x13
T1926856     read  8 byte(s) @ 0xffffd2962d58
T1926856   0x0000ffff898f7324  d346fc20   ubfm   %x1 $0x06 $0x3f -> %x0
T1926856   0x0000ffff898f7328  f9004be0   str    %x0 -> +0x90(%sp)[8byte]
T1926856     write 8 byte(s) @ 0xffffd2962ce0
T1926856   0x0000ffff898f732c  f94000ba   ldr    (%x5)[8byte] -> %x26
T1926856     read  8 byte(s) @ 0xffff899214f0
T1926856   0x0000ffff898f7330  9103d3e0   add    %sp $0x00f4 lsl $0x00 -> %x0
T1926856   0x0000ffff898f7334  f90043e0   str    %x0 -> +0x80(%sp)[8byte]
T1926856     write 8 byte(s) @ 0xffffd2962cd0
T1926856   0x0000ffff898f7338  9103e3e0   add    %sp $0x00f8 lsl $0x00 -> %x0
T1926856   0x0000ffff898f733c  aa1703f8   orr    %xzr %x23 lsl $0x00 -> %x24
T1926856   0x0000ffff898f7340  aa0603fc   orr    %xzr %x6 lsl $0x00 -> %x28
T1926856   0x0000ffff898f7344  aa1503f7   orr    %xzr %x21 lsl $0x00 -> %x23
T1926856   0x0000ffff898f7348  aa0d03f4   orr    %xzr %x13 lsl $0x00 -> %x20
T1926856   0x0000ffff898f734c  aa1a03f5   orr    %xzr %x26 lsl $0x00 -> %x21
T1926856   0x0000ffff898f7350  aa0103fa   orr    %xzr %x1 lsl $0x00 -> %x26
T1926856   0x0000ffff898f7354  f90047e0   str    %x0 -> +0x88(%sp)[8byte]
T1926856     write 8 byte(s) @ 0xffffd2962cd8
T1926856   0x0000ffff898f7358  d0000080   adrp   <rel> 0x0000ffff89909000 -> %x0
T1926856   0x0000ffff898f735c  91290000   add    %x0 $0x0a40 lsl $0x00 -> %x0
T1926856   0x0000ffff898f7360  f90057e0   str    %x0 -> +0xa8(%sp)[8byte]
T1926856     write 8 byte(s) @ 0xffffd2962cf8
T1926856   0x0000ffff898f7364  14000017   b      $0x0000ffff898f73c0
T1926856   0x0000ffff898f73c0  f87c7aa0   ldr    (%x21,%x28,uxtx #3)[8byte] -> %x0
T1926856     read  8 byte(s) @ 0xffff898e3560
T1926856   0x0000ffff898f73c4  f9401419   ldr    +0x28(%x0)[8byte] -> %x25
T1926856     read  8 byte(s) @ 0xffff89921228
T1926856   0x0000ffff898f73c8  eb14033f   subs   %x25 %x20 lsl $0x00 -> %xzr
T1926856   0x0000ffff898f73cc  54ffff40   b.eq   $0x0000ffff898f73b4
T1926856   0x0000ffff898f73d0  121f02ca   and    %w22 $0x00000002 -> %w10
T1926856   0x0000ffff898f73d4  36080096   tbz    $0x0000ffff898f73e4 %x22 $0x01
T1926856   0x0000ffff898f73e4  394d3720   ldrb   +0x034d(%x25)[1byte] -> %w0
T1926856     read  1 byte(s) @ 0xffff8992154d
T1926856   0x0000ffff898f73e8  372ffe60   tbnz   $0x0000ffff898f73b4 %x0 $0x05
T1926856   0x0000ffff898f73ec  90000153   adrp   <rel> 0x0000ffff8991f000 -> %x19
T1926856   0x0000ffff898f73f0  b946da60   ldr    +0x06d8(%x19)[4byte] -> %w0
T1926856     read  4 byte(s) @ 0xffff8991f6d8
T1926856   0x0000ffff898f73f4  361ffba0   tbz    $0x0000ffff898f7368 %x0 $0x03
T1926856   0x0000ffff898f7368  b9432722   ldr    +0x0324(%x25)[4byte] -> %w2
T1926856     read  4 byte(s) @ 0xffff89921524
T1926856   0x0000ffff898f736c  34000242   cbz    $0x0000ffff898f73b4 %w2
T1926856   0x0000ffff898f7370  a9468720   ldp    +0x68(%x25)[16byte] -> %x0 %x1
T1926856     read  16 byte(s) @ 0xffff89921268
T1926856   0x0000ffff898f7374  b900f7ff   str    %wzr -> +0xf4(%sp)[4byte]
T1926856     write 4 byte(s) @ 0xffffd2962d44
T1926856   0x0000ffff898f7378  f9419b23   ldr    +0x0330(%x25)[8byte] -> %x3
T1926856     read  8 byte(s) @ 0xffff89921530
T1926856   0x0000ffff898f737c  f9007fff   str    %xzr -> +0xf8(%sp)[8byte]
T1926856     write 8 byte(s) @ 0xffffd2962d48
T1926856   0x0000ffff898f7380  f9400407   ldr    +0x08(%x0)[8byte] -> %x7
T1926856     read  8 byte(s) @ 0xffff8580aa50
T1926856   0x0000ffff898f7384  f940042c   ldr    +0x08(%x1)[8byte] -> %x12
T1926856     read  8 byte(s) @ 0xffff8580aa60
T1926856   0x0000ffff898f7388  b4000683   cbz    $0x0000ffff898f7458 %x3
T1926856   0x0000ffff898f738c  f9404be4   ldr    +0x90(%sp)[8byte] -> %x4
T1926856     read  8 byte(s) @ 0xffffd2962ce0
T1926856   0x0000ffff898f7390  b9432b21   ldr    +0x0328(%x25)[4byte] -> %w1
T1926856     read  4 byte(s) @ 0xffff89921528
T1926856   0x0000ffff898f7394  b9432f20   ldr    +0x032c(%x25)[4byte] -> %w0
T1926856     read  4 byte(s) @ 0xffff8992152c
T1926856   0x0000ffff898f7398  8a040021   and    %x1 %x4 lsl $0x00 -> %x1
T1926856   0x0000ffff898f739c  9ac02740   lsrv   %x26 %x0 -> %x0
T1926856   0x0000ffff898f73a0  f8617861   ldr    (%x3,%x1,uxtx #3)[8byte] -> %x1
T1926856     read  8 byte(s) @ 0xffff857e42c0
T1926856   0x0000ffff898f73a4  9ac02420   lsrv   %x1 %x0 -> %x0
T1926856   0x0000ffff898f73a8  9ada2421   lsrv   %x1 %x26 -> %x1
T1926856   0x0000ffff898f73ac  8a010000   and    %x0 %x1 lsl $0x00 -> %x0
T1926856   0x0000ffff898f73b0  37000f00   tbnz   $0x0000ffff898f7590 %x0 $0x00
T1926856   0x0000ffff898f73b4  9100079c   add    %x28 $0x0001 lsl $0x00 -> %x28
T1926856   0x0000ffff898f73b8  eb1c031f   subs   %x24 %x28 lsl $0x00 -> %xzr
T1926856   0x0000ffff898f73bc  540014c9   b.ls   $0x0000ffff898f7654
T1926856   0x0000ffff898f73c0  f87c7aa0   ldr    (%x21,%x28,uxtx #3)[8byte] -> %x0
T1926856     read  8 byte(s) @ 0xffff898e3568
T1926856   0x0000ffff898f73c4  f9401419   ldr    +0x28(%x0)[8byte] -> %x25
T1926856     read  8 byte(s) @ 0xffff898e3028
T1926856   0x0000ffff898f73c8  eb14033f   subs   %x25 %x20 lsl $0x00 -> %xzr
T1926856   0x0000ffff898f73cc  54ffff40   b.eq   $0x0000ffff898f73b4
T1926856   0x0000ffff898f73d0  121f02ca   and    %w22 $0x00000002 -> %w10
T1926856   0x0000ffff898f73d4  36080096   tbz    $0x0000ffff898f73e4 %x22 $0x01
T1926856   0x0000ffff898f73e4  394d3720   ldrb   +0x034d(%x25)[1byte] -> %w0
T1926856     read  1 byte(s) @ 0xffff898e334d
T1926856   0x0000ffff898f73e8  372ffe60   tbnz   $0x0000ffff898f73b4 %x0 $0x05
T1926856   0x0000ffff898f73ec  90000153   adrp   <rel> 0x0000ffff8991f000 -> %x19
T1926856   0x0000ffff898f73f0  b946da60   ldr    +0x06d8(%x19)[4byte] -> %w0
T1926856     read  4 byte(s) @ 0xffff8991f6d8
T1926856   0x0000ffff898f73f4  361ffba0   tbz    $0x0000ffff898f7368 %x0 $0x03
T1926856   0x0000ffff898f7368  b9432722   ldr    +0x0324(%x25)[4byte] -> %w2
T1926856     read  4 byte(s) @ 0xffff898e3324
T1926856   0x0000ffff898f736c  34000242   cbz    $0x0000ffff898f73b4 %w2
T1926856   0x0000ffff898f7370  a9468720   ldp    +0x68(%x25)[16byte] -> %x0 %x1
T1926856     read  16 byte(s) @ 0xffff898e3068
T1926856   0x0000ffff898f7374  b900f7ff   str    %wzr -> +0xf4(%sp)[4byte]
T1926856     write 4 byte(s) @ 0xffffd2962d44
T1926856   0x0000ffff898f7378  f9419b23   ldr    +0x0330(%x25)[8byte] -> %x3
T1926856     read  8 byte(s) @ 0xffff898e3330
T1926856   0x0000ffff898f737c  f9007fff   str    %xzr -> +0xf8(%sp)[8byte]
T1926856     write 8 byte(s) @ 0xffffd2962d48
T1926856   0x0000ffff898f7380  f9400407   ldr    +0x08(%x0)[8byte] -> %x7
T1926856     read  8 byte(s) @ 0xffff89460ba0
T1926856   0x0000ffff898f7384  f940042c   ldr    +0x08(%x1)[8byte] -> %x12
T1926856     read  8 byte(s) @ 0xffff89460bb0
T1926856   0x0000ffff898f7388  b4000683   cbz    $0x0000ffff898f7458 %x3
T1926856   0x0000ffff898f738c  f9404be4   ldr    +0x90(%sp)[8byte] -> %x4
T1926856     read  8 byte(s) @ 0xffffd2962ce0
T1926856   0x0000ffff898f7390  b9432b21   ldr    +0x0328(%x25)[4byte] -> %w1
T1926856     read  4 byte(s) @ 0xffff898e3328
T1926856   0x0000ffff898f7394  b9432f20   ldr    +0x032c(%x25)[4byte] -> %w0
T1926856     read  4 byte(s) @ 0xffff898e332c
T1926856   0x0000ffff898f7398  8a040021   and    %x1 %x4 lsl $0x00 -> %x1
T1926856   0x0000ffff898f739c  9ac02740   lsrv   %x26 %x0 -> %x0
T1926856   0x0000ffff898f73a0  f8617861   ldr    (%x3,%x1,uxtx #3)[8byte] -> %x1
T1926856     read  8 byte(s) @ 0xffff892f7d10
T1926856   0x0000ffff898f73a4  9ac02420   lsrv   %x1 %x0 -> %x0
T1926856   0x0000ffff898f73a8  9ada2421   lsrv   %x1 %x26 -> %x1
T1926856   0x0000ffff898f73ac  8a010000   and    %x0 %x1 lsl $0x00 -> %x0
T1926856   0x0000ffff898f73b0  37000f00   tbnz   $0x0000ffff898f7590 %x0 $0x00
T1926856   0x0000ffff898f7590  2a0203e2   orr    %wzr %w2 lsl $0x00 -> %w2
T1926856   0x0000ffff898f7594  f9419f21   ldr    +0x0338(%x25)[8byte] -> %x1
T1926856     read  8 byte(s) @ 0xffff898e3338
T1926856   0x0000ffff898f7598  9ac20b40   udiv   %x26 %x2 -> %x0
T1926856   0x0000ffff898f759c  9b02e800   msub   %x0 %x2 %x26 -> %x0
T1926856   0x0000ffff898f75a0  b860783b   ldr    (%x1,%x0,uxtx #2)[4byte] -> %w27
T1926856     read  4 byte(s) @ 0xffff892f8d3c
T1926856   0x0000ffff898f75a4  34fff09b   cbz    $0x0000ffff898f73b4 %w27
T1926856   0x0000ffff898f75a8  f941a320   ldr    +0x0340(%x25)[8byte] -> %x0
T1926856     read  8 byte(s) @ 0xffff898e3340
T1926856   0x0000ffff898f75ac  b900cbea   str    %w10 -> +0xc8(%sp)[4byte]
T1926856     write 4 byte(s) @ 0xffffd2962d18
T1926856   0x0000ffff898f75b0  a90d73f5   stp    %x21 %x28 -> +0xd0(%sp)[16byte]
T1926856     write 16 byte(s) @ 0xffffd2962d20
T1926856   0x0000ffff898f75b4  aa1a03fc   orr    %xzr %x26 lsl $0x00 -> %x28
T1926856   0x0000ffff898f75b8  aa1703fa   orr    %xzr %x23 lsl $0x00 -> %x26
T1926856   0x0000ffff898f75bc  8b3b481b   add    %x0 %x27 uxtw $0x02 -> %x27
T1926856   0x0000ffff898f75c0  f90073f8   str    %x24 -> +0xe0(%sp)[8byte]
T1926856     write 8 byte(s) @ 0xffffd2962d30
T1926856   0x0000ffff898f75c4  aa1b03f7   orr    %xzr %x27 lsl $0x00 -> %x23
T1926856   0x0000ffff898f75c8  aa1903f8   orr    %xzr %x25 lsl $0x00 -> %x24
T1926856   0x0000ffff898f75cc  aa0c03fb   orr    %xzr %x12 lsl $0x00 -> %x27
T1926856   0x0000ffff898f75d0  aa0703f9   orr    %xzr %x7 lsl $0x00 -> %x25
T1926856   0x0000ffff898f75d4  f90087f4   str    %x20 -> +0x0108(%sp)[8byte]
T1926856     write 8 byte(s) @ 0xffffd2962d58
T1926856   0x0000ffff898f75d8  2a1603f4   orr    %wzr %w22 lsl $0x00 -> %w20
T1926856   0x0000ffff898f75dc  b940b3f6   ldr    +0xb0(%sp)[4byte] -> %w22
T1926856     read  4 byte(s) @ 0xffffd2962d00
T1926856   0x0000ffff898f75e0  f94063f5   ldr    +0xc0(%sp)[8byte] -> %x21
T1926856     read  8 byte(s) @ 0xffffd2962d10
T1926856   0x0000ffff898f75e4  14000003   b      $0x0000ffff898f75f0
T1926856   0x0000ffff898f75f0  b94002e1   ldr    (%x23)[4byte] -> %w1
T1926856     read  4 byte(s) @ 0xffff892faf60
T1926856   0x0000ffff898f75f4  2a0103e0   orr    %wzr %w1 lsl $0x00 -> %w0
T1926856   0x0000ffff898f75f8  ca1c0000   eor    %x0 %x28 lsl $0x00 -> %x0
T1926856   0x0000ffff898f75fc  eb4007ff   subs   %xzr %x0 lsr $0x01 -> %xzr
T1926856   0x0000ffff898f7600  54ffff41   b.ne   $0x0000ffff898f75e8
T1926856   0x0000ffff898f75e8  910012f7   add    %x23 $0x0004 lsl $0x00 -> %x23
T1926856   0x0000ffff898f75ec  37002ac1   tbnz   $0x0000ffff898f7b44 %x1 $0x00
T1926856   0x0000ffff898f75f0  b94002e1   ldr    (%x23)[4byte] -> %w1
T1926856     read  4 byte(s) @ 0xffff892faf64
T1926856   0x0000ffff898f75f4  2a0103e0   orr    %wzr %w1 lsl $0x00 -> %w0
T1926856   0x0000ffff898f75f8  ca1c0000   eor    %x0 %x28 lsl $0x00 -> %x0
T1926856   0x0000ffff898f75fc  eb4007ff   subs   %xzr %x0 lsr $0x01 -> %xzr
T1926856   0x0000ffff898f7600  54ffff41   b.ne   $0x0000ffff898f75e8
T1926856   0x0000ffff898f75e8  910012f7   add    %x23 $0x0004 lsl $0x00 -> %x23
T1926856   0x0000ffff898f75ec  37002ac1   tbnz   $0x0000ffff898f7b44 %x1 $0x00
T1926856   0x0000ffff898f75f0  b94002e1   ldr    (%x23)[4byte] -> %w1
T1926856     read  4 byte(s) @ 0xffff892faf68
T1926856   0x0000ffff898f75f4  2a0103e0   orr    %wzr %w1 lsl $0x00 -> %w0
T1926856   0x0000ffff898f75f8  ca1c0000   eor    %x0 %x28 lsl $0x00 -> %x0
T1926856   0x0000ffff898f75fc  eb4007ff   subs   %xzr %x0 lsr $0x01 -> %xzr
T1926856   0x0000ffff898f7600  54ffff41   b.ne   $0x0000ffff898f75e8
T1926856   0x0000ffff898f7604  f941a306   ldr    +0x0340(%x24)[8byte] -> %x6
T1926856     read  8 byte(s) @ 0xffff898e3340
T1926856   0x0000ffff898f7608  aa1903e7   orr    %xzr %x25 lsl $0x00 -> %x7
T1926856   0x0000ffff898f760c  f94047e0   ldr    +0x88(%sp)[8byte] -> %x0
T1926856     read  8 byte(s) @ 0xffffd2962cd8
T1926856   0x0000ffff898f7610  cb0602e6   sub    %x23 %x6 lsl $0x00 -> %x6
T1926856   0x0000ffff898f7614  f9404fe1   ldr    +0x98(%sp)[8byte] -> %x1
T1926856     read  8 byte(s) @ 0xffffd2962ce8
T1926856   0x0000ffff898f7618  d34284c5   ubfm   %x6 $0x02 $0x21 -> %x5
T1926856   0x0000ffff898f761c  a90003f8   stp    %x24 %x0 -> (%sp)[16byte]
T1926856     write 16 byte(s) @ 0xffffd2962c50
T1926856   0x0000ffff898f7620  aa0503e6   orr    %xzr %x5 lsl $0x00 -> %x6
T1926856   0x0000ffff898f7624  8b0504a5   add    %x5 %x5 lsl $0x01 -> %x5
T1926856   0x0000ffff898f7628  f94043e0   ldr    +0x80(%sp)[8byte] -> %x0
T1926856     read  8 byte(s) @ 0xffffd2962cd0
T1926856   0x0000ffff898f762c  f9000be0   str    %x0 -> +0x10(%sp)[8byte]
T1926856     write 8 byte(s) @ 0xffffd2962c60
T1926856   0x0000ffff898f7630  2a1403e4   orr    %wzr %w20 lsl $0x00 -> %w4
T1926856   0x0000ffff898f7634  2a1603e3   orr    %wzr %w22 lsl $0x00 -> %w3
T1926856   0x0000ffff898f7638  aa1503e2   orr    %xzr %x21 lsl $0x00 -> %x2
T1926856   0x0000ffff898f763c  8b050f65   add    %x27 %x5 lsl $0x03 -> %x5
T1926856   0x0000ffff898f7640  aa1a03e0   orr    %xzr %x26 lsl $0x00 -> %x0
T1926856   0x0000ffff898f7644  97fffec1   bl     $0x0000ffff898f7148 -> %x30
T1926856   0x0000ffff898f7148  a9bc7bfd   stp    %x29 %x30 %sp $0xffffffffffffffc0 -> -0x40(%sp)[16byte] %sp
T1926856     write 16 byte(s) @ 0xffffd2962c10
T1926856   0x0000ffff898f714c  910003fd   add    %sp $0x0000 lsl $0x00 -> %x29
T1926856   0x0000ffff898f7150  a90153f3   stp    %x19 %x20 -> +0x10(%sp)[16byte]
T1926856     write 16 byte(s) @ 0xffffd2962c20
T1926856   0x0000ffff898f7154  aa0503f3   orr    %xzr %x5 lsl $0x00 -> %x19
T1926856   0x0000ffff898f7158  aa0203f4   orr    %xzr %x2 lsl $0x00 -> %x20
T1926856   0x0000ffff898f715c  a9025bf5   stp    %x21 %x22 -> +0x20(%sp)[16byte]
T1926856     write 16 byte(s) @ 0xffffd2962c30
T1926856   0x0000ffff898f7160  2a0603f6   orr    %wzr %w6 lsl $0x00 -> %w22
T1926856   0x0000ffff898f7164  f94004a9   ldr    +0x08(%x5)[8byte] -> %x9
T1926856     read  8 byte(s) @ 0xffff893079a8
T1926856   0x0000ffff898f7168  f9001bf7   str    %x23 -> +0x30(%sp)[8byte]
T1926856     write 8 byte(s) @ 0xffffd2962c40
T1926856   0x0000ffff898f716c  2a0303f7   orr    %wzr %w3 lsl $0x00 -> %w23
T1926856   0x0000ffff898f7170  394010a8   ldrb   +0x04(%x5)[1byte] -> %w8
T1926856     read  1 byte(s) @ 0xffff893079a4
T1926856   0x0000ffff898f7174  79400ca5   ldrh   +0x06(%x5)[2byte] -> %w5
T1926856     read  2 byte(s) @ 0xffff893079a6
T1926856   0x0000ffff898f7178  12000d02   and    %w8 $0x0000000f -> %w2
T1926856   0x0000ffff898f717c  f94023f5   ldr    +0x40(%sp)[8byte] -> %x21
T1926856     read  8 byte(s) @ 0xffffd2962c50
T1926856   0x0000ffff898f7180  b4000769   cbz    $0x0000ffff898f726c %x9
T1926856   0x0000ffff898f7184  710000bf   subs   %w5 $0x0000 lsl $0x00 -> %wzr
T1926856   0x0000ffff898f7188  52808ce8   movz   $0x0467 lsl $0x00 -> %w8
T1926856   0x0000ffff898f718c  1ac22908   asrv   %w8 %w2 -> %w8
T1926856   0x0000ffff898f7190  1a9f17e2   csinc  %wzr %wzr ne -> %w2
T1926856   0x0000ffff898f7194  2a2803e8   orn    %wzr %w8 lsl $0x00 -> %w8
T1926856   0x0000ffff898f7198  0a040042   and    %w2 %w4 lsl $0x00 -> %w2
T1926856   0x0000ffff898f719c  12000104   and    %w8 $0x00000001 -> %w4
T1926856   0x0000ffff898f71a0  2a020084   orr    %w4 %w2 lsl $0x00 -> %w4
T1926856   0x0000ffff898f71a4  350006c4   cbnz   $0x0000ffff898f727c %w4
T1926856   0x0000ffff898f71a8  eb01027f   subs   %x19 %x1 lsl $0x00 -> %xzr
T1926856   0x0000ffff898f71ac  540000c0   b.eq   $0x0000ffff898f71c4
T1926856   0x0000ffff898f71c4  f941baa0   ldr    +0x0370(%x21)[8byte] -> %x0
T1926856     read  8 byte(s) @ 0xffff898e3370
T1926856   0x0000ffff898f71c8  b40002d4   cbz    $0x0000ffff898f7220 %x20
T1926856   0x0000ffff898f71cc  b40006e0   cbz    $0x0000ffff898f72a8 %x0
T1926856   0x0000ffff898f71d0  78765816   ldrh   (%x0,%x22,uxtw #1)[2byte] -> %w22
T1926856     read  2 byte(s) @ 0xffff8930f91a
T1926856   0x0000ffff898f71d4  52800303   movz   $0x0018 lsl $0x00 -> %w3
T1926856   0x0000ffff898f71d8  f9418ea1   ldr    +0x0318(%x21)[8byte] -> %x1
T1926856     read  8 byte(s) @ 0xffff898e3318
T1926856   0x0000ffff898f71dc  12003ac0   and    %w22 $0x00007fff -> %w0
T1926856   0x0000ffff898f71e0  b9400a82   ldr    +0x08(%x20)[4byte] -> %w2
T1926856     read  4 byte(s) @ 0xffff898e3668
T1926856   0x0000ffff898f71e4  9ba37c00   umaddl %w0 %w3 %xzr -> %x0
T1926856   0x0000ffff898f71e8  8b000023   add    %x1 %x0 lsl $0x00 -> %x3
T1926856   0x0000ffff898f71ec  b9400875   ldr    +0x08(%x3)[4byte] -> %w21
T1926856     read  4 byte(s) @ 0xffff898e3668
T1926856   0x0000ffff898f71f0  6b0202bf   subs   %w21 %w2 lsl $0x00 -> %wzr
T1926856   0x0000ffff898f71f4  54000500   b.eq   $0x0000ffff898f7294
T1926856   0x0000ffff898f7294  f8606820   ldr    (%x1,%x0)[8byte] -> %x0
T1926856     read  8 byte(s) @ 0xffff898e3660
T1926856   0x0000ffff898f7298  f9400281   ldr    (%x20)[8byte] -> %x1
T1926856     read  8 byte(s) @ 0xffff898e3660
T1926856   0x0000ffff898f729c  94003c29   bl     $0x0000ffff89906340 -> %x30
T1926856   0x0000ffff89906340  ca010007   eor    %x0 %x1 lsl $0x00 -> %x7
T1926856   0x0000ffff89906344  b200c3ea   orr    %xzr $0x0101010101010101 -> %x10
T1926856   0x0000ffff89906348  f24008ff   ands   %x7 $0x0000000000000007 -> %xzr
T1926856   0x0000ffff8990634c  540003e1   b.ne   $0x0000ffff899063c8
T1926856   0x0000ffff89906350  f2400807   ands   %x0 $0x0000000000000007 -> %x7
T1926856   0x0000ffff89906354  54000241   b.ne   $0x0000ffff8990639c
T1926856   0x0000ffff89906358  f8408402   ldr    (%x0)[8byte] %x0 $0x0000000000000008 -> %x2 %x0
T1926856     read  8 byte(s) @ 0xffff8930e7f0
T1926856   0x0000ffff8990635c  f8408423   ldr    (%x1)[8byte] %x1 $0x0000000000000008 -> %x3 %x1
T1926856     read  8 byte(s) @ 0xffff8930e7f0
T1926856   0x0000ffff89906360  cb0a0047   sub    %x2 %x10 lsl $0x00 -> %x7
T1926856   0x0000ffff89906364  b200d848   orr    %x2 $0x7f7f7f7f7f7f7f7f -> %x8
T1926856   0x0000ffff89906368  ca030045   eor    %x2 %x3 lsl $0x00 -> %x5
T1926856   0x0000ffff8990636c  8a2800e4   bic    %x7 %x8 lsl $0x00 -> %x4
T1926856   0x0000ffff89906370  aa0400a6   orr    %x5 %x4 lsl $0x00 -> %x6
T1926856   0x0000ffff89906374  b4ffff26   cbz    $0x0000ffff89906358 %x6
T1926856   0x0000ffff89906358  f8408402   ldr    (%x0)[8byte] %x0 $0x0000000000000008 -> %x2 %x0
T1926856     read  8 byte(s) @ 0xffff8930e7f8
T1926856   0x0000ffff8990635c  f8408423   ldr    (%x1)[8byte] %x1 $0x0000000000000008 -> %x3 %x1
T1926856     read  8 byte(s) @ 0xffff8930e7f8
T1926856   0x0000ffff89906360  cb0a0047   sub    %x2 %x10 lsl $0x00 -> %x7
T1926856   0x0000ffff89906364  b200d848   orr    %x2 $0x7f7f7f7f7f7f7f7f -> %x8
T1926856   0x0000ffff89906368  ca030045   eor    %x2 %x3 lsl $0x00 -> %x5
T1926856   0x0000ffff8990636c  8a2800e4   bic    %x7 %x8 lsl $0x00 -> %x4
T1926856   0x0000ffff89906370  aa0400a6   orr    %x5 %x4 lsl $0x00 -> %x6
T1926856   0x0000ffff89906374  b4ffff26   cbz    $0x0000ffff89906358 %x6
T1926856   0x0000ffff89906378  dac00cc6   rev    %x6 -> %x6
T1926856   0x0000ffff8990637c  dac00c42   rev    %x2 -> %x2
T1926856   0x0000ffff89906380  dac010cb   clz    %x6 -> %x11
T1926856   0x0000ffff89906384  dac00c63   rev    %x3 -> %x3
T1926856   0x0000ffff89906388  9acb2042   lslv   %x2 %x11 -> %x2
T1926856   0x0000ffff8990638c  9acb2063   lslv   %x3 %x11 -> %x3
T1926856   0x0000ffff89906390  d378fc42   ubfm   %x2 $0x38 $0x3f -> %x2
T1926856   0x0000ffff89906394  cb43e040   sub    %x2 %x3 lsr $0x38 -> %x0
T1926856   0x0000ffff89906398  d65f03c0   ret    %x30
T1926856   0x0000ffff898f72a0  34fffb40   cbz    $0x0000ffff898f7208 %w0
T1926856   0x0000ffff898f7208  aa1303e0   orr    %xzr %x19 lsl $0x00 -> %x0
T1926856   0x0000ffff898f720c  a94153f3   ldp    +0x10(%sp)[16byte] -> %x19 %x20
T1926856     read  16 byte(s) @ 0xffffd2962c20
T1926856   0x0000ffff898f7210  a9425bf5   ldp    +0x20(%sp)[16byte] -> %x21 %x22
T1926856     read  16 byte(s) @ 0xffffd2962c30
T1926856   0x0000ffff898f7214  f9401bf7   ldr    +0x30(%sp)[8byte] -> %x23
T1926856     read  8 byte(s) @ 0xffffd2962c40
T1926856   0x0000ffff898f7218  a8c47bfd   ldp    (%sp)[16byte] %sp $0x0000000000000040 -> %x29 %x30 %sp
T1926856     read  16 byte(s) @ 0xffffd2962c10
T1926856   0x0000ffff898f721c  d65f03c0   ret    %x30
T1926856   0x0000ffff898f7648  b5003220   cbnz   $0x0000ffff898f7c8c %x0
T1926856   0x0000ffff898f7c8c  aa1903e7   orr    %xzr %x25 lsl $0x00 -> %x7
T1926856   0x0000ffff898f7c90  aa1a03f7   orr    %xzr %x26 lsl $0x00 -> %x23
T1926856   0x0000ffff898f7c94  aa1803f9   orr    %xzr %x24 lsl $0x00 -> %x25
T1926856   0x0000ffff898f7c98  aa1c03fa   orr    %xzr %x28 lsl $0x00 -> %x26
T1926856   0x0000ffff898f7c9c  2a1403f6   orr    %wzr %w20 lsl $0x00 -> %w22
T1926856   0x0000ffff898f7ca0  b940cbea   ldr    +0xc8(%sp)[4byte] -> %w10
T1926856     read  4 byte(s) @ 0xffffd2962d18
T1926856   0x0000ffff898f7ca4  aa0003e3   orr    %xzr %x0 lsl $0x00 -> %x3
T1926856   0x0000ffff898f7ca8  aa1b03ec   orr    %xzr %x27 lsl $0x00 -> %x12
T1926856   0x0000ffff898f7cac  a94d73f5   ldp    +0xd0(%sp)[16byte] -> %x21 %x28
T1926856     read  16 byte(s) @ 0xffffd2962d20
T1926856   0x0000ffff898f7cb0  f94073f8   ldr    +0xe0(%sp)[8byte] -> %x24
T1926856     read  8 byte(s) @ 0xffffd2962d30
T1926856   0x0000ffff898f7cb4  f94087f4   ldr    +0x0108(%sp)[8byte] -> %x20
T1926856     read  8 byte(s) @ 0xffffd2962d58
T1926856   0x0000ffff898f7cb8  17fffe1c   b      $0x0000ffff898f7528
T1926856   0x0000ffff898f7528  f9408fe0   ldr    +0x0118(%sp)[8byte] -> %x0
T1926856     read  8 byte(s) @ 0xffffd2962d68
T1926856   0x0000ffff898f752c  b4000a60   cbz    $0x0000ffff898f7678 %x0
T1926856   0x0000ffff898f7530  39401460   ldrb   +0x05(%x3)[1byte] -> %w0
T1926856     read  1 byte(s) @ 0xffff893079a5
T1926856   0x0000ffff898f7534  12000400   and    %w0 $0x00000003 -> %w0
T1926856   0x0000ffff898f7538  51000400   sub    %w0 $0x0001 lsl $0x00 -> %w0
T1926856   0x0000ffff898f753c  7100041f   subs   %w0 $0x0001 lsl $0x00 -> %wzr
T1926856   0x0000ffff898f7540  54fff3a9   b.ls   $0x0000ffff898f73b4
T1926856   0x0000ffff898f7544  39401060   ldrb   +0x04(%x3)[1byte] -> %w0
T1926856     read  1 byte(s) @ 0xffff893079a4
T1926856   0x0000ffff898f7548  53047c00   ubfm   %w0 $0x04 $0x1f -> %w0
T1926856   0x0000ffff898f754c  7100081f   subs   %w0 $0x0002 lsl $0x00 -> %wzr
T1926856   0x0000ffff898f7550  54001820   b.eq   $0x0000ffff898f7854
T1926856   0x0000ffff898f7554  7100281f   subs   %w0 $0x000a lsl $0x00 -> %wzr
T1926856   0x0000ffff898f7558  54000fa0   b.eq   $0x0000ffff898f774c
T1926856   0x0000ffff898f755c  7100041f   subs   %w0 $0x0001 lsl $0x00 -> %wzr
T1926856   0x0000ffff898f7560  54fff2a1   b.ne   $0x0000ffff898f73b4
T1926856   0x0000ffff898f7564  f94053e0   ldr    +0xa0(%sp)[8byte] -> %x0
T1926856     read  8 byte(s) @ 0xffffd2962cf0
T1926856   0x0000ffff898f7568  a9006403   stp    %x3 %x25 -> (%x0)[16byte]
T1926856     write 16 byte(s) @ 0xffffd2962e28
T1926856   0x0000ffff898f756c  52800020   movz   $0x0001 lsl $0x00 -> %w0
T1926856   0x0000ffff898f7570  a9427bfd   ldp    +0x20(%sp)[16byte] -> %x29 %x30
T1926856     read  16 byte(s) @ 0xffffd2962c70
T1926856   0x0000ffff898f7574  a94353f3   ldp    +0x30(%sp)[16byte] -> %x19 %x20
T1926856     read  16 byte(s) @ 0xffffd2962c80
T1926856   0x0000ffff898f7578  a9445bf5   ldp    +0x40(%sp)[16byte] -> %x21 %x22
T1926856     read  16 byte(s) @ 0xffffd2962c90
T1926856   0x0000ffff898f757c  a94563f7   ldp    +0x50(%sp)[16byte] -> %x23 %x24
T1926856     read  16 byte(s) @ 0xffffd2962ca0
T1926856   0x0000ffff898f7580  a9466bf9   ldp    +0x60(%sp)[16byte] -> %x25 %x26
T1926856     read  16 byte(s) @ 0xffffd2962cb0
T1926856   0x0000ffff898f7584  a94773fb   ldp    +0x70(%sp)[16byte] -> %x27 %x28
T1926856     read  16 byte(s) @ 0xffffd2962cc0
T1926856   0x0000ffff898f7588  910403ff   add    %sp $0x0100 lsl $0x00 -> %sp
T1926856   0x0000ffff898f758c  d65f03c0   ret    %x30
T1926856   0x0000ffff898f7e90  34fffe20   cbz    $0x0000ffff898f7e54 %w0
T1926856   0x0000ffff898f7e94  f9400263   ldr    (%x19)[8byte] -> %x3
T1926856     read  8 byte(s) @ 0xffffd2962f30
T1926856   0x0000ffff898f7e98  f9406fe0   ldr    +0xd8(%sp)[8byte] -> %x0
T1926856     read  8 byte(s) @ 0xffffd2962e28
T1926856   0x0000ffff898f7e9c  b40009c0   cbz    $0x0000ffff898f7fd4 %x0
T1926856   0x0000ffff898f7ea0  b40000a3   cbz    $0x0000ffff898f7eb4 %x3
T1926856   0x0000ffff898f7ea4  39401460   ldrb   +0x05(%x3)[1byte] -> %w0
T1926856     read  1 byte(s) @ 0xffff893079a5
T1926856   0x0000ffff898f7ea8  12000400   and    %w0 $0x00000003 -> %w0
T1926856   0x0000ffff898f7eac  71000c1f   subs   %w0 $0x0003 lsl $0x00 -> %wzr
T1926856   0x0000ffff898f7eb0  54000320   b.eq   $0x0000ffff898f7f14
T1926856   0x0000ffff898f7eb4  f94073fc   ldr    +0xe0(%sp)[8byte] -> %x28
T1926856     read  8 byte(s) @ 0xffffd2962e30
T1926856   0x0000ffff898f7eb8  5280001a   movz   $0x0000 lsl $0x00 -> %w26
T1926856   0x0000ffff898f7ebc  394d3380   ldrb   +0x034c(%x28)[1byte] -> %w0
T1926856     read  1 byte(s) @ 0xfffd4587434c
T1926856   0x0000ffff898f7ec0  90000159   adrp   <rel> 0x0000ffff8991f000 -> %x25
T1926856   0x0000ffff898f7ec4  12000400   and    %w0 $0x00000003 -> %w0
T1926856   0x0000ffff898f7ec8  7100081f   subs   %w0 $0x0002 lsl $0x00 -> %wzr
T1926856   0x0000ffff898f7ecc  540019e0   b.eq   $0x0000ffff898f8208
T1926856   0x0000ffff898f7ed0  b9440f80   ldr    +0x040c(%x28)[4byte] -> %w0
T1926856     read  4 byte(s) @ 0xfffd4587440c
T1926856   0x0000ffff898f7ed4  34001940   cbz    $0x0000ffff898f81fc %w0
T1926856   0x0000ffff898f7ed8  b946db20   ldr    +0x06d8(%x25)[4byte] -> %w0
T1926856     read  4 byte(s) @ 0xffff8991f6d8
T1926856   0x0000ffff898f7edc  52810081   movz   $0x0804 lsl $0x00 -> %w1
T1926856   0x0000ffff898f7ee0  6a01001f   ands   %w0 %w1 lsl $0x00 -> %wzr
T1926856   0x0000ffff898f7ee4  54000d41   b.ne   $0x0000ffff898f808c
T1926856   0x0000ffff898f7ee8  f9406fe0   ldr    +0xd8(%sp)[8byte] -> %x0
T1926856     read  8 byte(s) @ 0xffffd2962e28
T1926856   0x0000ffff898f7eec  f9000260   str    %x0 -> (%x19)[8byte]
T1926856     write 8 byte(s) @ 0xffffd2962f30
T1926856   0x0000ffff898f7ef0  aa1c03e0   orr    %xzr %x28 lsl $0x00 -> %x0
T1926856   0x0000ffff898f7ef4  a9427bfd   ldp    +0x20(%sp)[16byte] -> %x29 %x30
T1926856     read  16 byte(s) @ 0xffffd2962d70
T1926856   0x0000ffff898f7ef8  a94353f3   ldp    +0x30(%sp)[16byte] -> %x19 %x20
T1926856     read  16 byte(s) @ 0xffffd2962d80
T1926856   0x0000ffff898f7efc  a9445bf5   ldp    +0x40(%sp)[16byte] -> %x21 %x22
T1926856     read  16 byte(s) @ 0xffffd2962d90
T1926856   0x0000ffff898f7f00  a94563f7   ldp    +0x50(%sp)[16byte] -> %x23 %x24
T1926856     read  16 byte(s) @ 0xffffd2962da0
T1926856   0x0000ffff898f7f04  a9466bf9   ldp    +0x60(%sp)[16byte] -> %x25 %x26
T1926856     read  16 byte(s) @ 0xffffd2962db0
T1926856   0x0000ffff898f7f08  a94773fb   ldp    +0x70(%sp)[16byte] -> %x27 %x28
T1926856     read  16 byte(s) @ 0xffffd2962dc0
T1926856   0x0000ffff898f7f0c  910443ff   add    %sp $0x0110 lsl $0x00 -> %sp
T1926856   0x0000ffff898f7f10  d65f03c0   ret    %x30
T1926856   0x0000ffff898f9920  aa0003e4   orr    %xzr %x0 lsl $0x00 -> %x4
T1926856   0x0000ffff898f9924  a94b2fa8   ldp    +0xb0(%x29)[16byte] -> %x8 %x11
T1926856     read  16 byte(s) @ 0xffffd2962f20
T1926856   0x0000ffff898f9928  f9022280   str    %x0 -> +0x0440(%x20)[8byte]
T1926856     write 8 byte(s) @ 0xffff898e3440
T1926856   0x0000ffff898f992c  f94063a3   ldr    +0xc0(%x29)[8byte] -> %x3
T1926856     read  8 byte(s) @ 0xffffd2962f30
T1926856   0x0000ffff898f9930  f9022683   str    %x3 -> +0x0448(%x20)[8byte]
T1926856     write 8 byte(s) @ 0xffff898e3448
T1926856   0x0000ffff898f9934  b50016c3   cbnz   $0x0000ffff898f9c0c %x3
T1926856   0x0000ffff898f9c0c  79400c65   ldrh   +0x06(%x3)[2byte] -> %w5
T1926856     read  2 byte(s) @ 0xffff893079a6
T1926856   0x0000ffff898f9c10  529ffe20   movz   $0xfff1 lsl $0x00 -> %w0
T1926856   0x0000ffff898f9c14  39401062   ldrb   +0x04(%x3)[1byte] -> %w2
T1926856     read  1 byte(s) @ 0xffff893079a4
T1926856   0x0000ffff898f9c18  6b0000bf   subs   %w5 %w0 lsl $0x00 -> %wzr
T1926856   0x0000ffff898f9c1c  54ffedc1   b.ne   $0x0000ffff898f99d4
T1926856   0x0000ffff898f99d4  f9400081   ldr    (%x4)[8byte] -> %x1
T1926856     read  8 byte(s) @ 0xffff898e3000
T1926856   0x0000ffff898f99d8  12000c42   and    %w2 $0x0000000f -> %w2
T1926856   0x0000ffff898f99dc  f9400460   ldr    +0x08(%x3)[8byte] -> %x0
T1926856     read  8 byte(s) @ 0xffff893079a8
T1926856   0x0000ffff898f99e0  7100285f   subs   %w2 $0x000a lsl $0x00 -> %wzr
T1926856   0x0000ffff898f99e4  8b000026   add    %x1 %x0 lsl $0x00 -> %x6
T1926856   0x0000ffff898f99e8  54000700   b.eq   $0x0000ffff898f9ac8
T1926856   0x0000ffff898f99ec  7110167f   subs   %w19 $0x0405 lsl $0x00 -> %wzr
T1926856   0x0000ffff898f99f0  54001560   b.eq   $0x0000ffff898f9c9c
T1926856   0x0000ffff898f99f4  54000ae8   b.hi   $0x0000ffff898f9b50
T1926856   0x0000ffff898f99f8  7110127f   subs   %w19 $0x0404 lsl $0x00 -> %wzr
T1926856   0x0000ffff898f99fc  540011a0   b.eq   $0x0000ffff898f9c30
T1926856   0x0000ffff898f9a00  7110027f   subs   %w19 $0x0400 lsl $0x00 -> %wzr
T1926856   0x0000ffff898f9a04  540009e8   b.hi   $0x0000ffff898f9b40
T1926856   0x0000ffff898f9b40  f9400b60   ldr    +0x10(%x27)[8byte] -> %x0
T1926856     read  8 byte(s) @ 0xffff89317910
T1926856   0x0000ffff898f9b44  8b060000   add    %x0 %x6 lsl $0x00 -> %x0
T1926856   0x0000ffff898f9b48  f8286b80   str    %x0 -> (%x28,%x8)[8byte]
T1926856     write 8 byte(s) @ 0xffff89460fc0
T1926856   0x0000ffff898f9b4c  17ffff87   b      $0x0000ffff898f9968
T1926856   0x0000ffff898f9968  9100637b   add    %x27 $0x0018 lsl $0x00 -> %x27
T1926856   0x0000ffff898f996c  eb1b035f   subs   %x26 %x27 lsl $0x00 -> %xzr
T1926856   0x0000ffff898f9970  54fff6c8   b.hi   $0x0000ffff898f9848
T1926856   0x0000ffff898f9848  a9404f68   ldp    (%x27)[16byte] -> %x8 %x19
T1926856     read  16 byte(s) @ 0xffff89317918
T1926856   0x0000ffff898f984c  f9418e84   ldr    +0x0318(%x20)[8byte] -> %x4
T1926856     read  8 byte(s) @ 0xffff898e3318
T1926856   0x0000ffff898f9850  d360fe60   ubfm   %x19 $0x20 $0x3f -> %x0
T1926856   0x0000ffff898f9854  71100e7f   subs   %w19 $0x0403 lsl $0x00 -> %wzr
T1926856   0x0000ffff898f9858  2a1303f6   orr    %wzr %w19 lsl $0x00 -> %w22
T1926856   0x0000ffff898f985c  8b08038b   add    %x28 %x8 lsl $0x00 -> %x11
T1926856   0x0000ffff898f9860  8b000415   add    %x0 %x0 lsl $0x01 -> %x21
T1926856   0x0000ffff898f9864  78607b00   ldrh   (%x24,%x0,uxtx #1)[2byte] -> %w0
T1926856     read  2 byte(s) @ 0xffff8930f906
T1926856   0x0000ffff898f9868  d37df2b5   ubfm   %x21 $0x3d $0x3c -> %x21
T1926856   0x0000ffff898f986c  8b150337   add    %x25 %x21 lsl $0x00 -> %x23
T1926856   0x0000ffff898f9870  f90063b7   str    %x23 -> +0xc0(%x29)[8byte]
T1926856     write 8 byte(s) @ 0xffffd2962f30
T1926856   0x0000ffff898f9874  54001e60   b.eq   $0x0000ffff898f9c40
T1926856   0x0000ffff898f9878  34000793   cbz    $0x0000ffff898f9968 %w19
T1926856   0x0000ffff898f987c  394012e2   ldrb   +0x04(%x23)[1byte] -> %w2
T1926856     read  1 byte(s) @ 0xffff893078b4
T1926856   0x0000ffff898f9880  6b4213ff   subs   %wzr %w2 lsr $0x04 -> %wzr
T1926856   0x0000ffff898f9884  540009c0   b.eq   $0x0000ffff898f99bc
T1926856   0x0000ffff898f9888  394016e1   ldrb   +0x05(%x23)[1byte] -> %w1
T1926856     read  1 byte(s) @ 0xffff893078b5
T1926856   0x0000ffff898f988c  12000421   and    %w1 $0x00000003 -> %w1
T1926856   0x0000ffff898f9890  51000421   sub    %w1 $0x0001 lsl $0x00 -> %w1
T1926856   0x0000ffff898f9894  7100043f   subs   %w1 $0x0001 lsl $0x00 -> %wzr
T1926856   0x0000ffff898f9898  54000929   b.ls   $0x0000ffff898f99bc
T1926856   0x0000ffff898f989c  f9421a81   ldr    +0x0430(%x20)[8byte] -> %x1
T1926856     read  8 byte(s) @ 0xffff898e3430
T1926856   0x0000ffff898f98a0  eb0102ff   subs   %x23 %x1 lsl $0x00 -> %xzr
T1926856   0x0000ffff898f98a4  54002200   b.eq   $0x0000ffff898f9ce4
T1926856   0x0000ffff898f98a8  51100a61   sub    %w19 $0x0402 lsl $0x00 -> %w1
T1926856   0x0000ffff898f98ac  52800025   movz   $0x0001 lsl $0x00 -> %w5
T1926856   0x0000ffff898f98b0  721e783f   ands   %w1 $0xfffffffd -> %wzr
T1926856   0x0000ffff898f98b4  54000080   b.eq   $0x0000ffff898f98c4
T1926856   0x0000ffff898f98b8  51101661   sub    %w19 $0x0405 lsl $0x00 -> %w1
T1926856   0x0000ffff898f98bc  7100083f   subs   %w1 $0x0002 lsl $0x00 -> %wzr
T1926856   0x0000ffff898f98c0  1a9f87e5   csinc  %wzr %wzr hi -> %w5
T1926856   0x0000ffff898f98c4  7110027f   subs   %w19 $0x0400 lsl $0x00 -> %wzr
T1926856   0x0000ffff898f98c8  54001b00   b.eq   $0x0000ffff898f9c28
T1926856   0x0000ffff898f98cc  7110067f   subs   %w19 $0x0401 lsl $0x00 -> %wzr
T1926856   0x0000ffff898f98d0  321e00a1   orr    %w5 $0x00000004 -> %w1
T1926856   0x0000ffff898f98d4  1a850025   csel   %w1 %w5 eq -> %w5
T1926856   0x0000ffff898f98d8  12003800   and    %w0 $0x00007fff -> %w0
T1926856   0x0000ffff898f98dc  52800301   movz   $0x0018 lsl $0x00 -> %w1
T1926856   0x0000ffff898f98e0  f9021a97   str    %x23 -> +0x0430(%x20)[8byte]
T1926856     write 8 byte(s) @ 0xffff898e3430
T1926856   0x0000ffff898f98e4  b9043a85   str    %w5 -> +0x0438(%x20)[4byte]
T1926856     write 4 byte(s) @ 0xffff898e3438
T1926856   0x0000ffff898f98e8  9ba11004   umaddl %w0 %w1 %x4 -> %x4
T1926856   0x0000ffff898f98ec  b4000084   cbz    $0x0000ffff898f98fc %x4
T1926856   0x0000ffff898f98f0  b9400880   ldr    +0x08(%x4)[4byte] -> %w0
T1926856     read  4 byte(s) @ 0xffff898e3668
T1926856   0x0000ffff898f98f4  7100001f   subs   %w0 $0x0000 lsl $0x00 -> %wzr
T1926856   0x0000ffff898f98f8  9a9f1084   csel   %x4 %xzr ne -> %x4
T1926856   0x0000ffff898f98fc  a94a07a3   ldp    +0xa0(%x29)[16byte] -> %x3 %x1
T1926856     read  16 byte(s) @ 0xffffd2962f10
T1926856   0x0000ffff898f9900  910303a2   add    %x29 $0x00c0 lsl $0x00 -> %x2
T1926856   0x0000ffff898f9904  b8756b20   ldr    (%x25,%x21)[4byte] -> %w0
T1926856     read  4 byte(s) @ 0xffff893078b0
T1926856   0x0000ffff898f9908  d2800007   movz   $0x0000 lsl $0x00 -> %x7
T1926856   0x0000ffff898f990c  52800126   movz   $0x0009 lsl $0x00 -> %w6
T1926856   0x0000ffff898f9910  a90b2fa8   stp    %x8 %x11 -> +0xb0(%x29)[16byte]
T1926856     write 16 byte(s) @ 0xffffd2962f20
T1926856   0x0000ffff898f9914  8b000020   add    %x1 %x0 lsl $0x00 -> %x0
T1926856   0x0000ffff898f9918  aa1403e1   orr    %xzr %x20 lsl $0x00 -> %x1
T1926856   0x0000ffff898f991c  97fff921   bl     $0x0000ffff898f7da0 -> %x30
T1926856   0x0000ffff898f7da0  d10443ff   sub    %sp $0x0110 lsl $0x00 -> %sp
T1926856   0x0000ffff898f7da4  a9027bfd   stp    %x29 %x30 -> +0x20(%sp)[16byte]
T1926856     write 16 byte(s) @ 0xffffd2962d70
T1926856   0x0000ffff898f7da8  910083fd   add    %sp $0x0020 lsl $0x00 -> %x29
T1926856   0x0000ffff898f7dac  a90353f3   stp    %x19 %x20 -> +0x30(%sp)[16byte]
T1926856     write 16 byte(s) @ 0xffffd2962d80
T1926856   0x0000ffff898f7db0  aa0203f3   orr    %xzr %x2 lsl $0x00 -> %x19
T1926856   0x0000ffff898f7db4  aa0703f4   orr    %xzr %x7 lsl $0x00 -> %x20
T1926856   0x0000ffff898f7db8  a9045bf5   stp    %x21 %x22 -> +0x40(%sp)[16byte]
T1926856     write 16 byte(s) @ 0xffffd2962d90
T1926856   0x0000ffff898f7dbc  aa0403f5   orr    %xzr %x4 lsl $0x00 -> %x21
T1926856   0x0000ffff898f7dc0  2a0603f6   orr    %wzr %w6 lsl $0x00 -> %w22
T1926856   0x0000ffff898f7dc4  a90563f7   stp    %x23 %x24 -> +0x50(%sp)[16byte]
T1926856     write 16 byte(s) @ 0xffffd2962da0
T1926856   0x0000ffff898f7dc8  aa0103f7   orr    %xzr %x1 lsl $0x00 -> %x23
T1926856   0x0000ffff898f7dcc  a9066bf9   stp    %x25 %x26 -> +0x60(%sp)[16byte]
T1926856     write 16 byte(s) @ 0xffffd2962db0
T1926856   0x0000ffff898f7dd0  a90773fb   stp    %x27 %x28 -> +0x70(%sp)[16byte]
T1926856     write 16 byte(s) @ 0xffffd2962dc0
T1926856   0x0000ffff898f7dd4  aa0003fb   orr    %xzr %x0 lsl $0x00 -> %x27
T1926856   0x0000ffff898f7dd8  39400008   ldrb   (%x0)[1byte] -> %w8
T1926856     read  1 byte(s) @ 0xffff8930d6c5
T1926856   0x0000ffff898f7ddc  b90083e5   str    %w5 -> +0x80(%sp)[4byte]
T1926856     write 4 byte(s) @ 0xffffd2962dd0
T1926856   0x0000ffff898f7de0  f9004be3   str    %x3 -> +0x90(%sp)[8byte]
T1926856     write 8 byte(s) @ 0xffffd2962de0
T1926856   0x0000ffff898f7de4  34000f48   cbz    $0x0000ffff898f7fcc %w8
T1926856   0x0000ffff898f7de8  d282a0a1   movz   $0x1505 lsl $0x00 -> %x1
T1926856   0x0000ffff898f7dec  d503201f   nop
T1926856   0x0000ffff898f7df0  8b011421   add    %x1 %x1 lsl $0x05 -> %x1
T1926856   0x0000ffff898f7df4  8b280021   add    %x1 %x8 uxtb $0x00 -> %x1
T1926856   0x0000ffff898f7df8  38401c08   ldrb   +0x01(%x0)[1byte] %x0 $0x0000000000000001 -> %w8 %x0
T1926856     read  1 byte(s) @ 0xffff8930d6c6
T1926856   0x0000ffff898f7dfc  35ffffa8   cbnz   $0x0000ffff898f7df0 %w8
T1926856   0x0000ffff898f7df0  8b011421   add    %x1 %x1 lsl $0x05 -> %x1
T1926856   0x0000ffff898f7df4  8b280021   add    %x1 %x8 uxtb $0x00 -> %x1
T1926856   0x0000ffff898f7df8  38401c08   ldrb   +0x01(%x0)[1byte] %x0 $0x0000000000000001 -> %w8 %x0
T1926856     read  1 byte(s) @ 0xffff8930d6c7
T1926856   0x0000ffff898f7dfc  35ffffa8   cbnz   $0x0000ffff898f7df0 %w8
T1926856   0x0000ffff898f7df0  8b011421   add    %x1 %x1 lsl $0x05 -> %x1
T1926856   0x0000ffff898f7df4  8b280021   add    %x1 %x8 uxtb $0x00 -> %x1
T1926856   0x0000ffff898f7df8  38401c08   ldrb   +0x01(%x0)[1byte] %x0 $0x0000000000000001 -> %w8 %x0
T1926856     read  1 byte(s) @ 0xffff8930d6c8
T1926856   0x0000ffff898f7dfc  35ffffa8   cbnz   $0x0000ffff898f7df0 %w8
T1926856   0x0000ffff898f7df0  8b011421   add    %x1 %x1 lsl $0x05 -> %x1
T1926856   0x0000ffff898f7df4  8b280021   add    %x1 %x8 uxtb $0x00 -> %x1
T1926856   0x0000ffff898f7df8  38401c08   ldrb   +0x01(%x0)[1byte] %x0 $0x0000000000000001 -> %w8 %x0
T1926856     read  1 byte(s) @ 0xffff8930d6c9
T1926856   0x0000ffff898f7dfc  35ffffa8   cbnz   $0x0000ffff898f7df0 %w8
T1926856   0x0000ffff898f7e00  92407c3a   and    %x1 $0x00000000ffffffff -> %x26
T1926856   0x0000ffff898f7e04  b0000140   adrp   <rel> 0x0000ffff89920000 -> %x0
T1926856   0x0000ffff898f7e08  91018002   add    %x0 $0x0060 lsl $0x00 -> %x2
T1926856   0x0000ffff898f7e0c  b2407fe0   orr    %xzr $0x00000000ffffffff -> %x0
T1926856   0x0000ffff898f7e10  f90067e0   str    %x0 -> +0xc8(%sp)[8byte]
T1926856     write 8 byte(s) @ 0xffffd2962e18
T1926856   0x0000ffff898f7e14  a90dffff   stp    %xzr %xzr -> +0xd8(%sp)[16byte]
T1926856     write 16 byte(s) @ 0xffffd2962e28
T1926856   0x0000ffff898f7e18  f9450040   ldr    +0x0a00(%x2)[8byte] -> %x0
T1926856     read  8 byte(s) @ 0xffff89920a60
T1926856   0x0000ffff898f7e1c  91000400   add    %x0 $0x0001 lsl $0x00 -> %x0
T1926856   0x0000ffff898f7e20  f9050040   str    %x0 -> +0x0a00(%x2)[8byte]
T1926856     write 8 byte(s) @ 0xffff89920a60
T1926856   0x0000ffff898f7e24  b4000055   cbz    $0x0000ffff898f7e2c %x21
T1926856   0x0000ffff898f7e28  37086c56   tbnz   $0x0000ffff898f8bb0 %x22 $0x01
T1926856   0x0000ffff898f7e2c  f9404be0   ldr    +0x90(%sp)[8byte] -> %x0
T1926856     read  8 byte(s) @ 0xffffd2962de0
T1926856   0x0000ffff898f7e30  f9400263   ldr    (%x19)[8byte] -> %x3
T1926856     read  8 byte(s) @ 0xffffd2962f30
T1926856   0x0000ffff898f7e34  f9400005   ldr    (%x0)[8byte] -> %x5
T1926856     read  8 byte(s) @ 0xffff898e3398
T1926856   0x0000ffff898f7e38  b5001114   cbnz   $0x0000ffff898f8058 %x20
T1926856   0x0000ffff898f7e3c  b4000cc5   cbz    $0x0000ffff898f7fd4 %x5
T1926856   0x0000ffff898f7e40  f90047ff   str    %xzr -> +0x88(%sp)[8byte]
T1926856     write 8 byte(s) @ 0xffffd2962dd8
T1926856   0x0000ffff898f7e44  910363f8   add    %sp $0x00d8 lsl $0x00 -> %x24
T1926856   0x0000ffff898f7e48  910323f9   add    %sp $0x00c8 lsl $0x00 -> %x25
T1926856   0x0000ffff898f7e4c  a948f3e6   ldp    +0x88(%sp)[16byte] -> %x6 %x28
T1926856     read  16 byte(s) @ 0xffffd2962dd8
T1926856   0x0000ffff898f7e50  14000005   b      $0x0000ffff898f7e64
T1926856   0x0000ffff898f7e64  b94083e0   ldr    +0x80(%sp)[4byte] -> %w0
T1926856     read  4 byte(s) @ 0xffffd2962dd0
T1926856   0x0000ffff898f7e68  aa1503e7   orr    %xzr %x21 lsl $0x00 -> %x7
T1926856   0x0000ffff898f7e6c  b90003f6   str    %w22 -> (%sp)[4byte]
T1926856     write 4 byte(s) @ 0xffffd2962d50
T1926856   0x0000ffff898f7e70  aa1803e4   orr    %xzr %x24 lsl $0x00 -> %x4
T1926856   0x0000ffff898f7e74  f90007f4   str    %x20 -> +0x08(%sp)[8byte]
T1926856     write 8 byte(s) @ 0xffffd2962d58
T1926856   0x0000ffff898f7e78  aa1903e2   orr    %xzr %x25 lsl $0x00 -> %x2
T1926856   0x0000ffff898f7e7c  b90013e0   str    %w0 -> +0x10(%sp)[4byte]
T1926856     write 4 byte(s) @ 0xffffd2962d60
T1926856   0x0000ffff898f7e80  aa1a03e1   orr    %xzr %x26 lsl $0x00 -> %x1
T1926856   0x0000ffff898f7e84  f9000ff7   str    %x23 -> +0x18(%sp)[8byte]
T1926856     write 8 byte(s) @ 0xffffd2962d68
T1926856   0x0000ffff898f7e88  aa1b03e0   orr    %xzr %x27 lsl $0x00 -> %x0
T1926856   0x0000ffff898f7e8c  97fffd15   bl     $0x0000ffff898f72e0 -> %x30
T1926856   0x0000ffff898f72e0  d10403ff   sub    %sp $0x0100 lsl $0x00 -> %sp
T1926856   0x0000ffff898f72e4  a9027bfd   stp    %x29 %x30 -> +0x20(%sp)[16byte]
T1926856     write 16 byte(s) @ 0xffffd2962c70
T1926856   0x0000ffff898f72e8  910083fd   add    %sp $0x0020 lsl $0x00 -> %x29
T1926856   0x0000ffff898f72ec  b94008aa   ldr    +0x08(%x5)[4byte] -> %w10
T1926856     read  4 byte(s) @ 0xffff899214f8
T1926856   0x0000ffff898f72f0  a9045bf5   stp    %x21 %x22 -> +0x40(%sp)[16byte]
T1926856     write 16 byte(s) @ 0xffffd2962c90
T1926856   0x0000ffff898f72f4  aa0003f5   orr    %xzr %x0 lsl $0x00 -> %x21
T1926856   0x0000ffff898f72f8  b94103e0   ldr    +0x0100(%sp)[4byte] -> %w0
T1926856     read  4 byte(s) @ 0xffffd2962d50
T1926856   0x0000ffff898f72fc  b94113f6   ldr    +0x0110(%sp)[4byte] -> %w22
T1926856     read  4 byte(s) @ 0xffffd2962d60
T1926856   0x0000ffff898f7300  a90353f3   stp    %x19 %x20 -> +0x30(%sp)[16byte]
T1926856     write 16 byte(s) @ 0xffffd2962c80
T1926856   0x0000ffff898f7304  a90563f7   stp    %x23 %x24 -> +0x50(%sp)[16byte]
T1926856     write 16 byte(s) @ 0xffffd2962ca0
T1926856   0x0000ffff898f7308  aa0a03f7   orr    %xzr %x10 lsl $0x00 -> %x23
T1926856   0x0000ffff898f730c  a9066bf9   stp    %x25 %x26 -> +0x60(%sp)[16byte]
T1926856     write 16 byte(s) @ 0xffffd2962cb0
T1926856   0x0000ffff898f7310  a90773fb   stp    %x27 %x28 -> +0x70(%sp)[16byte]
T1926856     write 16 byte(s) @ 0xffffd2962cc0
T1926856   0x0000ffff898f7314  a90993e3   stp    %x3 %x4 -> +0x98(%sp)[16byte]
T1926856     write 16 byte(s) @ 0xffffd2962ce8
T1926856   0x0000ffff898f7318  b900b3e0   str    %w0 -> +0xb0(%sp)[4byte]
T1926856     write 4 byte(s) @ 0xffffd2962d00
T1926856   0x0000ffff898f731c  a90b9fe2   stp    %x2 %x7 -> +0xb8(%sp)[16byte]
T1926856     write 16 byte(s) @ 0xffffd2962d08
T1926856   0x0000ffff898f7320  f94087ed   ldr    +0x0108(%sp)[8byte] -> %x13
T1926856     read  8 byte(s) @ 0xffffd2962d58
T1926856   0x0000ffff898f7324  d346fc20   ubfm   %x1 $0x06 $0x3f -> %x0
T1926856   0x0000ffff898f7328  f9004be0   str    %x0 -> +0x90(%sp)[8byte]
T1926856     write 8 byte(s) @ 0xffffd2962ce0
T1926856   0x0000ffff898f732c  f94000ba   ldr    (%x5)[8byte] -> %x26
T1926856     read  8 byte(s) @ 0xffff899214f0
T1926856   0x0000ffff898f7330  9103d3e0   add    %sp $0x00f4 lsl $0x00 -> %x0
T1926856   0x0000ffff898f7334  f90043e0   str    %x0 -> +0x80(%sp)[8byte]
T1926856     write 8 byte(s) @ 0xffffd2962cd0
T1926856   0x0000ffff898f7338  9103e3e0   add    %sp $0x00f8 lsl $0x00 -> %x0
T1926856   0x0000ffff898f733c  aa1703f8   orr    %xzr %x23 lsl $0x00 -> %x24
T1926856   0x0000ffff898f7340  aa0603fc   orr    %xzr %x6 lsl $0x00 -> %x28
T1926856   0x0000ffff898f7344  aa1503f7   orr    %xzr %x21 lsl $0x00 -> %x23
T1926856   0x0000ffff898f7348  aa0d03f4   orr    %xzr %x13 lsl $0x00 -> %x20
T1926856   0x0000ffff898f734c  aa1a03f5   orr    %xzr %x26 lsl $0x00 -> %x21
T1926856   0x0000ffff898f7350  aa0103fa   orr    %xzr %x1 lsl $0x00 -> %x26
T1926856   0x0000ffff898f7354  f90047e0   str    %x0 -> +0x88(%sp)[8byte]
T1926856     write 8 byte(s) @ 0xffffd2962cd8
T1926856   0x0000ffff898f7358  d0000080   adrp   <rel> 0x0000ffff89909000 -> %x0
T1926856   0x0000ffff898f735c  91290000   add    %x0 $0x0a40 lsl $0x00 -> %x0
T1926856   0x0000ffff898f7360  f90057e0   str    %x0 -> +0xa8(%sp)[8byte]
T1926856     write 8 byte(s) @ 0xffffd2962cf8
T1926856 <marker: timestamp 13278582654535984>
T1926856 <marker: tid 1926856 on core 6>
T1926856   0x0000ffff898f7364  14000017   b      $0x0000ffff898f73c0
T1926856   0x0000ffff898f73c0  f87c7aa0   ldr    (%x21,%x28,uxtx #3)[8byte] -> %x0
T1926856     read  8 byte(s) @ 0xffff898e3560
T1926856   0x0000ffff898f73c4  f9401419   ldr    +0x28(%x0)[8byte] -> %x25
T1926856     read  8 byte(s) @ 0xffff89921228
T1926856   0x0000ffff898f73c8  eb14033f   subs   %x25 %x20 lsl $0x00 -> %xzr
T1926856   0x0000ffff898f73cc  54ffff40   b.eq   $0x0000ffff898f73b4
T1926856   0x0000ffff898f73d0  121f02ca   and    %w22 $0x00000002 -> %w10
T1926856   0x0000ffff898f73d4  36080096   tbz    $0x0000ffff898f73e4 %x22 $0x01
T1926856   0x0000ffff898f73e4  394d3720   ldrb   +0x034d(%x25)[1byte] -> %w0
T1926856     read  1 byte(s) @ 0xffff8992154d
T1926856   0x0000ffff898f73e8  372ffe60   tbnz   $0x0000ffff898f73b4 %x0 $0x05
T1926856   0x0000ffff898f73ec  90000153   adrp   <rel> 0x0000ffff8991f000 -> %x19
T1926856   0x0000ffff898f73f0  b946da60   ldr    +0x06d8(%x19)[4byte] -> %w0
T1926856     read  4 byte(s) @ 0xffff8991f6d8
T1926856   0x0000ffff898f73f4  361ffba0   tbz    $0x0000ffff898f7368 %x0 $0x03
T1926856   0x0000ffff898f7368  b9432722   ldr    +0x0324(%x25)[4byte] -> %w2
T1926856     read  4 byte(s) @ 0xffff89921524
T1926856   0x0000ffff898f736c  34000242   cbz    $0x0000ffff898f73b4 %w2
T1926856   0x0000ffff898f7370  a9468720   ldp    +0x68(%x25)[16byte] -> %x0 %x1
T1926856     read  16 byte(s) @ 0xffff89921268
T1926856   0x0000ffff898f7374  b900f7ff   str    %wzr -> +0xf4(%sp)[4byte]
T1926856     write 4 byte(s) @ 0xffffd2962d44
T1926856   0x0000ffff898f7378  f9419b23   ldr    +0x0330(%x25)[8byte] -> %x3
T1926856     read  8 byte(s) @ 0xffff89921530
T1926856   0x0000ffff898f737c  f9007fff   str    %xzr -> +0xf8(%sp)[8byte]
T1926856     write 8 byte(s) @ 0xffffd2962d48
T1926856   0x0000ffff898f7380  f9400407   ldr    +0x08(%x0)[8byte] -> %x7
T1926856     read  8 byte(s) @ 0xffff8580aa50
T1926856   0x0000ffff898f7384  f940042c   ldr    +0x08(%x1)[8byte] -> %x12
T1926856     read  8 byte(s) @ 0xffff8580aa60
T1926856   0x0000ffff898f7388  b4000683   cbz    $0x0000ffff898f7458 %x3
T1926856   0x0000ffff898f738c  f9404be4   ldr    +0x90(%sp)[8byte] -> %x4
T1926856     read  8 byte(s) @ 0xffffd2962ce0
T1926856   0x0000ffff898f7390  b9432b21   ldr    +0x0328(%x25)[4byte] -> %w1
T1926856     read  4 byte(s) @ 0xffff89921528
T1926856   0x0000ffff898f7394  b9432f20   ldr    +0x032c(%x25)[4byte] -> %w0
T1926856     read  4 byte(s) @ 0xffff8992152c
T1926856   0x0000ffff898f7398  8a040021   and    %x1 %x4 lsl $0x00 -> %x1
T1926856   0x0000ffff898f739c  9ac02740   lsrv   %x26 %x0 -> %x0
T1926856   0x0000ffff898f73a0  f8617861   ldr    (%x3,%x1,uxtx #3)[8byte] -> %x1
T1926856     read  8 byte(s) @ 0xffff857e42b8
T1926856   0x0000ffff898f73a4  9ac02420   lsrv   %x1 %x0 -> %x0
T1926856   0x0000ffff898f73a8  9ada2421   lsrv   %x1 %x26 -> %x1
T1926856   0x0000ffff898f73ac  8a010000   and    %x0 %x1 lsl $0x00 -> %x0
T1926856   0x0000ffff898f73b0  37000f00   tbnz   $0x0000ffff898f7590 %x0 $0x00
T1926856   0x0000ffff898f7590  2a0203e2   orr    %wzr %w2 lsl $0x00 -> %w2
T1926856   0x0000ffff898f7594  f9419f21   ldr    +0x0338(%x25)[8byte] -> %x1
T1926856     read  8 byte(s) @ 0xffff89921538
T1926856   0x0000ffff898f7598  9ac20b40   udiv   %x26 %x2 -> %x0
T1926856   0x0000ffff898f759c  9b02e800   msub   %x0 %x2 %x26 -> %x0
T1926856   0x0000ffff898f75a0  b860783b   ldr    (%x1,%x0,uxtx #2)[4byte] -> %w27
T1926856     read  4 byte(s) @ 0xffff857e42f8
T1926856   0x0000ffff898f75a4  34fff09b   cbz    $0x0000ffff898f73b4 %w27
T1926856   0x0000ffff898f73b4  9100079c   add    %x28 $0x0001 lsl $0x00 -> %x28
T1926856   0x0000ffff898f73b8  eb1c031f   subs   %x24 %x28 lsl $0x00 -> %xzr
T1926856   0x0000ffff898f73bc  540014c9   b.ls   $0x0000ffff898f7654
T1926856   0x0000ffff898f73c0  f87c7aa0   ldr    (%x21,%x28,uxtx #3)[8byte] -> %x0
T1926856     read  8 byte(s) @ 0xffff898e3568
T1926856   0x0000ffff898f73c4  f9401419   ldr    +0x28(%x0)[8byte] -> %x25
T1926856     read  8 byte(s) @ 0xffff898e3028
T1926856   0x0000ffff898f73c8  eb14033f   subs   %x25 %x20 lsl $0x00 -> %xzr
T1926856   0x0000ffff898f73cc  54ffff40   b.eq   $0x0000ffff898f73b4
T1926856   0x0000ffff898f73d0  121f02ca   and    %w22 $0x00000002 -> %w10
T1926856   0x0000ffff898f73d4  36080096   tbz    $0x0000ffff898f73e4 %x22 $0x01
T1926856   0x0000ffff898f73e4  394d3720   ldrb   +0x034d(%x25)[1byte] -> %w0
T1926856     read  1 byte(s) @ 0xffff898e334d
T1926856   0x0000ffff898f73e8  372ffe60   tbnz   $0x0000ffff898f73b4 %x0 $0x05
T1926856   0x0000ffff898f73ec  90000153   adrp   <rel> 0x0000ffff8991f000 -> %x19
T1926856   0x0000ffff898f73f0  b946da60   ldr    +0x06d8(%x19)[4byte] -> %w0
T1926856     read  4 byte(s) @ 0xffff8991f6d8
T1926856   0x0000ffff898f73f4  361ffba0   tbz    $0x0000ffff898f7368 %x0 $0x03
T1926856   0x0000ffff898f7368  b9432722   ldr    +0x0324(%x25)[4byte] -> %w2
T1926856     read  4 byte(s) @ 0xffff898e3324
T1926856   0x0000ffff898f736c  34000242   cbz    $0x0000ffff898f73b4 %w2
T1926856   0x0000ffff898f7370  a9468720   ldp    +0x68(%x25)[16byte] -> %x0 %x1
T1926856     read  16 byte(s) @ 0xffff898e3068
T1926856   0x0000ffff898f7374  b900f7ff   str    %wzr -> +0xf4(%sp)[4byte]
T1926856     write 4 byte(s) @ 0xffffd2962d44
T1926856   0x0000ffff898f7378  f9419b23   ldr    +0x0330(%x25)[8byte] -> %x3
T1926856     read  8 byte(s) @ 0xffff898e3330
T1926856   0x0000ffff898f737c  f9007fff   str    %xzr -> +0xf8(%sp)[8byte]
T1926856     write 8 byte(s) @ 0xffffd2962d48
T1926856   0x0000ffff898f7380  f9400407   ldr    +0x08(%x0)[8byte] -> %x7
T1926856     read  8 byte(s) @ 0xffff89460ba0
T1926856   0x0000ffff898f7384  f940042c   ldr    +0x08(%x1)[8byte] -> %x12
T1926856     read  8 byte(s) @ 0xffff89460bb0
T1926856   0x0000ffff898f7388  b4000683   cbz    $0x0000ffff898f7458 %x3
T1926856   0x0000ffff898f738c  f9404be4   ldr    +0x90(%sp)[8byte] -> %x4
T1926856     read  8 byte(s) @ 0xffffd2962ce0
T1926856   0x0000ffff898f7390  b9432b21   ldr    +0x0328(%x25)[4byte] -> %w1
T1926856     read  4 byte(s) @ 0xffff898e3328
T1926856   0x0000ffff898f7394  b9432f20   ldr    +0x032c(%x25)[4byte] -> %w0
T1926856     read  4 byte(s) @ 0xffff898e332c
T1926856   0x0000ffff898f7398  8a040021   and    %x1 %x4 lsl $0x00 -> %x1
T1926856   0x0000ffff898f739c  9ac02740   lsrv   %x26 %x0 -> %x0
T1926856   0x0000ffff898f73a0  f8617861   ldr    (%x3,%x1,uxtx #3)[8byte] -> %x1
T1926856     read  8 byte(s) @ 0xffff892f7c48
T1926856   0x0000ffff898f73a4  9ac02420   lsrv   %x1 %x0 -> %x0
T1926856   0x0000ffff898f73a8  9ada2421   lsrv   %x1 %x26 -> %x1
T1926856   0x0000ffff898f73ac  8a010000   and    %x0 %x1 lsl $0x00 -> %x0
T1926856   0x0000ffff898f73b0  37000f00   tbnz   $0x0000ffff898f7590 %x0 $0x00
T1926856   0x0000ffff898f7590  2a0203e2   orr    %wzr %w2 lsl $0x00 -> %w2
T1926856   0x0000ffff898f7594  f9419f21   ldr    +0x0338(%x25)[8byte] -> %x1
T1926856     read  8 byte(s) @ 0xffff898e3338
T1926856   0x0000ffff898f7598  9ac20b40   udiv   %x26 %x2 -> %x0
T1926856   0x0000ffff898f759c  9b02e800   msub   %x0 %x2 %x26 -> %x0
T1926856   0x0000ffff898f75a0  b860783b   ldr    (%x1,%x0,uxtx #2)[4byte] -> %w27
T1926856     read  4 byte(s) @ 0xffff892f8d2c
T1926856   0x0000ffff898f75a4  34fff09b   cbz    $0x0000ffff898f73b4 %w27
T1926856   0x0000ffff898f75a8  f941a320   ldr    +0x0340(%x25)[8byte] -> %x0
T1926856     read  8 byte(s) @ 0xffff898e3340
T1926856   0x0000ffff898f75ac  b900cbea   str    %w10 -> +0xc8(%sp)[4byte]
T1926856     write 4 byte(s) @ 0xffffd2962d18
T1926856   0x0000ffff898f75b0  a90d73f5   stp    %x21 %x28 -> +0xd0(%sp)[16byte]
T1926856     write 16 byte(s) @ 0xffffd2962d20
T1926856   0x0000ffff898f75b4  aa1a03fc   orr    %xzr %x26 lsl $0x00 -> %x28
T1926856   0x0000ffff898f75b8  aa1703fa   orr    %xzr %x23 lsl $0x00 -> %x26
T1926856   0x0000ffff898f75bc  8b3b481b   add    %x0 %x27 uxtw $0x02 -> %x27
T1926856   0x0000ffff898f75c0  f90073f8   str    %x24 -> +0xe0(%sp)[8byte]
T1926856     write 8 byte(s) @ 0xffffd2962d30
T1926856   0x0000ffff898f75c4  aa1b03f7   orr    %xzr %x27 lsl $0x00 -> %x23
T1926856   0x0000ffff898f75c8  aa1903f8   orr    %xzr %x25 lsl $0x00 -> %x24
T1926856   0x0000ffff898f75cc  aa0c03fb   orr    %xzr %x12 lsl $0x00 -> %x27
T1926856   0x0000ffff898f75d0  aa0703f9   orr    %xzr %x7 lsl $0x00 -> %x25
T1926856   0x0000ffff898f75d4  f90087f4   str    %x20 -> +0x0108(%sp)[8byte]
T1926856     write 8 byte(s) @ 0xffffd2962d58
T1926856   0x0000ffff898f75d8  2a1603f4   orr    %wzr %w22 lsl $0x00 -> %w20
T1926856   0x0000ffff898f75dc  b940b3f6   ldr    +0xb0(%sp)[4byte] -> %w22
T1926856     read  4 byte(s) @ 0xffffd2962d00
T1926856   0x0000ffff898f75e0  f94063f5   ldr    +0xc0(%sp)[8byte] -> %x21
T1926856     read  8 byte(s) @ 0xffffd2962d10
T1926856   0x0000ffff898f75e4  14000003   b      $0x0000ffff898f75f0
T1926856   0x0000ffff898f75f0  b94002e1   ldr    (%x23)[4byte] -> %w1
T1926856     read  4 byte(s) @ 0xffff892faf3c
T1926856   0x0000ffff898f75f4  2a0103e0   orr    %wzr %w1 lsl $0x00 -> %w0
T1926856   0x0000ffff898f75f8  ca1c0000   eor    %x0 %x28 lsl $0x00 -> %x0
T1926856   0x0000ffff898f75fc  eb4007ff   subs   %xzr %x0 lsr $0x01 -> %xzr
T1926856   0x0000ffff898f7600  54ffff41   b.ne   $0x0000ffff898f75e8
T1926856   0x0000ffff898f75e8  910012f7   add    %x23 $0x0004 lsl $0x00 -> %x23
T1926856   0x0000ffff898f75ec  37002ac1   tbnz   $0x0000ffff898f7b44 %x1 $0x00
T1926856   0x0000ffff898f75f0  b94002e1   ldr    (%x23)[4byte] -> %w1
T1926856     read  4 byte(s) @ 0xffff892faf40
T1926856   0x0000ffff898f75f4  2a0103e0   orr    %wzr %w1 lsl $0x00 -> %w0
T1926856   0x0000ffff898f75f8  ca1c0000   eor    %x0 %x28 lsl $0x00 -> %x0
T1926856   0x0000ffff898f75fc  eb4007ff   subs   %xzr %x0 lsr $0x01 -> %xzr
T1926856   0x0000ffff898f7600  54ffff41   b.ne   $0x0000ffff898f75e8
T1926856   0x0000ffff898f7604  f941a306   ldr    +0x0340(%x24)[8byte] -> %x6
T1926856     read  8 byte(s) @ 0xffff898e3340
T1926856   0x0000ffff898f7608  aa1903e7   orr    %xzr %x25 lsl $0x00 -> %x7
T1926856   0x0000ffff898f760c  f94047e0   ldr    +0x88(%sp)[8byte] -> %x0
T1926856     read  8 byte(s) @ 0xffffd2962cd8
T1926856   0x0000ffff898f7610  cb0602e6   sub    %x23 %x6 lsl $0x00 -> %x6
T1926856   0x0000ffff898f7614  f9404fe1   ldr    +0x98(%sp)[8byte] -> %x1
T1926856     read  8 byte(s) @ 0xffffd2962ce8
T1926856   0x0000ffff898f7618  d34284c5   ubfm   %x6 $0x02 $0x21 -> %x5
T1926856   0x0000ffff898f761c  a90003f8   stp    %x24 %x0 -> (%sp)[16byte]
T1926856     write 16 byte(s) @ 0xffffd2962c50
T1926856   0x0000ffff898f7620  aa0503e6   orr    %xzr %x5 lsl $0x00 -> %x6
T1926856   0x0000ffff898f7624  8b0504a5   add    %x5 %x5 lsl $0x01 -> %x5
T1926856   0x0000ffff898f7628  f94043e0   ldr    +0x80(%sp)[8byte] -> %x0
T1926856     read  8 byte(s) @ 0xffffd2962cd0
T1926856   0x0000ffff898f762c  f9000be0   str    %x0 -> +0x10(%sp)[8byte]
T1926856     write 8 byte(s) @ 0xffffd2962c60
T1926856   0x0000ffff898f7630  2a1403e4   orr    %wzr %w20 lsl $0x00 -> %w4
T1926856   0x0000ffff898f7634  2a1603e3   orr    %wzr %w22 lsl $0x00 -> %w3
T1926856   0x0000ffff898f7638  aa1503e2   orr    %xzr %x21 lsl $0x00 -> %x2
T1926856   0x0000ffff898f763c  8b050f65   add    %x27 %x5 lsl $0x03 -> %x5
T1926856   0x0000ffff898f7640  aa1a03e0   orr    %xzr %x26 lsl $0x00 -> %x0
T1926856   0x0000ffff898f7644  97fffec1   bl     $0x0000ffff898f7148 -> %x30
T1926856   0x0000ffff898f7148  a9bc7bfd   stp    %x29 %x30 %sp $0xffffffffffffffc0 -> -0x40(%sp)[16byte] %sp
T1926856     write 16 byte(s) @ 0xffffd2962c10
T1926856   0x0000ffff898f714c  910003fd   add    %sp $0x0000 lsl $0x00 -> %x29
T1926856   0x0000ffff898f7150  a90153f3   stp    %x19 %x20 -> +0x10(%sp)[16byte]
T1926856     write 16 byte(s) @ 0xffffd2962c20
T1926856   0x0000ffff898f7154  aa0503f3   orr    %xzr %x5 lsl $0x00 -> %x19
T1926856   0x0000ffff898f7158  aa0203f4   orr    %xzr %x2 lsl $0x00 -> %x20
T1926856   0x0000ffff898f715c  a9025bf5   stp    %x21 %x22 -> +0x20(%sp)[16byte]
T1926856     write 16 byte(s) @ 0xffffd2962c30
T1926856   0x0000ffff898f7160  2a0603f6   orr    %wzr %w6 lsl $0x00 -> %w22
T1926856   0x0000ffff898f7164  f94004a9   ldr    +0x08(%x5)[8byte] -> %x9
T1926856     read  8 byte(s) @ 0xffff893078b8
T1926856   0x0000ffff898f7168  f9001bf7   str    %x23 -> +0x30(%sp)[8byte]
T1926856     write 8 byte(s) @ 0xffffd2962c40
T1926856   0x0000ffff898f716c  2a0303f7   orr    %wzr %w3 lsl $0x00 -> %w23
T1926856   0x0000ffff898f7170  394010a8   ldrb   +0x04(%x5)[1byte] -> %w8
T1926856     read  1 byte(s) @ 0xffff893078b4
T1926856   0x0000ffff898f7174  79400ca5   ldrh   +0x06(%x5)[2byte] -> %w5
T1926856     read  2 byte(s) @ 0xffff893078b6
T1926856   0x0000ffff898f7178  12000d02   and    %w8 $0x0000000f -> %w2
T1926856   0x0000ffff898f717c  f94023f5   ldr    +0x40(%sp)[8byte] -> %x21
T1926856     read  8 byte(s) @ 0xffffd2962c50
T1926856   0x0000ffff898f7180  b4000769   cbz    $0x0000ffff898f726c %x9
T1926856   0x0000ffff898f7184  710000bf   subs   %w5 $0x0000 lsl $0x00 -> %wzr
T1926856   0x0000ffff898f7188  52808ce8   movz   $0x0467 lsl $0x00 -> %w8
T1926856   0x0000ffff898f718c  1ac22908   asrv   %w8 %w2 -> %w8
T1926856   0x0000ffff898f7190  1a9f17e2   csinc  %wzr %wzr ne -> %w2
T1926856   0x0000ffff898f7194  2a2803e8   orn    %wzr %w8 lsl $0x00 -> %w8
T1926856   0x0000ffff898f7198  0a040042   and    %w2 %w4 lsl $0x00 -> %w2
T1926856   0x0000ffff898f719c  12000104   and    %w8 $0x00000001 -> %w4
T1926856   0x0000ffff898f71a0  2a020084   orr    %w4 %w2 lsl $0x00 -> %w4
T1926856   0x0000ffff898f71a4  350006c4   cbnz   $0x0000ffff898f727c %w4
T1926856   0x0000ffff898f71a8  eb01027f   subs   %x19 %x1 lsl $0x00 -> %xzr
T1926856   0x0000ffff898f71ac  540000c0   b.eq   $0x0000ffff898f71c4
T1926856   0x0000ffff898f71c4  f941baa0   ldr    +0x0370(%x21)[8byte] -> %x0
T1926856     read  8 byte(s) @ 0xffff898e3370
T1926856   0x0000ffff898f71c8  b40002d4   cbz    $0x0000ffff898f7220 %x20
T1926856   0x0000ffff898f71cc  b40006e0   cbz    $0x0000ffff898f72a8 %x0
T1926856   0x0000ffff898f71d0  78765816   ldrh   (%x0,%x22,uxtw #1)[2byte] -> %w22
T1926856     read  2 byte(s) @ 0xffff8930f906
T1926856   0x0000ffff898f71d4  52800303   movz   $0x0018 lsl $0x00 -> %w3
T1926856   0x0000ffff898f71d8  f9418ea1   ldr    +0x0318(%x21)[8byte] -> %x1
T1926856     read  8 byte(s) @ 0xffff898e3318
T1926856   0x0000ffff898f71dc  12003ac0   and    %w22 $0x00007fff -> %w0
T1926856   0x0000ffff898f71e0  b9400a82   ldr    +0x08(%x20)[4byte] -> %w2
T1926856     read  4 byte(s) @ 0xffff898e3668
T1926856   0x0000ffff898f71e4  9ba37c00   umaddl %w0 %w3 %xzr -> %x0
T1926856   0x0000ffff898f71e8  8b000023   add    %x1 %x0 lsl $0x00 -> %x3
T1926856   0x0000ffff898f71ec  b9400875   ldr    +0x08(%x3)[4byte] -> %w21
T1926856     read  4 byte(s) @ 0xffff898e3668
T1926856   0x0000ffff898f71f0  6b0202bf   subs   %w21 %w2 lsl $0x00 -> %wzr
T1926856   0x0000ffff898f71f4  54000500   b.eq   $0x0000ffff898f7294
T1926856   0x0000ffff898f7294  f8606820   ldr    (%x1,%x0)[8byte] -> %x0
T1926856     read  8 byte(s) @ 0xffff898e3660
T1926856   0x0000ffff898f7298  f9400281   ldr    (%x20)[8byte] -> %x1
T1926856     read  8 byte(s) @ 0xffff898e3660
T1926856   0x0000ffff898f729c  94003c29   bl     $0x0000ffff89906340 -> %x30
T1926856   0x0000ffff89906340  ca010007   eor    %x0 %x1 lsl $0x00 -> %x7
T1926856   0x0000ffff89906344  b200c3ea   orr    %xzr $0x0101010101010101 -> %x10
T1926856   0x0000ffff89906348  f24008ff   ands   %x7 $0x0000000000000007 -> %xzr
T1926856   0x0000ffff8990634c  540003e1   b.ne   $0x0000ffff899063c8
T1926856   0x0000ffff89906350  f2400807   ands   %x0 $0x0000000000000007 -> %x7
T1926856   0x0000ffff89906354  54000241   b.ne   $0x0000ffff8990639c
T1926856   0x0000ffff89906358  f8408402   ldr    (%x0)[8byte] %x0 $0x0000000000000008 -> %x2 %x0
T1926856     read  8 byte(s) @ 0xffff8930e7f0
T1926856   0x0000ffff8990635c  f8408423   ldr    (%x1)[8byte] %x1 $0x0000000000000008 -> %x3 %x1
T1926856     read  8 byte(s) @ 0xffff8930e7f0
T1926856   0x0000ffff89906360  cb0a0047   sub    %x2 %x10 lsl $0x00 -> %x7
T1926856   0x0000ffff89906364  b200d848   orr    %x2 $0x7f7f7f7f7f7f7f7f -> %x8
T1926856   0x0000ffff89906368  ca030045   eor    %x2 %x3 lsl $0x00 -> %x5
T1926856   0x0000ffff8990636c  8a2800e4   bic    %x7 %x8 lsl $0x00 -> %x4
T1926856   0x0000ffff89906370  aa0400a6   orr    %x5 %x4 lsl $0x00 -> %x6
T1926856   0x0000ffff89906374  b4ffff26   cbz    $0x0000ffff89906358 %x6
T1926856   0x0000ffff89906358  f8408402   ldr    (%x0)[8byte] %x0 $0x0000000000000008 -> %x2 %x0
T1926856     read  8 byte(s) @ 0xffff8930e7f8
T1926856   0x0000ffff8990635c  f8408423   ldr    (%x1)[8byte] %x1 $0x0000000000000008 -> %x3 %x1
T1926856     read  8 byte(s) @ 0xffff8930e7f8
T1926856   0x0000ffff89906360  cb0a0047   sub    %x2 %x10 lsl $0x00 -> %x7
T1926856   0x0000ffff89906364  b200d848   orr    %x2 $0x7f7f7f7f7f7f7f7f -> %x8
T1926856   0x0000ffff89906368  ca030045   eor    %x2 %x3 lsl $0x00 -> %x5
T1926856   0x0000ffff8990636c  8a2800e4   bic    %x7 %x8 lsl $0x00 -> %x4
T1926856   0x0000ffff89906370  aa0400a6   orr    %x5 %x4 lsl $0x00 -> %x6
T1926856   0x0000ffff89906374  b4ffff26   cbz    $0x0000ffff89906358 %x6
T1926856   0x0000ffff89906378  dac00cc6   rev    %x6 -> %x6
T1926856   0x0000ffff8990637c  dac00c42   rev    %x2 -> %x2
T1926856   0x0000ffff89906380  dac010cb   clz    %x6 -> %x11
T1926856   0x0000ffff89906384  dac00c63   rev    %x3 -> %x3
T1926856   0x0000ffff89906388  9acb2042   lslv   %x2 %x11 -> %x2
T1926856   0x0000ffff8990638c  9acb2063   lslv   %x3 %x11 -> %x3
T1926856   0x0000ffff89906390  d378fc42   ubfm   %x2 $0x38 $0x3f -> %x2
T1926856   0x0000ffff89906394  cb43e040   sub    %x2 %x3 lsr $0x38 -> %x0
T1926856   0x0000ffff89906398  d65f03c0   ret    %x30
T1926856   0x0000ffff898f72a0  34fffb40   cbz    $0x0000ffff898f7208 %w0
T1926856   0x0000ffff898f7208  aa1303e0   orr    %xzr %x19 lsl $0x00 -> %x0
T1926856   0x0000ffff898f720c  a94153f3   ldp    +0x10(%sp)[16byte] -> %x19 %x20
T1926856     read  16 byte(s) @ 0xffffd2962c20
T1926856   0x0000ffff898f7210  a9425bf5   ldp    +0x20(%sp)[16byte] -> %x21 %x22
T1926856     read  16 byte(s) @ 0xffffd2962c30
T1926856   0x0000ffff898f7214  f9401bf7   ldr    +0x30(%sp)[8byte] -> %x23
T1926856     read  8 byte(s) @ 0xffffd2962c40
T1926856   0x0000ffff898f7218  a8c47bfd   ldp    (%sp)[16byte] %sp $0x0000000000000040 -> %x29 %x30 %sp
T1926856     read  16 byte(s) @ 0xffffd2962c10
T1926856   0x0000ffff898f721c  d65f03c0   ret    %x30
T1926856   0x0000ffff898f7648  b5003220   cbnz   $0x0000ffff898f7c8c %x0
T1926856   0x0000ffff898f7c8c  aa1903e7   orr    %xzr %x25 lsl $0x00 -> %x7
T1926856   0x0000ffff898f7c90  aa1a03f7   orr    %xzr %x26 lsl $0x00 -> %x23
T1926856   0x0000ffff898f7c94  aa1803f9   orr    %xzr %x24 lsl $0x00 -> %x25
T1926856   0x0000ffff898f7c98  aa1c03fa   orr    %xzr %x28 lsl $0x00 -> %x26
T1926856   0x0000ffff898f7c9c  2a1403f6   orr    %wzr %w20 lsl $0x00 -> %w22
T1926856   0x0000ffff898f7ca0  b940cbea   ldr    +0xc8(%sp)[4byte] -> %w10
T1926856     read  4 byte(s) @ 0xffffd2962d18
T1926856   0x0000ffff898f7ca4  aa0003e3   orr    %xzr %x0 lsl $0x00 -> %x3
T1926856   0x0000ffff898f7ca8  aa1b03ec   orr    %xzr %x27 lsl $0x00 -> %x12
T1926856   0x0000ffff898f7cac  a94d73f5   ldp    +0xd0(%sp)[16byte] -> %x21 %x28
T1926856     read  16 byte(s) @ 0xffffd2962d20
T1926856   0x0000ffff898f7cb0  f94073f8   ldr    +0xe0(%sp)[8byte] -> %x24
T1926856     read  8 byte(s) @ 0xffffd2962d30
T1926856   0x0000ffff898f7cb4  f94087f4   ldr    +0x0108(%sp)[8byte] -> %x20
T1926856     read  8 byte(s) @ 0xffffd2962d58
T1926856   0x0000ffff898f7cb8  17fffe1c   b      $0x0000ffff898f7528
T1926856   0x0000ffff898f7528  f9408fe0   ldr    +0x0118(%sp)[8byte] -> %x0
T1926856     read  8 byte(s) @ 0xffffd2962d68
T1926856   0x0000ffff898f752c  b4000a60   cbz    $0x0000ffff898f7678 %x0
T1926856   0x0000ffff898f7530  39401460   ldrb   +0x05(%x3)[1byte] -> %w0
T1926856     read  1 byte(s) @ 0xffff893078b5
T1926856   0x0000ffff898f7534  12000400   and    %w0 $0x00000003 -> %w0
T1926856   0x0000ffff898f7538  51000400   sub    %w0 $0x0001 lsl $0x00 -> %w0
T1926856   0x0000ffff898f753c  7100041f   subs   %w0 $0x0001 lsl $0x00 -> %wzr
T1926856   0x0000ffff898f7540  54fff3a9   b.ls   $0x0000ffff898f73b4
T1926856   0x0000ffff898f7544  39401060   ldrb   +0x04(%x3)[1byte] -> %w0
T1926856     read  1 byte(s) @ 0xffff893078b4
T1926856   0x0000ffff898f7548  53047c00   ubfm   %w0 $0x04 $0x1f -> %w0
T1926856   0x0000ffff898f754c  7100081f   subs   %w0 $0x0002 lsl $0x00 -> %wzr
T1926856   0x0000ffff898f7550  54001820   b.eq   $0x0000ffff898f7854
T1926856   0x0000ffff898f7554  7100281f   subs   %w0 $0x000a lsl $0x00 -> %wzr
T1926856   0x0000ffff898f7558  54000fa0   b.eq   $0x0000ffff898f774c
T1926856   0x0000ffff898f755c  7100041f   subs   %w0 $0x0001 lsl $0x00 -> %wzr
T1926856   0x0000ffff898f7560  54fff2a1   b.ne   $0x0000ffff898f73b4
T1926856   0x0000ffff898f7564  f94053e0   ldr    +0xa0(%sp)[8byte] -> %x0
T1926856     read  8 byte(s) @ 0xffffd2962cf0
T1926856   0x0000ffff898f7568  a9006403   stp    %x3 %x25 -> (%x0)[16byte]
T1926856     write 16 byte(s) @ 0xffffd2962e28
T1926856   0x0000ffff898f756c  52800020   movz   $0x0001 lsl $0x00 -> %w0
T1926856   0x0000ffff898f7570  a9427bfd   ldp    +0x20(%sp)[16byte] -> %x29 %x30
T1926856     read  16 byte(s) @ 0xffffd2962c70
T1926856   0x0000ffff898f7574  a94353f3   ldp    +0x30(%sp)[16byte] -> %x19 %x20
T1926856     read  16 byte(s) @ 0xffffd2962c80
T1926856   0x0000ffff898f7578  a9445bf5   ldp    +0x40(%sp)[16byte] -> %x21 %x22
T1926856     read  16 byte(s) @ 0xffffd2962c90
T1926856   0x0000ffff898f757c  a94563f7   ldp    +0x50(%sp)[16byte] -> %x23 %x24
T1926856     read  16 byte(s) @ 0xffffd2962ca0
T1926856   0x0000ffff898f7580  a9466bf9   ldp    +0x60(%sp)[16byte] -> %x25 %x26
T1926856     read  16 byte(s) @ 0xffffd2962cb0
T1926856   0x0000ffff898f7584  a94773fb   ldp    +0x70(%sp)[16byte] -> %x27 %x28
T1926856     read  16 byte(s) @ 0xffffd2962cc0
T1926856   0x0000ffff898f7588  910403ff   add    %sp $0x0100 lsl $0x00 -> %sp
T1926856   0x0000ffff898f758c  d65f03c0   ret    %x30
T1926856   0x0000ffff898f7e90  34fffe20   cbz    $0x0000ffff898f7e54 %w0
T1926856   0x0000ffff898f7e94  f9400263   ldr    (%x19)[8byte] -> %x3
T1926856     read  8 byte(s) @ 0xffffd2962f30
T1926856   0x0000ffff898f7e98  f9406fe0   ldr    +0xd8(%sp)[8byte] -> %x0
T1926856     read  8 byte(s) @ 0xffffd2962e28
T1926856   0x0000ffff898f7e9c  b40009c0   cbz    $0x0000ffff898f7fd4 %x0
T1926856   0x0000ffff898f7ea0  b40000a3   cbz    $0x0000ffff898f7eb4 %x3
T1926856   0x0000ffff898f7ea4  39401460   ldrb   +0x05(%x3)[1byte] -> %w0
T1926856     read  1 byte(s) @ 0xffff893078b5
T1926856   0x0000ffff898f7ea8  12000400   and    %w0 $0x00000003 -> %w0
T1926856   0x0000ffff898f7eac  71000c1f   subs   %w0 $0x0003 lsl $0x00 -> %wzr
T1926856   0x0000ffff898f7eb0  54000320   b.eq   $0x0000ffff898f7f14
T1926856   0x0000ffff898f7eb4  f94073fc   ldr    +0xe0(%sp)[8byte] -> %x28
T1926856     read  8 byte(s) @ 0xffffd2962e30
T1926856   0x0000ffff898f7eb8  5280001a   movz   $0x0000 lsl $0x00 -> %w26
T1926856   0x0000ffff898f7ebc  394d3380   ldrb   +0x034c(%x28)[1byte] -> %w0
T1926856     read  1 byte(s) @ 0xfffd4587434c
T1926856   0x0000ffff898f7ec0  90000159   adrp   <rel> 0x0000ffff8991f000 -> %x25
T1926856   0x0000ffff898f7ec4  12000400   and    %w0 $0x00000003 -> %w0
T1926856   0x0000ffff898f7ec8  7100081f   subs   %w0 $0x0002 lsl $0x00 -> %wzr
T1926856   0x0000ffff898f7ecc  540019e0   b.eq   $0x0000ffff898f8208
T1926856   0x0000ffff898f7ed0  b9440f80   ldr    +0x040c(%x28)[4byte] -> %w0
T1926856     read  4 byte(s) @ 0xfffd4587440c
T1926856   0x0000ffff898f7ed4  34001940   cbz    $0x0000ffff898f81fc %w0
T1926856   0x0000ffff898f7ed8  b946db20   ldr    +0x06d8(%x25)[4byte] -> %w0
T1926856     read  4 byte(s) @ 0xffff8991f6d8
T1926856   0x0000ffff898f7edc  52810081   movz   $0x0804 lsl $0x00 -> %w1
T1926856   0x0000ffff898f7ee0  6a01001f   ands   %w0 %w1 lsl $0x00 -> %wzr
T1926856   0x0000ffff898f7ee4  54000d41   b.ne   $0x0000ffff898f808c
T1926856   0x0000ffff898f7ee8  f9406fe0   ldr    +0xd8(%sp)[8byte] -> %x0
T1926856     read  8 byte(s) @ 0xffffd2962e28
T1926856   0x0000ffff898f7eec  f9000260   str    %x0 -> (%x19)[8byte]
T1926856     write 8 byte(s) @ 0xffffd2962f30
T1926856   0x0000ffff898f7ef0  aa1c03e0   orr    %xzr %x28 lsl $0x00 -> %x0
T1926856   0x0000ffff898f7ef4  a9427bfd   ldp    +0x20(%sp)[16byte] -> %x29 %x30
T1926856     read  16 byte(s) @ 0xffffd2962d70
T1926856   0x0000ffff898f7ef8  a94353f3   ldp    +0x30(%sp)[16byte] -> %x19 %x20
T1926856     read  16 byte(s) @ 0xffffd2962d80
T1926856   0x0000ffff898f7efc  a9445bf5   ldp    +0x40(%sp)[16byte] -> %x21 %x22
T1926856     read  16 byte(s) @ 0xffffd2962d90
T1926856   0x0000ffff898f7f00  a94563f7   ldp    +0x50(%sp)[16byte] -> %x23 %x24
T1926856     read  16 byte(s) @ 0xffffd2962da0
T1926856   0x0000ffff898f7f04  a9466bf9   ldp    +0x60(%sp)[16byte] -> %x25 %x26
T1926856     read  16 byte(s) @ 0xffffd2962db0
T1926856   0x0000ffff898f7f08  a94773fb   ldp    +0x70(%sp)[16byte] -> %x27 %x28
T1926856     read  16 byte(s) @ 0xffffd2962dc0
T1926856   0x0000ffff898f7f0c  910443ff   add    %sp $0x0110 lsl $0x00 -> %sp
T1926856   0x0000ffff898f7f10  d65f03c0   ret    %x30
T1926856   0x0000ffff898f9920  aa0003e4   orr    %xzr %x0 lsl $0x00 -> %x4
T1926856   0x0000ffff898f9924  a94b2fa8   ldp    +0xb0(%x29)[16byte] -> %x8 %x11
T1926856     read  16 byte(s) @ 0xffffd2962f20
T1926856   0x0000ffff898f9928  f9022280   str    %x0 -> +0x0440(%x20)[8byte]
T1926856     write 8 byte(s) @ 0xffff898e3440
T1926856   0x0000ffff898f992c  f94063a3   ldr    +0xc0(%x29)[8byte] -> %x3
T1926856     read  8 byte(s) @ 0xffffd2962f30
T1926856   0x0000ffff898f9930  f9022683   str    %x3 -> +0x0448(%x20)[8byte]
T1926856     write 8 byte(s) @ 0xffff898e3448
T1926856   0x0000ffff898f9934  b50016c3   cbnz   $0x0000ffff898f9c0c %x3
T1926856   0x0000ffff898f9c0c  79400c65   ldrh   +0x06(%x3)[2byte] -> %w5
T1926856     read  2 byte(s) @ 0xffff893078b6
T1926856   0x0000ffff898f9c10  529ffe20   movz   $0xfff1 lsl $0x00 -> %w0
T1926856   0x0000ffff898f9c14  39401062   ldrb   +0x04(%x3)[1byte] -> %w2
T1926856     read  1 byte(s) @ 0xffff893078b4
T1926856   0x0000ffff898f9c18  6b0000bf   subs   %w5 %w0 lsl $0x00 -> %wzr
T1926856   0x0000ffff898f9c1c  54ffedc1   b.ne   $0x0000ffff898f99d4
T1926856   0x0000ffff898f99d4  f9400081   ldr    (%x4)[8byte] -> %x1
T1926856     read  8 byte(s) @ 0xffff898e3000
T1926856   0x0000ffff898f99d8  12000c42   and    %w2 $0x0000000f -> %w2
T1926856   0x0000ffff898f99dc  f9400460   ldr    +0x08(%x3)[8byte] -> %x0
T1926856     read  8 byte(s) @ 0xffff893078b8
T1926856   0x0000ffff898f99e0  7100285f   subs   %w2 $0x000a lsl $0x00 -> %wzr
T1926856   0x0000ffff898f99e4  8b000026   add    %x1 %x0 lsl $0x00 -> %x6
T1926856   0x0000ffff898f99e8  54000700   b.eq   $0x0000ffff898f9ac8
T1926856   0x0000ffff898f99ec  7110167f   subs   %w19 $0x0405 lsl $0x00 -> %wzr
T1926856   0x0000ffff898f99f0  54001560   b.eq   $0x0000ffff898f9c9c
T1926856   0x0000ffff898f99f4  54000ae8   b.hi   $0x0000ffff898f9b50
T1926856   0x0000ffff898f99f8  7110127f   subs   %w19 $0x0404 lsl $0x00 -> %wzr
T1926856   0x0000ffff898f99fc  540011a0   b.eq   $0x0000ffff898f9c30
T1926856   0x0000ffff898f9a00  7110027f   subs   %w19 $0x0400 lsl $0x00 -> %wzr
T1926856   0x0000ffff898f9a04  540009e8   b.hi   $0x0000ffff898f9b40
T1926856   0x0000ffff898f9b40  f9400b60   ldr    +0x10(%x27)[8byte] -> %x0
T1926856     read  8 byte(s) @ 0xffff89317928
T1926856   0x0000ffff898f9b44  8b060000   add    %x0 %x6 lsl $0x00 -> %x0
T1926856   0x0000ffff898f9b48  f8286b80   str    %x0 -> (%x28,%x8)[8byte]
T1926856     write 8 byte(s) @ 0xffff89460fc8
T1926856   0x0000ffff898f9b4c  17ffff87   b      $0x0000ffff898f9968
T1926856   0x0000ffff898f9968  9100637b   add    %x27 $0x0018 lsl $0x00 -> %x27
T1926856   0x0000ffff898f996c  eb1b035f   subs   %x26 %x27 lsl $0x00 -> %xzr
T1926856   0x0000ffff898f9970  54fff6c8   b.hi   $0x0000ffff898f9848
T1926856   0x0000ffff898f9848  a9404f68   ldp    (%x27)[16byte] -> %x8 %x19
T1926856     read  16 byte(s) @ 0xffff89317930
T1926856   0x0000ffff898f984c  f9418e84   ldr    +0x0318(%x20)[8byte] -> %x4
T1926856     read  8 byte(s) @ 0xffff898e3318
T1926856   0x0000ffff898f9850  d360fe60   ubfm   %x19 $0x20 $0x3f -> %x0
T1926856   0x0000ffff898f9854  71100e7f   subs   %w19 $0x0403 lsl $0x00 -> %wzr
T1926856   0x0000ffff898f9858  2a1303f6   orr    %wzr %w19 lsl $0x00 -> %w22
T1926856   0x0000ffff898f985c  8b08038b   add    %x28 %x8 lsl $0x00 -> %x11
T1926856   0x0000ffff898f9860  8b000415   add    %x0 %x0 lsl $0x01 -> %x21
T1926856   0x0000ffff898f9864  78607b00   ldrh   (%x24,%x0,uxtx #1)[2byte] -> %w0
T1926856     read  2 byte(s) @ 0xffff8930f458
T1926856   0x0000ffff898f9868  d37df2b5   ubfm   %x21 $0x3d $0x3c -> %x21
T1926856   0x0000ffff898f986c  8b150337   add    %x25 %x21 lsl $0x00 -> %x23
T1926856   0x0000ffff898f9870  f90063b7   str    %x23 -> +0xc0(%x29)[8byte]
T1926856     write 8 byte(s) @ 0xffffd2962f30
T1926856   0x0000ffff898f9874  54001e60   b.eq   $0x0000ffff898f9c40
T1926856   0x0000ffff898f9878  34000793   cbz    $0x0000ffff898f9968 %w19
T1926856   0x0000ffff898f987c  394012e2   ldrb   +0x04(%x23)[1byte] -> %w2
T1926856     read  1 byte(s) @ 0xffff8930408c
T1926856   0x0000ffff898f9880  6b4213ff   subs   %wzr %w2 lsr $0x04 -> %wzr
T1926856   0x0000ffff898f9884  540009c0   b.eq   $0x0000ffff898f99bc
T1926856   0x0000ffff898f9888  394016e1   ldrb   +0x05(%x23)[1byte] -> %w1
T1926856     read  1 byte(s) @ 0xffff8930408d
T1926856   0x0000ffff898f988c  12000421   and    %w1 $0x00000003 -> %w1
T1926856   0x0000ffff898f9890  51000421   sub    %w1 $0x0001 lsl $0x00 -> %w1
T1926856   0x0000ffff898f9894  7100043f   subs   %w1 $0x0001 lsl $0x00 -> %wzr
T1926856   0x0000ffff898f9898  54000929   b.ls   $0x0000ffff898f99bc
T1926856   0x0000ffff898f989c  f9421a81   ldr    +0x0430(%x20)[8byte] -> %x1
T1926856     read  8 byte(s) @ 0xffff898e3430
T1926856   0x0000ffff898f98a0  eb0102ff   subs   %x23 %x1 lsl $0x00 -> %xzr
T1926856   0x0000ffff898f98a4  54002200   b.eq   $0x0000ffff898f9ce4
T1926856   0x0000ffff898f98a8  51100a61   sub    %w19 $0x0402 lsl $0x00 -> %w1
T1926856   0x0000ffff898f98ac  52800025   movz   $0x0001 lsl $0x00 -> %w5
T1926856   0x0000ffff898f98b0  721e783f   ands   %w1 $0xfffffffd -> %wzr
T1926856   0x0000ffff898f98b4  54000080   b.eq   $0x0000ffff898f98c4
T1926856   0x0000ffff898f98b8  51101661   sub    %w19 $0x0405 lsl $0x00 -> %w1
T1926856   0x0000ffff898f98bc  7100083f   subs   %w1 $0x0002 lsl $0x00 -> %wzr
T1926856   0x0000ffff898f98c0  1a9f87e5   csinc  %wzr %wzr hi -> %w5
T1926856   0x0000ffff898f98c4  7110027f   subs   %w19 $0x0400 lsl $0x00 -> %wzr
T1926856   0x0000ffff898f98c8  54001b00   b.eq   $0x0000ffff898f9c28
T1926856   0x0000ffff898f98cc  7110067f   subs   %w19 $0x0401 lsl $0x00 -> %wzr
T1926856   0x0000ffff898f98d0  321e00a1   orr    %w5 $0x00000004 -> %w1
T1926856   0x0000ffff898f98d4  1a850025   csel   %w1 %w5 eq -> %w5
T1926856   0x0000ffff898f98d8  12003800   and    %w0 $0x00007fff -> %w0
T1926856   0x0000ffff898f98dc  52800301   movz   $0x0018 lsl $0x00 -> %w1
T1926856   0x0000ffff898f98e0  f9021a97   str    %x23 -> +0x0430(%x20)[8byte]
T1926856     write 8 byte(s) @ 0xffff898e3430
T1926856   0x0000ffff898f98e4  b9043a85   str    %w5 -> +0x0438(%x20)[4byte]
T1926856     write 4 byte(s) @ 0xffff898e3438
T1926856   0x0000ffff898f98e8  9ba11004   umaddl %w0 %w1 %x4 -> %x4
T1926856   0x0000ffff898f98ec  b4000084   cbz    $0x0000ffff898f98fc %x4
T1926856   0x0000ffff898f98f0  b9400880   ldr    +0x08(%x4)[4byte] -> %w0
T1926856     read  4 byte(s) @ 0xffff898e3668
T1926856   0x0000ffff898f98f4  7100001f   subs   %w0 $0x0000 lsl $0x00 -> %wzr
T1926856   0x0000ffff898f98f8  9a9f1084   csel   %x4 %xzr ne -> %x4
T1926856   0x0000ffff898f98fc  a94a07a3   ldp    +0xa0(%x29)[16byte] -> %x3 %x1
T1926856     read  16 byte(s) @ 0xffffd2962f10
T1926856   0x0000ffff898f9900  910303a2   add    %x29 $0x00c0 lsl $0x00 -> %x2
T1926856   0x0000ffff898f9904  b8756b20   ldr    (%x25,%x21)[4byte] -> %w0
T1926856     read  4 byte(s) @ 0xffff89304088
T1926856   0x0000ffff898f9908  d2800007   movz   $0x0000 lsl $0x00 -> %x7
T1926856   0x0000ffff898f990c  52800126   movz   $0x0009 lsl $0x00 -> %w6
T1926856   0x0000ffff898f9910  a90b2fa8   stp    %x8 %x11 -> +0xb0(%x29)[16byte]
T1926856     write 16 byte(s) @ 0xffffd2962f20
T1926856   0x0000ffff898f9914  8b000020   add    %x1 %x0 lsl $0x00 -> %x0
T1926856   0x0000ffff898f9918  aa1403e1   orr    %xzr %x20 lsl $0x00 -> %x1
T1926856   0x0000ffff898f991c  97fff921   bl     $0x0000ffff898f7da0 -> %x30
T1926856   0x0000ffff898f7da0  d10443ff   sub    %sp $0x0110 lsl $0x00 -> %sp
T1926856   0x0000ffff898f7da4  a9027bfd   stp    %x29 %x30 -> +0x20(%sp)[16byte]
T1926856     write 16 byte(s) @ 0xffffd2962d70
T1926856   0x0000ffff898f7da8  910083fd   add    %sp $0x0020 lsl $0x00 -> %x29
T1926856   0x0000ffff898f7dac  a90353f3   stp    %x19 %x20 -> +0x30(%sp)[16byte]
T1926856     write 16 byte(s) @ 0xffffd2962d80
T1926856   0x0000ffff898f7db0  aa0203f3   orr    %xzr %x2 lsl $0x00 -> %x19
T1926856   0x0000ffff898f7db4  aa0703f4   orr    %xzr %x7 lsl $0x00 -> %x20
T1926856   0x0000ffff898f7db8  a9045bf5   stp    %x21 %x22 -> +0x40(%sp)[16byte]
T1926856     write 16 byte(s) @ 0xffffd2962d90
T1926856   0x0000ffff898f7dbc  aa0403f5   orr    %xzr %x4 lsl $0x00 -> %x21
T1926856   0x0000ffff898f7dc0  2a0603f6   orr    %wzr %w6 lsl $0x00 -> %w22
T1926856   0x0000ffff898f7dc4  a90563f7   stp    %x23 %x24 -> +0x50(%sp)[16byte]
T1926856     write 16 byte(s) @ 0xffffd2962da0
T1926856   0x0000ffff898f7dc8  aa0103f7   orr    %xzr %x1 lsl $0x00 -> %x23
T1926856   0x0000ffff898f7dcc  a9066bf9   stp    %x25 %x26 -> +0x60(%sp)[16byte]
T1926856     write 16 byte(s) @ 0xffffd2962db0
T1926856   0x0000ffff898f7dd0  a90773fb   stp    %x27 %x28 -> +0x70(%sp)[16byte]
T1926856     write 16 byte(s) @ 0xffffd2962dc0
T1926856   0x0000ffff898f7dd4  aa0003fb   orr    %xzr %x0 lsl $0x00 -> %x27
T1926856   0x0000ffff898f7dd8  39400008   ldrb   (%x0)[1byte] -> %w8
T1926856     read  1 byte(s) @ 0xffff8930e54e
T1926856   0x0000ffff898f7ddc  b90083e5   str    %w5 -> +0x80(%sp)[4byte]
T1926856     write 4 byte(s) @ 0xffffd2962dd0
T1926856   0x0000ffff898f7de0  f9004be3   str    %x3 -> +0x90(%sp)[8byte]
T1926856     write 8 byte(s) @ 0xffffd2962de0
T1926856   0x0000ffff898f7de4  34000f48   cbz    $0x0000ffff898f7fcc %w8
T1926856   0x0000ffff898f7de8  d282a0a1   movz   $0x1505 lsl $0x00 -> %x1
T1926856   0x0000ffff898f7dec  d503201f   nop
T1926856   0x0000ffff898f7df0  8b011421   add    %x1 %x1 lsl $0x05 -> %x1
T1926856   0x0000ffff898f7df4  8b280021   add    %x1 %x8 uxtb $0x00 -> %x1
T1926856   0x0000ffff898f7df8  38401c08   ldrb   +0x01(%x0)[1byte] %x0 $0x0000000000000001 -> %w8 %x0
T1926856     read  1 byte(s) @ 0xffff8930e54f
T1926856   0x0000ffff898f7dfc  35ffffa8   cbnz   $0x0000ffff898f7df0 %w8
T1926856   0x0000ffff898f7df0  8b011421   add    %x1 %x1 lsl $0x05 -> %x1
T1926856   0x0000ffff898f7df4  8b280021   add    %x1 %x8 uxtb $0x00 -> %x1
T1926856   0x0000ffff898f7df8  38401c08   ldrb   +0x01(%x0)[1byte] %x0 $0x0000000000000001 -> %w8 %x0
T1926856     read  1 byte(s) @ 0xffff8930e550
T1926856   0x0000ffff898f7dfc  35ffffa8   cbnz   $0x0000ffff898f7df0 %w8
T1926856   0x0000ffff898f7df0  8b011421   add    %x1 %x1 lsl $0x05 -> %x1
T1926856   0x0000ffff898f7df4  8b280021   add    %x1 %x8 uxtb $0x00 -> %x1
T1926856   0x0000ffff898f7df8  38401c08   ldrb   +0x01(%x0)[1byte] %x0 $0x0000000000000001 -> %w8 %x0
T1926856     read  1 byte(s) @ 0xffff8930e551
T1926856   0x0000ffff898f7dfc  35ffffa8   cbnz   $0x0000ffff898f7df0 %w8
T1926856   0x0000ffff898f7df0  8b011421   add    %x1 %x1 lsl $0x05 -> %x1
T1926856   0x0000ffff898f7df4  8b280021   add    %x1 %x8 uxtb $0x00 -> %x1
T1926856   0x0000ffff898f7df8  38401c08   ldrb   +0x01(%x0)[1byte] %x0 $0x0000000000000001 -> %w8 %x0
T1926856     read  1 byte(s) @ 0xffff8930e552
T1926856   0x0000ffff898f7dfc  35ffffa8   cbnz   $0x0000ffff898f7df0 %w8
T1926856   0x0000ffff898f7df0  8b011421   add    %x1 %x1 lsl $0x05 -> %x1
T1926856   0x0000ffff898f7df4  8b280021   add    %x1 %x8 uxtb $0x00 -> %x1
T1926856   0x0000ffff898f7df8  38401c08   ldrb   +0x01(%x0)[1byte] %x0 $0x0000000000000001 -> %w8 %x0
T1926856     read  1 byte(s) @ 0xffff8930e553
T1926856   0x0000ffff898f7dfc  35ffffa8   cbnz   $0x0000ffff898f7df0 %w8
T1926856   0x0000ffff898f7df0  8b011421   add    %x1 %x1 lsl $0x05 -> %x1
T1926856   0x0000ffff898f7df4  8b280021   add    %x1 %x8 uxtb $0x00 -> %x1
T1926856   0x0000ffff898f7df8  38401c08   ldrb   +0x01(%x0)[1byte] %x0 $0x0000000000000001 -> %w8 %x0
T1926856     read  1 byte(s) @ 0xffff8930e554
T1926856   0x0000ffff898f7dfc  35ffffa8   cbnz   $0x0000ffff898f7df0 %w8
T1926856   0x0000ffff898f7df0  8b011421   add    %x1 %x1 lsl $0x05 -> %x1
T1926856   0x0000ffff898f7df4  8b280021   add    %x1 %x8 uxtb $0x00 -> %x1
T1926856   0x0000ffff898f7df8  38401c08   ldrb   +0x01(%x0)[1byte] %x0 $0x0000000000000001 -> %w8 %x0
T1926856     read  1 byte(s) @ 0xffff8930e555
T1926856   0x0000ffff898f7dfc  35ffffa8   cbnz   $0x0000ffff898f7df0 %w8
T1926856   0x0000ffff898f7df0  8b011421   add    %x1 %x1 lsl $0x05 -> %x1
T1926856   0x0000ffff898f7df4  8b280021   add    %x1 %x8 uxtb $0x00 -> %x1
T1926856   0x0000ffff898f7df8  38401c08   ldrb   +0x01(%x0)[1byte] %x0 $0x0000000000000001 -> %w8 %x0
T1926856     read  1 byte(s) @ 0xffff8930e556
T1926856   0x0000ffff898f7dfc  35ffffa8   cbnz   $0x0000ffff898f7df0 %w8
T1926856   0x0000ffff898f7df0  8b011421   add    %x1 %x1 lsl $0x05 -> %x1
T1926856   0x0000ffff898f7df4  8b280021   add    %x1 %x8 uxtb $0x00 -> %x1
T1926856   0x0000ffff898f7df8  38401c08   ldrb   +0x01(%x0)[1byte] %x0 $0x0000000000000001 -> %w8 %x0
T1926856     read  1 byte(s) @ 0xffff8930e557
T1926856   0x0000ffff898f7dfc  35ffffa8   cbnz   $0x0000ffff898f7df0 %w8
T1926856   0x0000ffff898f7df0  8b011421   add    %x1 %x1 lsl $0x05 -> %x1
T1926856   0x0000ffff898f7df4  8b280021   add    %x1 %x8 uxtb $0x00 -> %x1
T1926856   0x0000ffff898f7df8  38401c08   ldrb   +0x01(%x0)[1byte] %x0 $0x0000000000000001 -> %w8 %x0
T1926856     read  1 byte(s) @ 0xffff8930e558
T1926856   0x0000ffff898f7dfc  35ffffa8   cbnz   $0x0000ffff898f7df0 %w8
T1926856   0x0000ffff898f7df0  8b011421   add    %x1 %x1 lsl $0x05 -> %x1
T1926856   0x0000ffff898f7df4  8b280021   add    %x1 %x8 uxtb $0x00 -> %x1
T1926856   0x0000ffff898f7df8  38401c08   ldrb   +0x01(%x0)[1byte] %x0 $0x0000000000000001 -> %w8 %x0
T1926856     read  1 byte(s) @ 0xffff8930e559
T1926856   0x0000ffff898f7dfc  35ffffa8   cbnz   $0x0000ffff898f7df0 %w8
T1926856   0x0000ffff898f7df0  8b011421   add    %x1 %x1 lsl $0x05 -> %x1
T1926856   0x0000ffff898f7df4  8b280021   add    %x1 %x8 uxtb $0x00 -> %x1
T1926856   0x0000ffff898f7df8  38401c08   ldrb   +0x01(%x0)[1byte] %x0 $0x0000000000000001 -> %w8 %x0
T1926856     read  1 byte(s) @ 0xffff8930e55a
T1926856   0x0000ffff898f7dfc  35ffffa8   cbnz   $0x0000ffff898f7df0 %w8
T1926856   0x0000ffff898f7df0  8b011421   add    %x1 %x1 lsl $0x05 -> %x1
T1926856   0x0000ffff898f7df4  8b280021   add    %x1 %x8 uxtb $0x00 -> %x1
T1926856   0x0000ffff898f7df8  38401c08   ldrb   +0x01(%x0)[1byte] %x0 $0x0000000000000001 -> %w8 %x0
T1926856     read  1 byte(s) @ 0xffff8930e55b
T1926856   0x0000ffff898f7dfc  35ffffa8   cbnz   $0x0000ffff898f7df0 %w8
T1926856   0x0000ffff898f7df0  8b011421   add    %x1 %x1 lsl $0x05 -> %x1
T1926856   0x0000ffff898f7df4  8b280021   add    %x1 %x8 uxtb $0x00 -> %x1
T1926856   0x0000ffff898f7df8  38401c08   ldrb   +0x01(%x0)[1byte] %x0 $0x0000000000000001 -> %w8 %x0
T1926856     read  1 byte(s) @ 0xffff8930e55c
T1926856   0x0000ffff898f7dfc  35ffffa8   cbnz   $0x0000ffff898f7df0 %w8
T1926856   0x0000ffff898f7e00  92407c3a   and    %x1 $0x00000000ffffffff -> %x26
T1926856   0x0000ffff898f7e04  b0000140   adrp   <rel> 0x0000ffff89920000 -> %x0
T1926856   0x0000ffff898f7e08  91018002   add    %x0 $0x0060 lsl $0x00 -> %x2
T1926856   0x0000ffff898f7e0c  b2407fe0   orr    %xzr $0x00000000ffffffff -> %x0
T1926856   0x0000ffff898f7e10  f90067e0   str    %x0 -> +0xc8(%sp)[8byte]
T1926856     write 8 byte(s) @ 0xffffd2962e18
T1926856   0x0000ffff898f7e14  a90dffff   stp    %xzr %xzr -> +0xd8(%sp)[16byte]
T1926856     write 16 byte(s) @ 0xffffd2962e28
T1926856   0x0000ffff898f7e18  f9450040   ldr    +0x0a00(%x2)[8byte] -> %x0
T1926856     read  8 byte(s) @ 0xffff89920a60
T1926856   0x0000ffff898f7e1c  91000400   add    %x0 $0x0001 lsl $0x00 -> %x0
T1926856   0x0000ffff898f7e20  f9050040   str    %x0 -> +0x0a00(%x2)[8byte]
T1926856     write 8 byte(s) @ 0xffff89920a60
T1926856   0x0000ffff898f7e24  b4000055   cbz    $0x0000ffff898f7e2c %x21
T1926856   0x0000ffff898f7e28  37086c56   tbnz   $0x0000ffff898f8bb0 %x22 $0x01
T1926856   0x0000ffff898f7e2c  f9404be0   ldr    +0x90(%sp)[8byte] -> %x0
T1926856     read  8 byte(s) @ 0xffffd2962de0
T1926856   0x0000ffff898f7e30  f9400263   ldr    (%x19)[8byte] -> %x3
T1926856     read  8 byte(s) @ 0xffffd2962f30
T1926856   0x0000ffff898f7e34  f9400005   ldr    (%x0)[8byte] -> %x5
T1926856     read  8 byte(s) @ 0xffff898e3398
T1926856   0x0000ffff898f7e38  b5001114   cbnz   $0x0000ffff898f8058 %x20
T1926856   0x0000ffff898f7e3c  b4000cc5   cbz    $0x0000ffff898f7fd4 %x5
T1926856   0x0000ffff898f7e40  f90047ff   str    %xzr -> +0x88(%sp)[8byte]
T1926856     write 8 byte(s) @ 0xffffd2962dd8
T1926856   0x0000ffff898f7e44  910363f8   add    %sp $0x00d8 lsl $0x00 -> %x24
T1926856   0x0000ffff898f7e48  910323f9   add    %sp $0x00c8 lsl $0x00 -> %x25
T1926856   0x0000ffff898f7e4c  a948f3e6   ldp    +0x88(%sp)[16byte] -> %x6 %x28
T1926856     read  16 byte(s) @ 0xffffd2962dd8
T1926856   0x0000ffff898f7e50  14000005   b      $0x0000ffff898f7e64
T1926856   0x0000ffff898f7e64  b94083e0   ldr    +0x80(%sp)[4byte] -> %w0
T1926856     read  4 byte(s) @ 0xffffd2962dd0
T1926856   0x0000ffff898f7e68  aa1503e7   orr    %xzr %x21 lsl $0x00 -> %x7
T1926856   0x0000ffff898f7e6c  b90003f6   str    %w22 -> (%sp)[4byte]
T1926856     write 4 byte(s) @ 0xffffd2962d50
T1926856   0x0000ffff898f7e70  aa1803e4   orr    %xzr %x24 lsl $0x00 -> %x4
T1926856   0x0000ffff898f7e74  f90007f4   str    %x20 -> +0x08(%sp)[8byte]
T1926856     write 8 byte(s) @ 0xffffd2962d58
T1926856   0x0000ffff898f7e78  aa1903e2   orr    %xzr %x25 lsl $0x00 -> %x2
T1926856   0x0000ffff898f7e7c  b90013e0   str    %w0 -> +0x10(%sp)[4byte]
T1926856     write 4 byte(s) @ 0xffffd2962d60
T1926856   0x0000ffff898f7e80  aa1a03e1   orr    %xzr %x26 lsl $0x00 -> %x1
T1926856   0x0000ffff898f7e84  f9000ff7   str    %x23 -> +0x18(%sp)[8byte]
T1926856     write 8 byte(s) @ 0xffffd2962d68
T1926856   0x0000ffff898f7e88  aa1b03e0   orr    %xzr %x27 lsl $0x00 -> %x0
T1926856   0x0000ffff898f7e8c  97fffd15   bl     $0x0000ffff898f72e0 -> %x30
T1926856   0x0000ffff898f72e0  d10403ff   sub    %sp $0x0100 lsl $0x00 -> %sp
T1926856   0x0000ffff898f72e4  a9027bfd   stp    %x29 %x30 -> +0x20(%sp)[16byte]
T1926856     write 16 byte(s) @ 0xffffd2962c70
T1926856   0x0000ffff898f72e8  910083fd   add    %sp $0x0020 lsl $0x00 -> %x29
T1926856   0x0000ffff898f72ec  b94008aa   ldr    +0x08(%x5)[4byte] -> %w10
T1926856     read  4 byte(s) @ 0xffff899214f8
T1926856   0x0000ffff898f72f0  a9045bf5   stp    %x21 %x22 -> +0x40(%sp)[16byte]
T1926856     write 16 byte(s) @ 0xffffd2962c90
T1926856   0x0000ffff898f72f4  aa0003f5   orr    %xzr %x0 lsl $0x00 -> %x21
T1926856   0x0000ffff898f72f8  b94103e0   ldr    +0x0100(%sp)[4byte] -> %w0
T1926856     read  4 byte(s) @ 0xffffd2962d50
T1926856   0x0000ffff898f72fc  b94113f6   ldr    +0x0110(%sp)[4byte] -> %w22
T1926856     read  4 byte(s) @ 0xffffd2962d60
T1926856   0x0000ffff898f7300  a90353f3   stp    %x19 %x20 -> +0x30(%sp)[16byte]
T1926856     write 16 byte(s) @ 0xffffd2962c80
T1926856   0x0000ffff898f7304  a90563f7   stp    %x23 %x24 -> +0x50(%sp)[16byte]
T1926856     write 16 byte(s) @ 0xffffd2962ca0
T1926856   0x0000ffff898f7308  aa0a03f7   orr    %xzr %x10 lsl $0x00 -> %x23
T1926856   0x0000ffff898f730c  a9066bf9   stp    %x25 %x26 -> +0x60(%sp)[16byte]
T1926856     write 16 byte(s) @ 0xffffd2962cb0
T1926856   0x0000ffff898f7310  a90773fb   stp    %x27 %x28 -> +0x70(%sp)[16byte]
T1926856     write 16 byte(s) @ 0xffffd2962cc0
T1926856   0x0000ffff898f7314  a90993e3   stp    %x3 %x4 -> +0x98(%sp)[16byte]
T1926856     write 16 byte(s) @ 0xffffd2962ce8
T1926856   0x0000ffff898f7318  b900b3e0   str    %w0 -> +0xb0(%sp)[4byte]
T1926856     write 4 byte(s) @ 0xffffd2962d00
T1926856   0x0000ffff898f731c  a90b9fe2   stp    %x2 %x7 -> +0xb8(%sp)[16byte]
T1926856     write 16 byte(s) @ 0xffffd2962d08
T1926856   0x0000ffff898f7320  f94087ed   ldr    +0x0108(%sp)[8byte] -> %x13
T1926856     read  8 byte(s) @ 0xffffd2962d58
T1926856   0x0000ffff898f7324  d346fc20   ubfm   %x1 $0x06 $0x3f -> %x0
T1926856   0x0000ffff898f7328  f9004be0   str    %x0 -> +0x90(%sp)[8byte]
T1926856     write 8 byte(s) @ 0xffffd2962ce0
T1926856   0x0000ffff898f732c  f94000ba   ldr    (%x5)[8byte] -> %x26
T1926856     read  8 byte(s) @ 0xffff899214f0
T1926856   0x0000ffff898f7330  9103d3e0   add    %sp $0x00f4 lsl $0x00 -> %x0
T1926856   0x0000ffff898f7334  f90043e0   str    %x0 -> +0x80(%sp)[8byte]
T1926856     write 8 byte(s) @ 0xffffd2962cd0
T1926856   0x0000ffff898f7338  9103e3e0   add    %sp $0x00f8 lsl $0x00 -> %x0
T1926856   0x0000ffff898f733c  aa1703f8   orr    %xzr %x23 lsl $0x00 -> %x24
T1926856   0x0000ffff898f7340  aa0603fc   orr    %xzr %x6 lsl $0x00 -> %x28
T1926856   0x0000ffff898f7344  aa1503f7   orr    %xzr %x21 lsl $0x00 -> %x23
T1926856   0x0000ffff898f7348  aa0d03f4   orr    %xzr %x13 lsl $0x00 -> %x20
T1926856   0x0000ffff898f734c  aa1a03f5   orr    %xzr %x26 lsl $0x00 -> %x21
T1926856   0x0000ffff898f7350  aa0103fa   orr    %xzr %x1 lsl $0x00 -> %x26
T1926856   0x0000ffff898f7354  f90047e0   str    %x0 -> +0x88(%sp)[8byte]
T1926856     write 8 byte(s) @ 0xffffd2962cd8
T1926856   0x0000ffff898f7358  d0000080   adrp   <rel> 0x0000ffff89909000 -> %x0
T1926856   0x0000ffff898f735c  91290000   add    %x0 $0x0a40 lsl $0x00 -> %x0
T1926856   0x0000ffff898f7360  f90057e0   str    %x0 -> +0xa8(%sp)[8byte]
T1926856     write 8 byte(s) @ 0xffffd2962cf8
T1926856   0x0000ffff898f7364  14000017   b      $0x0000ffff898f73c0
T1926856   0x0000ffff898f73c0  f87c7aa0   ldr    (%x21,%x28,uxtx #3)[8byte] -> %x0
T1926856     read  8 byte(s) @ 0xffff898e3560
T1926856   0x0000ffff898f73c4  f9401419   ldr    +0x28(%x0)[8byte] -> %x25
T1926856     read  8 byte(s) @ 0xffff89921228
T1926856   0x0000ffff898f73c8  eb14033f   subs   %x25 %x20 lsl $0x00 -> %xzr
T1926856   0x0000ffff898f73cc  54ffff40   b.eq   $0x0000ffff898f73b4
T1926856   0x0000ffff898f73d0  121f02ca   and    %w22 $0x00000002 -> %w10
T1926856   0x0000ffff898f73d4  36080096   tbz    $0x0000ffff898f73e4 %x22 $0x01
T1926856   0x0000ffff898f73e4  394d3720   ldrb   +0x034d(%x25)[1byte] -> %w0
T1926856     read  1 byte(s) @ 0xffff8992154d
T1926856   0x0000ffff898f73e8  372ffe60   tbnz   $0x0000ffff898f73b4 %x0 $0x05
T1926856   0x0000ffff898f73ec  90000153   adrp   <rel> 0x0000ffff8991f000 -> %x19
T1926856   0x0000ffff898f73f0  b946da60   ldr    +0x06d8(%x19)[4byte] -> %w0
T1926856     read  4 byte(s) @ 0xffff8991f6d8
T1926856   0x0000ffff898f73f4  361ffba0   tbz    $0x0000ffff898f7368 %x0 $0x03
T1926856   0x0000ffff898f7368  b9432722   ldr    +0x0324(%x25)[4byte] -> %w2
T1926856     read  4 byte(s) @ 0xffff89921524
T1926856   0x0000ffff898f736c  34000242   cbz    $0x0000ffff898f73b4 %w2
T1926856   0x0000ffff898f7370  a9468720   ldp    +0x68(%x25)[16byte] -> %x0 %x1
T1926856     read  16 byte(s) @ 0xffff89921268
T1926856   0x0000ffff898f7374  b900f7ff   str    %wzr -> +0xf4(%sp)[4byte]
T1926856     write 4 byte(s) @ 0xffffd2962d44
T1926856   0x0000ffff898f7378  f9419b23   ldr    +0x0330(%x25)[8byte] -> %x3
T1926856     read  8 byte(s) @ 0xffff89921530
T1926856   0x0000ffff898f737c  f9007fff   str    %xzr -> +0xf8(%sp)[8byte]
T1926856     write 8 byte(s) @ 0xffffd2962d48
T1926856   0x0000ffff898f7380  f9400407   ldr    +0x08(%x0)[8byte] -> %x7
T1926856     read  8 byte(s) @ 0xffff8580aa50
T1926856   0x0000ffff898f7384  f940042c   ldr    +0x08(%x1)[8byte] -> %x12
T1926856     read  8 byte(s) @ 0xffff8580aa60
T1926856   0x0000ffff898f7388  b4000683   cbz    $0x0000ffff898f7458 %x3
T1926856   0x0000ffff898f738c  f9404be4   ldr    +0x90(%sp)[8byte] -> %x4
T1926856     read  8 byte(s) @ 0xffffd2962ce0
T1926856   0x0000ffff898f7390  b9432b21   ldr    +0x0328(%x25)[4byte] -> %w1
T1926856     read  4 byte(s) @ 0xffff89921528
T1926856   0x0000ffff898f7394  b9432f20   ldr    +0x032c(%x25)[4byte] -> %w0
T1926856     read  4 byte(s) @ 0xffff8992152c
T1926856   0x0000ffff898f7398  8a040021   and    %x1 %x4 lsl $0x00 -> %x1
T1926856   0x0000ffff898f739c  9ac02740   lsrv   %x26 %x0 -> %x0
T1926856   0x0000ffff898f73a0  f8617861   ldr    (%x3,%x1,uxtx #3)[8byte] -> %x1
T1926856     read  8 byte(s) @ 0xffff857e42a8
T1926856   0x0000ffff898f73a4  9ac02420   lsrv   %x1 %x0 -> %x0
T1926856   0x0000ffff898f73a8  9ada2421   lsrv   %x1 %x26 -> %x1
T1926856   0x0000ffff898f73ac  8a010000   and    %x0 %x1 lsl $0x00 -> %x0
T1926856   0x0000ffff898f73b0  37000f00   tbnz   $0x0000ffff898f7590 %x0 $0x00
T1926856   0x0000ffff898f73b4  9100079c   add    %x28 $0x0001 lsl $0x00 -> %x28
T1926856   0x0000ffff898f73b8  eb1c031f   subs   %x24 %x28 lsl $0x00 -> %xzr
T1926856   0x0000ffff898f73bc  540014c9   b.ls   $0x0000ffff898f7654
T1926856   0x0000ffff898f73c0  f87c7aa0   ldr    (%x21,%x28,uxtx #3)[8byte] -> %x0
T1926856     read  8 byte(s) @ 0xffff898e3568
T1926856   0x0000ffff898f73c4  f9401419   ldr    +0x28(%x0)[8byte] -> %x25
T1926856     read  8 byte(s) @ 0xffff898e3028
T1926856   0x0000ffff898f73c8  eb14033f   subs   %x25 %x20 lsl $0x00 -> %xzr
T1926856   0x0000ffff898f73cc  54ffff40   b.eq   $0x0000ffff898f73b4
T1926856   0x0000ffff898f73d0  121f02ca   and    %w22 $0x00000002 -> %w10
T1926856   0x0000ffff898f73d4  36080096   tbz    $0x0000ffff898f73e4 %x22 $0x01
T1926856   0x0000ffff898f73e4  394d3720   ldrb   +0x034d(%x25)[1byte] -> %w0
T1926856     read  1 byte(s) @ 0xffff898e334d
T1926856   0x0000ffff898f73e8  372ffe60   tbnz   $0x0000ffff898f73b4 %x0 $0x05
T1926856   0x0000ffff898f73ec  90000153   adrp   <rel> 0x0000ffff8991f000 -> %x19
T1926856   0x0000ffff898f73f0  b946da60   ldr    +0x06d8(%x19)[4byte] -> %w0
T1926856     read  4 byte(s) @ 0xffff8991f6d8
T1926856   0x0000ffff898f73f4  361ffba0   tbz    $0x0000ffff898f7368 %x0 $0x03
T1926856   0x0000ffff898f7368  b9432722   ldr    +0x0324(%x25)[4byte] -> %w2
T1926856     read  4 byte(s) @ 0xffff898e3324
T1926856   0x0000ffff898f736c  34000242   cbz    $0x0000ffff898f73b4 %w2
T1926856   0x0000ffff898f7370  a9468720   ldp    +0x68(%x25)[16byte] -> %x0 %x1
T1926856     read  16 byte(s) @ 0xffff898e3068
T1926856   0x0000ffff898f7374  b900f7ff   str    %wzr -> +0xf4(%sp)[4byte]
T1926856     write 4 byte(s) @ 0xffffd2962d44
T1926856   0x0000ffff898f7378  f9419b23   ldr    +0x0330(%x25)[8byte] -> %x3
T1926856     read  8 byte(s) @ 0xffff898e3330
T1926856   0x0000ffff898f737c  f9007fff   str    %xzr -> +0xf8(%sp)[8byte]
T1926856     write 8 byte(s) @ 0xffffd2962d48
T1926856   0x0000ffff898f7380  f9400407   ldr    +0x08(%x0)[8byte] -> %x7
T1926856     read  8 byte(s) @ 0xffff89460ba0
T1926856   0x0000ffff898f7384  f940042c   ldr    +0x08(%x1)[8byte] -> %x12
T1926856     read  8 byte(s) @ 0xffff89460bb0
T1926856   0x0000ffff898f7388  b4000683   cbz    $0x0000ffff898f7458 %x3
T1926856   0x0000ffff898f738c  f9404be4   ldr    +0x90(%sp)[8byte] -> %x4
T1926856     read  8 byte(s) @ 0xffffd2962ce0
T1926856   0x0000ffff898f7390  b9432b21   ldr    +0x0328(%x25)[4byte] -> %w1
T1926856     read  4 byte(s) @ 0xffff898e3328
T1926856   0x0000ffff898f7394  b9432f20   ldr    +0x032c(%x25)[4byte] -> %w0
T1926856     read  4 byte(s) @ 0xffff898e332c
T1926856   0x0000ffff898f7398  8a040021   and    %x1 %x4 lsl $0x00 -> %x1
T1926856   0x0000ffff898f739c  9ac02740   lsrv   %x26 %x0 -> %x0
T1926856   0x0000ffff898f73a0  f8617861   ldr    (%x3,%x1,uxtx #3)[8byte] -> %x1
T1926856     read  8 byte(s) @ 0xffff892f7798
T1926856   0x0000ffff898f73a4  9ac02420   lsrv   %x1 %x0 -> %x0
T1926856   0x0000ffff898f73a8  9ada2421   lsrv   %x1 %x26 -> %x1
T1926856   0x0000ffff898f73ac  8a010000   and    %x0 %x1 lsl $0x00 -> %x0
T1926856   0x0000ffff898f73b0  37000f00   tbnz   $0x0000ffff898f7590 %x0 $0x00
T1926856   0x0000ffff898f7590  2a0203e2   orr    %wzr %w2 lsl $0x00 -> %w2
T1926856   0x0000ffff898f7594  f9419f21   ldr    +0x0338(%x25)[8byte] -> %x1
T1926856     read  8 byte(s) @ 0xffff898e3338
T1926856   0x0000ffff898f7598  9ac20b40   udiv   %x26 %x2 -> %x0
T1926856   0x0000ffff898f759c  9b02e800   msub   %x0 %x2 %x26 -> %x0
T1926856   0x0000ffff898f75a0  b860783b   ldr    (%x1,%x0,uxtx #2)[4byte] -> %w27
T1926856     read  4 byte(s) @ 0xffff892f8948
T1926856   0x0000ffff898f75a4  34fff09b   cbz    $0x0000ffff898f73b4 %w27
T1926856   0x0000ffff898f75a8  f941a320   ldr    +0x0340(%x25)[8byte] -> %x0
T1926856     read  8 byte(s) @ 0xffff898e3340
T1926856   0x0000ffff898f75ac  b900cbea   str    %w10 -> +0xc8(%sp)[4byte]
T1926856     write 4 byte(s) @ 0xffffd2962d18
T1926856   0x0000ffff898f75b0  a90d73f5   stp    %x21 %x28 -> +0xd0(%sp)[16byte]
T1926856     write 16 byte(s) @ 0xffffd2962d20
T1926856   0x0000ffff898f75b4  aa1a03fc   orr    %xzr %x26 lsl $0x00 -> %x28
T1926856   0x0000ffff898f75b8  aa1703fa   orr    %xzr %x23 lsl $0x00 -> %x26
T1926856   0x0000ffff898f75bc  8b3b481b   add    %x0 %x27 uxtw $0x02 -> %x27
T1926856   0x0000ffff898f75c0  f90073f8   str    %x24 -> +0xe0(%sp)[8byte]
T1926856     write 8 byte(s) @ 0xffffd2962d30
T1926856   0x0000ffff898f75c4  aa1b03f7   orr    %xzr %x27 lsl $0x00 -> %x23
T1926856   0x0000ffff898f75c8  aa1903f8   orr    %xzr %x25 lsl $0x00 -> %x24
T1926856   0x0000ffff898f75cc  aa0c03fb   orr    %xzr %x12 lsl $0x00 -> %x27
T1926856   0x0000ffff898f75d0  aa0703f9   orr    %xzr %x7 lsl $0x00 -> %x25
T1926856   0x0000ffff898f75d4  f90087f4   str    %x20 -> +0x0108(%sp)[8byte]
T1926856     write 8 byte(s) @ 0xffffd2962d58
T1926856   0x0000ffff898f75d8  2a1603f4   orr    %wzr %w22 lsl $0x00 -> %w20
T1926856   0x0000ffff898f75dc  b940b3f6   ldr    +0xb0(%sp)[4byte] -> %w22
T1926856     read  4 byte(s) @ 0xffffd2962d00
T1926856   0x0000ffff898f75e0  f94063f5   ldr    +0xc0(%sp)[8byte] -> %x21
T1926856     read  8 byte(s) @ 0xffffd2962d10
T1926856   0x0000ffff898f75e4  14000003   b      $0x0000ffff898f75f0
T1926856   0x0000ffff898f75f0  b94002e1   ldr    (%x23)[4byte] -> %w1
T1926856     read  4 byte(s) @ 0xffff892fa5dc
T1926856   0x0000ffff898f75f4  2a0103e0   orr    %wzr %w1 lsl $0x00 -> %w0
T1926856   0x0000ffff898f75f8  ca1c0000   eor    %x0 %x28 lsl $0x00 -> %x0
T1926856   0x0000ffff898f75fc  eb4007ff   subs   %xzr %x0 lsr $0x01 -> %xzr
T1926856   0x0000ffff898f7600  54ffff41   b.ne   $0x0000ffff898f75e8
T1926856   0x0000ffff898f75e8  910012f7   add    %x23 $0x0004 lsl $0x00 -> %x23
T1926856   0x0000ffff898f75ec  37002ac1   tbnz   $0x0000ffff898f7b44 %x1 $0x00
T1926856   0x0000ffff898f75f0  b94002e1   ldr    (%x23)[4byte] -> %w1
T1926856     read  4 byte(s) @ 0xffff892fa5e0
T1926856   0x0000ffff898f75f4  2a0103e0   orr    %wzr %w1 lsl $0x00 -> %w0
T1926856   0x0000ffff898f75f8  ca1c0000   eor    %x0 %x28 lsl $0x00 -> %x0
T1926856   0x0000ffff898f75fc  eb4007ff   subs   %xzr %x0 lsr $0x01 -> %xzr
T1926856   0x0000ffff898f7600  54ffff41   b.ne   $0x0000ffff898f75e8
T1926856   0x0000ffff898f75e8  910012f7   add    %x23 $0x0004 lsl $0x00 -> %x23
T1926856   0x0000ffff898f75ec  37002ac1   tbnz   $0x0000ffff898f7b44 %x1 $0x00
T1926856   0x0000ffff898f75f0  b94002e1   ldr    (%x23)[4byte] -> %w1
T1926856     read  4 byte(s) @ 0xffff892fa5e4
T1926856   0x0000ffff898f75f4  2a0103e0   orr    %wzr %w1 lsl $0x00 -> %w0
T1926856   0x0000ffff898f75f8  ca1c0000   eor    %x0 %x28 lsl $0x00 -> %x0
T1926856   0x0000ffff898f75fc  eb4007ff   subs   %xzr %x0 lsr $0x01 -> %xzr
T1926856   0x0000ffff898f7600  54ffff41   b.ne   $0x0000ffff898f75e8
T1926856   0x0000ffff898f7604  f941a306   ldr    +0x0340(%x24)[8byte] -> %x6
T1926856     read  8 byte(s) @ 0xffff898e3340
T1926856   0x0000ffff898f7608  aa1903e7   orr    %xzr %x25 lsl $0x00 -> %x7
T1926856   0x0000ffff898f760c  f94047e0   ldr    +0x88(%sp)[8byte] -> %x0
T1926856     read  8 byte(s) @ 0xffffd2962cd8
T1926856   0x0000ffff898f7610  cb0602e6   sub    %x23 %x6 lsl $0x00 -> %x6
T1926856   0x0000ffff898f7614  f9404fe1   ldr    +0x98(%sp)[8byte] -> %x1
T1926856     read  8 byte(s) @ 0xffffd2962ce8
T1926856   0x0000ffff898f7618  d34284c5   ubfm   %x6 $0x02 $0x21 -> %x5
T1926856   0x0000ffff898f761c  a90003f8   stp    %x24 %x0 -> (%sp)[16byte]
T1926856     write 16 byte(s) @ 0xffffd2962c50
T1926856   0x0000ffff898f7620  aa0503e6   orr    %xzr %x5 lsl $0x00 -> %x6
T1926856   0x0000ffff898f7624  8b0504a5   add    %x5 %x5 lsl $0x01 -> %x5
T1926856   0x0000ffff898f7628  f94043e0   ldr    +0x80(%sp)[8byte] -> %x0
T1926856     read  8 byte(s) @ 0xffffd2962cd0
T1926856   0x0000ffff898f762c  f9000be0   str    %x0 -> +0x10(%sp)[8byte]
T1926856     write 8 byte(s) @ 0xffffd2962c60
T1926856   0x0000ffff898f7630  2a1403e4   orr    %wzr %w20 lsl $0x00 -> %w4
T1926856   0x0000ffff898f7634  2a1603e3   orr    %wzr %w22 lsl $0x00 -> %w3
T1926856   0x0000ffff898f7638  aa1503e2   orr    %xzr %x21 lsl $0x00 -> %x2
T1926856   0x0000ffff898f763c  8b050f65   add    %x27 %x5 lsl $0x03 -> %x5
T1926856   0x0000ffff898f7640  aa1a03e0   orr    %xzr %x26 lsl $0x00 -> %x0
T1926856   0x0000ffff898f7644  97fffec1   bl     $0x0000ffff898f7148 -> %x30
T1926856   0x0000ffff898f7148  a9bc7bfd   stp    %x29 %x30 %sp $0xffffffffffffffc0 -> -0x40(%sp)[16byte] %sp
T1926856     write 16 byte(s) @ 0xffffd2962c10
T1926856   0x0000ffff898f714c  910003fd   add    %sp $0x0000 lsl $0x00 -> %x29
T1926856   0x0000ffff898f7150  a90153f3   stp    %x19 %x20 -> +0x10(%sp)[16byte]
T1926856     write 16 byte(s) @ 0xffffd2962c20
T1926856   0x0000ffff898f7154  aa0503f3   orr    %xzr %x5 lsl $0x00 -> %x19
T1926856   0x0000ffff898f7158  aa0203f4   orr    %xzr %x2 lsl $0x00 -> %x20
T1926856   0x0000ffff898f715c  a9025bf5   stp    %x21 %x22 -> +0x20(%sp)[16byte]
T1926856     write 16 byte(s) @ 0xffffd2962c30
T1926856   0x0000ffff898f7160  2a0603f6   orr    %wzr %w6 lsl $0x00 -> %w22
T1926856   0x0000ffff898f7164  f94004a9   ldr    +0x08(%x5)[8byte] -> %x9
T1926856     read  8 byte(s) @ 0xffff89304090
T1926856   0x0000ffff898f7168  f9001bf7   str    %x23 -> +0x30(%sp)[8byte]
T1926856     write 8 byte(s) @ 0xffffd2962c40
T1926856   0x0000ffff898f716c  2a0303f7   orr    %wzr %w3 lsl $0x00 -> %w23
T1926856   0x0000ffff898f7170  394010a8   ldrb   +0x04(%x5)[1byte] -> %w8
T1926856     read  1 byte(s) @ 0xffff8930408c
T1926856   0x0000ffff898f7174  79400ca5   ldrh   +0x06(%x5)[2byte] -> %w5
T1926856     read  2 byte(s) @ 0xffff8930408e
T1926856   0x0000ffff898f7178  12000d02   and    %w8 $0x0000000f -> %w2
T1926856   0x0000ffff898f717c  f94023f5   ldr    +0x40(%sp)[8byte] -> %x21
T1926856     read  8 byte(s) @ 0xffffd2962c50
T1926856   0x0000ffff898f7180  b4000769   cbz    $0x0000ffff898f726c %x9
T1926856   0x0000ffff898f7184  710000bf   subs   %w5 $0x0000 lsl $0x00 -> %wzr
T1926856   0x0000ffff898f7188  52808ce8   movz   $0x0467 lsl $0x00 -> %w8
T1926856   0x0000ffff898f718c  1ac22908   asrv   %w8 %w2 -> %w8
T1926856   0x0000ffff898f7190  1a9f17e2   csinc  %wzr %wzr ne -> %w2
T1926856   0x0000ffff898f7194  2a2803e8   orn    %wzr %w8 lsl $0x00 -> %w8
T1926856   0x0000ffff898f7198  0a040042   and    %w2 %w4 lsl $0x00 -> %w2
T1926856   0x0000ffff898f719c  12000104   and    %w8 $0x00000001 -> %w4
T1926856   0x0000ffff898f71a0  2a020084   orr    %w4 %w2 lsl $0x00 -> %w4
T1926856   0x0000ffff898f71a4  350006c4   cbnz   $0x0000ffff898f727c %w4
T1926856   0x0000ffff898f71a8  eb01027f   subs   %x19 %x1 lsl $0x00 -> %xzr
T1926856   0x0000ffff898f71ac  540000c0   b.eq   $0x0000ffff898f71c4
T1926856   0x0000ffff898f71c4  f941baa0   ldr    +0x0370(%x21)[8byte] -> %x0
T1926856     read  8 byte(s) @ 0xffff898e3370
T1926856   0x0000ffff898f71c8  b40002d4   cbz    $0x0000ffff898f7220 %x20
T1926856   0x0000ffff898f71cc  b40006e0   cbz    $0x0000ffff898f72a8 %x0
T1926856   0x0000ffff898f71d0  78765816   ldrh   (%x0,%x22,uxtw #1)[2byte] -> %w22
T1926856     read  2 byte(s) @ 0xffff8930f458
T1926856   0x0000ffff898f71d4  52800303   movz   $0x0018 lsl $0x00 -> %w3
T1926856   0x0000ffff898f71d8  f9418ea1   ldr    +0x0318(%x21)[8byte] -> %x1
T1926856     read  8 byte(s) @ 0xffff898e3318
T1926856   0x0000ffff898f71dc  12003ac0   and    %w22 $0x00007fff -> %w0
T1926856   0x0000ffff898f71e0  b9400a82   ldr    +0x08(%x20)[4byte] -> %w2
T1926856     read  4 byte(s) @ 0xffff898e3668
T1926856   0x0000ffff898f71e4  9ba37c00   umaddl %w0 %w3 %xzr -> %x0
T1926856   0x0000ffff898f71e8  8b000023   add    %x1 %x0 lsl $0x00 -> %x3
T1926856   0x0000ffff898f71ec  b9400875   ldr    +0x08(%x3)[4byte] -> %w21
T1926856     read  4 byte(s) @ 0xffff898e3668
T1926856   0x0000ffff898f71f0  6b0202bf   subs   %w21 %w2 lsl $0x00 -> %wzr
T1926856   0x0000ffff898f71f4  54000500   b.eq   $0x0000ffff898f7294
T1926856   0x0000ffff898f7294  f8606820   ldr    (%x1,%x0)[8byte] -> %x0
T1926856     read  8 byte(s) @ 0xffff898e3660
T1926856   0x0000ffff898f7298  f9400281   ldr    (%x20)[8byte] -> %x1
T1926856     read  8 byte(s) @ 0xffff898e3660
T1926856   0x0000ffff898f729c  94003c29   bl     $0x0000ffff89906340 -> %x30
T1926856   0x0000ffff89906340  ca010007   eor    %x0 %x1 lsl $0x00 -> %x7
T1926856   0x0000ffff89906344  b200c3ea   orr    %xzr $0x0101010101010101 -> %x10
T1926856   0x0000ffff89906348  f24008ff   ands   %x7 $0x0000000000000007 -> %xzr
T1926856   0x0000ffff8990634c  540003e1   b.ne   $0x0000ffff899063c8
T1926856   0x0000ffff89906350  f2400807   ands   %x0 $0x0000000000000007 -> %x7
T1926856   0x0000ffff89906354  54000241   b.ne   $0x0000ffff8990639c
T1926856   0x0000ffff89906358  f8408402   ldr    (%x0)[8byte] %x0 $0x0000000000000008 -> %x2 %x0
T1926856     read  8 byte(s) @ 0xffff8930e7f0
T1926856   0x0000ffff8990635c  f8408423   ldr    (%x1)[8byte] %x1 $0x0000000000000008 -> %x3 %x1
T1926856     read  8 byte(s) @ 0xffff8930e7f0
T1926856   0x0000ffff89906360  cb0a0047   sub    %x2 %x10 lsl $0x00 -> %x7
T1926856   0x0000ffff89906364  b200d848   orr    %x2 $0x7f7f7f7f7f7f7f7f -> %x8
T1926856   0x0000ffff89906368  ca030045   eor    %x2 %x3 lsl $0x00 -> %x5
T1926856   0x0000ffff8990636c  8a2800e4   bic    %x7 %x8 lsl $0x00 -> %x4
T1926856   0x0000ffff89906370  aa0400a6   orr    %x5 %x4 lsl $0x00 -> %x6
T1926856   0x0000ffff89906374  b4ffff26   cbz    $0x0000ffff89906358 %x6
T1926856   0x0000ffff89906358  f8408402   ldr    (%x0)[8byte] %x0 $0x0000000000000008 -> %x2 %x0
T1926856     read  8 byte(s) @ 0xffff8930e7f8
T1926856   0x0000ffff8990635c  f8408423   ldr    (%x1)[8byte] %x1 $0x0000000000000008 -> %x3 %x1
T1926856     read  8 byte(s) @ 0xffff8930e7f8
T1926856   0x0000ffff89906360  cb0a0047   sub    %x2 %x10 lsl $0x00 -> %x7
T1926856   0x0000ffff89906364  b200d848   orr    %x2 $0x7f7f7f7f7f7f7f7f -> %x8
T1926856   0x0000ffff89906368  ca030045   eor    %x2 %x3 lsl $0x00 -> %x5
T1926856   0x0000ffff8990636c  8a2800e4   bic    %x7 %x8 lsl $0x00 -> %x4
T1926856   0x0000ffff89906370  aa0400a6   orr    %x5 %x4 lsl $0x00 -> %x6
T1926856   0x0000ffff89906374  b4ffff26   cbz    $0x0000ffff89906358 %x6
T1926856   0x0000ffff89906378  dac00cc6   rev    %x6 -> %x6
T1926856   0x0000ffff8990637c  dac00c42   rev    %x2 -> %x2
T1926856   0x0000ffff89906380  dac010cb   clz    %x6 -> %x11
T1926856   0x0000ffff89906384  dac00c63   rev    %x3 -> %x3
T1926856   0x0000ffff89906388  9acb2042   lslv   %x2 %x11 -> %x2
T1926856   0x0000ffff8990638c  9acb2063   lslv   %x3 %x11 -> %x3
T1926856   0x0000ffff89906390  d378fc42   ubfm   %x2 $0x38 $0x3f -> %x2
T1926856   0x0000ffff89906394  cb43e040   sub    %x2 %x3 lsr $0x38 -> %x0
T1926856   0x0000ffff89906398  d65f03c0   ret    %x30
T1926856   0x0000ffff898f72a0  34fffb40   cbz    $0x0000ffff898f7208 %w0
T1926856   0x0000ffff898f7208  aa1303e0   orr    %xzr %x19 lsl $0x00 -> %x0
T1926856   0x0000ffff898f720c  a94153f3   ldp    +0x10(%sp)[16byte] -> %x19 %x20
T1926856     read  16 byte(s) @ 0xffffd2962c20
T1926856   0x0000ffff898f7210  a9425bf5   ldp    +0x20(%sp)[16byte] -> %x21 %x22
T1926856     read  16 byte(s) @ 0xffffd2962c30
T1926856   0x0000ffff898f7214  f9401bf7   ldr    +0x30(%sp)[8byte] -> %x23
T1926856     read  8 byte(s) @ 0xffffd2962c40
T1926856   0x0000ffff898f7218  a8c47bfd   ldp    (%sp)[16byte] %sp $0x0000000000000040 -> %x29 %x30 %sp
T1926856     read  16 byte(s) @ 0xffffd2962c10
T1926856   0x0000ffff898f721c  d65f03c0   ret    %x30
T1926856   0x0000ffff898f7648  b5003220   cbnz   $0x0000ffff898f7c8c %x0
T1926856   0x0000ffff898f7c8c  aa1903e7   orr    %xzr %x25 lsl $0x00 -> %x7
T1926856   0x0000ffff898f7c90  aa1a03f7   orr    %xzr %x26 lsl $0x00 -> %x23
T1926856   0x0000ffff898f7c94  aa1803f9   orr    %xzr %x24 lsl $0x00 -> %x25
T1926856   0x0000ffff898f7c98  aa1c03fa   orr    %xzr %x28 lsl $0x00 -> %x26
T1926856   0x0000ffff898f7c9c  2a1403f6   orr    %wzr %w20 lsl $0x00 -> %w22
T1926856   0x0000ffff898f7ca0  b940cbea   ldr    +0xc8(%sp)[4byte] -> %w10
T1926856     read  4 byte(s) @ 0xffffd2962d18
T1926856   0x0000ffff898f7ca4  aa0003e3   orr    %xzr %x0 lsl $0x00 -> %x3
T1926856   0x0000ffff898f7ca8  aa1b03ec   orr    %xzr %x27 lsl $0x00 -> %x12
T1926856   0x0000ffff898f7cac  a94d73f5   ldp    +0xd0(%sp)[16byte] -> %x21 %x28
T1926856     read  16 byte(s) @ 0xffffd2962d20
T1926856   0x0000ffff898f7cb0  f94073f8   ldr    +0xe0(%sp)[8byte] -> %x24
T1926856     read  8 byte(s) @ 0xffffd2962d30
T1926856   0x0000ffff898f7cb4  f94087f4   ldr    +0x0108(%sp)[8byte] -> %x20
T1926856     read  8 byte(s) @ 0xffffd2962d58
T1926856   0x0000ffff898f7cb8  17fffe1c   b      $0x0000ffff898f7528
T1926856   0x0000ffff898f7528  f9408fe0   ldr    +0x0118(%sp)[8byte] -> %x0
T1926856     read  8 byte(s) @ 0xffffd2962d68
T1926856   0x0000ffff898f752c  b4000a60   cbz    $0x0000ffff898f7678 %x0
T1926856   0x0000ffff898f7530  39401460   ldrb   +0x05(%x3)[1byte] -> %w0
T1926856     read  1 byte(s) @ 0xffff8930408d
T1926856   0x0000ffff898f7534  12000400   and    %w0 $0x00000003 -> %w0
T1926856   0x0000ffff898f7538  51000400   sub    %w0 $0x0001 lsl $0x00 -> %w0
T1926856   0x0000ffff898f753c  7100041f   subs   %w0 $0x0001 lsl $0x00 -> %wzr
T1926856   0x0000ffff898f7540  54fff3a9   b.ls   $0x0000ffff898f73b4
T1926856   0x0000ffff898f7544  39401060   ldrb   +0x04(%x3)[1byte] -> %w0
T1926856     read  1 byte(s) @ 0xffff8930408c
T1926856   0x0000ffff898f7548  53047c00   ubfm   %w0 $0x04 $0x1f -> %w0
T1926856   0x0000ffff898f754c  7100081f   subs   %w0 $0x0002 lsl $0x00 -> %wzr
T1926856   0x0000ffff898f7550  54001820   b.eq   $0x0000ffff898f7854
T1926856   0x0000ffff898f7854  911b6273   add    %x19 $0x06d8 lsl $0x00 -> %x19
T1926856   0x0000ffff898f7858  b9404e60   ldr    +0x4c(%x19)[4byte] -> %w0
T1926856     read  4 byte(s) @ 0xffff8991f724
T1926856   0x0000ffff898f785c  34ffe840   cbz    $0x0000ffff898f7564 %w0
T1926856   0x0000ffff898f7564  f94053e0   ldr    +0xa0(%sp)[8byte] -> %x0
T1926856     read  8 byte(s) @ 0xffffd2962cf0
T1926856   0x0000ffff898f7568  a9006403   stp    %x3 %x25 -> (%x0)[16byte]
T1926856     write 16 byte(s) @ 0xffffd2962e28
T1926856   0x0000ffff898f756c  52800020   movz   $0x0001 lsl $0x00 -> %w0
T1926856   0x0000ffff898f7570  a9427bfd   ldp    +0x20(%sp)[16byte] -> %x29 %x30
T1926856     read  16 byte(s) @ 0xffffd2962c70
T1926856   0x0000ffff898f7574  a94353f3   ldp    +0x30(%sp)[16byte] -> %x19 %x20
T1926856     read  16 byte(s) @ 0xffffd2962c80
T1926856   0x0000ffff898f7578  a9445bf5   ldp    +0x40(%sp)[16byte] -> %x21 %x22
T1926856     read  16 byte(s) @ 0xffffd2962c90
T1926856   0x0000ffff898f757c  a94563f7   ldp    +0x50(%sp)[16byte] -> %x23 %x24
T1926856     read  16 byte(s) @ 0xffffd2962ca0
T1926856   0x0000ffff898f7580  a9466bf9   ldp    +0x60(%sp)[16byte] -> %x25 %x26
T1926856     read  16 byte(s) @ 0xffffd2962cb0
T1926856   0x0000ffff898f7584  a94773fb   ldp    +0x70(%sp)[16byte] -> %x27 %x28
T1926856     read  16 byte(s) @ 0xffffd2962cc0
T1926856   0x0000ffff898f7588  910403ff   add    %sp $0x0100 lsl $0x00 -> %sp
T1926856   0x0000ffff898f758c  d65f03c0   ret    %x30
T1926856   0x0000ffff898f7e90  34fffe20   cbz    $0x0000ffff898f7e54 %w0
T1926856   0x0000ffff898f7e94  f9400263   ldr    (%x19)[8byte] -> %x3
T1926856     read  8 byte(s) @ 0xffffd2962f30
T1926856   0x0000ffff898f7e98  f9406fe0   ldr    +0xd8(%sp)[8byte] -> %x0
T1926856     read  8 byte(s) @ 0xffffd2962e28
T1926856   0x0000ffff898f7e9c  b40009c0   cbz    $0x0000ffff898f7fd4 %x0
T1926856   0x0000ffff898f7ea0  b40000a3   cbz    $0x0000ffff898f7eb4 %x3
T1926856   0x0000ffff898f7ea4  39401460   ldrb   +0x05(%x3)[1byte] -> %w0
T1926856     read  1 byte(s) @ 0xffff8930408d
T1926856   0x0000ffff898f7ea8  12000400   and    %w0 $0x00000003 -> %w0
T1926856   0x0000ffff898f7eac  71000c1f   subs   %w0 $0x0003 lsl $0x00 -> %wzr
T1926856   0x0000ffff898f7eb0  54000320   b.eq   $0x0000ffff898f7f14
T1926856   0x0000ffff898f7eb4  f94073fc   ldr    +0xe0(%sp)[8byte] -> %x28
T1926856     read  8 byte(s) @ 0xffffd2962e30
T1926856   0x0000ffff898f7eb8  5280001a   movz   $0x0000 lsl $0x00 -> %w26
T1926856   0x0000ffff898f7ebc  394d3380   ldrb   +0x034c(%x28)[1byte] -> %w0
T1926856     read  1 byte(s) @ 0xfffd4587434c
T1926856   0x0000ffff898f7ec0  90000159   adrp   <rel> 0x0000ffff8991f000 -> %x25
T1926856   0x0000ffff898f7ec4  12000400   and    %w0 $0x00000003 -> %w0
T1926856   0x0000ffff898f7ec8  7100081f   subs   %w0 $0x0002 lsl $0x00 -> %wzr
T1926856   0x0000ffff898f7ecc  540019e0   b.eq   $0x0000ffff898f8208
T1926856   0x0000ffff898f7ed0  b9440f80   ldr    +0x040c(%x28)[4byte] -> %w0
T1926856     read  4 byte(s) @ 0xfffd4587440c
T1926856   0x0000ffff898f7ed4  34001940   cbz    $0x0000ffff898f81fc %w0
T1926856   0x0000ffff898f7ed8  b946db20   ldr    +0x06d8(%x25)[4byte] -> %w0
T1926856     read  4 byte(s) @ 0xffff8991f6d8
T1926856   0x0000ffff898f7edc  52810081   movz   $0x0804 lsl $0x00 -> %w1
T1926856   0x0000ffff898f7ee0  6a01001f   ands   %w0 %w1 lsl $0x00 -> %wzr
T1926856   0x0000ffff898f7ee4  54000d41   b.ne   $0x0000ffff898f808c
T1926856   0x0000ffff898f7ee8  f9406fe0   ldr    +0xd8(%sp)[8byte] -> %x0
T1926856     read  8 byte(s) @ 0xffffd2962e28
T1926856   0x0000ffff898f7eec  f9000260   str    %x0 -> (%x19)[8byte]
T1926856     write 8 byte(s) @ 0xffffd2962f30
T1926856   0x0000ffff898f7ef0  aa1c03e0   orr    %xzr %x28 lsl $0x00 -> %x0
T1926856   0x0000ffff898f7ef4  a9427bfd   ldp    +0x20(%sp)[16byte] -> %x29 %x30
T1926856     read  16 byte(s) @ 0xffffd2962d70
T1926856   0x0000ffff898f7ef8  a94353f3   ldp    +0x30(%sp)[16byte] -> %x19 %x20
T1926856     read  16 byte(s) @ 0xffffd2962d80
T1926856   0x0000ffff898f7efc  a9445bf5   ldp    +0x40(%sp)[16byte] -> %x21 %x22
T1926856     read  16 byte(s) @ 0xffffd2962d90
T1926856   0x0000ffff898f7f00  a94563f7   ldp    +0x50(%sp)[16byte] -> %x23 %x24
T1926856     read  16 byte(s) @ 0xffffd2962da0
T1926856   0x0000ffff898f7f04  a9466bf9   ldp    +0x60(%sp)[16byte] -> %x25 %x26
T1926856     read  16 byte(s) @ 0xffffd2962db0
T1926856   0x0000ffff898f7f08  a94773fb   ldp    +0x70(%sp)[16byte] -> %x27 %x28
T1926856     read  16 byte(s) @ 0xffffd2962dc0
T1926856   0x0000ffff898f7f0c  910443ff   add    %sp $0x0110 lsl $0x00 -> %sp
T1926856   0x0000ffff898f7f10  d65f03c0   ret    %x30
T1926856   0x0000ffff898f9920  aa0003e4   orr    %xzr %x0 lsl $0x00 -> %x4
T1926856   0x0000ffff898f9924  a94b2fa8   ldp    +0xb0(%x29)[16byte] -> %x8 %x11
T1926856     read  16 byte(s) @ 0xffffd2962f20
T1926856   0x0000ffff898f9928  f9022280   str    %x0 -> +0x0440(%x20)[8byte]
T1926856     write 8 byte(s) @ 0xffff898e3440
T1926856   0x0000ffff898f992c  f94063a3   ldr    +0xc0(%x29)[8byte] -> %x3
T1926856     read  8 byte(s) @ 0xffffd2962f30
T1926856   0x0000ffff898f9930  f9022683   str    %x3 -> +0x0448(%x20)[8byte]
T1926856     write 8 byte(s) @ 0xffff898e3448
T1926856   0x0000ffff898f9934  b50016c3   cbnz   $0x0000ffff898f9c0c %x3
T1926856   0x0000ffff898f9c0c  79400c65   ldrh   +0x06(%x3)[2byte] -> %w5
T1926856     read  2 byte(s) @ 0xffff8930408e
T1926856   0x0000ffff898f9c10  529ffe20   movz   $0xfff1 lsl $0x00 -> %w0
T1926856   0x0000ffff898f9c14  39401062   ldrb   +0x04(%x3)[1byte] -> %w2
T1926856     read  1 byte(s) @ 0xffff8930408c
T1926856   0x0000ffff898f9c18  6b0000bf   subs   %w5 %w0 lsl $0x00 -> %wzr
T1926856   0x0000ffff898f9c1c  54ffedc1   b.ne   $0x0000ffff898f99d4
T1926856   0x0000ffff898f99d4  f9400081   ldr    (%x4)[8byte] -> %x1
T1926856     read  8 byte(s) @ 0xffff898e3000
T1926856   0x0000ffff898f99d8  12000c42   and    %w2 $0x0000000f -> %w2
T1926856   0x0000ffff898f99dc  f9400460   ldr    +0x08(%x3)[8byte] -> %x0
T1926856     read  8 byte(s) @ 0xffff89304090
T1926856   0x0000ffff898f99e0  7100285f   subs   %w2 $0x000a lsl $0x00 -> %wzr
T1926856   0x0000ffff898f99e4  8b000026   add    %x1 %x0 lsl $0x00 -> %x6
T1926856   0x0000ffff898f99e8  54000700   b.eq   $0x0000ffff898f9ac8
T1926856   0x0000ffff898f99ec  7110167f   subs   %w19 $0x0405 lsl $0x00 -> %wzr
T1926856   0x0000ffff898f99f0  54001560   b.eq   $0x0000ffff898f9c9c
T1926856   0x0000ffff898f99f4  54000ae8   b.hi   $0x0000ffff898f9b50
T1926856   0x0000ffff898f99f8  7110127f   subs   %w19 $0x0404 lsl $0x00 -> %wzr
T1926856   0x0000ffff898f99fc  540011a0   b.eq   $0x0000ffff898f9c30
T1926856   0x0000ffff898f9a00  7110027f   subs   %w19 $0x0400 lsl $0x00 -> %wzr
T1926856   0x0000ffff898f9a04  540009e8   b.hi   $0x0000ffff898f9b40
T1926856   0x0000ffff898f9b40  f9400b60   ldr    +0x10(%x27)[8byte] -> %x0
T1926856     read  8 byte(s) @ 0xffff89317940
T1926856   0x0000ffff898f9b44  8b060000   add    %x0 %x6 lsl $0x00 -> %x0
T1926856   0x0000ffff898f9b48  f8286b80   str    %x0 -> (%x28,%x8)[8byte]
T1926856     write 8 byte(s) @ 0xffff89460fd0
T1926856   0x0000ffff898f9b4c  17ffff87   b      $0x0000ffff898f9968
T1926856   0x0000ffff898f9968  9100637b   add    %x27 $0x0018 lsl $0x00 -> %x27
T1926856   0x0000ffff898f996c  eb1b035f   subs   %x26 %x27 lsl $0x00 -> %xzr
T1926856   0x0000ffff898f9970  54fff6c8   b.hi   $0x0000ffff898f9848
T1926856   0x0000ffff898f9848  a9404f68   ldp    (%x27)[16byte] -> %x8 %x19
T1926856     read  16 byte(s) @ 0xffff89317948
T1926856   0x0000ffff898f984c  f9418e84   ldr    +0x0318(%x20)[8byte] -> %x4
T1926856     read  8 byte(s) @ 0xffff898e3318
T1926856   0x0000ffff898f9850  d360fe60   ubfm   %x19 $0x20 $0x3f -> %x0
T1926856   0x0000ffff898f9854  71100e7f   subs   %w19 $0x0403 lsl $0x00 -> %wzr
T1926856   0x0000ffff898f9858  2a1303f6   orr    %wzr %w19 lsl $0x00 -> %w22
T1926856   0x0000ffff898f985c  8b08038b   add    %x28 %x8 lsl $0x00 -> %x11
T1926856   0x0000ffff898f9860  8b000415   add    %x0 %x0 lsl $0x01 -> %x21
T1926856   0x0000ffff898f9864  78607b00   ldrh   (%x24,%x0,uxtx #1)[2byte] -> %w0
T1926856     read  2 byte(s) @ 0xffff8930e896
T1926856   0x0000ffff898f9868  d37df2b5   ubfm   %x21 $0x3d $0x3c -> %x21
T1926856   0x0000ffff898f986c  8b150337   add    %x25 %x21 lsl $0x00 -> %x23
T1926856   0x0000ffff898f9870  f90063b7   str    %x23 -> +0xc0(%x29)[8byte]
T1926856     write 8 byte(s) @ 0xffffd2962f30
T1926856   0x0000ffff898f9874  54001e60   b.eq   $0x0000ffff898f9c40
T1926856   0x0000ffff898f9878  34000793   cbz    $0x0000ffff898f9968 %w19
T1926856   0x0000ffff898f987c  394012e2   ldrb   +0x04(%x23)[1byte] -> %w2
T1926856     read  1 byte(s) @ 0xffff892fb374
T1926856   0x0000ffff898f9880  6b4213ff   subs   %wzr %w2 lsr $0x04 -> %wzr
T1926856   0x0000ffff898f9884  540009c0   b.eq   $0x0000ffff898f99bc
T1926856   0x0000ffff898f9888  394016e1   ldrb   +0x05(%x23)[1byte] -> %w1
T1926856     read  1 byte(s) @ 0xffff892fb375
T1926856   0x0000ffff898f988c  12000421   and    %w1 $0x00000003 -> %w1
T1926856   0x0000ffff898f9890  51000421   sub    %w1 $0x0001 lsl $0x00 -> %w1
T1926856   0x0000ffff898f9894  7100043f   subs   %w1 $0x0001 lsl $0x00 -> %wzr
T1926856   0x0000ffff898f9898  54000929   b.ls   $0x0000ffff898f99bc
T1926856   0x0000ffff898f989c  f9421a81   ldr    +0x0430(%x20)[8byte] -> %x1
T1926856     read  8 byte(s) @ 0xffff898e3430
T1926856   0x0000ffff898f98a0  eb0102ff   subs   %x23 %x1 lsl $0x00 -> %xzr
T1926856   0x0000ffff898f98a4  54002200   b.eq   $0x0000ffff898f9ce4
T1926856   0x0000ffff898f98a8  51100a61   sub    %w19 $0x0402 lsl $0x00 -> %w1
T1926856   0x0000ffff898f98ac  52800025   movz   $0x0001 lsl $0x00 -> %w5
T1926856   0x0000ffff898f98b0  721e783f   ands   %w1 $0xfffffffd -> %wzr
T1926856   0x0000ffff898f98b4  54000080   b.eq   $0x0000ffff898f98c4
T1926856   0x0000ffff898f98b8  51101661   sub    %w19 $0x0405 lsl $0x00 -> %w1
T1926856   0x0000ffff898f98bc  7100083f   subs   %w1 $0x0002 lsl $0x00 -> %wzr
T1926856   0x0000ffff898f98c0  1a9f87e5   csinc  %wzr %wzr hi -> %w5
T1926856   0x0000ffff898f98c4  7110027f   subs   %w19 $0x0400 lsl $0x00 -> %wzr
T1926856   0x0000ffff898f98c8  54001b00   b.eq   $0x0000ffff898f9c28
T1926856   0x0000ffff898f98cc  7110067f   subs   %w19 $0x0401 lsl $0x00 -> %wzr
T1926856   0x0000ffff898f98d0  321e00a1   orr    %w5 $0x00000004 -> %w1
T1926856   0x0000ffff898f98d4  1a850025   csel   %w1 %w5 eq -> %w5
T1926856   0x0000ffff898f98d8  12003800   and    %w0 $0x00007fff -> %w0
T1926856   0x0000ffff898f98dc  52800301   movz   $0x0018 lsl $0x00 -> %w1
T1926856   0x0000ffff898f98e0  f9021a97   str    %x23 -> +0x0430(%x20)[8byte]
T1926856     write 8 byte(s) @ 0xffff898e3430
T1926856   0x0000ffff898f98e4  b9043a85   str    %w5 -> +0x0438(%x20)[4byte]
T1926856     write 4 byte(s) @ 0xffff898e3438
T1926856   0x0000ffff898f98e8  9ba11004   umaddl %w0 %w1 %x4 -> %x4
T1926856   0x0000ffff898f98ec  b4000084   cbz    $0x0000ffff898f98fc %x4
T1926856   0x0000ffff898f98f0  b9400880   ldr    +0x08(%x4)[4byte] -> %w0
T1926856     read  4 byte(s) @ 0xffff898e3788
T1926856   0x0000ffff898f98f4  7100001f   subs   %w0 $0x0000 lsl $0x00 -> %wzr
T1926856   0x0000ffff898f98f8  9a9f1084   csel   %x4 %xzr ne -> %x4
T1926856   0x0000ffff898f98fc  a94a07a3   ldp    +0xa0(%x29)[16byte] -> %x3 %x1
T1926856     read  16 byte(s) @ 0xffffd2962f10
T1926856   0x0000ffff898f9900  910303a2   add    %x29 $0x00c0 lsl $0x00 -> %x2
T1926856   0x0000ffff898f9904  b8756b20   ldr    (%x25,%x21)[4byte] -> %w0
T1926856     read  4 byte(s) @ 0xffff892fb370
T1926856   0x0000ffff898f9908  d2800007   movz   $0x0000 lsl $0x00 -> %x7
T1926856   0x0000ffff898f990c  52800126   movz   $0x0009 lsl $0x00 -> %w6
T1926856   0x0000ffff898f9910  a90b2fa8   stp    %x8 %x11 -> +0xb0(%x29)[16byte]
T1926856     write 16 byte(s) @ 0xffffd2962f20
T1926856   0x0000ffff898f9914  8b000020   add    %x1 %x0 lsl $0x00 -> %x0
T1926856   0x0000ffff898f9918  aa1403e1   orr    %xzr %x20 lsl $0x00 -> %x1
T1926856   0x0000ffff898f991c  97fff921   bl     $0x0000ffff898f7da0 -> %x30
T1926856   0x0000ffff898f7da0  d10443ff   sub    %sp $0x0110 lsl $0x00 -> %sp
T1926856   0x0000ffff898f7da4  a9027bfd   stp    %x29 %x30 -> +0x20(%sp)[16byte]
T1926856     write 16 byte(s) @ 0xffffd2962d70
T1926856   0x0000ffff898f7da8  910083fd   add    %sp $0x0020 lsl $0x00 -> %x29
T1926856   0x0000ffff898f7dac  a90353f3   stp    %x19 %x20 -> +0x30(%sp)[16byte]
T1926856     write 16 byte(s) @ 0xffffd2962d80
T1926856   0x0000ffff898f7db0  aa0203f3   orr    %xzr %x2 lsl $0x00 -> %x19
T1926856   0x0000ffff898f7db4  aa0703f4   orr    %xzr %x7 lsl $0x00 -> %x20
T1926856   0x0000ffff898f7db8  a9045bf5   stp    %x21 %x22 -> +0x40(%sp)[16byte]
T1926856     write 16 byte(s) @ 0xffffd2962d90
T1926856   0x0000ffff898f7dbc  aa0403f5   orr    %xzr %x4 lsl $0x00 -> %x21
T1926856   0x0000ffff898f7dc0  2a0603f6   orr    %wzr %w6 lsl $0x00 -> %w22
T1926856   0x0000ffff898f7dc4  a90563f7   stp    %x23 %x24 -> +0x50(%sp)[16byte]
T1926856     write 16 byte(s) @ 0xffffd2962da0
T1926856   0x0000ffff898f7dc8  aa0103f7   orr    %xzr %x1 lsl $0x00 -> %x23
T1926856   0x0000ffff898f7dcc  a9066bf9   stp    %x25 %x26 -> +0x60(%sp)[16byte]
T1926856     write 16 byte(s) @ 0xffffd2962db0
T1926856   0x0000ffff898f7dd0  a90773fb   stp    %x27 %x28 -> +0x70(%sp)[16byte]
T1926856     write 16 byte(s) @ 0xffffd2962dc0
T1926856   0x0000ffff898f7dd4  aa0003fb   orr    %xzr %x0 lsl $0x00 -> %x27
T1926856   0x0000ffff898f7dd8  39400008   ldrb   (%x0)[1byte] -> %w8
T1926856     read  1 byte(s) @ 0xffff8930a591
T1926856   0x0000ffff898f7ddc  b90083e5   str    %w5 -> +0x80(%sp)[4byte]
T1926856     write 4 byte(s) @ 0xffffd2962dd0
T1926856   0x0000ffff898f7de0  f9004be3   str    %x3 -> +0x90(%sp)[8byte]
T1926856     write 8 byte(s) @ 0xffffd2962de0
T1926856   0x0000ffff898f7de4  34000f48   cbz    $0x0000ffff898f7fcc %w8
T1926856   0x0000ffff898f7de8  d282a0a1   movz   $0x1505 lsl $0x00 -> %x1
T1926856   0x0000ffff898f7dec  d503201f   nop
T1926856   0x0000ffff898f7df0  8b011421   add    %x1 %x1 lsl $0x05 -> %x1
T1926856   0x0000ffff898f7df4  8b280021   add    %x1 %x8 uxtb $0x00 -> %x1
T1926856   0x0000ffff898f7df8  38401c08   ldrb   +0x01(%x0)[1byte] %x0 $0x0000000000000001 -> %w8 %x0
T1926856     read  1 byte(s) @ 0xffff8930a592
T1926856   0x0000ffff898f7dfc  35ffffa8   cbnz   $0x0000ffff898f7df0 %w8
T1926856   0x0000ffff898f7df0  8b011421   add    %x1 %x1 lsl $0x05 -> %x1
T1926856   0x0000ffff898f7df4  8b280021   add    %x1 %x8 uxtb $0x00 -> %x1
T1926856   0x0000ffff898f7df8  38401c08   ldrb   +0x01(%x0)[1byte] %x0 $0x0000000000000001 -> %w8 %x0
T1926856     read  1 byte(s) @ 0xffff8930a593
T1926856   0x0000ffff898f7dfc  35ffffa8   cbnz   $0x0000ffff898f7df0 %w8
T1926856   0x0000ffff898f7df0  8b011421   add    %x1 %x1 lsl $0x05 -> %x1
T1926856   0x0000ffff898f7df4  8b280021   add    %x1 %x8 uxtb $0x00 -> %x1
T1926856   0x0000ffff898f7df8  38401c08   ldrb   +0x01(%x0)[1byte] %x0 $0x0000000000000001 -> %w8 %x0
T1926856     read  1 byte(s) @ 0xffff8930a594
T1926856   0x0000ffff898f7dfc  35ffffa8   cbnz   $0x0000ffff898f7df0 %w8
T1926856   0x0000ffff898f7df0  8b011421   add    %x1 %x1 lsl $0x05 -> %x1
T1926856   0x0000ffff898f7df4  8b280021   add    %x1 %x8 uxtb $0x00 -> %x1
T1926856   0x0000ffff898f7df8  38401c08   ldrb   +0x01(%x0)[1byte] %x0 $0x0000000000000001 -> %w8 %x0
T1926856     read  1 byte(s) @ 0xffff8930a595
T1926856   0x0000ffff898f7dfc  35ffffa8   cbnz   $0x0000ffff898f7df0 %w8
T1926856   0x0000ffff898f7df0  8b011421   add    %x1 %x1 lsl $0x05 -> %x1
T1926856   0x0000ffff898f7df4  8b280021   add    %x1 %x8 uxtb $0x00 -> %x1
T1926856   0x0000ffff898f7df8  38401c08   ldrb   +0x01(%x0)[1byte] %x0 $0x0000000000000001 -> %w8 %x0
T1926856     read  1 byte(s) @ 0xffff8930a596
T1926856   0x0000ffff898f7dfc  35ffffa8   cbnz   $0x0000ffff898f7df0 %w8
T1926856   0x0000ffff898f7df0  8b011421   add    %x1 %x1 lsl $0x05 -> %x1
T1926856   0x0000ffff898f7df4  8b280021   add    %x1 %x8 uxtb $0x00 -> %x1
T1926856   0x0000ffff898f7df8  38401c08   ldrb   +0x01(%x0)[1byte] %x0 $0x0000000000000001 -> %w8 %x0
T1926856     read  1 byte(s) @ 0xffff8930a597
T1926856   0x0000ffff898f7dfc  35ffffa8   cbnz   $0x0000ffff898f7df0 %w8
T1926856   0x0000ffff898f7df0  8b011421   add    %x1 %x1 lsl $0x05 -> %x1
T1926856   0x0000ffff898f7df4  8b280021   add    %x1 %x8 uxtb $0x00 -> %x1
T1926856   0x0000ffff898f7df8  38401c08   ldrb   +0x01(%x0)[1byte] %x0 $0x0000000000000001 -> %w8 %x0
T1926856     read  1 byte(s) @ 0xffff8930a598
T1926856   0x0000ffff898f7dfc  35ffffa8   cbnz   $0x0000ffff898f7df0 %w8
T1926856   0x0000ffff898f7df0  8b011421   add    %x1 %x1 lsl $0x05 -> %x1
T1926856   0x0000ffff898f7df4  8b280021   add    %x1 %x8 uxtb $0x00 -> %x1
T1926856   0x0000ffff898f7df8  38401c08   ldrb   +0x01(%x0)[1byte] %x0 $0x0000000000000001 -> %w8 %x0
T1926856     read  1 byte(s) @ 0xffff8930a599
T1926856   0x0000ffff898f7dfc  35ffffa8   cbnz   $0x0000ffff898f7df0 %w8
T1926856   0x0000ffff898f7e00  92407c3a   and    %x1 $0x00000000ffffffff -> %x26
T1926856   0x0000ffff898f7e04  b0000140   adrp   <rel> 0x0000ffff89920000 -> %x0
T1926856   0x0000ffff898f7e08  91018002   add    %x0 $0x0060 lsl $0x00 -> %x2
T1926856   0x0000ffff898f7e0c  b2407fe0   orr    %xzr $0x00000000ffffffff -> %x0
T1926856   0x0000ffff898f7e10  f90067e0   str    %x0 -> +0xc8(%sp)[8byte]
T1926856     write 8 byte(s) @ 0xffffd2962e18
T1926856   0x0000ffff898f7e14  a90dffff   stp    %xzr %xzr -> +0xd8(%sp)[16byte]
T1926856     write 16 byte(s) @ 0xffffd2962e28
T1926856   0x0000ffff898f7e18  f9450040   ldr    +0x0a00(%x2)[8byte] -> %x0
T1926856     read  8 byte(s) @ 0xffff89920a60
T1926856   0x0000ffff898f7e1c  91000400   add    %x0 $0x0001 lsl $0x00 -> %x0
T1926856   0x0000ffff898f7e20  f9050040   str    %x0 -> +0x0a00(%x2)[8byte]
T1926856     write 8 byte(s) @ 0xffff89920a60
T1926856   0x0000ffff898f7e24  b4000055   cbz    $0x0000ffff898f7e2c %x21
T1926856   0x0000ffff898f7e28  37086c56   tbnz   $0x0000ffff898f8bb0 %x22 $0x01
T1926856   0x0000ffff898f7e2c  f9404be0   ldr    +0x90(%sp)[8byte] -> %x0
T1926856     read  8 byte(s) @ 0xffffd2962de0
T1926856   0x0000ffff898f7e30  f9400263   ldr    (%x19)[8byte] -> %x3
T1926856     read  8 byte(s) @ 0xffffd2962f30
T1926856   0x0000ffff898f7e34  f9400005   ldr    (%x0)[8byte] -> %x5
T1926856     read  8 byte(s) @ 0xffff898e3398
T1926856   0x0000ffff898f7e38  b5001114   cbnz   $0x0000ffff898f8058 %x20
T1926856   0x0000ffff898f7e3c  b4000cc5   cbz    $0x0000ffff898f7fd4 %x5
T1926856   0x0000ffff898f7e40  f90047ff   str    %xzr -> +0x88(%sp)[8byte]
T1926856     write 8 byte(s) @ 0xffffd2962dd8
T1926856   0x0000ffff898f7e44  910363f8   add    %sp $0x00d8 lsl $0x00 -> %x24
T1926856   0x0000ffff898f7e48  910323f9   add    %sp $0x00c8 lsl $0x00 -> %x25
T1926856   0x0000ffff898f7e4c  a948f3e6   ldp    +0x88(%sp)[16byte] -> %x6 %x28
T1926856     read  16 byte(s) @ 0xffffd2962dd8
T1926856   0x0000ffff898f7e50  14000005   b      $0x0000ffff898f7e64
T1926856   0x0000ffff898f7e64  b94083e0   ldr    +0x80(%sp)[4byte] -> %w0
T1926856     read  4 byte(s) @ 0xffffd2962dd0
T1926856   0x0000ffff898f7e68  aa1503e7   orr    %xzr %x21 lsl $0x00 -> %x7
T1926856   0x0000ffff898f7e6c  b90003f6   str    %w22 -> (%sp)[4byte]
T1926856     write 4 byte(s) @ 0xffffd2962d50
T1926856   0x0000ffff898f7e70  aa1803e4   orr    %xzr %x24 lsl $0x00 -> %x4
T1926856   0x0000ffff898f7e74  f90007f4   str    %x20 -> +0x08(%sp)[8byte]
T1926856     write 8 byte(s) @ 0xffffd2962d58
T1926856   0x0000ffff898f7e78  aa1903e2   orr    %xzr %x25 lsl $0x00 -> %x2
T1926856   0x0000ffff898f7e7c  b90013e0   str    %w0 -> +0x10(%sp)[4byte]
T1926856     write 4 byte(s) @ 0xffffd2962d60
T1926856   0x0000ffff898f7e80  aa1a03e1   orr    %xzr %x26 lsl $0x00 -> %x1
T1926856   0x0000ffff898f7e84  f9000ff7   str    %x23 -> +0x18(%sp)[8byte]
T1926856     write 8 byte(s) @ 0xffffd2962d68
T1926856   0x0000ffff898f7e88  aa1b03e0   orr    %xzr %x27 lsl $0x00 -> %x0
T1926856   0x0000ffff898f7e8c  97fffd15   bl     $0x0000ffff898f72e0 -> %x30
T1926856   0x0000ffff898f72e0  d10403ff   sub    %sp $0x0100 lsl $0x00 -> %sp
T1926856   0x0000ffff898f72e4  a9027bfd   stp    %x29 %x30 -> +0x20(%sp)[16byte]
T1926856     write 16 byte(s) @ 0xffffd2962c70
T1926856   0x0000ffff898f72e8  910083fd   add    %sp $0x0020 lsl $0x00 -> %x29
T1926856   0x0000ffff898f72ec  b94008aa   ldr    +0x08(%x5)[4byte] -> %w10
T1926856     read  4 byte(s) @ 0xffff899214f8
T1926856   0x0000ffff898f72f0  a9045bf5   stp    %x21 %x22 -> +0x40(%sp)[16byte]
T1926856     write 16 byte(s) @ 0xffffd2962c90
T1926856   0x0000ffff898f72f4  aa0003f5   orr    %xzr %x0 lsl $0x00 -> %x21
T1926856   0x0000ffff898f72f8  b94103e0   ldr    +0x0100(%sp)[4byte] -> %w0
T1926856     read  4 byte(s) @ 0xffffd2962d50
T1926856   0x0000ffff898f72fc  b94113f6   ldr    +0x0110(%sp)[4byte] -> %w22
T1926856     read  4 byte(s) @ 0xffffd2962d60
T1926856   0x0000ffff898f7300  a90353f3   stp    %x19 %x20 -> +0x30(%sp)[16byte]
T1926856     write 16 byte(s) @ 0xffffd2962c80
T1926856   0x0000ffff898f7304  a90563f7   stp    %x23 %x24 -> +0x50(%sp)[16byte]
T1926856     write 16 byte(s) @ 0xffffd2962ca0
T1926856   0x0000ffff898f7308  aa0a03f7   orr    %xzr %x10 lsl $0x00 -> %x23
T1926856   0x0000ffff898f730c  a9066bf9   stp    %x25 %x26 -> +0x60(%sp)[16byte]
T1926856     write 16 byte(s) @ 0xffffd2962cb0
T1926856   0x0000ffff898f7310  a90773fb   stp    %x27 %x28 -> +0x70(%sp)[16byte]
T1926856     write 16 byte(s) @ 0xffffd2962cc0
T1926856   0x0000ffff898f7314  a90993e3   stp    %x3 %x4 -> +0x98(%sp)[16byte]
T1926856     write 16 byte(s) @ 0xffffd2962ce8
T1926856   0x0000ffff898f7318  b900b3e0   str    %w0 -> +0xb0(%sp)[4byte]
T1926856     write 4 byte(s) @ 0xffffd2962d00
T1926856   0x0000ffff898f731c  a90b9fe2   stp    %x2 %x7 -> +0xb8(%sp)[16byte]
T1926856     write 16 byte(s) @ 0xffffd2962d08
T1926856   0x0000ffff898f7320  f94087ed   ldr    +0x0108(%sp)[8byte] -> %x13
T1926856     read  8 byte(s) @ 0xffffd2962d58
T1926856   0x0000ffff898f7324  d346fc20   ubfm   %x1 $0x06 $0x3f -> %x0
T1926856   0x0000ffff898f7328  f9004be0   str    %x0 -> +0x90(%sp)[8byte]
T1926856     write 8 byte(s) @ 0xffffd2962ce0
T1926856   0x0000ffff898f732c  f94000ba   ldr    (%x5)[8byte] -> %x26
T1926856     read  8 byte(s) @ 0xffff899214f0
T1926856   0x0000ffff898f7330  9103d3e0   add    %sp $0x00f4 lsl $0x00 -> %x0
T1926856   0x0000ffff898f7334  f90043e0   str    %x0 -> +0x80(%sp)[8byte]
T1926856     write 8 byte(s) @ 0xffffd2962cd0
T1926856   0x0000ffff898f7338  9103e3e0   add    %sp $0x00f8 lsl $0x00 -> %x0
T1926856   0x0000ffff898f733c  aa1703f8   orr    %xzr %x23 lsl $0x00 -> %x24
T1926856   0x0000ffff898f7340  aa0603fc   orr    %xzr %x6 lsl $0x00 -> %x28
T1926856   0x0000ffff898f7344  aa1503f7   orr    %xzr %x21 lsl $0x00 -> %x23
T1926856   0x0000ffff898f7348  aa0d03f4   orr    %xzr %x13 lsl $0x00 -> %x20
T1926856   0x0000ffff898f734c  aa1a03f5   orr    %xzr %x26 lsl $0x00 -> %x21
T1926856   0x0000ffff898f7350  aa0103fa   orr    %xzr %x1 lsl $0x00 -> %x26
T1926856   0x0000ffff898f7354  f90047e0   str    %x0 -> +0x88(%sp)[8byte]
T1926856     write 8 byte(s) @ 0xffffd2962cd8
T1926856   0x0000ffff898f7358  d0000080   adrp   <rel> 0x0000ffff89909000 -> %x0
T1926856   0x0000ffff898f735c  91290000   add    %x0 $0x0a40 lsl $0x00 -> %x0
T1926856   0x0000ffff898f7360  f90057e0   str    %x0 -> +0xa8(%sp)[8byte]
T1926856     write 8 byte(s) @ 0xffffd2962cf8
T1926856   0x0000ffff898f7364  14000017   b      $0x0000ffff898f73c0
T1926856   0x0000ffff898f73c0  f87c7aa0   ldr    (%x21,%x28,uxtx #3)[8byte] -> %x0
T1926856     read  8 byte(s) @ 0xffff898e3560
T1926856   0x0000ffff898f73c4  f9401419   ldr    +0x28(%x0)[8byte] -> %x25
T1926856     read  8 byte(s) @ 0xffff89921228
T1926856   0x0000ffff898f73c8  eb14033f   subs   %x25 %x20 lsl $0x00 -> %xzr
T1926856   0x0000ffff898f73cc  54ffff40   b.eq   $0x0000ffff898f73b4
T1926856   0x0000ffff898f73d0  121f02ca   and    %w22 $0x00000002 -> %w10
T1926856   0x0000ffff898f73d4  36080096   tbz    $0x0000ffff898f73e4 %x22 $0x01
T1926856   0x0000ffff898f73e4  394d3720   ldrb   +0x034d(%x25)[1byte] -> %w0
T1926856     read  1 byte(s) @ 0xffff8992154d
T1926856   0x0000ffff898f73e8  372ffe60   tbnz   $0x0000ffff898f73b4 %x0 $0x05
T1926856   0x0000ffff898f73ec  90000153   adrp   <rel> 0x0000ffff8991f000 -> %x19
T1926856   0x0000ffff898f73f0  b946da60   ldr    +0x06d8(%x19)[4byte] -> %w0
T1926856     read  4 byte(s) @ 0xffff8991f6d8
T1926856   0x0000ffff898f73f4  361ffba0   tbz    $0x0000ffff898f7368 %x0 $0x03
T1926856   0x0000ffff898f7368  b9432722   ldr    +0x0324(%x25)[4byte] -> %w2
T1926856     read  4 byte(s) @ 0xffff89921524
T1926856   0x0000ffff898f736c  34000242   cbz    $0x0000ffff898f73b4 %w2
T1926856   0x0000ffff898f7370  a9468720   ldp    +0x68(%x25)[16byte] -> %x0 %x1
T1926856     read  16 byte(s) @ 0xffff89921268
T1926856   0x0000ffff898f7374  b900f7ff   str    %wzr -> +0xf4(%sp)[4byte]
T1926856     write 4 byte(s) @ 0xffffd2962d44
T1926856   0x0000ffff898f7378  f9419b23   ldr    +0x0330(%x25)[8byte] -> %x3
T1926856     read  8 byte(s) @ 0xffff89921530
T1926856   0x0000ffff898f737c  f9007fff   str    %xzr -> +0xf8(%sp)[8byte]
T1926856     write 8 byte(s) @ 0xffffd2962d48
T1926856   0x0000ffff898f7380  f9400407   ldr    +0x08(%x0)[8byte] -> %x7
T1926856     read  8 byte(s) @ 0xffff8580aa50
T1926856   0x0000ffff898f7384  f940042c   ldr    +0x08(%x1)[8byte] -> %x12
T1926856     read  8 byte(s) @ 0xffff8580aa60
T1926856   0x0000ffff898f7388  b4000683   cbz    $0x0000ffff898f7458 %x3
T1926856   0x0000ffff898f738c  f9404be4   ldr    +0x90(%sp)[8byte] -> %x4
T1926856     read  8 byte(s) @ 0xffffd2962ce0
T1926856   0x0000ffff898f7390  b9432b21   ldr    +0x0328(%x25)[4byte] -> %w1
T1926856     read  4 byte(s) @ 0xffff89921528
T1926856   0x0000ffff898f7394  b9432f20   ldr    +0x032c(%x25)[4byte] -> %w0
T1926856     read  4 byte(s) @ 0xffff8992152c
T1926856   0x0000ffff898f7398  8a040021   and    %x1 %x4 lsl $0x00 -> %x1
T1926856   0x0000ffff898f739c  9ac02740   lsrv   %x26 %x0 -> %x0
T1926856   0x0000ffff898f73a0  f8617861   ldr    (%x3,%x1,uxtx #3)[8byte] -> %x1
T1926856     read  8 byte(s) @ 0xffff857e42a8
T1926856   0x0000ffff898f73a4  9ac02420   lsrv   %x1 %x0 -> %x0
T1926856   0x0000ffff898f73a8  9ada2421   lsrv   %x1 %x26 -> %x1
T1926856   0x0000ffff898f73ac  8a010000   and    %x0 %x1 lsl $0x00 -> %x0
T1926856   0x0000ffff898f73b0  37000f00   tbnz   $0x0000ffff898f7590 %x0 $0x00
T1926856   0x0000ffff898f73b4  9100079c   add    %x28 $0x0001 lsl $0x00 -> %x28
T1926856   0x0000ffff898f73b8  eb1c031f   subs   %x24 %x28 lsl $0x00 -> %xzr
T1926856   0x0000ffff898f73bc  540014c9   b.ls   $0x0000ffff898f7654
T1926856   0x0000ffff898f73c0  f87c7aa0   ldr    (%x21,%x28,uxtx #3)[8byte] -> %x0
T1926856     read  8 byte(s) @ 0xffff898e3568
T1926856   0x0000ffff898f73c4  f9401419   ldr    +0x28(%x0)[8byte] -> %x25
T1926856     read  8 byte(s) @ 0xffff898e3028
T1926856   0x0000ffff898f73c8  eb14033f   subs   %x25 %x20 lsl $0x00 -> %xzr
T1926856   0x0000ffff898f73cc  54ffff40   b.eq   $0x0000ffff898f73b4
T1926856   0x0000ffff898f73d0  121f02ca   and    %w22 $0x00000002 -> %w10
T1926856   0x0000ffff898f73d4  36080096   tbz    $0x0000ffff898f73e4 %x22 $0x01
T1926856   0x0000ffff898f73e4  394d3720   ldrb   +0x034d(%x25)[1byte] -> %w0
T1926856     read  1 byte(s) @ 0xffff898e334d
T1926856   0x0000ffff898f73e8  372ffe60   tbnz   $0x0000ffff898f73b4 %x0 $0x05
T1926856   0x0000ffff898f73ec  90000153   adrp   <rel> 0x0000ffff8991f000 -> %x19
T1926856   0x0000ffff898f73f0  b946da60   ldr    +0x06d8(%x19)[4byte] -> %w0
T1926856     read  4 byte(s) @ 0xffff8991f6d8
T1926856   0x0000ffff898f73f4  361ffba0   tbz    $0x0000ffff898f7368 %x0 $0x03
T1926856   0x0000ffff898f7368  b9432722   ldr    +0x0324(%x25)[4byte] -> %w2
T1926856     read  4 byte(s) @ 0xffff898e3324
T1926856   0x0000ffff898f736c  34000242   cbz    $0x0000ffff898f73b4 %w2
T1926856   0x0000ffff898f7370  a9468720   ldp    +0x68(%x25)[16byte] -> %x0 %x1
T1926856     read  16 byte(s) @ 0xffff898e3068
T1926856   0x0000ffff898f7374  b900f7ff   str    %wzr -> +0xf4(%sp)[4byte]
T1926856     write 4 byte(s) @ 0xffffd2962d44
T1926856   0x0000ffff898f7378  f9419b23   ldr    +0x0330(%x25)[8byte] -> %x3
T1926856     read  8 byte(s) @ 0xffff898e3330
T1926856   0x0000ffff898f737c  f9007fff   str    %xzr -> +0xf8(%sp)[8byte]
T1926856     write 8 byte(s) @ 0xffffd2962d48
T1926856   0x0000ffff898f7380  f9400407   ldr    +0x08(%x0)[8byte] -> %x7
T1926856     read  8 byte(s) @ 0xffff89460ba0
T1926856   0x0000ffff898f7384  f940042c   ldr    +0x08(%x1)[8byte] -> %x12
T1926856     read  8 byte(s) @ 0xffff89460bb0
T1926856   0x0000ffff898f7388  b4000683   cbz    $0x0000ffff898f7458 %x3
T1926856   0x0000ffff898f738c  f9404be4   ldr    +0x90(%sp)[8byte] -> %x4
T1926856     read  8 byte(s) @ 0xffffd2962ce0
T1926856   0x0000ffff898f7390  b9432b21   ldr    +0x0328(%x25)[4byte] -> %w1
T1926856     read  4 byte(s) @ 0xffff898e3328
T1926856   0x0000ffff898f7394  b9432f20   ldr    +0x032c(%x25)[4byte] -> %w0
T1926856     read  4 byte(s) @ 0xffff898e332c
T1926856   0x0000ffff898f7398  8a040021   and    %x1 %x4 lsl $0x00 -> %x1
T1926856   0x0000ffff898f739c  9ac02740   lsrv   %x26 %x0 -> %x0
T1926856   0x0000ffff898f73a0  f8617861   ldr    (%x3,%x1,uxtx #3)[8byte] -> %x1
T1926856     read  8 byte(s) @ 0xffff892f7b18
T1926856   0x0000ffff898f73a4  9ac02420   lsrv   %x1 %x0 -> %x0
T1926856   0x0000ffff898f73a8  9ada2421   lsrv   %x1 %x26 -> %x1
T1926856   0x0000ffff898f73ac  8a010000   and    %x0 %x1 lsl $0x00 -> %x0
T1926856   0x0000ffff898f73b0  37000f00   tbnz   $0x0000ffff898f7590 %x0 $0x00
T1926856   0x0000ffff898f73b4  9100079c   add    %x28 $0x0001 lsl $0x00 -> %x28
T1926856   0x0000ffff898f73b8  eb1c031f   subs   %x24 %x28 lsl $0x00 -> %xzr
T1926856   0x0000ffff898f73bc  540014c9   b.ls   $0x0000ffff898f7654
T1926856   0x0000ffff898f73c0  f87c7aa0   ldr    (%x21,%x28,uxtx #3)[8byte] -> %x0
T1926856     read  8 byte(s) @ 0xffff898e3570
T1926856   0x0000ffff898f73c4  f9401419   ldr    +0x28(%x0)[8byte] -> %x25
T1926856     read  8 byte(s) @ 0xffff89920aa0
T1926856   0x0000ffff898f73c8  eb14033f   subs   %x25 %x20 lsl $0x00 -> %xzr
T1926856   0x0000ffff898f73cc  54ffff40   b.eq   $0x0000ffff898f73b4
T1926856   0x0000ffff898f73d0  121f02ca   and    %w22 $0x00000002 -> %w10
T1926856   0x0000ffff898f73d4  36080096   tbz    $0x0000ffff898f73e4 %x22 $0x01
T1926856   0x0000ffff898f73e4  394d3720   ldrb   +0x034d(%x25)[1byte] -> %w0
T1926856     read  1 byte(s) @ 0xffff89920dc5
T1926856   0x0000ffff898f73e8  372ffe60   tbnz   $0x0000ffff898f73b4 %x0 $0x05
T1926856   0x0000ffff898f73ec  90000153   adrp   <rel> 0x0000ffff8991f000 -> %x19
T1926856   0x0000ffff898f73f0  b946da60   ldr    +0x06d8(%x19)[4byte] -> %w0
T1926856     read  4 byte(s) @ 0xffff8991f6d8
T1926856   0x0000ffff898f73f4  361ffba0   tbz    $0x0000ffff898f7368 %x0 $0x03
T1926856   0x0000ffff898f7368  b9432722   ldr    +0x0324(%x25)[4byte] -> %w2
T1926856     read  4 byte(s) @ 0xffff89920d9c
T1926856   0x0000ffff898f736c  34000242   cbz    $0x0000ffff898f73b4 %w2
T1926856   0x0000ffff898f7370  a9468720   ldp    +0x68(%x25)[16byte] -> %x0 %x1
T1926856     read  16 byte(s) @ 0xffff89920ae0
T1926856   0x0000ffff898f7374  b900f7ff   str    %wzr -> +0xf4(%sp)[4byte]
T1926856     write 4 byte(s) @ 0xffffd2962d44
T1926856   0x0000ffff898f7378  f9419b23   ldr    +0x0330(%x25)[8byte] -> %x3
T1926856     read  8 byte(s) @ 0xffff89920da8
T1926856   0x0000ffff898f737c  f9007fff   str    %xzr -> +0xf8(%sp)[8byte]
T1926856     write 8 byte(s) @ 0xffffd2962d48
T1926856   0x0000ffff898f7380  f9400407   ldr    +0x08(%x0)[8byte] -> %x7
T1926856     read  8 byte(s) @ 0xffff8991fe70
T1926856   0x0000ffff898f7384  f940042c   ldr    +0x08(%x1)[8byte] -> %x12
T1926856     read  8 byte(s) @ 0xffff8991fe80
T1926856   0x0000ffff898f7388  b4000683   cbz    $0x0000ffff898f7458 %x3
T1926856   0x0000ffff898f738c  f9404be4   ldr    +0x90(%sp)[8byte] -> %x4
T1926856     read  8 byte(s) @ 0xffffd2962ce0
T1926856   0x0000ffff898f7390  b9432b21   ldr    +0x0328(%x25)[4byte] -> %w1
T1926856     read  4 byte(s) @ 0xffff89920da0
T1926856   0x0000ffff898f7394  b9432f20   ldr    +0x032c(%x25)[4byte] -> %w0
T1926856     read  4 byte(s) @ 0xffff89920da4
T1926856   0x0000ffff898f7398  8a040021   and    %x1 %x4 lsl $0x00 -> %x1
T1926856   0x0000ffff898f739c  9ac02740   lsrv   %x26 %x0 -> %x0
T1926856   0x0000ffff898f73a0  f8617861   ldr    (%x3,%x1,uxtx #3)[8byte] -> %x1
T1926856     read  8 byte(s) @ 0xffff898ee2e0
T1926856   0x0000ffff898f73a4  9ac02420   lsrv   %x1 %x0 -> %x0
T1926856   0x0000ffff898f73a8  9ada2421   lsrv   %x1 %x26 -> %x1
T1926856   0x0000ffff898f73ac  8a010000   and    %x0 %x1 lsl $0x00 -> %x0
T1926856   0x0000ffff898f73b0  37000f00   tbnz   $0x0000ffff898f7590 %x0 $0x00
T1926856   0x0000ffff898f7590  2a0203e2   orr    %wzr %w2 lsl $0x00 -> %w2
T1926856   0x0000ffff898f7594  f9419f21   ldr    +0x0338(%x25)[8byte] -> %x1
T1926856     read  8 byte(s) @ 0xffff89920db0
T1926856   0x0000ffff898f7598  9ac20b40   udiv   %x26 %x2 -> %x0
T1926856   0x0000ffff898f759c  9b02e800   msub   %x0 %x2 %x26 -> %x0
T1926856   0x0000ffff898f75a0  b860783b   ldr    (%x1,%x0,uxtx #2)[4byte] -> %w27
T1926856     read  4 byte(s) @ 0xffff898ee324
T1926856   0x0000ffff898f75a4  34fff09b   cbz    $0x0000ffff898f73b4 %w27
T1926856   0x0000ffff898f75a8  f941a320   ldr    +0x0340(%x25)[8byte] -> %x0
T1926856     read  8 byte(s) @ 0xffff89920db8
T1926856   0x0000ffff898f75ac  b900cbea   str    %w10 -> +0xc8(%sp)[4byte]
T1926856     write 4 byte(s) @ 0xffffd2962d18
T1926856   0x0000ffff898f75b0  a90d73f5   stp    %x21 %x28 -> +0xd0(%sp)[16byte]
T1926856     write 16 byte(s) @ 0xffffd2962d20
T1926856   0x0000ffff898f75b4  aa1a03fc   orr    %xzr %x26 lsl $0x00 -> %x28
T1926856   0x0000ffff898f75b8  aa1703fa   orr    %xzr %x23 lsl $0x00 -> %x26
T1926856   0x0000ffff898f75bc  8b3b481b   add    %x0 %x27 uxtw $0x02 -> %x27
T1926856   0x0000ffff898f75c0  f90073f8   str    %x24 -> +0xe0(%sp)[8byte]
T1926856     write 8 byte(s) @ 0xffffd2962d30
T1926856   0x0000ffff898f75c4  aa1b03f7   orr    %xzr %x27 lsl $0x00 -> %x23
T1926856   0x0000ffff898f75c8  aa1903f8   orr    %xzr %x25 lsl $0x00 -> %x24
T1926856   0x0000ffff898f75cc  aa0c03fb   orr    %xzr %x12 lsl $0x00 -> %x27
T1926856   0x0000ffff898f75d0  aa0703f9   orr    %xzr %x7 lsl $0x00 -> %x25
T1926856   0x0000ffff898f75d4  f90087f4   str    %x20 -> +0x0108(%sp)[8byte]
T1926856     write 8 byte(s) @ 0xffffd2962d58
T1926856   0x0000ffff898f75d8  2a1603f4   orr    %wzr %w22 lsl $0x00 -> %w20
T1926856   0x0000ffff898f75dc  b940b3f6   ldr    +0xb0(%sp)[4byte] -> %w22
T1926856     read  4 byte(s) @ 0xffffd2962d00
T1926856   0x0000ffff898f75e0  f94063f5   ldr    +0xc0(%sp)[8byte] -> %x21
T1926856     read  8 byte(s) @ 0xffffd2962d10
T1926856   0x0000ffff898f75e4  14000003   b      $0x0000ffff898f75f0
T1926856   0x0000ffff898f75f0  b94002e1   ldr    (%x23)[4byte] -> %w1
T1926856     read  4 byte(s) @ 0xffff898ee378
T1926856   0x0000ffff898f75f4  2a0103e0   orr    %wzr %w1 lsl $0x00 -> %w0
T1926856   0x0000ffff898f75f8  ca1c0000   eor    %x0 %x28 lsl $0x00 -> %x0
T1926856   0x0000ffff898f75fc  eb4007ff   subs   %xzr %x0 lsr $0x01 -> %xzr
T1926856   0x0000ffff898f7600  54ffff41   b.ne   $0x0000ffff898f75e8
T1926856   0x0000ffff898f75e8  910012f7   add    %x23 $0x0004 lsl $0x00 -> %x23
T1926856   0x0000ffff898f75ec  37002ac1   tbnz   $0x0000ffff898f7b44 %x1 $0x00
T1926856   0x0000ffff898f75f0  b94002e1   ldr    (%x23)[4byte] -> %w1
T1926856     read  4 byte(s) @ 0xffff898ee37c
T1926856   0x0000ffff898f75f4  2a0103e0   orr    %wzr %w1 lsl $0x00 -> %w0
T1926856   0x0000ffff898f75f8  ca1c0000   eor    %x0 %x28 lsl $0x00 -> %x0
T1926856   0x0000ffff898f75fc  eb4007ff   subs   %xzr %x0 lsr $0x01 -> %xzr
T1926856   0x0000ffff898f7600  54ffff41   b.ne   $0x0000ffff898f75e8
T1926856   0x0000ffff898f75e8  910012f7   add    %x23 $0x0004 lsl $0x00 -> %x23
T1926856   0x0000ffff898f75ec  37002ac1   tbnz   $0x0000ffff898f7b44 %x1 $0x00
T1926856   0x0000ffff898f75f0  b94002e1   ldr    (%x23)[4byte] -> %w1
T1926856     read  4 byte(s) @ 0xffff898ee380
T1926856   0x0000ffff898f75f4  2a0103e0   orr    %wzr %w1 lsl $0x00 -> %w0
T1926856   0x0000ffff898f75f8  ca1c0000   eor    %x0 %x28 lsl $0x00 -> %x0
T1926856   0x0000ffff898f75fc  eb4007ff   subs   %xzr %x0 lsr $0x01 -> %xzr
T1926856   0x0000ffff898f7600  54ffff41   b.ne   $0x0000ffff898f75e8
T1926856   0x0000ffff898f75e8  910012f7   add    %x23 $0x0004 lsl $0x00 -> %x23
T1926856   0x0000ffff898f75ec  37002ac1   tbnz   $0x0000ffff898f7b44 %x1 $0x00
T1926856   0x0000ffff898f75f0  b94002e1   ldr    (%x23)[4byte] -> %w1
T1926856     read  4 byte(s) @ 0xffff898ee384
T1926856   0x0000ffff898f75f4  2a0103e0   orr    %wzr %w1 lsl $0x00 -> %w0
T1926856   0x0000ffff898f75f8  ca1c0000   eor    %x0 %x28 lsl $0x00 -> %x0
T1926856   0x0000ffff898f75fc  eb4007ff   subs   %xzr %x0 lsr $0x01 -> %xzr
T1926856   0x0000ffff898f7600  54ffff41   b.ne   $0x0000ffff898f75e8
T1926856   0x0000ffff898f7604  f941a306   ldr    +0x0340(%x24)[8byte] -> %x6
T1926856     read  8 byte(s) @ 0xffff89920db8
T1926856   0x0000ffff898f7608  aa1903e7   orr    %xzr %x25 lsl $0x00 -> %x7
T1926856   0x0000ffff898f760c  f94047e0   ldr    +0x88(%sp)[8byte] -> %x0
T1926856     read  8 byte(s) @ 0xffffd2962cd8
T1926856   0x0000ffff898f7610  cb0602e6   sub    %x23 %x6 lsl $0x00 -> %x6
T1926856   0x0000ffff898f7614  f9404fe1   ldr    +0x98(%sp)[8byte] -> %x1
T1926856     read  8 byte(s) @ 0xffffd2962ce8
T1926856   0x0000ffff898f7618  d34284c5   ubfm   %x6 $0x02 $0x21 -> %x5
T1926856   0x0000ffff898f761c  a90003f8   stp    %x24 %x0 -> (%sp)[16byte]
T1926856     write 16 byte(s) @ 0xffffd2962c50
T1926856   0x0000ffff898f7620  aa0503e6   orr    %xzr %x5 lsl $0x00 -> %x6
T1926856   0x0000ffff898f7624  8b0504a5   add    %x5 %x5 lsl $0x01 -> %x5
T1926856   0x0000ffff898f7628  f94043e0   ldr    +0x80(%sp)[8byte] -> %x0
T1926856     read  8 byte(s) @ 0xffffd2962cd0
T1926856   0x0000ffff898f762c  f9000be0   str    %x0 -> +0x10(%sp)[8byte]
T1926856     write 8 byte(s) @ 0xffffd2962c60
T1926856   0x0000ffff898f7630  2a1403e4   orr    %wzr %w20 lsl $0x00 -> %w4
T1926856   0x0000ffff898f7634  2a1603e3   orr    %wzr %w22 lsl $0x00 -> %w3
T1926856   0x0000ffff898f7638  aa1503e2   orr    %xzr %x21 lsl $0x00 -> %x2
T1926856   0x0000ffff898f763c  8b050f65   add    %x27 %x5 lsl $0x03 -> %x5
T1926856   0x0000ffff898f7640  aa1a03e0   orr    %xzr %x26 lsl $0x00 -> %x0
T1926856   0x0000ffff898f7644  97fffec1   bl     $0x0000ffff898f7148 -> %x30
T1926856   0x0000ffff898f7148  a9bc7bfd   stp    %x29 %x30 %sp $0xffffffffffffffc0 -> -0x40(%sp)[16byte] %sp
T1926856     write 16 byte(s) @ 0xffffd2962c10
T1926856   0x0000ffff898f714c  910003fd   add    %sp $0x0000 lsl $0x00 -> %x29
T1926856   0x0000ffff898f7150  a90153f3   stp    %x19 %x20 -> +0x10(%sp)[16byte]
T1926856     write 16 byte(s) @ 0xffffd2962c20
T1926856   0x0000ffff898f7154  aa0503f3   orr    %xzr %x5 lsl $0x00 -> %x19
T1926856   0x0000ffff898f7158  aa0203f4   orr    %xzr %x2 lsl $0x00 -> %x20
T1926856   0x0000ffff898f715c  a9025bf5   stp    %x21 %x22 -> +0x20(%sp)[16byte]
T1926856     write 16 byte(s) @ 0xffffd2962c30
T1926856   0x0000ffff898f7160  2a0603f6   orr    %wzr %w6 lsl $0x00 -> %w22
T1926856   0x0000ffff898f7164  f94004a9   ldr    +0x08(%x5)[8byte] -> %x9
T1926856     read  8 byte(s) @ 0xffff898ee598
T1926856   0x0000ffff898f7168  f9001bf7   str    %x23 -> +0x30(%sp)[8byte]
T1926856     write 8 byte(s) @ 0xffffd2962c40
T1926856   0x0000ffff898f716c  2a0303f7   orr    %wzr %w3 lsl $0x00 -> %w23
T1926856   0x0000ffff898f7170  394010a8   ldrb   +0x04(%x5)[1byte] -> %w8
T1926856     read  1 byte(s) @ 0xffff898ee594
T1926856   0x0000ffff898f7174  79400ca5   ldrh   +0x06(%x5)[2byte] -> %w5
T1926856     read  2 byte(s) @ 0xffff898ee596
T1926856   0x0000ffff898f7178  12000d02   and    %w8 $0x0000000f -> %w2
T1926856   0x0000ffff898f717c  f94023f5   ldr    +0x40(%sp)[8byte] -> %x21
T1926856     read  8 byte(s) @ 0xffffd2962c50
T1926856   0x0000ffff898f7180  b4000769   cbz    $0x0000ffff898f726c %x9
T1926856   0x0000ffff898f7184  710000bf   subs   %w5 $0x0000 lsl $0x00 -> %wzr
T1926856   0x0000ffff898f7188  52808ce8   movz   $0x0467 lsl $0x00 -> %w8
T1926856   0x0000ffff898f718c  1ac22908   asrv   %w8 %w2 -> %w8
T1926856   0x0000ffff898f7190  1a9f17e2   csinc  %wzr %wzr ne -> %w2
T1926856   0x0000ffff898f7194  2a2803e8   orn    %wzr %w8 lsl $0x00 -> %w8
T1926856   0x0000ffff898f7198  0a040042   and    %w2 %w4 lsl $0x00 -> %w2
T1926856   0x0000ffff898f719c  12000104   and    %w8 $0x00000001 -> %w4
T1926856   0x0000ffff898f71a0  2a020084   orr    %w4 %w2 lsl $0x00 -> %w4
T1926856   0x0000ffff898f71a4  350006c4   cbnz   $0x0000ffff898f727c %w4
T1926856   0x0000ffff898f71a8  eb01027f   subs   %x19 %x1 lsl $0x00 -> %xzr
T1926856   0x0000ffff898f71ac  540000c0   b.eq   $0x0000ffff898f71c4
T1926856   0x0000ffff898f71b0  b9400262   ldr    (%x19)[4byte] -> %w2
T1926856     read  4 byte(s) @ 0xffff898ee590
T1926856   0x0000ffff898f71b4  aa0003e1   orr    %xzr %x0 lsl $0x00 -> %x1
T1926856   0x0000ffff898f71b8  8b0200e0   add    %x7 %x2 lsl $0x00 -> %x0
T1926856   0x0000ffff898f71bc  94003c61   bl     $0x0000ffff89906340 -> %x30
T1926856   0x0000ffff89906340  ca010007   eor    %x0 %x1 lsl $0x00 -> %x7
T1926856   0x0000ffff89906344  b200c3ea   orr    %xzr $0x0101010101010101 -> %x10
T1926856   0x0000ffff89906348  f24008ff   ands   %x7 $0x0000000000000007 -> %xzr
T1926856   0x0000ffff8990634c  540003e1   b.ne   $0x0000ffff899063c8
T1926856   0x0000ffff899063c8  f240081f   ands   %x0 $0x0000000000000007 -> %xzr
T1926856   0x0000ffff899063cc  54000100   b.eq   $0x0000ffff899063ec
T1926856   0x0000ffff899063d0  38401402   ldrb   (%x0)[1byte] %x0 $0x0000000000000001 -> %w2 %x0
T1926856     read  1 byte(s) @ 0xffff898ee85b
T1926856   0x0000ffff899063d4  38401423   ldrb   (%x1)[1byte] %x1 $0x0000000000000001 -> %w3 %x1
T1926856     read  1 byte(s) @ 0xffff8930a591
T1926856   0x0000ffff899063d8  7100045f   subs   %w2 $0x0001 lsl $0x00 -> %wzr
T1926856   0x0000ffff899063dc  7a432040   ccmp   %w2 %w3 $0x00 cs
T1926856   0x0000ffff899063e0  540001e1   b.ne   $0x0000ffff8990641c
T1926856   0x0000ffff899063e4  f240081f   ands   %x0 $0x0000000000000007 -> %xzr
T1926856   0x0000ffff899063e8  54ffff41   b.ne   $0x0000ffff899063d0
T1926856   0x0000ffff899063d0  38401402   ldrb   (%x0)[1byte] %x0 $0x0000000000000001 -> %w2 %x0
T1926856     read  1 byte(s) @ 0xffff898ee85c
T1926856   0x0000ffff899063d4  38401423   ldrb   (%x1)[1byte] %x1 $0x0000000000000001 -> %w3 %x1
T1926856     read  1 byte(s) @ 0xffff8930a592
T1926856   0x0000ffff899063d8  7100045f   subs   %w2 $0x0001 lsl $0x00 -> %wzr
T1926856   0x0000ffff899063dc  7a432040   ccmp   %w2 %w3 $0x00 cs
T1926856   0x0000ffff899063e0  540001e1   b.ne   $0x0000ffff8990641c
T1926856   0x0000ffff899063e4  f240081f   ands   %x0 $0x0000000000000007 -> %xzr
T1926856   0x0000ffff899063e8  54ffff41   b.ne   $0x0000ffff899063d0
T1926856   0x0000ffff899063d0  38401402   ldrb   (%x0)[1byte] %x0 $0x0000000000000001 -> %w2 %x0
T1926856     read  1 byte(s) @ 0xffff898ee85d
T1926856   0x0000ffff899063d4  38401423   ldrb   (%x1)[1byte] %x1 $0x0000000000000001 -> %w3 %x1
T1926856     read  1 byte(s) @ 0xffff8930a593
T1926856   0x0000ffff899063d8  7100045f   subs   %w2 $0x0001 lsl $0x00 -> %wzr
T1926856   0x0000ffff899063dc  7a432040   ccmp   %w2 %w3 $0x00 cs
T1926856   0x0000ffff899063e0  540001e1   b.ne   $0x0000ffff8990641c
T1926856   0x0000ffff899063e4  f240081f   ands   %x0 $0x0000000000000007 -> %xzr
T1926856   0x0000ffff899063e8  54ffff41   b.ne   $0x0000ffff899063d0
T1926856   0x0000ffff899063d0  38401402   ldrb   (%x0)[1byte] %x0 $0x0000000000000001 -> %w2 %x0
T1926856     read  1 byte(s) @ 0xffff898ee85e
T1926856   0x0000ffff899063d4  38401423   ldrb   (%x1)[1byte] %x1 $0x0000000000000001 -> %w3 %x1
T1926856     read  1 byte(s) @ 0xffff8930a594
T1926856   0x0000ffff899063d8  7100045f   subs   %w2 $0x0001 lsl $0x00 -> %wzr
T1926856   0x0000ffff899063dc  7a432040   ccmp   %w2 %w3 $0x00 cs
T1926856   0x0000ffff899063e0  540001e1   b.ne   $0x0000ffff8990641c
T1926856   0x0000ffff899063e4  f240081f   ands   %x0 $0x0000000000000007 -> %xzr
T1926856   0x0000ffff899063e8  54ffff41   b.ne   $0x0000ffff899063d0
T1926856   0x0000ffff899063d0  38401402   ldrb   (%x0)[1byte] %x0 $0x0000000000000001 -> %w2 %x0
T1926856     read  1 byte(s) @ 0xffff898ee85f
T1926856   0x0000ffff899063d4  38401423   ldrb   (%x1)[1byte] %x1 $0x0000000000000001 -> %w3 %x1
T1926856     read  1 byte(s) @ 0xffff8930a595
T1926856   0x0000ffff899063d8  7100045f   subs   %w2 $0x0001 lsl $0x00 -> %wzr
T1926856   0x0000ffff899063dc  7a432040   ccmp   %w2 %w3 $0x00 cs
T1926856   0x0000ffff899063e0  540001e1   b.ne   $0x0000ffff8990641c
T1926856   0x0000ffff899063e4  f240081f   ands   %x0 $0x0000000000000007 -> %xzr
T1926856   0x0000ffff899063e8  54ffff41   b.ne   $0x0000ffff899063d0
T1926856   0x0000ffff899063ec  927d2027   and    %x1 $0x0000000000000ff8 -> %x7
T1926856   0x0000ffff899063f0  d27d20e7   eor    %x7 $0x0000000000000ff8 -> %x7
T1926856   0x0000ffff899063f4  b4fffee7   cbz    $0x0000ffff899063d0 %x7
T1926856   0x0000ffff899063f8  f8408402   ldr    (%x0)[8byte] %x0 $0x0000000000000008 -> %x2 %x0
T1926856     read  8 byte(s) @ 0xffff898ee860
T1926856   0x0000ffff899063fc  f8408423   ldr    (%x1)[8byte] %x1 $0x0000000000000008 -> %x3 %x1
T1926856     read  8 byte(s) @ 0xffff8930a596
T1926856   0x0000ffff89906400  cb0a0047   sub    %x2 %x10 lsl $0x00 -> %x7
T1926856   0x0000ffff89906404  b200d848   orr    %x2 $0x7f7f7f7f7f7f7f7f -> %x8
T1926856   0x0000ffff89906408  ca030045   eor    %x2 %x3 lsl $0x00 -> %x5
T1926856   0x0000ffff8990640c  8a2800e4   bic    %x7 %x8 lsl $0x00 -> %x4
T1926856   0x0000ffff89906410  aa0400a6   orr    %x5 %x4 lsl $0x00 -> %x6
T1926856   0x0000ffff89906414  b4fffec6   cbz    $0x0000ffff899063ec %x6
T1926856   0x0000ffff89906418  17ffffd8   b      $0x0000ffff89906378
T1926856   0x0000ffff89906378  dac00cc6   rev    %x6 -> %x6
T1926856   0x0000ffff8990637c  dac00c42   rev    %x2 -> %x2
T1926856   0x0000ffff89906380  dac010cb   clz    %x6 -> %x11
T1926856   0x0000ffff89906384  dac00c63   rev    %x3 -> %x3
T1926856   0x0000ffff89906388  9acb2042   lslv   %x2 %x11 -> %x2
T1926856   0x0000ffff8990638c  9acb2063   lslv   %x3 %x11 -> %x3
T1926856   0x0000ffff89906390  d378fc42   ubfm   %x2 $0x38 $0x3f -> %x2
T1926856   0x0000ffff89906394  cb43e040   sub    %x2 %x3 lsr $0x38 -> %x0
T1926856   0x0000ffff89906398  d65f03c0   ret    %x30
T1926856   0x0000ffff898f71c0  350005e0   cbnz   $0x0000ffff898f727c %w0
T1926856   0x0000ffff898f71c4  f941baa0   ldr    +0x0370(%x21)[8byte] -> %x0
T1926856     read  8 byte(s) @ 0xffff89920de8
T1926856   0x0000ffff898f71c8  b40002d4   cbz    $0x0000ffff898f7220 %x20
T1926856   0x0000ffff898f71cc  b40006e0   cbz    $0x0000ffff898f72a8 %x0
T1926856   0x0000ffff898f71d0  78765816   ldrh   (%x0,%x22,uxtw #1)[2byte] -> %w22
T1926856     read  2 byte(s) @ 0xffff898ee97e
T1926856   0x0000ffff898f71d4  52800303   movz   $0x0018 lsl $0x00 -> %w3
T1926856   0x0000ffff898f71d8  f9418ea1   ldr    +0x0318(%x21)[8byte] -> %x1
T1926856     read  8 byte(s) @ 0xffff89920d90
T1926856   0x0000ffff898f71dc  12003ac0   and    %w22 $0x00007fff -> %w0
T1926856   0x0000ffff898f71e0  b9400a82   ldr    +0x08(%x20)[4byte] -> %w2
T1926856     read  4 byte(s) @ 0xffff898e3788
T1926856   0x0000ffff898f71e4  9ba37c00   umaddl %w0 %w3 %xzr -> %x0
T1926856   0x0000ffff898f71e8  8b000023   add    %x1 %x0 lsl $0x00 -> %x3
T1926856   0x0000ffff898f71ec  b9400875   ldr    +0x08(%x3)[4byte] -> %w21
T1926856     read  4 byte(s) @ 0xffff898e3800
T1926856   0x0000ffff898f71f0  6b0202bf   subs   %w21 %w2 lsl $0x00 -> %wzr
T1926856   0x0000ffff898f71f4  54000500   b.eq   $0x0000ffff898f7294
T1926856   0x0000ffff898f7294  f8606820   ldr    (%x1,%x0)[8byte] -> %x0
T1926856     read  8 byte(s) @ 0xffff898e37f8
T1926856   0x0000ffff898f7298  f9400281   ldr    (%x20)[8byte] -> %x1
T1926856     read  8 byte(s) @ 0xffff898e3780
T1926856   0x0000ffff898f729c  94003c29   bl     $0x0000ffff89906340 -> %x30
T1926856   0x0000ffff89906340  ca010007   eor    %x0 %x1 lsl $0x00 -> %x7
T1926856   0x0000ffff89906344  b200c3ea   orr    %xzr $0x0101010101010101 -> %x10
T1926856   0x0000ffff89906348  f24008ff   ands   %x7 $0x0000000000000007 -> %xzr
T1926856   0x0000ffff8990634c  540003e1   b.ne   $0x0000ffff899063c8
T1926856   0x0000ffff899063c8  f240081f   ands   %x0 $0x0000000000000007 -> %xzr
T1926856   0x0000ffff899063cc  54000100   b.eq   $0x0000ffff899063ec
T1926856   0x0000ffff899063d0  38401402   ldrb   (%x0)[1byte] %x0 $0x0000000000000001 -> %w2 %x0
T1926856     read  1 byte(s) @ 0xffff898ee94a
T1926856   0x0000ffff899063d4  38401423   ldrb   (%x1)[1byte] %x1 $0x0000000000000001 -> %w3 %x1
T1926856     read  1 byte(s) @ 0xffff8930e869
T1926856   0x0000ffff899063d8  7100045f   subs   %w2 $0x0001 lsl $0x00 -> %wzr
T1926856   0x0000ffff899063dc  7a432040   ccmp   %w2 %w3 $0x00 cs
T1926856   0x0000ffff899063e0  540001e1   b.ne   $0x0000ffff8990641c
T1926856   0x0000ffff899063e4  f240081f   ands   %x0 $0x0000000000000007 -> %xzr
T1926856   0x0000ffff899063e8  54ffff41   b.ne   $0x0000ffff899063d0
T1926856   0x0000ffff899063d0  38401402   ldrb   (%x0)[1byte] %x0 $0x0000000000000001 -> %w2 %x0
T1926856     read  1 byte(s) @ 0xffff898ee94b
T1926856   0x0000ffff899063d4  38401423   ldrb   (%x1)[1byte] %x1 $0x0000000000000001 -> %w3 %x1
T1926856     read  1 byte(s) @ 0xffff8930e86a
T1926856   0x0000ffff899063d8  7100045f   subs   %w2 $0x0001 lsl $0x00 -> %wzr
T1926856   0x0000ffff899063dc  7a432040   ccmp   %w2 %w3 $0x00 cs
T1926856   0x0000ffff899063e0  540001e1   b.ne   $0x0000ffff8990641c
T1926856   0x0000ffff899063e4  f240081f   ands   %x0 $0x0000000000000007 -> %xzr
T1926856   0x0000ffff899063e8  54ffff41   b.ne   $0x0000ffff899063d0
T1926856   0x0000ffff899063d0  38401402   ldrb   (%x0)[1byte] %x0 $0x0000000000000001 -> %w2 %x0
T1926856     read  1 byte(s) @ 0xffff898ee94c
T1926856   0x0000ffff899063d4  38401423   ldrb   (%x1)[1byte] %x1 $0x0000000000000001 -> %w3 %x1
T1926856     read  1 byte(s) @ 0xffff8930e86b
T1926856   0x0000ffff899063d8  7100045f   subs   %w2 $0x0001 lsl $0x00 -> %wzr
T1926856   0x0000ffff899063dc  7a432040   ccmp   %w2 %w3 $0x00 cs
T1926856   0x0000ffff899063e0  540001e1   b.ne   $0x0000ffff8990641c
T1926856   0x0000ffff899063e4  f240081f   ands   %x0 $0x0000000000000007 -> %xzr
T1926856   0x0000ffff899063e8  54ffff41   b.ne   $0x0000ffff899063d0
T1926856   0x0000ffff899063d0  38401402   ldrb   (%x0)[1byte] %x0 $0x0000000000000001 -> %w2 %x0
T1926856     read  1 byte(s) @ 0xffff898ee94d
T1926856   0x0000ffff899063d4  38401423   ldrb   (%x1)[1byte] %x1 $0x0000000000000001 -> %w3 %x1
T1926856     read  1 byte(s) @ 0xffff8930e86c
T1926856   0x0000ffff899063d8  7100045f   subs   %w2 $0x0001 lsl $0x00 -> %wzr
T1926856   0x0000ffff899063dc  7a432040   ccmp   %w2 %w3 $0x00 cs
T1926856   0x0000ffff899063e0  540001e1   b.ne   $0x0000ffff8990641c
T1926856   0x0000ffff899063e4  f240081f   ands   %x0 $0x0000000000000007 -> %xzr
T1926856   0x0000ffff899063e8  54ffff41   b.ne   $0x0000ffff899063d0
T1926856   0x0000ffff899063d0  38401402   ldrb   (%x0)[1byte] %x0 $0x0000000000000001 -> %w2 %x0
T1926856     read  1 byte(s) @ 0xffff898ee94e
T1926856   0x0000ffff899063d4  38401423   ldrb   (%x1)[1byte] %x1 $0x0000000000000001 -> %w3 %x1
T1926856     read  1 byte(s) @ 0xffff8930e86d
T1926856   0x0000ffff899063d8  7100045f   subs   %w2 $0x0001 lsl $0x00 -> %wzr
T1926856   0x0000ffff899063dc  7a432040   ccmp   %w2 %w3 $0x00 cs
T1926856   0x0000ffff899063e0  540001e1   b.ne   $0x0000ffff8990641c
T1926856   0x0000ffff899063e4  f240081f   ands   %x0 $0x0000000000000007 -> %xzr
T1926856   0x0000ffff899063e8  54ffff41   b.ne   $0x0000ffff899063d0
T1926856   0x0000ffff899063d0  38401402   ldrb   (%x0)[1byte] %x0 $0x0000000000000001 -> %w2 %x0
T1926856     read  1 byte(s) @ 0xffff898ee94f
T1926856   0x0000ffff899063d4  38401423   ldrb   (%x1)[1byte] %x1 $0x0000000000000001 -> %w3 %x1
T1926856     read  1 byte(s) @ 0xffff8930e86e
T1926856   0x0000ffff899063d8  7100045f   subs   %w2 $0x0001 lsl $0x00 -> %wzr
T1926856   0x0000ffff899063dc  7a432040   ccmp   %w2 %w3 $0x00 cs
T1926856   0x0000ffff899063e0  540001e1   b.ne   $0x0000ffff8990641c
T1926856   0x0000ffff899063e4  f240081f   ands   %x0 $0x0000000000000007 -> %xzr
T1926856   0x0000ffff899063e8  54ffff41   b.ne   $0x0000ffff899063d0
T1926856   0x0000ffff899063ec  927d2027   and    %x1 $0x0000000000000ff8 -> %x7
T1926856   0x0000ffff899063f0  d27d20e7   eor    %x7 $0x0000000000000ff8 -> %x7
T1926856   0x0000ffff899063f4  b4fffee7   cbz    $0x0000ffff899063d0 %x7
T1926856   0x0000ffff899063f8  f8408402   ldr    (%x0)[8byte] %x0 $0x0000000000000008 -> %x2 %x0
T1926856     read  8 byte(s) @ 0xffff898ee950
T1926856   0x0000ffff899063fc  f8408423   ldr    (%x1)[8byte] %x1 $0x0000000000000008 -> %x3 %x1
T1926856     read  8 byte(s) @ 0xffff8930e86f
T1926856   0x0000ffff89906400  cb0a0047   sub    %x2 %x10 lsl $0x00 -> %x7
T1926856   0x0000ffff89906404  b200d848   orr    %x2 $0x7f7f7f7f7f7f7f7f -> %x8
T1926856   0x0000ffff89906408  ca030045   eor    %x2 %x3 lsl $0x00 -> %x5
T1926856   0x0000ffff8990640c  8a2800e4   bic    %x7 %x8 lsl $0x00 -> %x4
T1926856   0x0000ffff89906410  aa0400a6   orr    %x5 %x4 lsl $0x00 -> %x6
T1926856   0x0000ffff89906414  b4fffec6   cbz    $0x0000ffff899063ec %x6
T1926856   0x0000ffff89906418  17ffffd8   b      $0x0000ffff89906378
T1926856   0x0000ffff89906378  dac00cc6   rev    %x6 -> %x6
T1926856   0x0000ffff8990637c  dac00c42   rev    %x2 -> %x2
T1926856   0x0000ffff89906380  dac010cb   clz    %x6 -> %x11
T1926856   0x0000ffff89906384  dac00c63   rev    %x3 -> %x3
T1926856   0x0000ffff89906388  9acb2042   lslv   %x2 %x11 -> %x2
T1926856   0x0000ffff8990638c  9acb2063   lslv   %x3 %x11 -> %x3
T1926856   0x0000ffff89906390  d378fc42   ubfm   %x2 $0x38 $0x3f -> %x2
T1926856   0x0000ffff89906394  cb43e040   sub    %x2 %x3 lsr $0x38 -> %x0
T1926856   0x0000ffff89906398  d65f03c0   ret    %x30
T1926856   0x0000ffff898f72a0  34fffb40   cbz    $0x0000ffff898f7208 %w0
T1926856   0x0000ffff898f7208  aa1303e0   orr    %xzr %x19 lsl $0x00 -> %x0
T1926856   0x0000ffff898f720c  a94153f3   ldp    +0x10(%sp)[16byte] -> %x19 %x20
T1926856     read  16 byte(s) @ 0xffffd2962c20
T1926856   0x0000ffff898f7210  a9425bf5   ldp    +0x20(%sp)[16byte] -> %x21 %x22
T1926856     read  16 byte(s) @ 0xffffd2962c30
T1926856   0x0000ffff898f7214  f9401bf7   ldr    +0x30(%sp)[8byte] -> %x23
T1926856     read  8 byte(s) @ 0xffffd2962c40
T1926856   0x0000ffff898f7218  a8c47bfd   ldp    (%sp)[16byte] %sp $0x0000000000000040 -> %x29 %x30 %sp
T1926856     read  16 byte(s) @ 0xffffd2962c10
T1926856   0x0000ffff898f721c  d65f03c0   ret    %x30
T1926856   0x0000ffff898f7648  b5003220   cbnz   $0x0000ffff898f7c8c %x0
T1926856   0x0000ffff898f7c8c  aa1903e7   orr    %xzr %x25 lsl $0x00 -> %x7
T1926856   0x0000ffff898f7c90  aa1a03f7   orr    %xzr %x26 lsl $0x00 -> %x23
T1926856   0x0000ffff898f7c94  aa1803f9   orr    %xzr %x24 lsl $0x00 -> %x25
T1926856   0x0000ffff898f7c98  aa1c03fa   orr    %xzr %x28 lsl $0x00 -> %x26
T1926856   0x0000ffff898f7c9c  2a1403f6   orr    %wzr %w20 lsl $0x00 -> %w22
T1926856   0x0000ffff898f7ca0  b940cbea   ldr    +0xc8(%sp)[4byte] -> %w10
T1926856     read  4 byte(s) @ 0xffffd2962d18
T1926856   0x0000ffff898f7ca4  aa0003e3   orr    %xzr %x0 lsl $0x00 -> %x3
T1926856   0x0000ffff898f7ca8  aa1b03ec   orr    %xzr %x27 lsl $0x00 -> %x12
T1926856   0x0000ffff898f7cac  a94d73f5   ldp    +0xd0(%sp)[16byte] -> %x21 %x28
T1926856     read  16 byte(s) @ 0xffffd2962d20
T1926856   0x0000ffff898f7cb0  f94073f8   ldr    +0xe0(%sp)[8byte] -> %x24
T1926856     read  8 byte(s) @ 0xffffd2962d30
T1926856   0x0000ffff898f7cb4  f94087f4   ldr    +0x0108(%sp)[8byte] -> %x20
T1926856     read  8 byte(s) @ 0xffffd2962d58
T1926856   0x0000ffff898f7cb8  17fffe1c   b      $0x0000ffff898f7528
T1926856   0x0000ffff898f7528  f9408fe0   ldr    +0x0118(%sp)[8byte] -> %x0
T1926856     read  8 byte(s) @ 0xffffd2962d68
T1926856   0x0000ffff898f752c  b4000a60   cbz    $0x0000ffff898f7678 %x0
T1926856   0x0000ffff898f7530  39401460   ldrb   +0x05(%x3)[1byte] -> %w0
T1926856     read  1 byte(s) @ 0xffff898ee595
T1926856   0x0000ffff898f7534  12000400   and    %w0 $0x00000003 -> %w0
T1926856   0x0000ffff898f7538  51000400   sub    %w0 $0x0001 lsl $0x00 -> %w0
T1926856   0x0000ffff898f753c  7100041f   subs   %w0 $0x0001 lsl $0x00 -> %wzr
T1926856   0x0000ffff898f7540  54fff3a9   b.ls   $0x0000ffff898f73b4
T1926856   0x0000ffff898f7544  39401060   ldrb   +0x04(%x3)[1byte] -> %w0
T1926856     read  1 byte(s) @ 0xffff898ee594
T1926856   0x0000ffff898f7548  53047c00   ubfm   %w0 $0x04 $0x1f -> %w0
T1926856   0x0000ffff898f754c  7100081f   subs   %w0 $0x0002 lsl $0x00 -> %wzr
T1926856   0x0000ffff898f7550  54001820   b.eq   $0x0000ffff898f7854
T1926856   0x0000ffff898f7554  7100281f   subs   %w0 $0x000a lsl $0x00 -> %wzr
T1926856   0x0000ffff898f7558  54000fa0   b.eq   $0x0000ffff898f774c
T1926856   0x0000ffff898f755c  7100041f   subs   %w0 $0x0001 lsl $0x00 -> %wzr
T1926856   0x0000ffff898f7560  54fff2a1   b.ne   $0x0000ffff898f73b4
T1926856   0x0000ffff898f7564  f94053e0   ldr    +0xa0(%sp)[8byte] -> %x0
T1926856     read  8 byte(s) @ 0xffffd2962cf0
T1926856   0x0000ffff898f7568  a9006403   stp    %x3 %x25 -> (%x0)[16byte]
T1926856     write 16 byte(s) @ 0xffffd2962e28
T1926856   0x0000ffff898f756c  52800020   movz   $0x0001 lsl $0x00 -> %w0
T1926856   0x0000ffff898f7570  a9427bfd   ldp    +0x20(%sp)[16byte] -> %x29 %x30
T1926856     read  16 byte(s) @ 0xffffd2962c70
T1926856   0x0000ffff898f7574  a94353f3   ldp    +0x30(%sp)[16byte] -> %x19 %x20
T1926856     read  16 byte(s) @ 0xffffd2962c80
T1926856   0x0000ffff898f7578  a9445bf5   ldp    +0x40(%sp)[16byte] -> %x21 %x22
T1926856     read  16 byte(s) @ 0xffffd2962c90
T1926856   0x0000ffff898f757c  a94563f7   ldp    +0x50(%sp)[16byte] -> %x23 %x24
T1926856     read  16 byte(s) @ 0xffffd2962ca0
T1926856   0x0000ffff898f7580  a9466bf9   ldp    +0x60(%sp)[16byte] -> %x25 %x26
T1926856     read  16 byte(s) @ 0xffffd2962cb0
T1926856   0x0000ffff898f7584  a94773fb   ldp    +0x70(%sp)[16byte] -> %x27 %x28
T1926856     read  16 byte(s) @ 0xffffd2962cc0
T1926856   0x0000ffff898f7588  910403ff   add    %sp $0x0100 lsl $0x00 -> %sp
T1926856   0x0000ffff898f758c  d65f03c0   ret    %x30
T1926856   0x0000ffff898f7e90  34fffe20   cbz    $0x0000ffff898f7e54 %w0
T1926856   0x0000ffff898f7e94  f9400263   ldr    (%x19)[8byte] -> %x3
T1926856     read  8 byte(s) @ 0xffffd2962f30
T1926856   0x0000ffff898f7e98  f9406fe0   ldr    +0xd8(%sp)[8byte] -> %x0
T1926856     read  8 byte(s) @ 0xffffd2962e28
T1926856   0x0000ffff898f7e9c  b40009c0   cbz    $0x0000ffff898f7fd4 %x0
T1926856   0x0000ffff898f7ea0  b40000a3   cbz    $0x0000ffff898f7eb4 %x3
T1926856   0x0000ffff898f7ea4  39401460   ldrb   +0x05(%x3)[1byte] -> %w0
T1926856     read  1 byte(s) @ 0xffff892fb375
T1926856   0x0000ffff898f7ea8  12000400   and    %w0 $0x00000003 -> %w0
T1926856   0x0000ffff898f7eac  71000c1f   subs   %w0 $0x0003 lsl $0x00 -> %wzr
T1926856   0x0000ffff898f7eb0  54000320   b.eq   $0x0000ffff898f7f14
T1926856   0x0000ffff898f7eb4  f94073fc   ldr    +0xe0(%sp)[8byte] -> %x28
T1926856     read  8 byte(s) @ 0xffffd2962e30
T1926856   0x0000ffff898f7eb8  5280001a   movz   $0x0000 lsl $0x00 -> %w26
T1926856   0x0000ffff898f7ebc  394d3380   ldrb   +0x034c(%x28)[1byte] -> %w0
T1926856     read  1 byte(s) @ 0xfffd4587434c
T1926856   0x0000ffff898f7ec0  90000159   adrp   <rel> 0x0000ffff8991f000 -> %x25
T1926856   0x0000ffff898f7ec4  12000400   and    %w0 $0x00000003 -> %w0
T1926856   0x0000ffff898f7ec8  7100081f   subs   %w0 $0x0002 lsl $0x00 -> %wzr
T1926856   0x0000ffff898f7ecc  540019e0   b.eq   $0x0000ffff898f8208
T1926856   0x0000ffff898f7ed0  b9440f80   ldr    +0x040c(%x28)[4byte] -> %w0
T1926856     read  4 byte(s) @ 0xfffd4587440c
T1926856   0x0000ffff898f7ed4  34001940   cbz    $0x0000ffff898f81fc %w0
T1926856   0x0000ffff898f7ed8  b946db20   ldr    +0x06d8(%x25)[4byte] -> %w0
T1926856     read  4 byte(s) @ 0xffff8991f6d8
T1926856   0x0000ffff898f7edc  52810081   movz   $0x0804 lsl $0x00 -> %w1
T1926856   0x0000ffff898f7ee0  6a01001f   ands   %w0 %w1 lsl $0x00 -> %wzr
T1926856   0x0000ffff898f7ee4  54000d41   b.ne   $0x0000ffff898f808c
T1926856   0x0000ffff898f7ee8  f9406fe0   ldr    +0xd8(%sp)[8byte] -> %x0
T1926856     read  8 byte(s) @ 0xffffd2962e28
T1926856   0x0000ffff898f7eec  f9000260   str    %x0 -> (%x19)[8byte]
T1926856     write 8 byte(s) @ 0xffffd2962f30
T1926856   0x0000ffff898f7ef0  aa1c03e0   orr    %xzr %x28 lsl $0x00 -> %x0
T1926856   0x0000ffff898f7ef4  a9427bfd   ldp    +0x20(%sp)[16byte] -> %x29 %x30
T1926856     read  16 byte(s) @ 0xffffd2962d70
T1926856   0x0000ffff898f7ef8  a94353f3   ldp    +0x30(%sp)[16byte] -> %x19 %x20
T1926856     read  16 byte(s) @ 0xffffd2962d80
T1926856   0x0000ffff898f7efc  a9445bf5   ldp    +0x40(%sp)[16byte] -> %x21 %x22
T1926856     read  16 byte(s) @ 0xffffd2962d90
T1926856   0x0000ffff898f7f00  a94563f7   ldp    +0x50(%sp)[16byte] -> %x23 %x24
T1926856     read  16 byte(s) @ 0xffffd2962da0
T1926856   0x0000ffff898f7f04  a9466bf9   ldp    +0x60(%sp)[16byte] -> %x25 %x26
T1926856     read  16 byte(s) @ 0xffffd2962db0
T1926856   0x0000ffff898f7f08  a94773fb   ldp    +0x70(%sp)[16byte] -> %x27 %x28
T1926856     read  16 byte(s) @ 0xffffd2962dc0
T1926856   0x0000ffff898f7f0c  910443ff   add    %sp $0x0110 lsl $0x00 -> %sp
T1926856   0x0000ffff898f7f10  d65f03c0   ret    %x30
T1926856   0x0000ffff898f9920  aa0003e4   orr    %xzr %x0 lsl $0x00 -> %x4
T1926856   0x0000ffff898f9924  a94b2fa8   ldp    +0xb0(%x29)[16byte] -> %x8 %x11
T1926856     read  16 byte(s) @ 0xffffd2962f20
T1926856   0x0000ffff898f9928  f9022280   str    %x0 -> +0x0440(%x20)[8byte]
T1926856     write 8 byte(s) @ 0xffff898e3440
T1926856   0x0000ffff898f992c  f94063a3   ldr    +0xc0(%x29)[8byte] -> %x3
T1926856     read  8 byte(s) @ 0xffffd2962f30
T1926856   0x0000ffff898f9930  f9022683   str    %x3 -> +0x0448(%x20)[8byte]
T1926856     write 8 byte(s) @ 0xffff898e3448
T1926856   0x0000ffff898f9934  b50016c3   cbnz   $0x0000ffff898f9c0c %x3
T1926856   0x0000ffff898f9c0c  79400c65   ldrh   +0x06(%x3)[2byte] -> %w5
T1926856     read  2 byte(s) @ 0xffff898ee596
T1926856   0x0000ffff898f9c10  529ffe20   movz   $0xfff1 lsl $0x00 -> %w0
T1926856   0x0000ffff898f9c14  39401062   ldrb   +0x04(%x3)[1byte] -> %w2
T1926856     read  1 byte(s) @ 0xffff898ee594
T1926856   0x0000ffff898f9c18  6b0000bf   subs   %w5 %w0 lsl $0x00 -> %wzr
T1926856   0x0000ffff898f9c1c  54ffedc1   b.ne   $0x0000ffff898f99d4
T1926856   0x0000ffff898f99d4  f9400081   ldr    (%x4)[8byte] -> %x1
T1926856     read  8 byte(s) @ 0xffff89920a78
T1926856   0x0000ffff898f99d8  12000c42   and    %w2 $0x0000000f -> %w2
T1926856   0x0000ffff898f99dc  f9400460   ldr    +0x08(%x3)[8byte] -> %x0
T1926856     read  8 byte(s) @ 0xffff898ee598
T1926856   0x0000ffff898f99e0  7100285f   subs   %w2 $0x000a lsl $0x00 -> %wzr
T1926856   0x0000ffff898f99e4  8b000026   add    %x1 %x0 lsl $0x00 -> %x6
T1926856   0x0000ffff898f99e8  54000700   b.eq   $0x0000ffff898f9ac8
T1926856   0x0000ffff898f99ec  7110167f   subs   %w19 $0x0405 lsl $0x00 -> %wzr
T1926856   0x0000ffff898f99f0  54001560   b.eq   $0x0000ffff898f9c9c
T1926856   0x0000ffff898f99f4  54000ae8   b.hi   $0x0000ffff898f9b50
T1926856   0x0000ffff898f99f8  7110127f   subs   %w19 $0x0404 lsl $0x00 -> %wzr
T1926856   0x0000ffff898f99fc  540011a0   b.eq   $0x0000ffff898f9c30
T1926856   0x0000ffff898f9a00  7110027f   subs   %w19 $0x0400 lsl $0x00 -> %wzr
T1926856   0x0000ffff898f9a04  540009e8   b.hi   $0x0000ffff898f9b40
T1926856   0x0000ffff898f9b40  f9400b60   ldr    +0x10(%x27)[8byte] -> %x0
T1926856     read  8 byte(s) @ 0xffff89317958
T1926856   0x0000ffff898f9b44  8b060000   add    %x0 %x6 lsl $0x00 -> %x0
T1926856   0x0000ffff898f9b48  f8286b80   str    %x0 -> (%x28,%x8)[8byte]
T1926856     write 8 byte(s) @ 0xffff89460fd8
T1926856   0x0000ffff898f9b4c  17ffff87   b      $0x0000ffff898f9968
T1926856   0x0000ffff898f9968  9100637b   add    %x27 $0x0018 lsl $0x00 -> %x27
T1926856   0x0000ffff898f996c  eb1b035f   subs   %x26 %x27 lsl $0x00 -> %xzr
T1926856   0x0000ffff898f9970  54fff6c8   b.hi   $0x0000ffff898f9848
T1926856   0x0000ffff898f9974  f9404fa0   ldr    +0x98(%x29)[8byte] -> %x0
T1926856     read  8 byte(s) @ 0xffffd2962f08
T1926856   0x0000ffff898f9978  f94043a1   ldr    +0x80(%x29)[8byte] -> %x1
T1926856     read  8 byte(s) @ 0xffffd2962ef0
T1926856   0x0000ffff898f997c  91008000   add    %x0 $0x0020 lsl $0x00 -> %x0
T1926856   0x0000ffff898f9980  f9004fa0   str    %x0 -> +0x98(%x29)[8byte]
T1926856     write 8 byte(s) @ 0xffffd2962f08
T1926856   0x0000ffff898f9984  eb01001f   subs   %x0 %x1 lsl $0x00 -> %xzr
T1926856   0x0000ffff898f9988  f94053b6   ldr    +0xa0(%x29)[8byte] -> %x22
T1926856     read  8 byte(s) @ 0xffffd2962f10
T1926856   0x0000ffff898f998c  54ffdc20   b.eq   $0x0000ffff898f9510
T1926856   0x0000ffff898f9990  f9404fa1   ldr    +0x98(%x29)[8byte] -> %x1
T1926856     read  8 byte(s) @ 0xffffd2962f08
T1926856   0x0000ffff898f9994  a9402c20   ldp    (%x1)[16byte] -> %x0 %x11
T1926856     read  16 byte(s) @ 0xffffd2962f70
T1926856   0x0000ffff898f9998  f9400828   ldr    +0x10(%x1)[8byte] -> %x8
T1926856     read  8 byte(s) @ 0xffffd2962f80
T1926856   0x0000ffff898f999c  b9401821   ldr    +0x18(%x1)[4byte] -> %w1
T1926856     read  4 byte(s) @ 0xffffd2962f88
T1926856   0x0000ffff898f99a0  17fffebf   b      $0x0000ffff898f949c
T1926856   0x0000ffff898f949c  aa0003f3   orr    %xzr %x0 lsl $0x00 -> %x19
T1926856   0x0000ffff898f94a0  8b0b001a   add    %x0 %x11 lsl $0x00 -> %x26
T1926856   0x0000ffff898f94a4  f9400299   ldr    (%x20)[8byte] -> %x25
T1926856     read  8 byte(s) @ 0xffff898e3000
T1926856   0x0000ffff898f94a8  34001901   cbz    $0x0000ffff898f97c8 %w1
T1926856   0x0000ffff898f94ac  eb1a001f   subs   %x0 %x26 lsl $0x00 -> %xzr
T1926856   0x0000ffff898f94b0  54000242   b.cs   $0x0000ffff898f94f8
T1926856   0x0000ffff898f94b4  d000005b   adrp   <rel> 0x0000ffff89903000 -> %x27
T1926856   0x0000ffff898f94b8  d0000055   adrp   <rel> 0x0000ffff89903000 -> %x21
T1926856   0x0000ffff898f94bc  9126d37b   add    %x27 $0x09b4 lsl $0x00 -> %x27
T1926856   0x0000ffff898f94c0  912652b5   add    %x21 $0x0994 lsl $0x00 -> %x21
T1926856   0x0000ffff898f94c4  d503201f   nop
T1926856   0x0000ffff898f94c8  a9400677   ldp    (%x19)[16byte] -> %x23 %x1
T1926856     read  16 byte(s) @ 0xffff89317960
T1926856   0x0000ffff898f94cc  8b170338   add    %x25 %x23 lsl $0x00 -> %x24
T1926856   0x0000ffff898f94d0  7110083f   subs   %w1 $0x0402 lsl $0x00 -> %wzr
T1926856   0x0000ffff898f94d4  54000e41   b.ne   $0x0000ffff898f969c
T1926856   0x0000ffff898f94d8  f9421280   ldr    +0x0420(%x20)[8byte] -> %x0
T1926856     read  8 byte(s) @ 0xffff898e3420
T1926856   0x0000ffff898f94dc  b4000d80   cbz    $0x0000ffff898f968c %x0
T1926856   0x0000ffff898f968c  f8776b20   ldr    (%x25,%x23)[8byte] -> %x0
T1926856     read  8 byte(s) @ 0xffff89461000
T1926856   0x0000ffff898f9690  8b190000   add    %x0 %x25 lsl $0x00 -> %x0
T1926856   0x0000ffff898f9694  f8376b20   str    %x0 -> (%x25,%x23)[8byte]
T1926856     write 8 byte(s) @ 0xffff89461000
T1926856   0x0000ffff898f9698  17ffff95   b      $0x0000ffff898f94ec
T1926856   0x0000ffff898f94ec  91006273   add    %x19 $0x0018 lsl $0x00 -> %x19
T1926856   0x0000ffff898f94f0  eb13035f   subs   %x26 %x19 lsl $0x00 -> %xzr
T1926856   0x0000ffff898f94f4  54fffea8   b.hi   $0x0000ffff898f94c8
T1926856   0x0000ffff898f94c8  a9400677   ldp    (%x19)[16byte] -> %x23 %x1
T1926856     read  16 byte(s) @ 0xffff89317978
T1926856   0x0000ffff898f94cc  8b170338   add    %x25 %x23 lsl $0x00 -> %x24
T1926856   0x0000ffff898f94d0  7110083f   subs   %w1 $0x0402 lsl $0x00 -> %wzr
T1926856   0x0000ffff898f94d4  54000e41   b.ne   $0x0000ffff898f969c
T1926856   0x0000ffff898f94d8  f9421280   ldr    +0x0420(%x20)[8byte] -> %x0
T1926856     read  8 byte(s) @ 0xffff898e3420
T1926856   0x0000ffff898f94dc  b4000d80   cbz    $0x0000ffff898f968c %x0
T1926856   0x0000ffff898f968c  f8776b20   ldr    (%x25,%x23)[8byte] -> %x0
T1926856     read  8 byte(s) @ 0xffff89461008
T1926856   0x0000ffff898f9690  8b190000   add    %x0 %x25 lsl $0x00 -> %x0
T1926856   0x0000ffff898f9694  f8376b20   str    %x0 -> (%x25,%x23)[8byte]
T1926856     write 8 byte(s) @ 0xffff89461008
T1926856   0x0000ffff898f9698  17ffff95   b      $0x0000ffff898f94ec
T1926856   0x0000ffff898f94ec  91006273   add    %x19 $0x0018 lsl $0x00 -> %x19
T1926856   0x0000ffff898f94f0  eb13035f   subs   %x26 %x19 lsl $0x00 -> %xzr
T1926856   0x0000ffff898f94f4  54fffea8   b.hi   $0x0000ffff898f94c8
T1926856   0x0000ffff898f94c8  a9400677   ldp    (%x19)[16byte] -> %x23 %x1
T1926856     read  16 byte(s) @ 0xffff89317990
T1926856   0x0000ffff898f94cc  8b170338   add    %x25 %x23 lsl $0x00 -> %x24
T1926856   0x0000ffff898f94d0  7110083f   subs   %w1 $0x0402 lsl $0x00 -> %wzr
T1926856   0x0000ffff898f94d4  54000e41   b.ne   $0x0000ffff898f969c
T1926856   0x0000ffff898f94d8  f9421280   ldr    +0x0420(%x20)[8byte] -> %x0
T1926856     read  8 byte(s) @ 0xffff898e3420
T1926856   0x0000ffff898f94dc  b4000d80   cbz    $0x0000ffff898f968c %x0
T1926856   0x0000ffff898f968c  f8776b20   ldr    (%x25,%x23)[8byte] -> %x0
T1926856     read  8 byte(s) @ 0xffff89461010
T1926856   0x0000ffff898f9690  8b190000   add    %x0 %x25 lsl $0x00 -> %x0
T1926856   0x0000ffff898f9694  f8376b20   str    %x0 -> (%x25,%x23)[8byte]
T1926856     write 8 byte(s) @ 0xffff89461010
T1926856   0x0000ffff898f9698  17ffff95   b      $0x0000ffff898f94ec
T1926856   0x0000ffff898f94ec  91006273   add    %x19 $0x0018 lsl $0x00 -> %x19
T1926856   0x0000ffff898f94f0  eb13035f   subs   %x26 %x19 lsl $0x00 -> %xzr
T1926856   0x0000ffff898f94f4  54fffea8   b.hi   $0x0000ffff898f94c8
T1926856   0x0000ffff898f94c8  a9400677   ldp    (%x19)[16byte] -> %x23 %x1
T1926856     read  16 byte(s) @ 0xffff893179a8
T1926856   0x0000ffff898f94cc  8b170338   add    %x25 %x23 lsl $0x00 -> %x24
T1926856   0x0000ffff898f94d0  7110083f   subs   %w1 $0x0402 lsl $0x00 -> %wzr
T1926856   0x0000ffff898f94d4  54000e41   b.ne   $0x0000ffff898f969c
T1926856   0x0000ffff898f94d8  f9421280   ldr    +0x0420(%x20)[8byte] -> %x0
T1926856     read  8 byte(s) @ 0xffff898e3420
T1926856   0x0000ffff898f94dc  b4000d80   cbz    $0x0000ffff898f968c %x0
T1926856   0x0000ffff898f968c  f8776b20   ldr    (%x25,%x23)[8byte] -> %x0
T1926856     read  8 byte(s) @ 0xffff89461018
T1926856   0x0000ffff898f9690  8b190000   add    %x0 %x25 lsl $0x00 -> %x0
T1926856   0x0000ffff898f9694  f8376b20   str    %x0 -> (%x25,%x23)[8byte]
T1926856     write 8 byte(s) @ 0xffff89461018
T1926856   0x0000ffff898f9698  17ffff95   b      $0x0000ffff898f94ec
T1926856   0x0000ffff898f94ec  91006273   add    %x19 $0x0018 lsl $0x00 -> %x19
T1926856   0x0000ffff898f94f0  eb13035f   subs   %x26 %x19 lsl $0x00 -> %xzr
T1926856   0x0000ffff898f94f4  54fffea8   b.hi   $0x0000ffff898f94c8
T1926856   0x0000ffff898f94c8  a9400677   ldp    (%x19)[16byte] -> %x23 %x1
T1926856     read  16 byte(s) @ 0xffff893179c0
T1926856   0x0000ffff898f94cc  8b170338   add    %x25 %x23 lsl $0x00 -> %x24
T1926856   0x0000ffff898f94d0  7110083f   subs   %w1 $0x0402 lsl $0x00 -> %wzr
T1926856   0x0000ffff898f94d4  54000e41   b.ne   $0x0000ffff898f969c
T1926856   0x0000ffff898f94d8  f9421280   ldr    +0x0420(%x20)[8byte] -> %x0
T1926856     read  8 byte(s) @ 0xffff898e3420
T1926856   0x0000ffff898f94dc  b4000d80   cbz    $0x0000ffff898f968c %x0
T1926856   0x0000ffff898f968c  f8776b20   ldr    (%x25,%x23)[8byte] -> %x0
T1926856     read  8 byte(s) @ 0xffff89461020
T1926856   0x0000ffff898f9690  8b190000   add    %x0 %x25 lsl $0x00 -> %x0
T1926856   0x0000ffff898f9694  f8376b20   str    %x0 -> (%x25,%x23)[8byte]
T1926856     write 8 byte(s) @ 0xffff89461020
T1926856   0x0000ffff898f9698  17ffff95   b      $0x0000ffff898f94ec
T1926856   0x0000ffff898f94ec  91006273   add    %x19 $0x0018 lsl $0x00 -> %x19
T1926856   0x0000ffff898f94f0  eb13035f   subs   %x26 %x19 lsl $0x00 -> %xzr
T1926856   0x0000ffff898f94f4  54fffea8   b.hi   $0x0000ffff898f94c8
T1926856   0x0000ffff898f94c8  a9400677   ldp    (%x19)[16byte] -> %x23 %x1
T1926856     read  16 byte(s) @ 0xffff893179d8
T1926856   0x0000ffff898f94cc  8b170338   add    %x25 %x23 lsl $0x00 -> %x24
T1926856   0x0000ffff898f94d0  7110083f   subs   %w1 $0x0402 lsl $0x00 -> %wzr
T1926856   0x0000ffff898f94d4  54000e41   b.ne   $0x0000ffff898f969c
T1926856   0x0000ffff898f94d8  f9421280   ldr    +0x0420(%x20)[8byte] -> %x0
T1926856     read  8 byte(s) @ 0xffff898e3420
T1926856   0x0000ffff898f94dc  b4000d80   cbz    $0x0000ffff898f968c %x0
T1926856   0x0000ffff898f968c  f8776b20   ldr    (%x25,%x23)[8byte] -> %x0
T1926856     read  8 byte(s) @ 0xffff89461028
T1926856   0x0000ffff898f9690  8b190000   add    %x0 %x25 lsl $0x00 -> %x0
T1926856   0x0000ffff898f9694  f8376b20   str    %x0 -> (%x25,%x23)[8byte]
T1926856     write 8 byte(s) @ 0xffff89461028
T1926856   0x0000ffff898f9698  17ffff95   b      $0x0000ffff898f94ec
T1926856   0x0000ffff898f94ec  91006273   add    %x19 $0x0018 lsl $0x00 -> %x19
T1926856   0x0000ffff898f94f0  eb13035f   subs   %x26 %x19 lsl $0x00 -> %xzr
T1926856   0x0000ffff898f94f4  54fffea8   b.hi   $0x0000ffff898f94c8
T1926856   0x0000ffff898f94c8  a9400677   ldp    (%x19)[16byte] -> %x23 %x1
T1926856     read  16 byte(s) @ 0xffff893179f0
T1926856   0x0000ffff898f94cc  8b170338   add    %x25 %x23 lsl $0x00 -> %x24
T1926856   0x0000ffff898f94d0  7110083f   subs   %w1 $0x0402 lsl $0x00 -> %wzr
T1926856   0x0000ffff898f94d4  54000e41   b.ne   $0x0000ffff898f969c
T1926856   0x0000ffff898f94d8  f9421280   ldr    +0x0420(%x20)[8byte] -> %x0
T1926856     read  8 byte(s) @ 0xffff898e3420
T1926856   0x0000ffff898f94dc  b4000d80   cbz    $0x0000ffff898f968c %x0
T1926856   0x0000ffff898f968c  f8776b20   ldr    (%x25,%x23)[8byte] -> %x0
T1926856     read  8 byte(s) @ 0xffff89461030
T1926856   0x0000ffff898f9690  8b190000   add    %x0 %x25 lsl $0x00 -> %x0
T1926856   0x0000ffff898f9694  f8376b20   str    %x0 -> (%x25,%x23)[8byte]
T1926856     write 8 byte(s) @ 0xffff89461030
T1926856   0x0000ffff898f9698  17ffff95   b      $0x0000ffff898f94ec
T1926856   0x0000ffff898f94ec  91006273   add    %x19 $0x0018 lsl $0x00 -> %x19
T1926856   0x0000ffff898f94f0  eb13035f   subs   %x26 %x19 lsl $0x00 -> %xzr
T1926856   0x0000ffff898f94f4  54fffea8   b.hi   $0x0000ffff898f94c8
T1926856   0x0000ffff898f94c8  a9400677   ldp    (%x19)[16byte] -> %x23 %x1
T1926856     read  16 byte(s) @ 0xffff89317a08
T1926856   0x0000ffff898f94cc  8b170338   add    %x25 %x23 lsl $0x00 -> %x24
T1926856   0x0000ffff898f94d0  7110083f   subs   %w1 $0x0402 lsl $0x00 -> %wzr
T1926856   0x0000ffff898f94d4  54000e41   b.ne   $0x0000ffff898f969c
T1926856   0x0000ffff898f94d8  f9421280   ldr    +0x0420(%x20)[8byte] -> %x0
T1926856     read  8 byte(s) @ 0xffff898e3420
T1926856   0x0000ffff898f94dc  b4000d80   cbz    $0x0000ffff898f968c %x0
T1926856   0x0000ffff898f968c  f8776b20   ldr    (%x25,%x23)[8byte] -> %x0
T1926856     read  8 byte(s) @ 0xffff89461038
T1926856   0x0000ffff898f9690  8b190000   add    %x0 %x25 lsl $0x00 -> %x0
T1926856   0x0000ffff898f9694  f8376b20   str    %x0 -> (%x25,%x23)[8byte]
T1926856     write 8 byte(s) @ 0xffff89461038
T1926856   0x0000ffff898f9698  17ffff95   b      $0x0000ffff898f94ec
T1926856   0x0000ffff898f94ec  91006273   add    %x19 $0x0018 lsl $0x00 -> %x19
T1926856   0x0000ffff898f94f0  eb13035f   subs   %x26 %x19 lsl $0x00 -> %xzr
T1926856   0x0000ffff898f94f4  54fffea8   b.hi   $0x0000ffff898f94c8
T1926856   0x0000ffff898f94c8  a9400677   ldp    (%x19)[16byte] -> %x23 %x1
T1926856     read  16 byte(s) @ 0xffff89317a20
T1926856   0x0000ffff898f94cc  8b170338   add    %x25 %x23 lsl $0x00 -> %x24
T1926856   0x0000ffff898f94d0  7110083f   subs   %w1 $0x0402 lsl $0x00 -> %wzr
T1926856   0x0000ffff898f94d4  54000e41   b.ne   $0x0000ffff898f969c
T1926856   0x0000ffff898f94d8  f9421280   ldr    +0x0420(%x20)[8byte] -> %x0
T1926856     read  8 byte(s) @ 0xffff898e3420
T1926856   0x0000ffff898f94dc  b4000d80   cbz    $0x0000ffff898f968c %x0
T1926856   0x0000ffff898f968c  f8776b20   ldr    (%x25,%x23)[8byte] -> %x0
T1926856     read  8 byte(s) @ 0xffff89461040
T1926856   0x0000ffff898f9690  8b190000   add    %x0 %x25 lsl $0x00 -> %x0
T1926856   0x0000ffff898f9694  f8376b20   str    %x0 -> (%x25,%x23)[8byte]
T1926856     write 8 byte(s) @ 0xffff89461040
T1926856   0x0000ffff898f9698  17ffff95   b      $0x0000ffff898f94ec
T1926856   0x0000ffff898f94ec  91006273   add    %x19 $0x0018 lsl $0x00 -> %x19
T1926856   0x0000ffff898f94f0  eb13035f   subs   %x26 %x19 lsl $0x00 -> %xzr
T1926856   0x0000ffff898f94f4  54fffea8   b.hi   $0x0000ffff898f94c8
T1926856   0x0000ffff898f94c8  a9400677   ldp    (%x19)[16byte] -> %x23 %x1
T1926856     read  16 byte(s) @ 0xffff89317a38
T1926856   0x0000ffff898f94cc  8b170338   add    %x25 %x23 lsl $0x00 -> %x24
T1926856   0x0000ffff898f94d0  7110083f   subs   %w1 $0x0402 lsl $0x00 -> %wzr
T1926856   0x0000ffff898f94d4  54000e41   b.ne   $0x0000ffff898f969c
T1926856   0x0000ffff898f94d8  f9421280   ldr    +0x0420(%x20)[8byte] -> %x0
T1926856     read  8 byte(s) @ 0xffff898e3420
T1926856   0x0000ffff898f94dc  b4000d80   cbz    $0x0000ffff898f968c %x0
T1926856   0x0000ffff898f968c  f8776b20   ldr    (%x25,%x23)[8byte] -> %x0
T1926856     read  8 byte(s) @ 0xffff89461048
T1926856   0x0000ffff898f9690  8b190000   add    %x0 %x25 lsl $0x00 -> %x0
T1926856   0x0000ffff898f9694  f8376b20   str    %x0 -> (%x25,%x23)[8byte]
T1926856     write 8 byte(s) @ 0xffff89461048
T1926856   0x0000ffff898f9698  17ffff95   b      $0x0000ffff898f94ec
T1926856   0x0000ffff898f94ec  91006273   add    %x19 $0x0018 lsl $0x00 -> %x19
T1926856   0x0000ffff898f94f0  eb13035f   subs   %x26 %x19 lsl $0x00 -> %xzr
T1926856   0x0000ffff898f94f4  54fffea8   b.hi   $0x0000ffff898f94c8
T1926856   0x0000ffff898f94c8  a9400677   ldp    (%x19)[16byte] -> %x23 %x1
T1926856     read  16 byte(s) @ 0xffff89317a50
T1926856   0x0000ffff898f94cc  8b170338   add    %x25 %x23 lsl $0x00 -> %x24
T1926856   0x0000ffff898f94d0  7110083f   subs   %w1 $0x0402 lsl $0x00 -> %wzr
T1926856   0x0000ffff898f94d4  54000e41   b.ne   $0x0000ffff898f969c
T1926856   0x0000ffff898f94d8  f9421280   ldr    +0x0420(%x20)[8byte] -> %x0
T1926856     read  8 byte(s) @ 0xffff898e3420
T1926856   0x0000ffff898f94dc  b4000d80   cbz    $0x0000ffff898f968c %x0
T1926856   0x0000ffff898f968c  f8776b20   ldr    (%x25,%x23)[8byte] -> %x0
T1926856     read  8 byte(s) @ 0xffff89461050
T1926856   0x0000ffff898f9690  8b190000   add    %x0 %x25 lsl $0x00 -> %x0
T1926856   0x0000ffff898f9694  f8376b20   str    %x0 -> (%x25,%x23)[8byte]
T1926856     write 8 byte(s) @ 0xffff89461050
T1926856   0x0000ffff898f9698  17ffff95   b      $0x0000ffff898f94ec
T1926856   0x0000ffff898f94ec  91006273   add    %x19 $0x0018 lsl $0x00 -> %x19
T1926856   0x0000ffff898f94f0  eb13035f   subs   %x26 %x19 lsl $0x00 -> %xzr
T1926856   0x0000ffff898f94f4  54fffea8   b.hi   $0x0000ffff898f94c8
T1926856   0x0000ffff898f94c8  a9400677   ldp    (%x19)[16byte] -> %x23 %x1
T1926856     read  16 byte(s) @ 0xffff89317a68
T1926856   0x0000ffff898f94cc  8b170338   add    %x25 %x23 lsl $0x00 -> %x24
T1926856   0x0000ffff898f94d0  7110083f   subs   %w1 $0x0402 lsl $0x00 -> %wzr
T1926856   0x0000ffff898f94d4  54000e41   b.ne   $0x0000ffff898f969c
T1926856   0x0000ffff898f969c  71101c3f   subs   %w1 $0x0407 lsl $0x00 -> %wzr
T1926856   0x0000ffff898f96a0  540059c1   b.ne   $0x0000ffff898fa1d8
T1926856   0x0000ffff898fa1d8  7110203f   subs   %w1 $0x0408 lsl $0x00 -> %wzr
T1926856   0x0000ffff898fa1dc  540026e0   b.eq   $0x0000ffff898fa6b8
T1926856   0x0000ffff898fa6b8  f9400282   ldr    (%x20)[8byte] -> %x2
T1926856     read  8 byte(s) @ 0xffff898e3000
T1926856   0x0000ffff898fa6bc  f9400a60   ldr    +0x10(%x19)[8byte] -> %x0
T1926856     read  8 byte(s) @ 0xffff89317a78
T1926856   0x0000ffff898fa6c0  8b000042   add    %x2 %x0 lsl $0x00 -> %x2
T1926856   0x0000ffff898fa6c4  b94093a0   ldr    +0x90(%x29)[4byte] -> %w0
T1926856     read  4 byte(s) @ 0xffffd2962f00
T1926856   0x0000ffff898fa6c8  35000180   cbnz   $0x0000ffff898fa6f8 %w0
T1926856   0x0000ffff898fa6cc  b0000120   adrp   <rel> 0x0000ffff8991f000 -> %x0
T1926856   0x0000ffff898fa6d0  911b6003   add    %x0 $0x06d8 lsl $0x00 -> %x3
T1926856   0x0000ffff898fa6d4  d2800300   movz   $0x0018 lsl $0x00 -> %x0
T1926856   0x0000ffff898fa6d8  f90067a0   str    %x0 -> +0xc8(%x29)[8byte]
T1926856     write 8 byte(s) @ 0xffffd2962f38
T1926856   0x0000ffff898fa6dc  f94047a1   ldr    +0x88(%x29)[8byte] -> %x1
T1926856     read  8 byte(s) @ 0xffffd2962ef8
T1926856   0x0000ffff898fa6e0  f9402c60   ldr    +0x58(%x3)[8byte] -> %x0
T1926856     read  8 byte(s) @ 0xffff8991f730
T1926856   0x0000ffff898fa6e4  f9411063   ldr    +0x0220(%x3)[8byte] -> %x3
T1926856     read  8 byte(s) @ 0xffff8991f8f8
T1926856   0x0000ffff898fa6e8  a90d0fa0   stp    %x0 %x3 -> +0xd0(%x29)[16byte]
T1926856     write 16 byte(s) @ 0xffffd2962f40
T1926856   0x0000ffff898fa6ec  b2420000   orr    %x0 $0x4000000000000000 -> %x0
T1926856   0x0000ffff898fa6f0  d63f0040   blr    %x2 -> %x30
T1926856   0x0000ffff89375eb0  f0000741   adrp   <rel> 0x0000ffff89460000 -> %x1
T1926856   0x0000ffff89375eb4  90000040   adrp   <rel> 0x0000ffff8937d000 -> %x0
T1926856   0x0000ffff89375eb8  91190000   add    %x0 $0x0640 lsl $0x00 -> %x0
T1926856   0x0000ffff89375ebc  f9470021   ldr    +0x0e00(%x1)[8byte] -> %x1
T1926856     read  8 byte(s) @ 0xffff89460e00
T1926856   0x0000ffff89375ec0  f9403421   ldr    +0x68(%x1)[8byte] -> %x1
T1926856     read  8 byte(s) @ 0xffff8991f740
T1926856   0x0000ffff89375ec4  d358fc22   ubfm   %x1 $0x18 $0x3f -> %x2
T1926856   0x0000ffff89375ec8  f101405f   subs   %x2 $0x0050 lsl $0x00 -> %xzr
T1926856   0x0000ffff89375ecc  54000040   b.eq   $0x0000ffff89375ed4
T1926856   0x0000ffff89375ed0  d65f03c0   ret    %x30
T1926856   0x0000ffff898fa6f4  aa0003e2   orr    %xzr %x0 lsl $0x00 -> %x2
T1926856   0x0000ffff898fa6f8  f8376b22   str    %x2 -> (%x25,%x23)[8byte]
T1926856     write 8 byte(s) @ 0xffff89461058
T1926856   0x0000ffff898fa6fc  17fffb7c   b      $0x0000ffff898f94ec
T1926856   0x0000ffff898f94ec  91006273   add    %x19 $0x0018 lsl $0x00 -> %x19
T1926856   0x0000ffff898f94f0  eb13035f   subs   %x26 %x19 lsl $0x00 -> %xzr
T1926856   0x0000ffff898f94f4  54fffea8   b.hi   $0x0000ffff898f94c8
T1926856   0x0000ffff898f94c8  a9400677   ldp    (%x19)[16byte] -> %x23 %x1
T1926856     read  16 byte(s) @ 0xffff89317a80
T1926856   0x0000ffff898f94cc  8b170338   add    %x25 %x23 lsl $0x00 -> %x24
T1926856   0x0000ffff898f94d0  7110083f   subs   %w1 $0x0402 lsl $0x00 -> %wzr
T1926856   0x0000ffff898f94d4  54000e41   b.ne   $0x0000ffff898f969c
T1926856   0x0000ffff898f969c  71101c3f   subs   %w1 $0x0407 lsl $0x00 -> %wzr
T1926856   0x0000ffff898f96a0  540059c1   b.ne   $0x0000ffff898fa1d8
T1926856   0x0000ffff898fa1d8  7110203f   subs   %w1 $0x0408 lsl $0x00 -> %wzr
T1926856   0x0000ffff898fa1dc  540026e0   b.eq   $0x0000ffff898fa6b8
T1926856   0x0000ffff898fa6b8  f9400282   ldr    (%x20)[8byte] -> %x2
T1926856     read  8 byte(s) @ 0xffff898e3000
T1926856   0x0000ffff898fa6bc  f9400a60   ldr    +0x10(%x19)[8byte] -> %x0
T1926856     read  8 byte(s) @ 0xffff89317a90
T1926856   0x0000ffff898fa6c0  8b000042   add    %x2 %x0 lsl $0x00 -> %x2
T1926856   0x0000ffff898fa6c4  b94093a0   ldr    +0x90(%x29)[4byte] -> %w0
T1926856     read  4 byte(s) @ 0xffffd2962f00
T1926856   0x0000ffff898fa6c8  35000180   cbnz   $0x0000ffff898fa6f8 %w0
T1926856   0x0000ffff898fa6cc  b0000120   adrp   <rel> 0x0000ffff8991f000 -> %x0
T1926856   0x0000ffff898fa6d0  911b6003   add    %x0 $0x06d8 lsl $0x00 -> %x3
T1926856   0x0000ffff898fa6d4  d2800300   movz   $0x0018 lsl $0x00 -> %x0
T1926856   0x0000ffff898fa6d8  f90067a0   str    %x0 -> +0xc8(%x29)[8byte]
T1926856     write 8 byte(s) @ 0xffffd2962f38
T1926856   0x0000ffff898fa6dc  f94047a1   ldr    +0x88(%x29)[8byte] -> %x1
T1926856     read  8 byte(s) @ 0xffffd2962ef8
T1926856   0x0000ffff898fa6e0  f9402c60   ldr    +0x58(%x3)[8byte] -> %x0
T1926856     read  8 byte(s) @ 0xffff8991f730
T1926856   0x0000ffff898fa6e4  f9411063   ldr    +0x0220(%x3)[8byte] -> %x3
T1926856     read  8 byte(s) @ 0xffff8991f8f8
T1926856   0x0000ffff898fa6e8  a90d0fa0   stp    %x0 %x3 -> +0xd0(%x29)[16byte]
T1926856     write 16 byte(s) @ 0xffffd2962f40
T1926856   0x0000ffff898fa6ec  b2420000   orr    %x0 $0x4000000000000000 -> %x0
T1926856   0x0000ffff898fa6f0  d63f0040   blr    %x2 -> %x30
T1926856   0x0000ffff89374cd8  90000760   adrp   <rel> 0x0000ffff89460000 -> %x0
T1926856   0x0000ffff89374cdc  f9470000   ldr    +0x0e00(%x0)[8byte] -> %x0
T1926856     read  8 byte(s) @ 0xffff89460e00
T1926856   0x0000ffff89374ce0  f9403401   ldr    +0x68(%x0)[8byte] -> %x1
T1926856     read  8 byte(s) @ 0xffff8991f740
T1926856   0x0000ffff89374ce4  d358fc20   ubfm   %x1 $0x18 $0x3f -> %x0
T1926856   0x0000ffff89374ce8  f101441f   subs   %x0 $0x0051 lsl $0x00 -> %xzr
T1926856   0x0000ffff89374cec  54000180   b.eq   $0x0000ffff89374d1c
T1926856   0x0000ffff89374cf0  f101201f   subs   %x0 $0x0048 lsl $0x00 -> %xzr
T1926856   0x0000ffff89374cf4  b0000040   adrp   <rel> 0x0000ffff8937d000 -> %x0
T1926856   0x0000ffff89374cf8  91210000   add    %x0 $0x0840 lsl $0x00 -> %x0
T1926856   0x0000ffff89374cfc  54000040   b.eq   $0x0000ffff89374d04
T1926856   0x0000ffff89374d04  d3443c21   ubfm   %x1 $0x04 $0x0f -> %x1
T1926856   0x0000ffff89374d08  b0000042   adrp   <rel> 0x0000ffff8937d000 -> %x2
T1926856   0x0000ffff89374d0c  f134043f   subs   %x1 $0x0d01 lsl $0x00 -> %xzr
T1926856   0x0000ffff89374d10  91260041   add    %x2 $0x0980 lsl $0x00 -> %x1
T1926856   0x0000ffff89374d14  9a811000   csel   %x0 %x1 ne -> %x0
T1926856   0x0000ffff89374d18  d65f03c0   ret    %x30
T1926856   0x0000ffff898fa6f4  aa0003e2   orr    %xzr %x0 lsl $0x00 -> %x2
T1926856   0x0000ffff898fa6f8  f8376b22   str    %x2 -> (%x25,%x23)[8byte]
T1926856     write 8 byte(s) @ 0xffff89461060
T1926856   0x0000ffff898fa6fc  17fffb7c   b      $0x0000ffff898f94ec
T1926856   0x0000ffff898f94ec  91006273   add    %x19 $0x0018 lsl $0x00 -> %x19
T1926856   0x0000ffff898f94f0  eb13035f   subs   %x26 %x19 lsl $0x00 -> %xzr
T1926856   0x0000ffff898f94f4  54fffea8   b.hi   $0x0000ffff898f94c8
T1926856   0x0000ffff898f94f8  f9404fa0   ldr    +0x98(%x29)[8byte] -> %x0
T1926856     read  8 byte(s) @ 0xffffd2962f08
T1926856   0x0000ffff898f94fc  f94043a1   ldr    +0x80(%x29)[8byte] -> %x1
T1926856     read  8 byte(s) @ 0xffffd2962ef0
T1926856   0x0000ffff898f9500  91008000   add    %x0 $0x0020 lsl $0x00 -> %x0
T1926856   0x0000ffff898f9504  f9004fa0   str    %x0 -> +0x98(%x29)[8byte]
T1926856     write 8 byte(s) @ 0xffffd2962f08
T1926856   0x0000ffff898f9508  eb01001f   subs   %x0 %x1 lsl $0x00 -> %xzr
T1926856   0x0000ffff898f950c  54002421   b.ne   $0x0000ffff898f9990
T1926856   0x0000ffff898f9510  b94097a0   ldr    +0x94(%x29)[4byte] -> %w0
T1926856     read  4 byte(s) @ 0xffffd2962f04
T1926856   0x0000ffff898f9514  35007d40   cbnz   $0x0000ffff898fa4bc %w0
T1926856   0x0000ffff898f9518  394d3280   ldrb   +0x034c(%x20)[1byte] -> %w0
T1926856     read  1 byte(s) @ 0xffff898e334c
T1926856   0x0000ffff898f951c  321e0000   orr    %w0 $0x00000004 -> %w0
T1926856   0x0000ffff898f9520  390d3280   strb   %w0 -> +0x034c(%x20)[1byte]
T1926856     write 1 byte(s) @ 0xffff898e334c
T1926856   0x0000ffff898f9524  f9403fa0   ldr    +0x78(%x29)[8byte] -> %x0
T1926856     read  8 byte(s) @ 0xffffd2962ee8
T1926856   0x0000ffff898f9528  b5007ba0   cbnz   $0x0000ffff898fa49c %x0
T1926856   0x0000ffff898f952c  f9424e80   ldr    +0x0498(%x20)[8byte] -> %x0
T1926856     read  8 byte(s) @ 0xffff898e3498
T1926856   0x0000ffff898f9530  b5004b80   cbnz   $0x0000ffff898f9ea0 %x0
T1926856   0x0000ffff898f9ea0  aa1403e0   orr    %xzr %x20 lsl $0x00 -> %x0
T1926856   0x0000ffff898f9ea4  97fffcdd   bl     $0x0000ffff898f9218 -> %x30
T1926856   0x0000ffff898f9218  a9bd7bfd   stp    %x29 %x30 %sp $0xffffffffffffffd0 -> -0x30(%sp)[16byte] %sp
T1926856     write 16 byte(s) @ 0xffffd2962e30
T1926856   0x0000ffff898f921c  910003fd   add    %sp $0x0000 lsl $0x00 -> %x29
T1926856   0x0000ffff898f9220  f90017e0   str    %x0 -> +0x28(%sp)[8byte]
T1926856     write 8 byte(s) @ 0xffffd2962e58
T1926856   0x0000ffff898f9224  d0000120   adrp   <rel> 0x0000ffff8991f000 -> %x0
T1926856   0x0000ffff898f9228  f9000bf3   str    %x19 -> +0x10(%sp)[8byte]
T1926856     write 8 byte(s) @ 0xffffd2962e40
T1926856   0x0000ffff898f922c  f94017f3   ldr    +0x28(%sp)[8byte] -> %x19
T1926856     read  8 byte(s) @ 0xffffd2962e58
T1926856   0x0000ffff898f9230  f9437801   ldr    +0x06f0(%x0)[8byte] -> %x1
T1926856     read  8 byte(s) @ 0xffff8991f6f0
T1926856   0x0000ffff898f9234  f9400262   ldr    (%x19)[8byte] -> %x2
T1926856     read  8 byte(s) @ 0xffff898e3000
T1926856   0x0000ffff898f9238  cb0103e1   sub    %xzr %x1 lsl $0x00 -> %x1
T1926856   0x0000ffff898f923c  f9424a60   ldr    +0x0490(%x19)[8byte] -> %x0
T1926856     read  8 byte(s) @ 0xffff898e3490
T1926856   0x0000ffff898f9240  f9424e63   ldr    +0x0498(%x19)[8byte] -> %x3
T1926856     read  8 byte(s) @ 0xffff898e3498
T1926856   0x0000ffff898f9244  8b000042   add    %x2 %x0 lsl $0x00 -> %x2
T1926856   0x0000ffff898f9248  8a010040   and    %x2 %x1 lsl $0x00 -> %x0
T1926856   0x0000ffff898f924c  8b030042   add    %x2 %x3 lsl $0x00 -> %x2
T1926856   0x0000ffff898f9250  8a010041   and    %x2 %x1 lsl $0x00 -> %x1
T1926856   0x0000ffff898f9254  eb01001f   subs   %x0 %x1 lsl $0x00 -> %xzr
T1926856   0x0000ffff898f9258  54000081   b.ne   $0x0000ffff898f9268
T1926856   0x0000ffff898f9268  cb000021   sub    %x1 %x0 lsl $0x00 -> %x1
T1926856   0x0000ffff898f926c  52800022   movz   $0x0001 lsl $0x00 -> %w2
T1926856   0x0000ffff898f9270  94003324   bl     $0x0000ffff89905f00 -> %x30
T1926856   0x0000ffff89905f00  d2801c48   movz   $0x00e2 lsl $0x00 -> %x8
T1926856   0x0000ffff89905f04  d4000001   svc    $0x0000
T1926856 <marker: timestamp 13278582654537872>
T1926856 <marker: tid 1926856 on core 6>
T1926856   0x0000ffff89905f08  b13ffc1f   adds   %x0 $0x0fff lsl $0x00 -> %xzr
T1926856   0x0000ffff89905f0c  54000042   b.cs   $0x0000ffff89905f14
T1926856   0x0000ffff89905f10  d65f03c0   ret    %x30
T1926856   0x0000ffff898f9274  36ffff40   tbz    $0x0000ffff898f925c %x0 $0x1f
T1926856   0x0000ffff898f925c  f9400bf3   ldr    +0x10(%sp)[8byte] -> %x19
T1926856     read  8 byte(s) @ 0xffffd2962e40
T1926856   0x0000ffff898f9260  a8c37bfd   ldp    (%sp)[16byte] %sp $0x0000000000000030 -> %x29 %x30 %sp
T1926856     read  16 byte(s) @ 0xffffd2962e30
T1926856   0x0000ffff898f9264  d65f03c0   ret    %x30
T1926856   0x0000ffff898f9ea8  910003bf   add    %x29 $0x0000 lsl $0x00 -> %sp
T1926856   0x0000ffff898f9eac  a94153f3   ldp    +0x10(%sp)[16byte] -> %x19 %x20
T1926856     read  16 byte(s) @ 0xffffd2962e80
T1926856   0x0000ffff898f9eb0  a9425bf5   ldp    +0x20(%sp)[16byte] -> %x21 %x22
T1926856     read  16 byte(s) @ 0xffffd2962e90
T1926856   0x0000ffff898f9eb4  a94363f7   ldp    +0x30(%sp)[16byte] -> %x23 %x24
T1926856     read  16 byte(s) @ 0xffffd2962ea0
T1926856   0x0000ffff898f9eb8  a9446bf9   ldp    +0x40(%sp)[16byte] -> %x25 %x26
T1926856     read  16 byte(s) @ 0xffffd2962eb0
T1926856   0x0000ffff898f9ebc  a94573fb   ldp    +0x50(%sp)[16byte] -> %x27 %x28
T1926856     read  16 byte(s) @ 0xffffd2962ec0
T1926856   0x0000ffff898f9ec0  a8d27bfd   ldp    (%sp)[16byte] %sp $0x0000000000000120 -> %x29 %x30 %sp
T1926856     read  16 byte(s) @ 0xffffd2962e70
T1926856   0x0000ffff898f9ec4  d65f03c0   ret    %x30
T1926856   0x0000ffff898f1d90  f9423260   ldr    +0x0460(%x19)[8byte] -> %x0
T1926856     read  8 byte(s) @ 0xffff898e3460
T1926856   0x0000ffff898f1d94  b4fffd40   cbz    $0x0000ffff898f1d3c %x0
T1926856   0x0000ffff898f1d98  39402360   ldrb   +0x08(%x27)[1byte] -> %w0
T1926856     read  1 byte(s) @ 0xffff899210a0
T1926856   0x0000ffff898f1d9c  34fffd00   cbz    $0x0000ffff898f1d3c %w0
T1926856   0x0000ffff898f1da0  aa1303e0   orr    %xzr %x19 lsl $0x00 -> %x0
T1926856   0x0000ffff898f1da4  52800021   movz   $0x0001 lsl $0x00 -> %w1
T1926856   0x0000ffff898f1da8  94003690   bl     $0x0000ffff898ff7e8 -> %x30
T1926856   0x0000ffff898ff7e8  a9bc7bfd   stp    %x29 %x30 %sp $0xffffffffffffffc0 -> -0x40(%sp)[16byte] %sp
T1926856     write 16 byte(s) @ 0xffffd2962f50
T1926856   0x0000ffff898ff7ec  910003fd   add    %sp $0x0000 lsl $0x00 -> %x29
T1926856   0x0000ffff898ff7f0  a9025bf5   stp    %x21 %x22 -> +0x20(%sp)[16byte]
T1926856     write 16 byte(s) @ 0xffffd2962f70
T1926856   0x0000ffff898ff7f4  aa0003f5   orr    %xzr %x0 lsl $0x00 -> %x21
T1926856   0x0000ffff898ff7f8  b0000116   adrp   <rel> 0x0000ffff89920000 -> %x22
T1926856   0x0000ffff898ff7fc  910182c0   add    %x22 $0x0060 lsl $0x00 -> %x0
T1926856   0x0000ffff898ff800  a90153f3   stp    %x19 %x20 -> +0x10(%sp)[16byte]
T1926856     write 16 byte(s) @ 0xffffd2962f60
T1926856   0x0000ffff898ff804  f94242b3   ldr    +0x0480(%x21)[8byte] -> %x19
T1926856     read  8 byte(s) @ 0xffff898e3480
T1926856   0x0000ffff898ff808  f947f414   ldr    +0x0fe8(%x0)[8byte] -> %x20
T1926856     read  8 byte(s) @ 0xffff89921048
T1926856   0x0000ffff898ff80c  f9001bf7   str    %x23 -> +0x30(%sp)[8byte]
T1926856     write 8 byte(s) @ 0xffffd2962f80
T1926856   0x0000ffff898ff810  12001c37   and    %w1 $0x000000ff -> %w23
T1926856   0x0000ffff898ff814  14000005   b      $0x0000ffff898ff828
T1926856   0x0000ffff898ff828  f9400281   ldr    (%x20)[8byte] -> %x1
T1926856     read  8 byte(s) @ 0xffff898e3810
T1926856   0x0000ffff898ff82c  eb13003f   subs   %x1 %x19 lsl $0x00 -> %xzr
T1926856   0x0000ffff898ff830  54ffff49   b.ls   $0x0000ffff898ff818
T1926856   0x0000ffff898ff834  340000d7   cbz    $0x0000ffff898ff84c %w23
T1926856   0x0000ffff898ff838  910182d6   add    %x22 $0x0060 lsl $0x00 -> %x22
T1926856   0x0000ffff898ff83c  8b131293   add    %x20 %x19 lsl $0x04 -> %x19
T1926856   0x0000ffff898ff840  f9480ec0   ldr    +0x1018(%x22)[8byte] -> %x0
T1926856     read  8 byte(s) @ 0xffff89921078
T1926856   0x0000ffff898ff844  91000400   add    %x0 $0x0001 lsl $0x00 -> %x0
T1926856   0x0000ffff898ff848  a9015660   stp    %x0 %x21 -> +0x10(%x19)[16byte]
T1926856     write 16 byte(s) @ 0xffff898e3830
T1926856   0x0000ffff898ff84c  a94153f3   ldp    +0x10(%sp)[16byte] -> %x19 %x20
T1926856     read  16 byte(s) @ 0xffffd2962f60
T1926856   0x0000ffff898ff850  a9425bf5   ldp    +0x20(%sp)[16byte] -> %x21 %x22
T1926856     read  16 byte(s) @ 0xffffd2962f70
T1926856   0x0000ffff898ff854  f9401bf7   ldr    +0x30(%sp)[8byte] -> %x23
T1926856     read  8 byte(s) @ 0xffffd2962f80
T1926856   0x0000ffff898ff858  a8c47bfd   ldp    (%sp)[16byte] %sp $0x0000000000000040 -> %x29 %x30 %sp
T1926856     read  16 byte(s) @ 0xffffd2962f50
T1926856   0x0000ffff898ff85c  d65f03c0   ret    %x30
T1926856   0x0000ffff898f1dac  17ffffe4   b      $0x0000ffff898f1d3c
T1926856   0x0000ffff898f1d3c  d1002318   sub    %x24 $0x0008 lsl $0x00 -> %x24
T1926856   0x0000ffff898f1d40  b100231f   adds   %x24 $0x0008 lsl $0x00 -> %xzr
T1926856   0x0000ffff898f1d44  540003e0   b.eq   $0x0000ffff898f1dc0
T1926856   0x0000ffff898f1d48  f941fee0   ldr    +0x03f8(%x23)[8byte] -> %x0
T1926856     read  8 byte(s) @ 0xffff899215f8
T1926856   0x0000ffff898f1d4c  f8786813   ldr    (%x0,%x24)[8byte] -> %x19
T1926856     read  8 byte(s) @ 0xffff898e3540
T1926856   0x0000ffff898f1d50  f9401e60   ldr    +0x38(%x19)[8byte] -> %x0
T1926856     read  8 byte(s) @ 0xffff89921238
T1926856   0x0000ffff898f1d54  f9400400   ldr    +0x08(%x0)[8byte] -> %x0
T1926856     read  8 byte(s) @ 0xffff899217b8
T1926856   0x0000ffff898f1d58  b50002c0   cbnz   $0x0000ffff898f1db0 %x0
T1926856   0x0000ffff898f1d5c  394d3a60   ldrb   +0x034e(%x19)[1byte] -> %w0
T1926856     read  1 byte(s) @ 0xffff8992154e
T1926856   0x0000ffff898f1d60  f94067a1   ldr    +0xc8(%x29)[8byte] -> %x1
T1926856     read  8 byte(s) @ 0xffffd2963068
T1926856   0x0000ffff898f1d64  121f7800   and    %w0 $0xfffffffe -> %w0
T1926856   0x0000ffff898f1d68  390d3a60   strb   %w0 -> +0x034e(%x19)[1byte]
T1926856     write 1 byte(s) @ 0xffff8992154e
T1926856   0x0000ffff898f1d6c  eb01027f   subs   %x19 %x1 lsl $0x00 -> %xzr
T1926856   0x0000ffff898f1d70  54000100   b.eq   $0x0000ffff898f1d90
T1926856   0x0000ffff898f1d74  b94046c0   ldr    +0x44(%x22)[4byte] -> %w0
T1926856     read  4 byte(s) @ 0xffff8991f71c
T1926856   0x0000ffff898f1d78  2a1c03e3   orr    %wzr %w28 lsl $0x00 -> %w3
T1926856   0x0000ffff898f1d7c  f941e261   ldr    +0x03c0(%x19)[8byte] -> %x1
T1926856     read  8 byte(s) @ 0xffff899215c0
T1926856   0x0000ffff898f1d80  7100001f   subs   %w0 $0x0000 lsl $0x00 -> %wzr
T1926856   0x0000ffff898f1d84  1a9f07e2   csinc  %wzr %wzr eq -> %w2
T1926856   0x0000ffff898f1d88  aa1303e0   orr    %xzr %x19 lsl $0x00 -> %x0
T1926856   0x0000ffff898f1d8c  94001d77   bl     $0x0000ffff898f9368 -> %x30
T1926856   0x0000ffff898f9368  a9ae7bfd   stp    %x29 %x30 %sp $0xfffffffffffffee0 -> -0x0120(%sp)[16byte] %sp
T1926856     write 16 byte(s) @ 0xffffd2962e70
T1926856   0x0000ffff898f936c  910003fd   add    %sp $0x0000 lsl $0x00 -> %x29
T1926856   0x0000ffff898f9370  a90153f3   stp    %x19 %x20 -> +0x10(%sp)[16byte]
T1926856     write 16 byte(s) @ 0xffffd2962e80
T1926856   0x0000ffff898f9374  2a0203f3   orr    %wzr %w2 lsl $0x00 -> %w19
T1926856   0x0000ffff898f9378  aa0003f4   orr    %xzr %x0 lsl $0x00 -> %x20
T1926856   0x0000ffff898f937c  a9025bf5   stp    %x21 %x22 -> +0x20(%sp)[16byte]
T1926856     write 16 byte(s) @ 0xffffd2962e90
T1926856   0x0000ffff898f9380  aa0103f6   orr    %xzr %x1 lsl $0x00 -> %x22
T1926856   0x0000ffff898f9384  12000055   and    %w2 $0x00000001 -> %w21
T1926856   0x0000ffff898f9388  a90363f7   stp    %x23 %x24 -> +0x30(%sp)[16byte]
T1926856     write 16 byte(s) @ 0xffffd2962ea0
T1926856   0x0000ffff898f938c  a9046bf9   stp    %x25 %x26 -> +0x40(%sp)[16byte]
T1926856     write 16 byte(s) @ 0xffffd2962eb0
T1926856   0x0000ffff898f9390  a90573fb   stp    %x27 %x28 -> +0x50(%sp)[16byte]
T1926856     write 16 byte(s) @ 0xffffd2962ec0
T1926856   0x0000ffff898f9394  d10043ff   sub    %sp $0x0010 lsl $0x00 -> %sp
T1926856   0x0000ffff898f9398  b90097a3   str    %w3 -> +0x94(%x29)[4byte]
T1926856     write 4 byte(s) @ 0xffffd2962f04
T1926856   0x0000ffff898f939c  37d800f3   tbnz   $0x0000ffff898f93b8 %x19 $0x1b
T1926856   0x0000ffff898f93a0  d0000120   adrp   <rel> 0x0000ffff8991f000 -> %x0
T1926856   0x0000ffff898f93a4  f9449c00   ldr    +0x0938(%x0)[8byte] -> %x0
T1926856     read  8 byte(s) @ 0xffff8991f938
T1926856   0x0000ffff898f93a8  f100001f   subs   %x0 $0x0000 lsl $0x00 -> %xzr
T1926856   0x0000ffff898f93ac  1a9f07e0   csinc  %wzr %wzr eq -> %w0
T1926856   0x0000ffff898f93b0  2a000060   orr    %w3 %w0 lsl $0x00 -> %w0
T1926856   0x0000ffff898f93b4  b90097a0   str    %w0 -> +0x94(%x29)[4byte]
T1926856     write 4 byte(s) @ 0xffffd2962f04
T1926856   0x0000ffff898f93b8  394d3280   ldrb   +0x034c(%x20)[1byte] -> %w0
T1926856     read  1 byte(s) @ 0xffff8992154c
T1926856   0x0000ffff898f93bc  37100bc0   tbnz   $0x0000ffff898f9534 %x0 $0x02
T1926856   0x0000ffff898f93c0  b94097a0   ldr    +0x94(%x29)[4byte] -> %w0
T1926856     read  4 byte(s) @ 0xffffd2962f04
T1926856   0x0000ffff898f93c4  34000c80   cbz    $0x0000ffff898f9554 %w0
T1926856   0x0000ffff898f9554  f9408280   ldr    +0x0100(%x20)[8byte] -> %x0
T1926856     read  8 byte(s) @ 0xffff89921300
T1926856   0x0000ffff898f9558  f100001f   subs   %x0 $0x0000 lsl $0x00 -> %xzr
T1926856   0x0000ffff898f955c  1a9f02b5   csel   %w21 %wzr eq -> %w21
T1926856   0x0000ffff898f9560  17ffff9a   b      $0x0000ffff898f93c8
T1926856   0x0000ffff898f93c8  d0000120   adrp   <rel> 0x0000ffff8991f000 -> %x0
T1926856   0x0000ffff898f93cc  b946d800   ldr    +0x06d8(%x0)[4byte] -> %w0
T1926856     read  4 byte(s) @ 0xffff8991f6d8
T1926856   0x0000ffff898f93d0  37287d40   tbnz   $0x0000ffff898fa378 %x0 $0x05
T1926856   0x0000ffff898f93d4  f9407a80   ldr    +0xf0(%x20)[8byte] -> %x0
T1926856     read  8 byte(s) @ 0xffff899212f0
T1926856   0x0000ffff898f93d8  f9003fa0   str    %x0 -> +0x78(%x29)[8byte]
T1926856     write 8 byte(s) @ 0xffffd2962ee8
T1926856   0x0000ffff898f93dc  b5007e80   cbnz   $0x0000ffff898fa3ac %x0
T1926856   0x0000ffff898f93e0  f9403682   ldr    +0x68(%x20)[8byte] -> %x2
T1926856     read  8 byte(s) @ 0xffff89921268
T1926856   0x0000ffff898f93e4  120002a0   and    %w21 $0x00000001 -> %w0
T1926856   0x0000ffff898f93e8  f9407e81   ldr    +0xf8(%x20)[8byte] -> %x1
T1926856     read  8 byte(s) @ 0xffff899212f8
T1926856   0x0000ffff898f93ec  f9400442   ldr    +0x08(%x2)[8byte] -> %x2
T1926856     read  8 byte(s) @ 0xffff8580aa50
T1926856   0x0000ffff898f93f0  f90057a2   str    %x2 -> +0xa8(%x29)[8byte]
T1926856     write 8 byte(s) @ 0xffffd2962f18
T1926856   0x0000ffff898f93f4  f100003f   subs   %x1 $0x0000 lsl $0x00 -> %xzr
T1926856   0x0000ffff898f93f8  1a9f1000   csel   %w0 %wzr ne -> %w0
T1926856   0x0000ffff898f93fc  35000b40   cbnz   $0x0000ffff898f9564 %w0
T1926856   0x0000ffff898f9400  f9403e80   ldr    +0x78(%x20)[8byte] -> %x0
T1926856     read  8 byte(s) @ 0xffff89921278
T1926856   0x0000ffff898f9404  a9107fbf   stp    %xzr %xzr -> +0x0100(%x29)[16byte]
T1926856     write 16 byte(s) @ 0xffffd2962f70
T1926856   0x0000ffff898f9408  f9008bbf   str    %xzr -> +0x0110(%x29)[8byte]
T1926856     write 8 byte(s) @ 0xffffd2962f80
T1926856   0x0000ffff898f940c  b9011bbf   str    %wzr -> +0x0118(%x29)[4byte]
T1926856     write 4 byte(s) @ 0xffffd2962f88
T1926856   0x0000ffff898f9410  b40049c0   cbz    $0x0000ffff898f9d48 %x0
T1926856   0x0000ffff898f9414  f9404282   ldr    +0x80(%x20)[8byte] -> %x2
T1926856     read  8 byte(s) @ 0xffff89921280
T1926856   0x0000ffff898f9418  d2800008   movz   $0x0000 lsl $0x00 -> %x8
T1926856   0x0000ffff898f941c  f940de81   ldr    +0x01b8(%x20)[8byte] -> %x1
T1926856     read  8 byte(s) @ 0xffff899213b8
T1926856   0x0000ffff898f9420  f9400400   ldr    +0x08(%x0)[8byte] -> %x0
T1926856     read  8 byte(s) @ 0xffff8580aae0
T1926856   0x0000ffff898f9424  f940044b   ldr    +0x08(%x2)[8byte] -> %x11
T1926856     read  8 byte(s) @ 0xffff8580aaf0
T1926856   0x0000ffff898f9428  8b0b0003   add    %x0 %x11 lsl $0x00 -> %x3
T1926856   0x0000ffff898f942c  b4000041   cbz    $0x0000ffff898f9434 %x1
T1926856   0x0000ffff898f9430  f9400428   ldr    +0x08(%x1)[8byte] -> %x8
T1926856     read  8 byte(s) @ 0xffff8580ab60
T1926856   0x0000ffff898f9434  f9407281   ldr    +0xe0(%x20)[8byte] -> %x1
T1926856     read  8 byte(s) @ 0xffff899212e0
T1926856   0x0000ffff898f9438  b40001a1   cbz    $0x0000ffff898f946c %x1
T1926856   0x0000ffff898f943c  f9402a81   ldr    +0x50(%x20)[8byte] -> %x1
T1926856     read  8 byte(s) @ 0xffff89921250
T1926856   0x0000ffff898f9440  f9407e82   ldr    +0xf8(%x20)[8byte] -> %x2
T1926856     read  8 byte(s) @ 0xffff899212f8
T1926856   0x0000ffff898f9444  f9400421   ldr    +0x08(%x1)[8byte] -> %x1
T1926856     read  8 byte(s) @ 0xffff8580aab0
T1926856   0x0000ffff898f9448  f9400442   ldr    +0x08(%x2)[8byte] -> %x2
T1926856     read  8 byte(s) @ 0xffff8580aad0
T1926856   0x0000ffff898f944c  8b010044   add    %x2 %x1 lsl $0x00 -> %x4
T1926856   0x0000ffff898f9450  eb03009f   subs   %x4 %x3 lsl $0x00 -> %xzr
T1926856   0x0000ffff898f9454  540053a0   b.eq   $0x0000ffff898f9ec8
T1926856   0x0000ffff898f9458  35000075   cbnz   $0x0000ffff898f9464 %w21
T1926856   0x0000ffff898f945c  eb03005f   subs   %x2 %x3 lsl $0x00 -> %xzr
T1926856   0x0000ffff898f9460  540055a0   b.eq   $0x0000ffff898f9f14
T1926856   0x0000ffff898f9f14  8b01016b   add    %x11 %x1 lsl $0x00 -> %x11
T1926856   0x0000ffff898f9f18  17fffd55   b      $0x0000ffff898f946c
T1926856   0x0000ffff898f946c  12070261   and    %w19 $0x02000000 -> %w1
T1926856   0x0000ffff898f9470  b90093a1   str    %w1 -> +0x90(%x29)[4byte]
T1926856     write 4 byte(s) @ 0xffffd2962f00
T1926856   0x0000ffff898f9474  d0000041   adrp   <rel> 0x0000ffff89903000 -> %x1
T1926856   0x0000ffff898f9478  91267021   add    %x1 $0x099c lsl $0x00 -> %x1
T1926856   0x0000ffff898f947c  f9003ba1   str    %x1 -> +0x70(%x29)[8byte]
T1926856     write 8 byte(s) @ 0xffffd2962ee0
T1926856   0x0000ffff898f9480  910483a1   add    %x29 $0x0120 lsl $0x00 -> %x1
T1926856   0x0000ffff898f9484  f90043a1   str    %x1 -> +0x80(%x29)[8byte]
T1926856     write 8 byte(s) @ 0xffffd2962ef0
T1926856   0x0000ffff898f9488  910323a1   add    %x29 $0x00c8 lsl $0x00 -> %x1
T1926856   0x0000ffff898f948c  910383a2   add    %x29 $0x00e0 lsl $0x00 -> %x2
T1926856   0x0000ffff898f9490  f90047a1   str    %x1 -> +0x88(%x29)[8byte]
T1926856     write 8 byte(s) @ 0xffffd2962ef8
T1926856   0x0000ffff898f9494  52800001   movz   $0x0000 lsl $0x00 -> %w1
T1926856   0x0000ffff898f9498  f9004fa2   str    %x2 -> +0x98(%x29)[8byte]
T1926856     write 8 byte(s) @ 0xffffd2962f08
T1926856   0x0000ffff898f949c  aa0003f3   orr    %xzr %x0 lsl $0x00 -> %x19
T1926856   0x0000ffff898f94a0  8b0b001a   add    %x0 %x11 lsl $0x00 -> %x26
T1926856   0x0000ffff898f94a4  f9400299   ldr    (%x20)[8byte] -> %x25
T1926856     read  8 byte(s) @ 0xffff89921200
T1926856   0x0000ffff898f94a8  34001901   cbz    $0x0000ffff898f97c8 %w1
T1926856   0x0000ffff898f97c8  f9403a82   ldr    +0x70(%x20)[8byte] -> %x2
T1926856     read  8 byte(s) @ 0xffff89921270
T1926856   0x0000ffff898f97cc  8b080508   add    %x8 %x8 lsl $0x01 -> %x8
T1926856   0x0000ffff898f97d0  f0000121   adrp   <rel> 0x0000ffff89920000 -> %x1
T1926856   0x0000ffff898f97d4  9129e021   add    %x1 $0x0a78 lsl $0x00 -> %x1
T1926856   0x0000ffff898f97d8  8b080c1b   add    %x0 %x8 lsl $0x03 -> %x27
T1926856   0x0000ffff898f97dc  eb01029f   subs   %x20 %x1 lsl $0x00 -> %xzr
T1926856   0x0000ffff898f97e0  f9400458   ldr    +0x08(%x2)[8byte] -> %x24
T1926856     read  8 byte(s) @ 0xffff8580aa60
T1926856   0x0000ffff898f97e4  54000180   b.eq   $0x0000ffff898f9814
T1926856   0x0000ffff898f97e8  b4002bb9   cbz    $0x0000ffff898f9d5c %x25
T1926856   0x0000ffff898f97ec  eb1b001f   subs   %x0 %x27 lsl $0x00 -> %xzr
T1926856   0x0000ffff898f97f0  54000122   b.cs   $0x0000ffff898f9814
T1926856   0x0000ffff898f97f4  d503201f   nop
T1926856   0x0000ffff898f97f8  f9400261   ldr    (%x19)[8byte] -> %x1
T1926856     read  8 byte(s) @ 0xffff857e55b8
T1926856   0x0000ffff898f97fc  91006273   add    %x19 $0x0018 lsl $0x00 -> %x19
T1926856   0x0000ffff898f9800  f85f8260   ldur   -0x08(%x19)[8byte] -> %x0
T1926856     read  8 byte(s) @ 0xffff857e55c8
T1926856   0x0000ffff898f9804  eb13037f   subs   %x27 %x19 lsl $0x00 -> %xzr
T1926856   0x0000ffff898f9808  8b190000   add    %x0 %x25 lsl $0x00 -> %x0
T1926856   0x0000ffff898f980c  f8396820   str    %x0 -> (%x1,%x25)[8byte]
T1926856     write 8 byte(s) @ 0xffff8580a4e0
T1926856   0x0000ffff898f9810  54ffff48   b.hi   $0x0000ffff898f97f8
T1926856   0x0000ffff898f97f8  f9400261   ldr    (%x19)[8byte] -> %x1
T1926856     read  8 byte(s) @ 0xffff857e55d0
T1926856   0x0000ffff898f97fc  91006273   add    %x19 $0x0018 lsl $0x00 -> %x19
T1926856   0x0000ffff898f9800  f85f8260   ldur   -0x08(%x19)[8byte] -> %x0
T1926856     read  8 byte(s) @ 0xffff857e55e0
T1926856   0x0000ffff898f9804  eb13037f   subs   %x27 %x19 lsl $0x00 -> %xzr
T1926856   0x0000ffff898f9808  8b190000   add    %x0 %x25 lsl $0x00 -> %x0
T1926856   0x0000ffff898f980c  f8396820   str    %x0 -> (%x1,%x25)[8byte]
T1926856     write 8 byte(s) @ 0xffff8580a4e8
T1926856   0x0000ffff898f9810  54ffff48   b.hi   $0x0000ffff898f97f8
T1926856   0x0000ffff898f97f8  f9400261   ldr    (%x19)[8byte] -> %x1
T1926856     read  8 byte(s) @ 0xffff857e55e8
T1926856   0x0000ffff898f97fc  91006273   add    %x19 $0x0018 lsl $0x00 -> %x19
T1926856   0x0000ffff898f9800  f85f8260   ldur   -0x08(%x19)[8byte] -> %x0
T1926856     read  8 byte(s) @ 0xffff857e55f8
T1926856   0x0000ffff898f9804  eb13037f   subs   %x27 %x19 lsl $0x00 -> %xzr
T1926856   0x0000ffff898f9808  8b190000   add    %x0 %x25 lsl $0x00 -> %x0
T1926856   0x0000ffff898f980c  f8396820   str    %x0 -> (%x1,%x25)[8byte]
T1926856     write 8 byte(s) @ 0xffff8580a4f0
T1926856   0x0000ffff898f9810  54ffff48   b.hi   $0x0000ffff898f97f8
T1926856   0x0000ffff898f97f8  f9400261   ldr    (%x19)[8byte] -> %x1
T1926856     read  8 byte(s) @ 0xffff857e5600
T1926856   0x0000ffff898f97fc  91006273   add    %x19 $0x0018 lsl $0x00 -> %x19
T1926856   0x0000ffff898f9800  f85f8260   ldur   -0x08(%x19)[8byte] -> %x0
T1926856     read  8 byte(s) @ 0xffff857e5610
T1926856   0x0000ffff898f9804  eb13037f   subs   %x27 %x19 lsl $0x00 -> %xzr
T1926856   0x0000ffff898f9808  8b190000   add    %x0 %x25 lsl $0x00 -> %x0
T1926856   0x0000ffff898f980c  f8396820   str    %x0 -> (%x1,%x25)[8byte]
T1926856     write 8 byte(s) @ 0xffff8580a4f8
T1926856   0x0000ffff898f9810  54ffff48   b.hi   $0x0000ffff898f97f8
T1926856   0x0000ffff898f97f8  f9400261   ldr    (%x19)[8byte] -> %x1
T1926856     read  8 byte(s) @ 0xffff857e5618
T1926856   0x0000ffff898f97fc  91006273   add    %x19 $0x0018 lsl $0x00 -> %x19
T1926856   0x0000ffff898f9800  f85f8260   ldur   -0x08(%x19)[8byte] -> %x0
T1926856     read  8 byte(s) @ 0xffff857e5628
T1926856   0x0000ffff898f9804  eb13037f   subs   %x27 %x19 lsl $0x00 -> %xzr
T1926856   0x0000ffff898f9808  8b190000   add    %x0 %x25 lsl $0x00 -> %x0
T1926856   0x0000ffff898f980c  f8396820   str    %x0 -> (%x1,%x25)[8byte]
T1926856     write 8 byte(s) @ 0xffff8580a500
T1926856   0x0000ffff898f9810  54ffff48   b.hi   $0x0000ffff898f97f8
T1926856   0x0000ffff898f97f8  f9400261   ldr    (%x19)[8byte] -> %x1
T1926856     read  8 byte(s) @ 0xffff857e5630
T1926856   0x0000ffff898f97fc  91006273   add    %x19 $0x0018 lsl $0x00 -> %x19
T1926856   0x0000ffff898f9800  f85f8260   ldur   -0x08(%x19)[8byte] -> %x0
T1926856     read  8 byte(s) @ 0xffff857e5640
T1926856   0x0000ffff898f9804  eb13037f   subs   %x27 %x19 lsl $0x00 -> %xzr
T1926856   0x0000ffff898f9808  8b190000   add    %x0 %x25 lsl $0x00 -> %x0
T1926856   0x0000ffff898f980c  f8396820   str    %x0 -> (%x1,%x25)[8byte]
T1926856     write 8 byte(s) @ 0xffff8580a508
T1926856   0x0000ffff898f9810  54ffff48   b.hi   $0x0000ffff898f97f8
T1926856   0x0000ffff898f97f8  f9400261   ldr    (%x19)[8byte] -> %x1
T1926856     read  8 byte(s) @ 0xffff857e5648
T1926856   0x0000ffff898f97fc  91006273   add    %x19 $0x0018 lsl $0x00 -> %x19
T1926856   0x0000ffff898f9800  f85f8260   ldur   -0x08(%x19)[8byte] -> %x0
T1926856     read  8 byte(s) @ 0xffff857e5658
T1926856   0x0000ffff898f9804  eb13037f   subs   %x27 %x19 lsl $0x00 -> %xzr
T1926856   0x0000ffff898f9808  8b190000   add    %x0 %x25 lsl $0x00 -> %x0
T1926856   0x0000ffff898f980c  f8396820   str    %x0 -> (%x1,%x25)[8byte]
T1926856     write 8 byte(s) @ 0xffff8580a510
T1926856   0x0000ffff898f9810  54ffff48   b.hi   $0x0000ffff898f97f8
T1926856   0x0000ffff898f97f8  f9400261   ldr    (%x19)[8byte] -> %x1
T1926856     read  8 byte(s) @ 0xffff857e5660
T1926856   0x0000ffff898f97fc  91006273   add    %x19 $0x0018 lsl $0x00 -> %x19
T1926856   0x0000ffff898f9800  f85f8260   ldur   -0x08(%x19)[8byte] -> %x0
T1926856     read  8 byte(s) @ 0xffff857e5670
T1926856   0x0000ffff898f9804  eb13037f   subs   %x27 %x19 lsl $0x00 -> %xzr
T1926856   0x0000ffff898f9808  8b190000   add    %x0 %x25 lsl $0x00 -> %x0
T1926856   0x0000ffff898f980c  f8396820   str    %x0 -> (%x1,%x25)[8byte]
T1926856     write 8 byte(s) @ 0xffff8580a520
T1926856   0x0000ffff898f9810  54ffff48   b.hi   $0x0000ffff898f97f8
T1926856   0x0000ffff898f97f8  f9400261   ldr    (%x19)[8byte] -> %x1
T1926856     read  8 byte(s) @ 0xffff857e5678
T1926856   0x0000ffff898f97fc  91006273   add    %x19 $0x0018 lsl $0x00 -> %x19
T1926856   0x0000ffff898f9800  f85f8260   ldur   -0x08(%x19)[8byte] -> %x0
T1926856     read  8 byte(s) @ 0xffff857e5688
T1926856   0x0000ffff898f9804  eb13037f   subs   %x27 %x19 lsl $0x00 -> %xzr
T1926856   0x0000ffff898f9808  8b190000   add    %x0 %x25 lsl $0x00 -> %x0
T1926856   0x0000ffff898f980c  f8396820   str    %x0 -> (%x1,%x25)[8byte]
T1926856     write 8 byte(s) @ 0xffff8580a528
T1926856   0x0000ffff898f9810  54ffff48   b.hi   $0x0000ffff898f97f8
T1926856   0x0000ffff898f97f8  f9400261   ldr    (%x19)[8byte] -> %x1
T1926856     read  8 byte(s) @ 0xffff857e5690
T1926856   0x0000ffff898f97fc  91006273   add    %x19 $0x0018 lsl $0x00 -> %x19
T1926856   0x0000ffff898f9800  f85f8260   ldur   -0x08(%x19)[8byte] -> %x0
T1926856     read  8 byte(s) @ 0xffff857e56a0
T1926856   0x0000ffff898f9804  eb13037f   subs   %x27 %x19 lsl $0x00 -> %xzr
T1926856   0x0000ffff898f9808  8b190000   add    %x0 %x25 lsl $0x00 -> %x0
T1926856   0x0000ffff898f980c  f8396820   str    %x0 -> (%x1,%x25)[8byte]
T1926856     write 8 byte(s) @ 0xffff8580a530
T1926856   0x0000ffff898f9810  54ffff48   b.hi   $0x0000ffff898f97f8
T1926856   0x0000ffff898f97f8  f9400261   ldr    (%x19)[8byte] -> %x1
T1926856     read  8 byte(s) @ 0xffff857e56a8
T1926856   0x0000ffff898f97fc  91006273   add    %x19 $0x0018 lsl $0x00 -> %x19
T1926856   0x0000ffff898f9800  f85f8260   ldur   -0x08(%x19)[8byte] -> %x0
T1926856     read  8 byte(s) @ 0xffff857e56b8
T1926856   0x0000ffff898f9804  eb13037f   subs   %x27 %x19 lsl $0x00 -> %xzr
T1926856   0x0000ffff898f9808  8b190000   add    %x0 %x25 lsl $0x00 -> %x0
T1926856   0x0000ffff898f980c  f8396820   str    %x0 -> (%x1,%x25)[8byte]
T1926856     write 8 byte(s) @ 0xffff8580a538
T1926856   0x0000ffff898f9810  54ffff48   b.hi   $0x0000ffff898f97f8
T1926856   0x0000ffff898f97f8  f9400261   ldr    (%x19)[8byte] -> %x1
T1926856     read  8 byte(s) @ 0xffff857e56c0
T1926856   0x0000ffff898f97fc  91006273   add    %x19 $0x0018 lsl $0x00 -> %x19
T1926856   0x0000ffff898f9800  f85f8260   ldur   -0x08(%x19)[8byte] -> %x0
T1926856     read  8 byte(s) @ 0xffff857e56d0
T1926856   0x0000ffff898f9804  eb13037f   subs   %x27 %x19 lsl $0x00 -> %xzr
T1926856   0x0000ffff898f9808  8b190000   add    %x0 %x25 lsl $0x00 -> %x0
T1926856   0x0000ffff898f980c  f8396820   str    %x0 -> (%x1,%x25)[8byte]
T1926856     write 8 byte(s) @ 0xffff8580a540
T1926856   0x0000ffff898f9810  54ffff48   b.hi   $0x0000ffff898f97f8
T1926856   0x0000ffff898f97f8  f9400261   ldr    (%x19)[8byte] -> %x1
T1926856     read  8 byte(s) @ 0xffff857e56d8
T1926856   0x0000ffff898f97fc  91006273   add    %x19 $0x0018 lsl $0x00 -> %x19
T1926856   0x0000ffff898f9800  f85f8260   ldur   -0x08(%x19)[8byte] -> %x0
T1926856     read  8 byte(s) @ 0xffff857e56e8
T1926856   0x0000ffff898f9804  eb13037f   subs   %x27 %x19 lsl $0x00 -> %xzr
T1926856   0x0000ffff898f9808  8b190000   add    %x0 %x25 lsl $0x00 -> %x0
T1926856   0x0000ffff898f980c  f8396820   str    %x0 -> (%x1,%x25)[8byte]
T1926856     write 8 byte(s) @ 0xffff8580a548
T1926856   0x0000ffff898f9810  54ffff48   b.hi   $0x0000ffff898f97f8
T1926856   0x0000ffff898f97f8  f9400261   ldr    (%x19)[8byte] -> %x1
T1926856     read  8 byte(s) @ 0xffff857e56f0
T1926856   0x0000ffff898f97fc  91006273   add    %x19 $0x0018 lsl $0x00 -> %x19
T1926856   0x0000ffff898f9800  f85f8260   ldur   -0x08(%x19)[8byte] -> %x0
T1926856     read  8 byte(s) @ 0xffff857e5700
T1926856   0x0000ffff898f9804  eb13037f   subs   %x27 %x19 lsl $0x00 -> %xzr
T1926856   0x0000ffff898f9808  8b190000   add    %x0 %x25 lsl $0x00 -> %x0
T1926856   0x0000ffff898f980c  f8396820   str    %x0 -> (%x1,%x25)[8byte]
T1926856     write 8 byte(s) @ 0xffff8580a550
T1926856   0x0000ffff898f9810  54ffff48   b.hi   $0x0000ffff898f97f8
T1926856   0x0000ffff898f97f8  f9400261   ldr    (%x19)[8byte] -> %x1
T1926856     read  8 byte(s) @ 0xffff857e5708
T1926856   0x0000ffff898f97fc  91006273   add    %x19 $0x0018 lsl $0x00 -> %x19
T1926856   0x0000ffff898f9800  f85f8260   ldur   -0x08(%x19)[8byte] -> %x0
T1926856     read  8 byte(s) @ 0xffff857e5718
T1926856   0x0000ffff898f9804  eb13037f   subs   %x27 %x19 lsl $0x00 -> %xzr
T1926856   0x0000ffff898f9808  8b190000   add    %x0 %x25 lsl $0x00 -> %x0
T1926856   0x0000ffff898f980c  f8396820   str    %x0 -> (%x1,%x25)[8byte]
T1926856     write 8 byte(s) @ 0xffff8580a558
T1926856   0x0000ffff898f9810  54ffff48   b.hi   $0x0000ffff898f97f8
T1926856   0x0000ffff898f97f8  f9400261   ldr    (%x19)[8byte] -> %x1
T1926856     read  8 byte(s) @ 0xffff857e5720
T1926856   0x0000ffff898f97fc  91006273   add    %x19 $0x0018 lsl $0x00 -> %x19
T1926856   0x0000ffff898f9800  f85f8260   ldur   -0x08(%x19)[8byte] -> %x0
T1926856     read  8 byte(s) @ 0xffff857e5730
T1926856   0x0000ffff898f9804  eb13037f   subs   %x27 %x19 lsl $0x00 -> %xzr
T1926856   0x0000ffff898f9808  8b190000   add    %x0 %x25 lsl $0x00 -> %x0
T1926856   0x0000ffff898f980c  f8396820   str    %x0 -> (%x1,%x25)[8byte]
T1926856     write 8 byte(s) @ 0xffff8580a560
T1926856   0x0000ffff898f9810  54ffff48   b.hi   $0x0000ffff898f97f8
T1926856   0x0000ffff898f97f8  f9400261   ldr    (%x19)[8byte] -> %x1
T1926856     read  8 byte(s) @ 0xffff857e5738
T1926856   0x0000ffff898f97fc  91006273   add    %x19 $0x0018 lsl $0x00 -> %x19
T1926856   0x0000ffff898f9800  f85f8260   ldur   -0x08(%x19)[8byte] -> %x0
T1926856     read  8 byte(s) @ 0xffff857e5748
T1926856   0x0000ffff898f9804  eb13037f   subs   %x27 %x19 lsl $0x00 -> %xzr
T1926856   0x0000ffff898f9808  8b190000   add    %x0 %x25 lsl $0x00 -> %x0
T1926856   0x0000ffff898f980c  f8396820   str    %x0 -> (%x1,%x25)[8byte]
T1926856     write 8 byte(s) @ 0xffff8580a568
T1926856   0x0000ffff898f9810  54ffff48   b.hi   $0x0000ffff898f97f8
T1926856   0x0000ffff898f97f8  f9400261   ldr    (%x19)[8byte] -> %x1
T1926856     read  8 byte(s) @ 0xffff857e5750
T1926856   0x0000ffff898f97fc  91006273   add    %x19 $0x0018 lsl $0x00 -> %x19
T1926856   0x0000ffff898f9800  f85f8260   ldur   -0x08(%x19)[8byte] -> %x0
T1926856     read  8 byte(s) @ 0xffff857e5760
T1926856   0x0000ffff898f9804  eb13037f   subs   %x27 %x19 lsl $0x00 -> %xzr
T1926856   0x0000ffff898f9808  8b190000   add    %x0 %x25 lsl $0x00 -> %x0
T1926856   0x0000ffff898f980c  f8396820   str    %x0 -> (%x1,%x25)[8byte]
T1926856     write 8 byte(s) @ 0xffff8580a570
T1926856   0x0000ffff898f9810  54ffff48   b.hi   $0x0000ffff898f97f8
T1926856   0x0000ffff898f97f8  f9400261   ldr    (%x19)[8byte] -> %x1
T1926856     read  8 byte(s) @ 0xffff857e5768
T1926856   0x0000ffff898f97fc  91006273   add    %x19 $0x0018 lsl $0x00 -> %x19
T1926856   0x0000ffff898f9800  f85f8260   ldur   -0x08(%x19)[8byte] -> %x0
T1926856     read  8 byte(s) @ 0xffff857e5778
T1926856   0x0000ffff898f9804  eb13037f   subs   %x27 %x19 lsl $0x00 -> %xzr
T1926856   0x0000ffff898f9808  8b190000   add    %x0 %x25 lsl $0x00 -> %x0
T1926856   0x0000ffff898f980c  f8396820   str    %x0 -> (%x1,%x25)[8byte]
T1926856     write 8 byte(s) @ 0xffff8580a578
T1926856   0x0000ffff898f9810  54ffff48   b.hi   $0x0000ffff898f97f8
T1926856   0x0000ffff898f97f8  f9400261   ldr    (%x19)[8byte] -> %x1
T1926856     read  8 byte(s) @ 0xffff857e5780
T1926856   0x0000ffff898f97fc  91006273   add    %x19 $0x0018 lsl $0x00 -> %x19
T1926856   0x0000ffff898f9800  f85f8260   ldur   -0x08(%x19)[8byte] -> %x0
T1926856     read  8 byte(s) @ 0xffff857e5790
T1926856   0x0000ffff898f9804  eb13037f   subs   %x27 %x19 lsl $0x00 -> %xzr
T1926856   0x0000ffff898f9808  8b190000   add    %x0 %x25 lsl $0x00 -> %x0
T1926856   0x0000ffff898f980c  f8396820   str    %x0 -> (%x1,%x25)[8byte]
T1926856     write 8 byte(s) @ 0xffff8580a580
T1926856   0x0000ffff898f9810  54ffff48   b.hi   $0x0000ffff898f97f8
T1926856   0x0000ffff898f97f8  f9400261   ldr    (%x19)[8byte] -> %x1
T1926856     read  8 byte(s) @ 0xffff857e5798
T1926856   0x0000ffff898f97fc  91006273   add    %x19 $0x0018 lsl $0x00 -> %x19
T1926856   0x0000ffff898f9800  f85f8260   ldur   -0x08(%x19)[8byte] -> %x0
T1926856     read  8 byte(s) @ 0xffff857e57a8
T1926856   0x0000ffff898f9804  eb13037f   subs   %x27 %x19 lsl $0x00 -> %xzr
T1926856   0x0000ffff898f9808  8b190000   add    %x0 %x25 lsl $0x00 -> %x0
T1926856   0x0000ffff898f980c  f8396820   str    %x0 -> (%x1,%x25)[8byte]
T1926856     write 8 byte(s) @ 0xffff8580a588
T1926856   0x0000ffff898f9810  54ffff48   b.hi   $0x0000ffff898f97f8
T1926856   0x0000ffff898f97f8  f9400261   ldr    (%x19)[8byte] -> %x1
T1926856     read  8 byte(s) @ 0xffff857e57b0
T1926856   0x0000ffff898f97fc  91006273   add    %x19 $0x0018 lsl $0x00 -> %x19
T1926856   0x0000ffff898f9800  f85f8260   ldur   -0x08(%x19)[8byte] -> %x0
T1926856     read  8 byte(s) @ 0xffff857e57c0
T1926856   0x0000ffff898f9804  eb13037f   subs   %x27 %x19 lsl $0x00 -> %xzr
T1926856   0x0000ffff898f9808  8b190000   add    %x0 %x25 lsl $0x00 -> %x0
T1926856   0x0000ffff898f980c  f8396820   str    %x0 -> (%x1,%x25)[8byte]
T1926856     write 8 byte(s) @ 0xffff8580a590
T1926856   0x0000ffff898f9810  54ffff48   b.hi   $0x0000ffff898f97f8
T1926856   0x0000ffff898f97f8  f9400261   ldr    (%x19)[8byte] -> %x1
T1926856     read  8 byte(s) @ 0xffff857e57c8
T1926856   0x0000ffff898f97fc  91006273   add    %x19 $0x0018 lsl $0x00 -> %x19
T1926856   0x0000ffff898f9800  f85f8260   ldur   -0x08(%x19)[8byte] -> %x0
T1926856     read  8 byte(s) @ 0xffff857e57d8
T1926856   0x0000ffff898f9804  eb13037f   subs   %x27 %x19 lsl $0x00 -> %xzr
T1926856   0x0000ffff898f9808  8b190000   add    %x0 %x25 lsl $0x00 -> %x0
T1926856   0x0000ffff898f980c  f8396820   str    %x0 -> (%x1,%x25)[8byte]
T1926856     write 8 byte(s) @ 0xffff8580a598
T1926856   0x0000ffff898f9810  54ffff48   b.hi   $0x0000ffff898f97f8
T1926856   0x0000ffff898f97f8  f9400261   ldr    (%x19)[8byte] -> %x1
T1926856     read  8 byte(s) @ 0xffff857e57e0
T1926856   0x0000ffff898f97fc  91006273   add    %x19 $0x0018 lsl $0x00 -> %x19
T1926856   0x0000ffff898f9800  f85f8260   ldur   -0x08(%x19)[8byte] -> %x0
T1926856     read  8 byte(s) @ 0xffff857e57f0
T1926856   0x0000ffff898f9804  eb13037f   subs   %x27 %x19 lsl $0x00 -> %xzr
T1926856   0x0000ffff898f9808  8b190000   add    %x0 %x25 lsl $0x00 -> %x0
T1926856   0x0000ffff898f980c  f8396820   str    %x0 -> (%x1,%x25)[8byte]
T1926856     write 8 byte(s) @ 0xffff8580a5a0
T1926856   0x0000ffff898f9810  54ffff48   b.hi   $0x0000ffff898f97f8
T1926856   0x0000ffff898f97f8  f9400261   ldr    (%x19)[8byte] -> %x1
T1926856     read  8 byte(s) @ 0xffff857e57f8
T1926856   0x0000ffff898f97fc  91006273   add    %x19 $0x0018 lsl $0x00 -> %x19
T1926856   0x0000ffff898f9800  f85f8260   ldur   -0x08(%x19)[8byte] -> %x0
T1926856     read  8 byte(s) @ 0xffff857e5808
T1926856   0x0000ffff898f9804  eb13037f   subs   %x27 %x19 lsl $0x00 -> %xzr
T1926856   0x0000ffff898f9808  8b190000   add    %x0 %x25 lsl $0x00 -> %x0
T1926856   0x0000ffff898f980c  f8396820   str    %x0 -> (%x1,%x25)[8byte]
T1926856     write 8 byte(s) @ 0xffff8580a5a8
T1926856   0x0000ffff898f9810  54ffff48   b.hi   $0x0000ffff898f97f8
T1926856   0x0000ffff898f97f8  f9400261   ldr    (%x19)[8byte] -> %x1
T1926856     read  8 byte(s) @ 0xffff857e5810
T1926856   0x0000ffff898f97fc  91006273   add    %x19 $0x0018 lsl $0x00 -> %x19
T1926856   0x0000ffff898f9800  f85f8260   ldur   -0x08(%x19)[8byte] -> %x0
T1926856     read  8 byte(s) @ 0xffff857e5820
T1926856   0x0000ffff898f9804  eb13037f   subs   %x27 %x19 lsl $0x00 -> %xzr
T1926856   0x0000ffff898f9808  8b190000   add    %x0 %x25 lsl $0x00 -> %x0
T1926856   0x0000ffff898f980c  f8396820   str    %x0 -> (%x1,%x25)[8byte]
T1926856     write 8 byte(s) @ 0xffff8580a5b0
T1926856   0x0000ffff898f9810  54ffff48   b.hi   $0x0000ffff898f97f8
T1926856   0x0000ffff898f97f8  f9400261   ldr    (%x19)[8byte] -> %x1
T1926856     read  8 byte(s) @ 0xffff857e5828
T1926856   0x0000ffff898f97fc  91006273   add    %x19 $0x0018 lsl $0x00 -> %x19
T1926856   0x0000ffff898f9800  f85f8260   ldur   -0x08(%x19)[8byte] -> %x0
T1926856     read  8 byte(s) @ 0xffff857e5838
T1926856   0x0000ffff898f9804  eb13037f   subs   %x27 %x19 lsl $0x00 -> %xzr
T1926856   0x0000ffff898f9808  8b190000   add    %x0 %x25 lsl $0x00 -> %x0
T1926856   0x0000ffff898f980c  f8396820   str    %x0 -> (%x1,%x25)[8byte]
T1926856     write 8 byte(s) @ 0xffff8580a5b8
T1926856   0x0000ffff898f9810  54ffff48   b.hi   $0x0000ffff898f97f8
T1926856   0x0000ffff898f97f8  f9400261   ldr    (%x19)[8byte] -> %x1
T1926856     read  8 byte(s) @ 0xffff857e5840
T1926856   0x0000ffff898f97fc  91006273   add    %x19 $0x0018 lsl $0x00 -> %x19
T1926856   0x0000ffff898f9800  f85f8260   ldur   -0x08(%x19)[8byte] -> %x0
T1926856     read  8 byte(s) @ 0xffff857e5850
T1926856   0x0000ffff898f9804  eb13037f   subs   %x27 %x19 lsl $0x00 -> %xzr
T1926856   0x0000ffff898f9808  8b190000   add    %x0 %x25 lsl $0x00 -> %x0
T1926856   0x0000ffff898f980c  f8396820   str    %x0 -> (%x1,%x25)[8byte]
T1926856     write 8 byte(s) @ 0xffff8580a5c0
T1926856   0x0000ffff898f9810  54ffff48   b.hi   $0x0000ffff898f97f8
T1926856   0x0000ffff898f97f8  f9400261   ldr    (%x19)[8byte] -> %x1
T1926856     read  8 byte(s) @ 0xffff857e5858
T1926856   0x0000ffff898f97fc  91006273   add    %x19 $0x0018 lsl $0x00 -> %x19
T1926856   0x0000ffff898f9800  f85f8260   ldur   -0x08(%x19)[8byte] -> %x0
T1926856     read  8 byte(s) @ 0xffff857e5868
T1926856   0x0000ffff898f9804  eb13037f   subs   %x27 %x19 lsl $0x00 -> %xzr
T1926856   0x0000ffff898f9808  8b190000   add    %x0 %x25 lsl $0x00 -> %x0
T1926856   0x0000ffff898f980c  f8396820   str    %x0 -> (%x1,%x25)[8byte]
T1926856     write 8 byte(s) @ 0xffff8580a5c8
T1926856   0x0000ffff898f9810  54ffff48   b.hi   $0x0000ffff898f97f8
T1926856   0x0000ffff898f97f8  f9400261   ldr    (%x19)[8byte] -> %x1
T1926856     read  8 byte(s) @ 0xffff857e5870
T1926856   0x0000ffff898f97fc  91006273   add    %x19 $0x0018 lsl $0x00 -> %x19
T1926856   0x0000ffff898f9800  f85f8260   ldur   -0x08(%x19)[8byte] -> %x0
T1926856     read  8 byte(s) @ 0xffff857e5880
T1926856   0x0000ffff898f9804  eb13037f   subs   %x27 %x19 lsl $0x00 -> %xzr
T1926856   0x0000ffff898f9808  8b190000   add    %x0 %x25 lsl $0x00 -> %x0
T1926856   0x0000ffff898f980c  f8396820   str    %x0 -> (%x1,%x25)[8byte]
T1926856     write 8 byte(s) @ 0xffff8580a5d0
T1926856   0x0000ffff898f9810  54ffff48   b.hi   $0x0000ffff898f97f8
T1926856   0x0000ffff898f97f8  f9400261   ldr    (%x19)[8byte] -> %x1
T1926856     read  8 byte(s) @ 0xffff857e5888
T1926856   0x0000ffff898f97fc  91006273   add    %x19 $0x0018 lsl $0x00 -> %x19
T1926856   0x0000ffff898f9800  f85f8260   ldur   -0x08(%x19)[8byte] -> %x0
T1926856     read  8 byte(s) @ 0xffff857e5898
T1926856   0x0000ffff898f9804  eb13037f   subs   %x27 %x19 lsl $0x00 -> %xzr
T1926856   0x0000ffff898f9808  8b190000   add    %x0 %x25 lsl $0x00 -> %x0
T1926856   0x0000ffff898f980c  f8396820   str    %x0 -> (%x1,%x25)[8byte]
T1926856     write 8 byte(s) @ 0xffff8580a5d8
T1926856   0x0000ffff898f9810  54ffff48   b.hi   $0x0000ffff898f97f8
T1926856   0x0000ffff898f97f8  f9400261   ldr    (%x19)[8byte] -> %x1
T1926856     read  8 byte(s) @ 0xffff857e58a0
T1926856   0x0000ffff898f97fc  91006273   add    %x19 $0x0018 lsl $0x00 -> %x19
T1926856   0x0000ffff898f9800  f85f8260   ldur   -0x08(%x19)[8byte] -> %x0
T1926856     read  8 byte(s) @ 0xffff857e58b0
T1926856   0x0000ffff898f9804  eb13037f   subs   %x27 %x19 lsl $0x00 -> %xzr
T1926856   0x0000ffff898f9808  8b190000   add    %x0 %x25 lsl $0x00 -> %x0
T1926856   0x0000ffff898f980c  f8396820   str    %x0 -> (%x1,%x25)[8byte]
T1926856     write 8 byte(s) @ 0xffff8580a5e0
T1926856   0x0000ffff898f9810  54ffff48   b.hi   $0x0000ffff898f97f8
T1926856   0x0000ffff898f97f8  f9400261   ldr    (%x19)[8byte] -> %x1
T1926856     read  8 byte(s) @ 0xffff857e58b8
T1926856   0x0000ffff898f97fc  91006273   add    %x19 $0x0018 lsl $0x00 -> %x19
T1926856   0x0000ffff898f9800  f85f8260   ldur   -0x08(%x19)[8byte] -> %x0
T1926856     read  8 byte(s) @ 0xffff857e58c8
T1926856   0x0000ffff898f9804  eb13037f   subs   %x27 %x19 lsl $0x00 -> %xzr
T1926856   0x0000ffff898f9808  8b190000   add    %x0 %x25 lsl $0x00 -> %x0
T1926856   0x0000ffff898f980c  f8396820   str    %x0 -> (%x1,%x25)[8byte]
T1926856     write 8 byte(s) @ 0xffff8580a5e8
T1926856   0x0000ffff898f9810  54ffff48   b.hi   $0x0000ffff898f97f8
T1926856   0x0000ffff898f97f8  f9400261   ldr    (%x19)[8byte] -> %x1
T1926856     read  8 byte(s) @ 0xffff857e58d0
T1926856   0x0000ffff898f97fc  91006273   add    %x19 $0x0018 lsl $0x00 -> %x19
T1926856   0x0000ffff898f9800  f85f8260   ldur   -0x08(%x19)[8byte] -> %x0
T1926856     read  8 byte(s) @ 0xffff857e58e0
T1926856   0x0000ffff898f9804  eb13037f   subs   %x27 %x19 lsl $0x00 -> %xzr
T1926856   0x0000ffff898f9808  8b190000   add    %x0 %x25 lsl $0x00 -> %x0
T1926856   0x0000ffff898f980c  f8396820   str    %x0 -> (%x1,%x25)[8byte]
T1926856     write 8 byte(s) @ 0xffff8580a5f0
T1926856   0x0000ffff898f9810  54ffff48   b.hi   $0x0000ffff898f97f8
T1926856   0x0000ffff898f97f8  f9400261   ldr    (%x19)[8byte] -> %x1
T1926856     read  8 byte(s) @ 0xffff857e58e8
T1926856   0x0000ffff898f97fc  91006273   add    %x19 $0x0018 lsl $0x00 -> %x19
T1926856   0x0000ffff898f9800  f85f8260   ldur   -0x08(%x19)[8byte] -> %x0
T1926856     read  8 byte(s) @ 0xffff857e58f8
T1926856   0x0000ffff898f9804  eb13037f   subs   %x27 %x19 lsl $0x00 -> %xzr
T1926856   0x0000ffff898f9808  8b190000   add    %x0 %x25 lsl $0x00 -> %x0
T1926856   0x0000ffff898f980c  f8396820   str    %x0 -> (%x1,%x25)[8byte]
T1926856     write 8 byte(s) @ 0xffff8580a5f8
T1926856   0x0000ffff898f9810  54ffff48   b.hi   $0x0000ffff898f97f8
T1926856   0x0000ffff898f97f8  f9400261   ldr    (%x19)[8byte] -> %x1
T1926856     read  8 byte(s) @ 0xffff857e5900
T1926856   0x0000ffff898f97fc  91006273   add    %x19 $0x0018 lsl $0x00 -> %x19
T1926856   0x0000ffff898f9800  f85f8260   ldur   -0x08(%x19)[8byte] -> %x0
T1926856     read  8 byte(s) @ 0xffff857e5910
T1926856   0x0000ffff898f9804  eb13037f   subs   %x27 %x19 lsl $0x00 -> %xzr
T1926856   0x0000ffff898f9808  8b190000   add    %x0 %x25 lsl $0x00 -> %x0
T1926856   0x0000ffff898f980c  f8396820   str    %x0 -> (%x1,%x25)[8byte]
T1926856     write 8 byte(s) @ 0xffff8580a600
T1926856   0x0000ffff898f9810  54ffff48   b.hi   $0x0000ffff898f97f8
T1926856   0x0000ffff898f97f8  f9400261   ldr    (%x19)[8byte] -> %x1
T1926856     read  8 byte(s) @ 0xffff857e5918
T1926856   0x0000ffff898f97fc  91006273   add    %x19 $0x0018 lsl $0x00 -> %x19
T1926856   0x0000ffff898f9800  f85f8260   ldur   -0x08(%x19)[8byte] -> %x0
T1926856     read  8 byte(s) @ 0xffff857e5928
T1926856   0x0000ffff898f9804  eb13037f   subs   %x27 %x19 lsl $0x00 -> %xzr
T1926856   0x0000ffff898f9808  8b190000   add    %x0 %x25 lsl $0x00 -> %x0
T1926856   0x0000ffff898f980c  f8396820   str    %x0 -> (%x1,%x25)[8byte]
T1926856     write 8 byte(s) @ 0xffff8580a608
T1926856   0x0000ffff898f9810  54ffff48   b.hi   $0x0000ffff898f97f8
T1926856   0x0000ffff898f97f8  f9400261   ldr    (%x19)[8byte] -> %x1
T1926856     read  8 byte(s) @ 0xffff857e5930
T1926856   0x0000ffff898f97fc  91006273   add    %x19 $0x0018 lsl $0x00 -> %x19
T1926856   0x0000ffff898f9800  f85f8260   ldur   -0x08(%x19)[8byte] -> %x0
T1926856     read  8 byte(s) @ 0xffff857e5940
T1926856   0x0000ffff898f9804  eb13037f   subs   %x27 %x19 lsl $0x00 -> %xzr
T1926856   0x0000ffff898f9808  8b190000   add    %x0 %x25 lsl $0x00 -> %x0
T1926856   0x0000ffff898f980c  f8396820   str    %x0 -> (%x1,%x25)[8byte]
T1926856     write 8 byte(s) @ 0xffff8580a610
T1926856   0x0000ffff898f9810  54ffff48   b.hi   $0x0000ffff898f97f8
T1926856   0x0000ffff898f97f8  f9400261   ldr    (%x19)[8byte] -> %x1
T1926856     read  8 byte(s) @ 0xffff857e5948
T1926856   0x0000ffff898f97fc  91006273   add    %x19 $0x0018 lsl $0x00 -> %x19
T1926856   0x0000ffff898f9800  f85f8260   ldur   -0x08(%x19)[8byte] -> %x0
T1926856     read  8 byte(s) @ 0xffff857e5958
T1926856   0x0000ffff898f9804  eb13037f   subs   %x27 %x19 lsl $0x00 -> %xzr
T1926856   0x0000ffff898f9808  8b190000   add    %x0 %x25 lsl $0x00 -> %x0
T1926856   0x0000ffff898f980c  f8396820   str    %x0 -> (%x1,%x25)[8byte]
T1926856     write 8 byte(s) @ 0xffff8580a618
T1926856   0x0000ffff898f9810  54ffff48   b.hi   $0x0000ffff898f97f8
T1926856   0x0000ffff898f97f8  f9400261   ldr    (%x19)[8byte] -> %x1
T1926856     read  8 byte(s) @ 0xffff857e5960
T1926856   0x0000ffff898f97fc  91006273   add    %x19 $0x0018 lsl $0x00 -> %x19
T1926856   0x0000ffff898f9800  f85f8260   ldur   -0x08(%x19)[8byte] -> %x0
T1926856     read  8 byte(s) @ 0xffff857e5970
T1926856   0x0000ffff898f9804  eb13037f   subs   %x27 %x19 lsl $0x00 -> %xzr
T1926856   0x0000ffff898f9808  8b190000   add    %x0 %x25 lsl $0x00 -> %x0
T1926856   0x0000ffff898f980c  f8396820   str    %x0 -> (%x1,%x25)[8byte]
T1926856     write 8 byte(s) @ 0xffff8580a620
T1926856   0x0000ffff898f9810  54ffff48   b.hi   $0x0000ffff898f97f8
T1926856   0x0000ffff898f97f8  f9400261   ldr    (%x19)[8byte] -> %x1
T1926856     read  8 byte(s) @ 0xffff857e5978
T1926856   0x0000ffff898f97fc  91006273   add    %x19 $0x0018 lsl $0x00 -> %x19
T1926856   0x0000ffff898f9800  f85f8260   ldur   -0x08(%x19)[8byte] -> %x0
T1926856     read  8 byte(s) @ 0xffff857e5988
T1926856   0x0000ffff898f9804  eb13037f   subs   %x27 %x19 lsl $0x00 -> %xzr
T1926856   0x0000ffff898f9808  8b190000   add    %x0 %x25 lsl $0x00 -> %x0
T1926856   0x0000ffff898f980c  f8396820   str    %x0 -> (%x1,%x25)[8byte]
T1926856     write 8 byte(s) @ 0xffff8580a628
T1926856   0x0000ffff898f9810  54ffff48   b.hi   $0x0000ffff898f97f8
T1926856   0x0000ffff898f97f8  f9400261   ldr    (%x19)[8byte] -> %x1
T1926856     read  8 byte(s) @ 0xffff857e5990
T1926856   0x0000ffff898f97fc  91006273   add    %x19 $0x0018 lsl $0x00 -> %x19
T1926856   0x0000ffff898f9800  f85f8260   ldur   -0x08(%x19)[8byte] -> %x0
T1926856     read  8 byte(s) @ 0xffff857e59a0
T1926856   0x0000ffff898f9804  eb13037f   subs   %x27 %x19 lsl $0x00 -> %xzr
T1926856   0x0000ffff898f9808  8b190000   add    %x0 %x25 lsl $0x00 -> %x0
T1926856   0x0000ffff898f980c  f8396820   str    %x0 -> (%x1,%x25)[8byte]
T1926856     write 8 byte(s) @ 0xffff8580a630
T1926856   0x0000ffff898f9810  54ffff48   b.hi   $0x0000ffff898f97f8
T1926856   0x0000ffff898f97f8  f9400261   ldr    (%x19)[8byte] -> %x1
T1926856     read  8 byte(s) @ 0xffff857e59a8
T1926856   0x0000ffff898f97fc  91006273   add    %x19 $0x0018 lsl $0x00 -> %x19
T1926856   0x0000ffff898f9800  f85f8260   ldur   -0x08(%x19)[8byte] -> %x0
T1926856     read  8 byte(s) @ 0xffff857e59b8
T1926856   0x0000ffff898f9804  eb13037f   subs   %x27 %x19 lsl $0x00 -> %xzr
T1926856   0x0000ffff898f9808  8b190000   add    %x0 %x25 lsl $0x00 -> %x0
T1926856   0x0000ffff898f980c  f8396820   str    %x0 -> (%x1,%x25)[8byte]
T1926856     write 8 byte(s) @ 0xffff8580a638
T1926856   0x0000ffff898f9810  54ffff48   b.hi   $0x0000ffff898f97f8
T1926856   0x0000ffff898f97f8  f9400261   ldr    (%x19)[8byte] -> %x1
T1926856     read  8 byte(s) @ 0xffff857e59c0
T1926856   0x0000ffff898f97fc  91006273   add    %x19 $0x0018 lsl $0x00 -> %x19
T1926856   0x0000ffff898f9800  f85f8260   ldur   -0x08(%x19)[8byte] -> %x0
T1926856     read  8 byte(s) @ 0xffff857e59d0
T1926856   0x0000ffff898f9804  eb13037f   subs   %x27 %x19 lsl $0x00 -> %xzr
T1926856   0x0000ffff898f9808  8b190000   add    %x0 %x25 lsl $0x00 -> %x0
T1926856   0x0000ffff898f980c  f8396820   str    %x0 -> (%x1,%x25)[8byte]
T1926856     write 8 byte(s) @ 0xffff8580a648
T1926856   0x0000ffff898f9810  54ffff48   b.hi   $0x0000ffff898f97f8
T1926856   0x0000ffff898f97f8  f9400261   ldr    (%x19)[8byte] -> %x1
T1926856     read  8 byte(s) @ 0xffff857e59d8
T1926856   0x0000ffff898f97fc  91006273   add    %x19 $0x0018 lsl $0x00 -> %x19
T1926856   0x0000ffff898f9800  f85f8260   ldur   -0x08(%x19)[8byte] -> %x0
T1926856     read  8 byte(s) @ 0xffff857e59e8
T1926856   0x0000ffff898f9804  eb13037f   subs   %x27 %x19 lsl $0x00 -> %xzr
T1926856   0x0000ffff898f9808  8b190000   add    %x0 %x25 lsl $0x00 -> %x0
T1926856   0x0000ffff898f980c  f8396820   str    %x0 -> (%x1,%x25)[8byte]
T1926856     write 8 byte(s) @ 0xffff8580a668
T1926856   0x0000ffff898f9810  54ffff48   b.hi   $0x0000ffff898f97f8
T1926856   0x0000ffff898f97f8  f9400261   ldr    (%x19)[8byte] -> %x1
T1926856     read  8 byte(s) @ 0xffff857e59f0
T1926856   0x0000ffff898f97fc  91006273   add    %x19 $0x0018 lsl $0x00 -> %x19
T1926856   0x0000ffff898f9800  f85f8260   ldur   -0x08(%x19)[8byte] -> %x0
T1926856     read  8 byte(s) @ 0xffff857e5a00
T1926856   0x0000ffff898f9804  eb13037f   subs   %x27 %x19 lsl $0x00 -> %xzr
T1926856   0x0000ffff898f9808  8b190000   add    %x0 %x25 lsl $0x00 -> %x0
T1926856   0x0000ffff898f980c  f8396820   str    %x0 -> (%x1,%x25)[8byte]
T1926856     write 8 byte(s) @ 0xffff8580a688
T1926856   0x0000ffff898f9810  54ffff48   b.hi   $0x0000ffff898f97f8
T1926856   0x0000ffff898f97f8  f9400261   ldr    (%x19)[8byte] -> %x1
T1926856     read  8 byte(s) @ 0xffff857e5a08
T1926856   0x0000ffff898f97fc  91006273   add    %x19 $0x0018 lsl $0x00 -> %x19
T1926856   0x0000ffff898f9800  f85f8260   ldur   -0x08(%x19)[8byte] -> %x0
T1926856     read  8 byte(s) @ 0xffff857e5a18
T1926856   0x0000ffff898f9804  eb13037f   subs   %x27 %x19 lsl $0x00 -> %xzr
T1926856   0x0000ffff898f9808  8b190000   add    %x0 %x25 lsl $0x00 -> %x0
T1926856   0x0000ffff898f980c  f8396820   str    %x0 -> (%x1,%x25)[8byte]
T1926856     write 8 byte(s) @ 0xffff8580a6a8
T1926856   0x0000ffff898f9810  54ffff48   b.hi   $0x0000ffff898f97f8
T1926856   0x0000ffff898f97f8  f9400261   ldr    (%x19)[8byte] -> %x1
T1926856     read  8 byte(s) @ 0xffff857e5a20
T1926856   0x0000ffff898f97fc  91006273   add    %x19 $0x0018 lsl $0x00 -> %x19
T1926856   0x0000ffff898f9800  f85f8260   ldur   -0x08(%x19)[8byte] -> %x0
T1926856     read  8 byte(s) @ 0xffff857e5a30
T1926856   0x0000ffff898f9804  eb13037f   subs   %x27 %x19 lsl $0x00 -> %xzr
T1926856   0x0000ffff898f9808  8b190000   add    %x0 %x25 lsl $0x00 -> %x0
T1926856   0x0000ffff898f980c  f8396820   str    %x0 -> (%x1,%x25)[8byte]
T1926856     write 8 byte(s) @ 0xffff8580a6c8
T1926856   0x0000ffff898f9810  54ffff48   b.hi   $0x0000ffff898f97f8
T1926856   0x0000ffff898f97f8  f9400261   ldr    (%x19)[8byte] -> %x1
T1926856     read  8 byte(s) @ 0xffff857e5a38
T1926856   0x0000ffff898f97fc  91006273   add    %x19 $0x0018 lsl $0x00 -> %x19
T1926856   0x0000ffff898f9800  f85f8260   ldur   -0x08(%x19)[8byte] -> %x0
T1926856     read  8 byte(s) @ 0xffff857e5a48
T1926856   0x0000ffff898f9804  eb13037f   subs   %x27 %x19 lsl $0x00 -> %xzr
T1926856   0x0000ffff898f9808  8b190000   add    %x0 %x25 lsl $0x00 -> %x0
T1926856   0x0000ffff898f980c  f8396820   str    %x0 -> (%x1,%x25)[8byte]
T1926856     write 8 byte(s) @ 0xffff8580a6e8
T1926856   0x0000ffff898f9810  54ffff48   b.hi   $0x0000ffff898f97f8
T1926856   0x0000ffff898f97f8  f9400261   ldr    (%x19)[8byte] -> %x1
T1926856     read  8 byte(s) @ 0xffff857e5a50
T1926856   0x0000ffff898f97fc  91006273   add    %x19 $0x0018 lsl $0x00 -> %x19
T1926856   0x0000ffff898f9800  f85f8260   ldur   -0x08(%x19)[8byte] -> %x0
T1926856     read  8 byte(s) @ 0xffff857e5a60
T1926856   0x0000ffff898f9804  eb13037f   subs   %x27 %x19 lsl $0x00 -> %xzr
T1926856   0x0000ffff898f9808  8b190000   add    %x0 %x25 lsl $0x00 -> %x0
T1926856   0x0000ffff898f980c  f8396820   str    %x0 -> (%x1,%x25)[8byte]
T1926856     write 8 byte(s) @ 0xffff8580a708
T1926856   0x0000ffff898f9810  54ffff48   b.hi   $0x0000ffff898f97f8
T1926856   0x0000ffff898f97f8  f9400261   ldr    (%x19)[8byte] -> %x1
T1926856     read  8 byte(s) @ 0xffff857e5a68
T1926856   0x0000ffff898f97fc  91006273   add    %x19 $0x0018 lsl $0x00 -> %x19
T1926856   0x0000ffff898f9800  f85f8260   ldur   -0x08(%x19)[8byte] -> %x0
T1926856     read  8 byte(s) @ 0xffff857e5a78
T1926856   0x0000ffff898f9804  eb13037f   subs   %x27 %x19 lsl $0x00 -> %xzr
T1926856   0x0000ffff898f9808  8b190000   add    %x0 %x25 lsl $0x00 -> %x0
T1926856   0x0000ffff898f980c  f8396820   str    %x0 -> (%x1,%x25)[8byte]
T1926856     write 8 byte(s) @ 0xffff8580a728
T1926856   0x0000ffff898f9810  54ffff48   b.hi   $0x0000ffff898f97f8
T1926856   0x0000ffff898f97f8  f9400261   ldr    (%x19)[8byte] -> %x1
T1926856     read  8 byte(s) @ 0xffff857e5a80
T1926856   0x0000ffff898f97fc  91006273   add    %x19 $0x0018 lsl $0x00 -> %x19
T1926856   0x0000ffff898f9800  f85f8260   ldur   -0x08(%x19)[8byte] -> %x0
T1926856     read  8 byte(s) @ 0xffff857e5a90
T1926856   0x0000ffff898f9804  eb13037f   subs   %x27 %x19 lsl $0x00 -> %xzr
T1926856   0x0000ffff898f9808  8b190000   add    %x0 %x25 lsl $0x00 -> %x0
T1926856   0x0000ffff898f980c  f8396820   str    %x0 -> (%x1,%x25)[8byte]
T1926856     write 8 byte(s) @ 0xffff8580a748
T1926856   0x0000ffff898f9810  54ffff48   b.hi   $0x0000ffff898f97f8
T1926856   0x0000ffff898f97f8  f9400261   ldr    (%x19)[8byte] -> %x1
T1926856     read  8 byte(s) @ 0xffff857e5a98
T1926856   0x0000ffff898f97fc  91006273   add    %x19 $0x0018 lsl $0x00 -> %x19
T1926856   0x0000ffff898f9800  f85f8260   ldur   -0x08(%x19)[8byte] -> %x0
T1926856     read  8 byte(s) @ 0xffff857e5aa8
T1926856   0x0000ffff898f9804  eb13037f   subs   %x27 %x19 lsl $0x00 -> %xzr
T1926856   0x0000ffff898f9808  8b190000   add    %x0 %x25 lsl $0x00 -> %x0
T1926856   0x0000ffff898f980c  f8396820   str    %x0 -> (%x1,%x25)[8byte]
T1926856     write 8 byte(s) @ 0xffff8580a768
T1926856   0x0000ffff898f9810  54ffff48   b.hi   $0x0000ffff898f97f8
T1926856   0x0000ffff898f97f8  f9400261   ldr    (%x19)[8byte] -> %x1
T1926856     read  8 byte(s) @ 0xffff857e5ab0
T1926856   0x0000ffff898f97fc  91006273   add    %x19 $0x0018 lsl $0x00 -> %x19
T1926856   0x0000ffff898f9800  f85f8260   ldur   -0x08(%x19)[8byte] -> %x0
T1926856     read  8 byte(s) @ 0xffff857e5ac0
T1926856   0x0000ffff898f9804  eb13037f   subs   %x27 %x19 lsl $0x00 -> %xzr
T1926856   0x0000ffff898f9808  8b190000   add    %x0 %x25 lsl $0x00 -> %x0
T1926856   0x0000ffff898f980c  f8396820   str    %x0 -> (%x1,%x25)[8byte]
T1926856     write 8 byte(s) @ 0xffff8580a788
T1926856   0x0000ffff898f9810  54ffff48   b.hi   $0x0000ffff898f97f8
T1926856   0x0000ffff898f97f8  f9400261   ldr    (%x19)[8byte] -> %x1
T1926856     read  8 byte(s) @ 0xffff857e5ac8
T1926856   0x0000ffff898f97fc  91006273   add    %x19 $0x0018 lsl $0x00 -> %x19
T1926856   0x0000ffff898f9800  f85f8260   ldur   -0x08(%x19)[8byte] -> %x0
T1926856     read  8 byte(s) @ 0xffff857e5ad8
T1926856   0x0000ffff898f9804  eb13037f   subs   %x27 %x19 lsl $0x00 -> %xzr
T1926856   0x0000ffff898f9808  8b190000   add    %x0 %x25 lsl $0x00 -> %x0
T1926856   0x0000ffff898f980c  f8396820   str    %x0 -> (%x1,%x25)[8byte]
T1926856     write 8 byte(s) @ 0xffff8580a7a8
T1926856   0x0000ffff898f9810  54ffff48   b.hi   $0x0000ffff898f97f8
T1926856   0x0000ffff898f97f8  f9400261   ldr    (%x19)[8byte] -> %x1
T1926856     read  8 byte(s) @ 0xffff857e5ae0
T1926856   0x0000ffff898f97fc  91006273   add    %x19 $0x0018 lsl $0x00 -> %x19
T1926856   0x0000ffff898f9800  f85f8260   ldur   -0x08(%x19)[8byte] -> %x0
T1926856     read  8 byte(s) @ 0xffff857e5af0
T1926856   0x0000ffff898f9804  eb13037f   subs   %x27 %x19 lsl $0x00 -> %xzr
T1926856   0x0000ffff898f9808  8b190000   add    %x0 %x25 lsl $0x00 -> %x0
T1926856   0x0000ffff898f980c  f8396820   str    %x0 -> (%x1,%x25)[8byte]
T1926856     write 8 byte(s) @ 0xffff8580a7c8
T1926856   0x0000ffff898f9810  54ffff48   b.hi   $0x0000ffff898f97f8
T1926856   0x0000ffff898f97f8  f9400261   ldr    (%x19)[8byte] -> %x1
T1926856     read  8 byte(s) @ 0xffff857e5af8
T1926856   0x0000ffff898f97fc  91006273   add    %x19 $0x0018 lsl $0x00 -> %x19
T1926856   0x0000ffff898f9800  f85f8260   ldur   -0x08(%x19)[8byte] -> %x0
T1926856     read  8 byte(s) @ 0xffff857e5b08
T1926856   0x0000ffff898f9804  eb13037f   subs   %x27 %x19 lsl $0x00 -> %xzr
T1926856   0x0000ffff898f9808  8b190000   add    %x0 %x25 lsl $0x00 -> %x0
T1926856   0x0000ffff898f980c  f8396820   str    %x0 -> (%x1,%x25)[8byte]
T1926856     write 8 byte(s) @ 0xffff8580a7e8
T1926856   0x0000ffff898f9810  54ffff48   b.hi   $0x0000ffff898f97f8
T1926856   0x0000ffff898f97f8  f9400261   ldr    (%x19)[8byte] -> %x1
T1926856     read  8 byte(s) @ 0xffff857e5b10
T1926856   0x0000ffff898f97fc  91006273   add    %x19 $0x0018 lsl $0x00 -> %x19
T1926856   0x0000ffff898f9800  f85f8260   ldur   -0x08(%x19)[8byte] -> %x0
T1926856     read  8 byte(s) @ 0xffff857e5b20
T1926856   0x0000ffff898f9804  eb13037f   subs   %x27 %x19 lsl $0x00 -> %xzr
T1926856   0x0000ffff898f9808  8b190000   add    %x0 %x25 lsl $0x00 -> %x0
T1926856   0x0000ffff898f980c  f8396820   str    %x0 -> (%x1,%x25)[8byte]
T1926856     write 8 byte(s) @ 0xffff8580a808
T1926856   0x0000ffff898f9810  54ffff48   b.hi   $0x0000ffff898f97f8
T1926856   0x0000ffff898f97f8  f9400261   ldr    (%x19)[8byte] -> %x1
T1926856     read  8 byte(s) @ 0xffff857e5b28
T1926856   0x0000ffff898f97fc  91006273   add    %x19 $0x0018 lsl $0x00 -> %x19
T1926856   0x0000ffff898f9800  f85f8260   ldur   -0x08(%x19)[8byte] -> %x0
T1926856     read  8 byte(s) @ 0xffff857e5b38
T1926856   0x0000ffff898f9804  eb13037f   subs   %x27 %x19 lsl $0x00 -> %xzr
T1926856   0x0000ffff898f9808  8b190000   add    %x0 %x25 lsl $0x00 -> %x0
T1926856   0x0000ffff898f980c  f8396820   str    %x0 -> (%x1,%x25)[8byte]
T1926856     write 8 byte(s) @ 0xffff8580a828
T1926856   0x0000ffff898f9810  54ffff48   b.hi   $0x0000ffff898f97f8
T1926856   0x0000ffff898f97f8  f9400261   ldr    (%x19)[8byte] -> %x1
T1926856     read  8 byte(s) @ 0xffff857e5b40
T1926856   0x0000ffff898f97fc  91006273   add    %x19 $0x0018 lsl $0x00 -> %x19
T1926856   0x0000ffff898f9800  f85f8260   ldur   -0x08(%x19)[8byte] -> %x0
T1926856     read  8 byte(s) @ 0xffff857e5b50
T1926856   0x0000ffff898f9804  eb13037f   subs   %x27 %x19 lsl $0x00 -> %xzr
T1926856   0x0000ffff898f9808  8b190000   add    %x0 %x25 lsl $0x00 -> %x0
T1926856   0x0000ffff898f980c  f8396820   str    %x0 -> (%x1,%x25)[8byte]
T1926856     write 8 byte(s) @ 0xffff8580a848
T1926856   0x0000ffff898f9810  54ffff48   b.hi   $0x0000ffff898f97f8
T1926856   0x0000ffff898f97f8  f9400261   ldr    (%x19)[8byte] -> %x1
T1926856     read  8 byte(s) @ 0xffff857e5b58
T1926856   0x0000ffff898f97fc  91006273   add    %x19 $0x0018 lsl $0x00 -> %x19
T1926856   0x0000ffff898f9800  f85f8260   ldur   -0x08(%x19)[8byte] -> %x0
T1926856     read  8 byte(s) @ 0xffff857e5b68
T1926856   0x0000ffff898f9804  eb13037f   subs   %x27 %x19 lsl $0x00 -> %xzr
T1926856   0x0000ffff898f9808  8b190000   add    %x0 %x25 lsl $0x00 -> %x0
T1926856   0x0000ffff898f980c  f8396820   str    %x0 -> (%x1,%x25)[8byte]
T1926856     write 8 byte(s) @ 0xffff8580a868
T1926856   0x0000ffff898f9810  54ffff48   b.hi   $0x0000ffff898f97f8
T1926856   0x0000ffff898f97f8  f9400261   ldr    (%x19)[8byte] -> %x1
T1926856     read  8 byte(s) @ 0xffff857e5b70
T1926856   0x0000ffff898f97fc  91006273   add    %x19 $0x0018 lsl $0x00 -> %x19
T1926856   0x0000ffff898f9800  f85f8260   ldur   -0x08(%x19)[8byte] -> %x0
T1926856     read  8 byte(s) @ 0xffff857e5b80
T1926856   0x0000ffff898f9804  eb13037f   subs   %x27 %x19 lsl $0x00 -> %xzr
T1926856   0x0000ffff898f9808  8b190000   add    %x0 %x25 lsl $0x00 -> %x0
T1926856   0x0000ffff898f980c  f8396820   str    %x0 -> (%x1,%x25)[8byte]
T1926856     write 8 byte(s) @ 0xffff8580a888
T1926856   0x0000ffff898f9810  54ffff48   b.hi   $0x0000ffff898f97f8
T1926856   0x0000ffff898f97f8  f9400261   ldr    (%x19)[8byte] -> %x1
T1926856     read  8 byte(s) @ 0xffff857e5b88
T1926856   0x0000ffff898f97fc  91006273   add    %x19 $0x0018 lsl $0x00 -> %x19
T1926856   0x0000ffff898f9800  f85f8260   ldur   -0x08(%x19)[8byte] -> %x0
T1926856     read  8 byte(s) @ 0xffff857e5b98
T1926856   0x0000ffff898f9804  eb13037f   subs   %x27 %x19 lsl $0x00 -> %xzr
T1926856   0x0000ffff898f9808  8b190000   add    %x0 %x25 lsl $0x00 -> %x0
T1926856   0x0000ffff898f980c  f8396820   str    %x0 -> (%x1,%x25)[8byte]
T1926856     write 8 byte(s) @ 0xffff8580a8a8
T1926856   0x0000ffff898f9810  54ffff48   b.hi   $0x0000ffff898f97f8
T1926856   0x0000ffff898f97f8  f9400261   ldr    (%x19)[8byte] -> %x1
T1926856     read  8 byte(s) @ 0xffff857e5ba0
T1926856   0x0000ffff898f97fc  91006273   add    %x19 $0x0018 lsl $0x00 -> %x19
T1926856   0x0000ffff898f9800  f85f8260   ldur   -0x08(%x19)[8byte] -> %x0
T1926856     read  8 byte(s) @ 0xffff857e5bb0
T1926856   0x0000ffff898f9804  eb13037f   subs   %x27 %x19 lsl $0x00 -> %xzr
T1926856   0x0000ffff898f9808  8b190000   add    %x0 %x25 lsl $0x00 -> %x0
T1926856   0x0000ffff898f980c  f8396820   str    %x0 -> (%x1,%x25)[8byte]
T1926856     write 8 byte(s) @ 0xffff8580a8c8
T1926856   0x0000ffff898f9810  54ffff48   b.hi   $0x0000ffff898f97f8
T1926856   0x0000ffff898f97f8  f9400261   ldr    (%x19)[8byte] -> %x1
T1926856     read  8 byte(s) @ 0xffff857e5bb8
T1926856   0x0000ffff898f97fc  91006273   add    %x19 $0x0018 lsl $0x00 -> %x19
T1926856   0x0000ffff898f9800  f85f8260   ldur   -0x08(%x19)[8byte] -> %x0
T1926856     read  8 byte(s) @ 0xffff857e5bc8
T1926856   0x0000ffff898f9804  eb13037f   subs   %x27 %x19 lsl $0x00 -> %xzr
T1926856   0x0000ffff898f9808  8b190000   add    %x0 %x25 lsl $0x00 -> %x0
T1926856   0x0000ffff898f980c  f8396820   str    %x0 -> (%x1,%x25)[8byte]
T1926856     write 8 byte(s) @ 0xffff8580a8e8
T1926856   0x0000ffff898f9810  54ffff48   b.hi   $0x0000ffff898f97f8
T1926856   0x0000ffff898f97f8  f9400261   ldr    (%x19)[8byte] -> %x1
T1926856     read  8 byte(s) @ 0xffff857e5bd0
T1926856   0x0000ffff898f97fc  91006273   add    %x19 $0x0018 lsl $0x00 -> %x19
T1926856   0x0000ffff898f9800  f85f8260   ldur   -0x08(%x19)[8byte] -> %x0
T1926856     read  8 byte(s) @ 0xffff857e5be0
T1926856   0x0000ffff898f9804  eb13037f   subs   %x27 %x19 lsl $0x00 -> %xzr
T1926856   0x0000ffff898f9808  8b190000   add    %x0 %x25 lsl $0x00 -> %x0
T1926856   0x0000ffff898f980c  f8396820   str    %x0 -> (%x1,%x25)[8byte]
T1926856     write 8 byte(s) @ 0xffff8580a908
T1926856   0x0000ffff898f9810  54ffff48   b.hi   $0x0000ffff898f97f8
T1926856   0x0000ffff898f97f8  f9400261   ldr    (%x19)[8byte] -> %x1
T1926856     read  8 byte(s) @ 0xffff857e5be8
T1926856   0x0000ffff898f97fc  91006273   add    %x19 $0x0018 lsl $0x00 -> %x19
T1926856   0x0000ffff898f9800  f85f8260   ldur   -0x08(%x19)[8byte] -> %x0
T1926856     read  8 byte(s) @ 0xffff857e5bf8
T1926856   0x0000ffff898f9804  eb13037f   subs   %x27 %x19 lsl $0x00 -> %xzr
T1926856   0x0000ffff898f9808  8b190000   add    %x0 %x25 lsl $0x00 -> %x0
T1926856   0x0000ffff898f980c  f8396820   str    %x0 -> (%x1,%x25)[8byte]
T1926856     write 8 byte(s) @ 0xffff8580a928
T1926856   0x0000ffff898f9810  54ffff48   b.hi   $0x0000ffff898f97f8
T1926856   0x0000ffff898f97f8  f9400261   ldr    (%x19)[8byte] -> %x1
T1926856     read  8 byte(s) @ 0xffff857e5c00
T1926856   0x0000ffff898f97fc  91006273   add    %x19 $0x0018 lsl $0x00 -> %x19
T1926856   0x0000ffff898f9800  f85f8260   ldur   -0x08(%x19)[8byte] -> %x0
T1926856     read  8 byte(s) @ 0xffff857e5c10
T1926856   0x0000ffff898f9804  eb13037f   subs   %x27 %x19 lsl $0x00 -> %xzr
T1926856   0x0000ffff898f9808  8b190000   add    %x0 %x25 lsl $0x00 -> %x0
T1926856   0x0000ffff898f980c  f8396820   str    %x0 -> (%x1,%x25)[8byte]
T1926856     write 8 byte(s) @ 0xffff8580a948
T1926856   0x0000ffff898f9810  54ffff48   b.hi   $0x0000ffff898f97f8
T1926856   0x0000ffff898f97f8  f9400261   ldr    (%x19)[8byte] -> %x1
T1926856     read  8 byte(s) @ 0xffff857e5c18
T1926856   0x0000ffff898f97fc  91006273   add    %x19 $0x0018 lsl $0x00 -> %x19
T1926856   0x0000ffff898f9800  f85f8260   ldur   -0x08(%x19)[8byte] -> %x0
T1926856     read  8 byte(s) @ 0xffff857e5c28
T1926856   0x0000ffff898f9804  eb13037f   subs   %x27 %x19 lsl $0x00 -> %xzr
T1926856   0x0000ffff898f9808  8b190000   add    %x0 %x25 lsl $0x00 -> %x0
T1926856   0x0000ffff898f980c  f8396820   str    %x0 -> (%x1,%x25)[8byte]
T1926856     write 8 byte(s) @ 0xffff8580a968
T1926856   0x0000ffff898f9810  54ffff48   b.hi   $0x0000ffff898f97f8
T1926856   0x0000ffff898f97f8  f9400261   ldr    (%x19)[8byte] -> %x1
T1926856     read  8 byte(s) @ 0xffff857e5c30
T1926856   0x0000ffff898f97fc  91006273   add    %x19 $0x0018 lsl $0x00 -> %x19
T1926856   0x0000ffff898f9800  f85f8260   ldur   -0x08(%x19)[8byte] -> %x0
T1926856     read  8 byte(s) @ 0xffff857e5c40
T1926856   0x0000ffff898f9804  eb13037f   subs   %x27 %x19 lsl $0x00 -> %xzr
T1926856   0x0000ffff898f9808  8b190000   add    %x0 %x25 lsl $0x00 -> %x0
T1926856   0x0000ffff898f980c  f8396820   str    %x0 -> (%x1,%x25)[8byte]
T1926856     write 8 byte(s) @ 0xffff8580a9b0
T1926856   0x0000ffff898f9810  54ffff48   b.hi   $0x0000ffff898f97f8
T1926856   0x0000ffff898f97f8  f9400261   ldr    (%x19)[8byte] -> %x1
T1926856     read  8 byte(s) @ 0xffff857e5c48
T1926856   0x0000ffff898f97fc  91006273   add    %x19 $0x0018 lsl $0x00 -> %x19
T1926856   0x0000ffff898f9800  f85f8260   ldur   -0x08(%x19)[8byte] -> %x0
T1926856     read  8 byte(s) @ 0xffff857e5c58
T1926856   0x0000ffff898f9804  eb13037f   subs   %x27 %x19 lsl $0x00 -> %xzr
T1926856   0x0000ffff898f9808  8b190000   add    %x0 %x25 lsl $0x00 -> %x0
T1926856   0x0000ffff898f980c  f8396820   str    %x0 -> (%x1,%x25)[8byte]
T1926856     write 8 byte(s) @ 0xffff8580ae40
T1926856   0x0000ffff898f9810  54ffff48   b.hi   $0x0000ffff898f97f8
T1926856   0x0000ffff898f97f8  f9400261   ldr    (%x19)[8byte] -> %x1
T1926856     read  8 byte(s) @ 0xffff857e5c60
T1926856   0x0000ffff898f97fc  91006273   add    %x19 $0x0018 lsl $0x00 -> %x19
T1926856   0x0000ffff898f9800  f85f8260   ldur   -0x08(%x19)[8byte] -> %x0
T1926856     read  8 byte(s) @ 0xffff857e5c70
T1926856   0x0000ffff898f9804  eb13037f   subs   %x27 %x19 lsl $0x00 -> %xzr
T1926856   0x0000ffff898f9808  8b190000   add    %x0 %x25 lsl $0x00 -> %x0
T1926856   0x0000ffff898f980c  f8396820   str    %x0 -> (%x1,%x25)[8byte]
T1926856     write 8 byte(s) @ 0xffff8580ae48
T1926856   0x0000ffff898f9810  54ffff48   b.hi   $0x0000ffff898f97f8
T1926856   0x0000ffff898f97f8  f9400261   ldr    (%x19)[8byte] -> %x1
T1926856     read  8 byte(s) @ 0xffff857e5c78
T1926856   0x0000ffff898f97fc  91006273   add    %x19 $0x0018 lsl $0x00 -> %x19
T1926856   0x0000ffff898f9800  f85f8260   ldur   -0x08(%x19)[8byte] -> %x0
T1926856     read  8 byte(s) @ 0xffff857e5c88
T1926856   0x0000ffff898f9804  eb13037f   subs   %x27 %x19 lsl $0x00 -> %xzr
T1926856   0x0000ffff898f9808  8b190000   add    %x0 %x25 lsl $0x00 -> %x0
T1926856   0x0000ffff898f980c  f8396820   str    %x0 -> (%x1,%x25)[8byte]
T1926856     write 8 byte(s) @ 0xffff8580ae50
T1926856   0x0000ffff898f9810  54ffff48   b.hi   $0x0000ffff898f97f8
T1926856   0x0000ffff898f97f8  f9400261   ldr    (%x19)[8byte] -> %x1
T1926856     read  8 byte(s) @ 0xffff857e5c90
T1926856   0x0000ffff898f97fc  91006273   add    %x19 $0x0018 lsl $0x00 -> %x19
T1926856   0x0000ffff898f9800  f85f8260   ldur   -0x08(%x19)[8byte] -> %x0
T1926856     read  8 byte(s) @ 0xffff857e5ca0
T1926856   0x0000ffff898f9804  eb13037f   subs   %x27 %x19 lsl $0x00 -> %xzr
T1926856   0x0000ffff898f9808  8b190000   add    %x0 %x25 lsl $0x00 -> %x0
T1926856   0x0000ffff898f980c  f8396820   str    %x0 -> (%x1,%x25)[8byte]
T1926856     write 8 byte(s) @ 0xffff8580ae60
T1926856   0x0000ffff898f9810  54ffff48   b.hi   $0x0000ffff898f97f8
T1926856   0x0000ffff898f97f8  f9400261   ldr    (%x19)[8byte] -> %x1
T1926856     read  8 byte(s) @ 0xffff857e5ca8
T1926856   0x0000ffff898f97fc  91006273   add    %x19 $0x0018 lsl $0x00 -> %x19
T1926856   0x0000ffff898f9800  f85f8260   ldur   -0x08(%x19)[8byte] -> %x0
T1926856     read  8 byte(s) @ 0xffff857e5cb8
T1926856   0x0000ffff898f9804  eb13037f   subs   %x27 %x19 lsl $0x00 -> %xzr
T1926856   0x0000ffff898f9808  8b190000   add    %x0 %x25 lsl $0x00 -> %x0
T1926856   0x0000ffff898f980c  f8396820   str    %x0 -> (%x1,%x25)[8byte]
T1926856     write 8 byte(s) @ 0xffff8580ae68
T1926856   0x0000ffff898f9810  54ffff48   b.hi   $0x0000ffff898f97f8
T1926856   0x0000ffff898f97f8  f9400261   ldr    (%x19)[8byte] -> %x1
T1926856     read  8 byte(s) @ 0xffff857e5cc0
T1926856   0x0000ffff898f97fc  91006273   add    %x19 $0x0018 lsl $0x00 -> %x19
T1926856   0x0000ffff898f9800  f85f8260   ldur   -0x08(%x19)[8byte] -> %x0
T1926856     read  8 byte(s) @ 0xffff857e5cd0
T1926856   0x0000ffff898f9804  eb13037f   subs   %x27 %x19 lsl $0x00 -> %xzr
T1926856   0x0000ffff898f9808  8b190000   add    %x0 %x25 lsl $0x00 -> %x0
T1926856   0x0000ffff898f980c  f8396820   str    %x0 -> (%x1,%x25)[8byte]
T1926856     write 8 byte(s) @ 0xffff8580ae78
T1926856   0x0000ffff898f9810  54ffff48   b.hi   $0x0000ffff898f97f8
T1926856   0x0000ffff898f97f8  f9400261   ldr    (%x19)[8byte] -> %x1
T1926856     read  8 byte(s) @ 0xffff857e5cd8
T1926856   0x0000ffff898f97fc  91006273   add    %x19 $0x0018 lsl $0x00 -> %x19
T1926856   0x0000ffff898f9800  f85f8260   ldur   -0x08(%x19)[8byte] -> %x0
T1926856     read  8 byte(s) @ 0xffff857e5ce8
T1926856   0x0000ffff898f9804  eb13037f   subs   %x27 %x19 lsl $0x00 -> %xzr
T1926856   0x0000ffff898f9808  8b190000   add    %x0 %x25 lsl $0x00 -> %x0
T1926856   0x0000ffff898f980c  f8396820   str    %x0 -> (%x1,%x25)[8byte]
T1926856     write 8 byte(s) @ 0xffff8580ae88
T1926856   0x0000ffff898f9810  54ffff48   b.hi   $0x0000ffff898f97f8
T1926856   0x0000ffff898f97f8  f9400261   ldr    (%x19)[8byte] -> %x1
T1926856     read  8 byte(s) @ 0xffff857e5cf0
T1926856   0x0000ffff898f97fc  91006273   add    %x19 $0x0018 lsl $0x00 -> %x19
T1926856   0x0000ffff898f9800  f85f8260   ldur   -0x08(%x19)[8byte] -> %x0
T1926856     read  8 byte(s) @ 0xffff857e5d00
T1926856   0x0000ffff898f9804  eb13037f   subs   %x27 %x19 lsl $0x00 -> %xzr
T1926856   0x0000ffff898f9808  8b190000   add    %x0 %x25 lsl $0x00 -> %x0
T1926856   0x0000ffff898f980c  f8396820   str    %x0 -> (%x1,%x25)[8byte]
T1926856     write 8 byte(s) @ 0xffff8580ae98
T1926856   0x0000ffff898f9810  54ffff48   b.hi   $0x0000ffff898f97f8
T1926856   0x0000ffff898f97f8  f9400261   ldr    (%x19)[8byte] -> %x1
T1926856     read  8 byte(s) @ 0xffff857e5d08
T1926856   0x0000ffff898f97fc  91006273   add    %x19 $0x0018 lsl $0x00 -> %x19
T1926856   0x0000ffff898f9800  f85f8260   ldur   -0x08(%x19)[8byte] -> %x0
T1926856     read  8 byte(s) @ 0xffff857e5d18
T1926856   0x0000ffff898f9804  eb13037f   subs   %x27 %x19 lsl $0x00 -> %xzr
T1926856   0x0000ffff898f9808  8b190000   add    %x0 %x25 lsl $0x00 -> %x0
T1926856   0x0000ffff898f980c  f8396820   str    %x0 -> (%x1,%x25)[8byte]
T1926856     write 8 byte(s) @ 0xffff8580aea0
T1926856   0x0000ffff898f9810  54ffff48   b.hi   $0x0000ffff898f97f8
T1926856   0x0000ffff898f97f8  f9400261   ldr    (%x19)[8byte] -> %x1
T1926856     read  8 byte(s) @ 0xffff857e5d20
T1926856   0x0000ffff898f97fc  91006273   add    %x19 $0x0018 lsl $0x00 -> %x19
T1926856   0x0000ffff898f9800  f85f8260   ldur   -0x08(%x19)[8byte] -> %x0
T1926856     read  8 byte(s) @ 0xffff857e5d30
T1926856   0x0000ffff898f9804  eb13037f   subs   %x27 %x19 lsl $0x00 -> %xzr
T1926856   0x0000ffff898f9808  8b190000   add    %x0 %x25 lsl $0x00 -> %x0
T1926856   0x0000ffff898f980c  f8396820   str    %x0 -> (%x1,%x25)[8byte]
T1926856     write 8 byte(s) @ 0xffff8580aea8
T1926856   0x0000ffff898f9810  54ffff48   b.hi   $0x0000ffff898f97f8
T1926856   0x0000ffff898f97f8  f9400261   ldr    (%x19)[8byte] -> %x1
T1926856     read  8 byte(s) @ 0xffff857e5d38
T1926856   0x0000ffff898f97fc  91006273   add    %x19 $0x0018 lsl $0x00 -> %x19
T1926856   0x0000ffff898f9800  f85f8260   ldur   -0x08(%x19)[8byte] -> %x0
T1926856     read  8 byte(s) @ 0xffff857e5d48
T1926856   0x0000ffff898f9804  eb13037f   subs   %x27 %x19 lsl $0x00 -> %xzr
T1926856   0x0000ffff898f9808  8b190000   add    %x0 %x25 lsl $0x00 -> %x0
T1926856   0x0000ffff898f980c  f8396820   str    %x0 -> (%x1,%x25)[8byte]
T1926856     write 8 byte(s) @ 0xffff8580aeb0
T1926856   0x0000ffff898f9810  54ffff48   b.hi   $0x0000ffff898f97f8
T1926856   0x0000ffff898f97f8  f9400261   ldr    (%x19)[8byte] -> %x1
T1926856     read  8 byte(s) @ 0xffff857e5d50
T1926856   0x0000ffff898f97fc  91006273   add    %x19 $0x0018 lsl $0x00 -> %x19
T1926856   0x0000ffff898f9800  f85f8260   ldur   -0x08(%x19)[8byte] -> %x0
T1926856     read  8 byte(s) @ 0xffff857e5d60
T1926856   0x0000ffff898f9804  eb13037f   subs   %x27 %x19 lsl $0x00 -> %xzr
T1926856   0x0000ffff898f9808  8b190000   add    %x0 %x25 lsl $0x00 -> %x0
T1926856   0x0000ffff898f980c  f8396820   str    %x0 -> (%x1,%x25)[8byte]
T1926856     write 8 byte(s) @ 0xffff8580aec0
T1926856   0x0000ffff898f9810  54ffff48   b.hi   $0x0000ffff898f97f8
T1926856   0x0000ffff898f97f8  f9400261   ldr    (%x19)[8byte] -> %x1
T1926856     read  8 byte(s) @ 0xffff857e5d68
T1926856   0x0000ffff898f97fc  91006273   add    %x19 $0x0018 lsl $0x00 -> %x19
T1926856   0x0000ffff898f9800  f85f8260   ldur   -0x08(%x19)[8byte] -> %x0
T1926856     read  8 byte(s) @ 0xffff857e5d78
T1926856   0x0000ffff898f9804  eb13037f   subs   %x27 %x19 lsl $0x00 -> %xzr
T1926856   0x0000ffff898f9808  8b190000   add    %x0 %x25 lsl $0x00 -> %x0
T1926856   0x0000ffff898f980c  f8396820   str    %x0 -> (%x1,%x25)[8byte]
T1926856     write 8 byte(s) @ 0xffff8580aec8
T1926856   0x0000ffff898f9810  54ffff48   b.hi   $0x0000ffff898f97f8
T1926856   0x0000ffff898f97f8  f9400261   ldr    (%x19)[8byte] -> %x1
T1926856     read  8 byte(s) @ 0xffff857e5d80
T1926856   0x0000ffff898f97fc  91006273   add    %x19 $0x0018 lsl $0x00 -> %x19
T1926856   0x0000ffff898f9800  f85f8260   ldur   -0x08(%x19)[8byte] -> %x0
T1926856     read  8 byte(s) @ 0xffff857e5d90
T1926856   0x0000ffff898f9804  eb13037f   subs   %x27 %x19 lsl $0x00 -> %xzr
T1926856   0x0000ffff898f9808  8b190000   add    %x0 %x25 lsl $0x00 -> %x0
T1926856   0x0000ffff898f980c  f8396820   str    %x0 -> (%x1,%x25)[8byte]
T1926856     write 8 byte(s) @ 0xffff8580aed8
T1926856   0x0000ffff898f9810  54ffff48   b.hi   $0x0000ffff898f97f8
T1926856   0x0000ffff898f97f8  f9400261   ldr    (%x19)[8byte] -> %x1
T1926856     read  8 byte(s) @ 0xffff857e5d98
T1926856   0x0000ffff898f97fc  91006273   add    %x19 $0x0018 lsl $0x00 -> %x19
T1926856   0x0000ffff898f9800  f85f8260   ldur   -0x08(%x19)[8byte] -> %x0
T1926856     read  8 byte(s) @ 0xffff857e5da8
T1926856   0x0000ffff898f9804  eb13037f   subs   %x27 %x19 lsl $0x00 -> %xzr
T1926856   0x0000ffff898f9808  8b190000   add    %x0 %x25 lsl $0x00 -> %x0
T1926856   0x0000ffff898f980c  f8396820   str    %x0 -> (%x1,%x25)[8byte]
T1926856     write 8 byte(s) @ 0xffff8580aee0
T1926856   0x0000ffff898f9810  54ffff48   b.hi   $0x0000ffff898f97f8
T1926856   0x0000ffff898f97f8  f9400261   ldr    (%x19)[8byte] -> %x1
T1926856     read  8 byte(s) @ 0xffff857e5db0
T1926856   0x0000ffff898f97fc  91006273   add    %x19 $0x0018 lsl $0x00 -> %x19
T1926856   0x0000ffff898f9800  f85f8260   ldur   -0x08(%x19)[8byte] -> %x0
T1926856     read  8 byte(s) @ 0xffff857e5dc0
T1926856   0x0000ffff898f9804  eb13037f   subs   %x27 %x19 lsl $0x00 -> %xzr
T1926856   0x0000ffff898f9808  8b190000   add    %x0 %x25 lsl $0x00 -> %x0
T1926856   0x0000ffff898f980c  f8396820   str    %x0 -> (%x1,%x25)[8byte]
T1926856     write 8 byte(s) @ 0xffff8580aee8
T1926856   0x0000ffff898f9810  54ffff48   b.hi   $0x0000ffff898f97f8
T1926856   0x0000ffff898f97f8  f9400261   ldr    (%x19)[8byte] -> %x1
T1926856     read  8 byte(s) @ 0xffff857e5dc8
T1926856   0x0000ffff898f97fc  91006273   add    %x19 $0x0018 lsl $0x00 -> %x19
T1926856   0x0000ffff898f9800  f85f8260   ldur   -0x08(%x19)[8byte] -> %x0
T1926856     read  8 byte(s) @ 0xffff857e5dd8
T1926856   0x0000ffff898f9804  eb13037f   subs   %x27 %x19 lsl $0x00 -> %xzr
T1926856   0x0000ffff898f9808  8b190000   add    %x0 %x25 lsl $0x00 -> %x0
T1926856   0x0000ffff898f980c  f8396820   str    %x0 -> (%x1,%x25)[8byte]
T1926856     write 8 byte(s) @ 0xffff8580aef0
T1926856   0x0000ffff898f9810  54ffff48   b.hi   $0x0000ffff898f97f8
T1926856   0x0000ffff898f97f8  f9400261   ldr    (%x19)[8byte] -> %x1
T1926856     read  8 byte(s) @ 0xffff857e5de0
T1926856   0x0000ffff898f97fc  91006273   add    %x19 $0x0018 lsl $0x00 -> %x19
T1926856   0x0000ffff898f9800  f85f8260   ldur   -0x08(%x19)[8byte] -> %x0
T1926856     read  8 byte(s) @ 0xffff857e5df0
T1926856   0x0000ffff898f9804  eb13037f   subs   %x27 %x19 lsl $0x00 -> %xzr
T1926856   0x0000ffff898f9808  8b190000   add    %x0 %x25 lsl $0x00 -> %x0
T1926856   0x0000ffff898f980c  f8396820   str    %x0 -> (%x1,%x25)[8byte]
T1926856     write 8 byte(s) @ 0xffff8580aef8
T1926856   0x0000ffff898f9810  54ffff48   b.hi   $0x0000ffff898f97f8
T1926856   0x0000ffff898f97f8  f9400261   ldr    (%x19)[8byte] -> %x1
T1926856     read  8 byte(s) @ 0xffff857e5df8
T1926856   0x0000ffff898f97fc  91006273   add    %x19 $0x0018 lsl $0x00 -> %x19
T1926856   0x0000ffff898f9800  f85f8260   ldur   -0x08(%x19)[8byte] -> %x0
T1926856     read  8 byte(s) @ 0xffff857e5e08
T1926856   0x0000ffff898f9804  eb13037f   subs   %x27 %x19 lsl $0x00 -> %xzr
T1926856   0x0000ffff898f9808  8b190000   add    %x0 %x25 lsl $0x00 -> %x0
T1926856   0x0000ffff898f980c  f8396820   str    %x0 -> (%x1,%x25)[8byte]
T1926856     write 8 byte(s) @ 0xffff8580af00
T1926856   0x0000ffff898f9810  54ffff48   b.hi   $0x0000ffff898f97f8
T1926856   0x0000ffff898f97f8  f9400261   ldr    (%x19)[8byte] -> %x1
T1926856     read  8 byte(s) @ 0xffff857e5e10
T1926856   0x0000ffff898f97fc  91006273   add    %x19 $0x0018 lsl $0x00 -> %x19
T1926856   0x0000ffff898f9800  f85f8260   ldur   -0x08(%x19)[8byte] -> %x0
T1926856     read  8 byte(s) @ 0xffff857e5e20
T1926856   0x0000ffff898f9804  eb13037f   subs   %x27 %x19 lsl $0x00 -> %xzr
T1926856   0x0000ffff898f9808  8b190000   add    %x0 %x25 lsl $0x00 -> %x0
T1926856   0x0000ffff898f980c  f8396820   str    %x0 -> (%x1,%x25)[8byte]
T1926856     write 8 byte(s) @ 0xffff8580af08
T1926856   0x0000ffff898f9810  54ffff48   b.hi   $0x0000ffff898f97f8
T1926856   0x0000ffff898f97f8  f9400261   ldr    (%x19)[8byte] -> %x1
T1926856     read  8 byte(s) @ 0xffff857e5e28
T1926856   0x0000ffff898f97fc  91006273   add    %x19 $0x0018 lsl $0x00 -> %x19
T1926856   0x0000ffff898f9800  f85f8260   ldur   -0x08(%x19)[8byte] -> %x0
T1926856     read  8 byte(s) @ 0xffff857e5e38
T1926856   0x0000ffff898f9804  eb13037f   subs   %x27 %x19 lsl $0x00 -> %xzr
T1926856   0x0000ffff898f9808  8b190000   add    %x0 %x25 lsl $0x00 -> %x0
T1926856   0x0000ffff898f980c  f8396820   str    %x0 -> (%x1,%x25)[8byte]
T1926856     write 8 byte(s) @ 0xffff8580af10
T1926856   0x0000ffff898f9810  54ffff48   b.hi   $0x0000ffff898f97f8
T1926856   0x0000ffff898f97f8  f9400261   ldr    (%x19)[8byte] -> %x1
T1926856     read  8 byte(s) @ 0xffff857e5e40
T1926856   0x0000ffff898f97fc  91006273   add    %x19 $0x0018 lsl $0x00 -> %x19
T1926856   0x0000ffff898f9800  f85f8260   ldur   -0x08(%x19)[8byte] -> %x0
T1926856     read  8 byte(s) @ 0xffff857e5e50
T1926856   0x0000ffff898f9804  eb13037f   subs   %x27 %x19 lsl $0x00 -> %xzr
T1926856   0x0000ffff898f9808  8b190000   add    %x0 %x25 lsl $0x00 -> %x0
T1926856   0x0000ffff898f980c  f8396820   str    %x0 -> (%x1,%x25)[8byte]
T1926856     write 8 byte(s) @ 0xffff8580af18
T1926856   0x0000ffff898f9810  54ffff48   b.hi   $0x0000ffff898f97f8
T1926856   0x0000ffff898f97f8  f9400261   ldr    (%x19)[8byte] -> %x1
T1926856     read  8 byte(s) @ 0xffff857e5e58
T1926856   0x0000ffff898f97fc  91006273   add    %x19 $0x0018 lsl $0x00 -> %x19
T1926856   0x0000ffff898f9800  f85f8260   ldur   -0x08(%x19)[8byte] -> %x0
T1926856     read  8 byte(s) @ 0xffff857e5e68
T1926856   0x0000ffff898f9804  eb13037f   subs   %x27 %x19 lsl $0x00 -> %xzr
T1926856   0x0000ffff898f9808  8b190000   add    %x0 %x25 lsl $0x00 -> %x0
T1926856   0x0000ffff898f980c  f8396820   str    %x0 -> (%x1,%x25)[8byte]
T1926856     write 8 byte(s) @ 0xffff8580af20
T1926856   0x0000ffff898f9810  54ffff48   b.hi   $0x0000ffff898f97f8
T1926856   0x0000ffff898f97f8  f9400261   ldr    (%x19)[8byte] -> %x1
T1926856     read  8 byte(s) @ 0xffff857e5e70
T1926856   0x0000ffff898f97fc  91006273   add    %x19 $0x0018 lsl $0x00 -> %x19
T1926856   0x0000ffff898f9800  f85f8260   ldur   -0x08(%x19)[8byte] -> %x0
T1926856     read  8 byte(s) @ 0xffff857e5e80
T1926856   0x0000ffff898f9804  eb13037f   subs   %x27 %x19 lsl $0x00 -> %xzr
T1926856   0x0000ffff898f9808  8b190000   add    %x0 %x25 lsl $0x00 -> %x0
T1926856   0x0000ffff898f980c  f8396820   str    %x0 -> (%x1,%x25)[8byte]
T1926856     write 8 byte(s) @ 0xffff8580af30
T1926856   0x0000ffff898f9810  54ffff48   b.hi   $0x0000ffff898f97f8
T1926856   0x0000ffff898f97f8  f9400261   ldr    (%x19)[8byte] -> %x1
T1926856     read  8 byte(s) @ 0xffff857e5e88
T1926856   0x0000ffff898f97fc  91006273   add    %x19 $0x0018 lsl $0x00 -> %x19
T1926856   0x0000ffff898f9800  f85f8260   ldur   -0x08(%x19)[8byte] -> %x0
T1926856     read  8 byte(s) @ 0xffff857e5e98
T1926856   0x0000ffff898f9804  eb13037f   subs   %x27 %x19 lsl $0x00 -> %xzr
T1926856   0x0000ffff898f9808  8b190000   add    %x0 %x25 lsl $0x00 -> %x0
T1926856   0x0000ffff898f980c  f8396820   str    %x0 -> (%x1,%x25)[8byte]
T1926856     write 8 byte(s) @ 0xffff8580af48
T1926856   0x0000ffff898f9810  54ffff48   b.hi   $0x0000ffff898f97f8
T1926856   0x0000ffff898f97f8  f9400261   ldr    (%x19)[8byte] -> %x1
T1926856     read  8 byte(s) @ 0xffff857e5ea0
T1926856   0x0000ffff898f97fc  91006273   add    %x19 $0x0018 lsl $0x00 -> %x19
T1926856   0x0000ffff898f9800  f85f8260   ldur   -0x08(%x19)[8byte] -> %x0
T1926856     read  8 byte(s) @ 0xffff857e5eb0
T1926856   0x0000ffff898f9804  eb13037f   subs   %x27 %x19 lsl $0x00 -> %xzr
T1926856   0x0000ffff898f9808  8b190000   add    %x0 %x25 lsl $0x00 -> %x0
T1926856   0x0000ffff898f980c  f8396820   str    %x0 -> (%x1,%x25)[8byte]
T1926856     write 8 byte(s) @ 0xffff8580af50
T1926856   0x0000ffff898f9810  54ffff48   b.hi   $0x0000ffff898f97f8
T1926856   0x0000ffff898f97f8  f9400261   ldr    (%x19)[8byte] -> %x1
T1926856     read  8 byte(s) @ 0xffff857e5eb8
T1926856   0x0000ffff898f97fc  91006273   add    %x19 $0x0018 lsl $0x00 -> %x19
T1926856   0x0000ffff898f9800  f85f8260   ldur   -0x08(%x19)[8byte] -> %x0
T1926856     read  8 byte(s) @ 0xffff857e5ec8
T1926856   0x0000ffff898f9804  eb13037f   subs   %x27 %x19 lsl $0x00 -> %xzr
T1926856   0x0000ffff898f9808  8b190000   add    %x0 %x25 lsl $0x00 -> %x0
T1926856   0x0000ffff898f980c  f8396820   str    %x0 -> (%x1,%x25)[8byte]
T1926856     write 8 byte(s) @ 0xffff8580af58
T1926856   0x0000ffff898f9810  54ffff48   b.hi   $0x0000ffff898f97f8
T1926856   0x0000ffff898f97f8  f9400261   ldr    (%x19)[8byte] -> %x1
T1926856     read  8 byte(s) @ 0xffff857e5ed0
T1926856   0x0000ffff898f97fc  91006273   add    %x19 $0x0018 lsl $0x00 -> %x19
T1926856   0x0000ffff898f9800  f85f8260   ldur   -0x08(%x19)[8byte] -> %x0
T1926856     read  8 byte(s) @ 0xffff857e5ee0
T1926856   0x0000ffff898f9804  eb13037f   subs   %x27 %x19 lsl $0x00 -> %xzr
T1926856   0x0000ffff898f9808  8b190000   add    %x0 %x25 lsl $0x00 -> %x0
T1926856   0x0000ffff898f980c  f8396820   str    %x0 -> (%x1,%x25)[8byte]
T1926856     write 8 byte(s) @ 0xffff8580af60
T1926856   0x0000ffff898f9810  54ffff48   b.hi   $0x0000ffff898f97f8
T1926856   0x0000ffff898f97f8  f9400261   ldr    (%x19)[8byte] -> %x1
T1926856     read  8 byte(s) @ 0xffff857e5ee8
T1926856   0x0000ffff898f97fc  91006273   add    %x19 $0x0018 lsl $0x00 -> %x19
T1926856   0x0000ffff898f9800  f85f8260   ldur   -0x08(%x19)[8byte] -> %x0
T1926856     read  8 byte(s) @ 0xffff857e5ef8
T1926856   0x0000ffff898f9804  eb13037f   subs   %x27 %x19 lsl $0x00 -> %xzr
T1926856   0x0000ffff898f9808  8b190000   add    %x0 %x25 lsl $0x00 -> %x0
T1926856   0x0000ffff898f980c  f8396820   str    %x0 -> (%x1,%x25)[8byte]
T1926856     write 8 byte(s) @ 0xffff8580af68
T1926856   0x0000ffff898f9810  54ffff48   b.hi   $0x0000ffff898f97f8
T1926856   0x0000ffff898f97f8  f9400261   ldr    (%x19)[8byte] -> %x1
T1926856     read  8 byte(s) @ 0xffff857e5f00
T1926856   0x0000ffff898f97fc  91006273   add    %x19 $0x0018 lsl $0x00 -> %x19
T1926856   0x0000ffff898f9800  f85f8260   ldur   -0x08(%x19)[8byte] -> %x0
T1926856     read  8 byte(s) @ 0xffff857e5f10
T1926856   0x0000ffff898f9804  eb13037f   subs   %x27 %x19 lsl $0x00 -> %xzr
T1926856   0x0000ffff898f9808  8b190000   add    %x0 %x25 lsl $0x00 -> %x0
T1926856   0x0000ffff898f980c  f8396820   str    %x0 -> (%x1,%x25)[8byte]
T1926856     write 8 byte(s) @ 0xffff8580af70
T1926856   0x0000ffff898f9810  54ffff48   b.hi   $0x0000ffff898f97f8
T1926856   0x0000ffff898f97f8  f9400261   ldr    (%x19)[8byte] -> %x1
T1926856     read  8 byte(s) @ 0xffff857e5f18
T1926856   0x0000ffff898f97fc  91006273   add    %x19 $0x0018 lsl $0x00 -> %x19
T1926856   0x0000ffff898f9800  f85f8260   ldur   -0x08(%x19)[8byte] -> %x0
T1926856     read  8 byte(s) @ 0xffff857e5f28
T1926856   0x0000ffff898f9804  eb13037f   subs   %x27 %x19 lsl $0x00 -> %xzr
T1926856   0x0000ffff898f9808  8b190000   add    %x0 %x25 lsl $0x00 -> %x0
T1926856   0x0000ffff898f980c  f8396820   str    %x0 -> (%x1,%x25)[8byte]
T1926856     write 8 byte(s) @ 0xffff8580af78
T1926856   0x0000ffff898f9810  54ffff48   b.hi   $0x0000ffff898f97f8
T1926856   0x0000ffff898f97f8  f9400261   ldr    (%x19)[8byte] -> %x1
T1926856     read  8 byte(s) @ 0xffff857e5f30
T1926856   0x0000ffff898f97fc  91006273   add    %x19 $0x0018 lsl $0x00 -> %x19
T1926856   0x0000ffff898f9800  f85f8260   ldur   -0x08(%x19)[8byte] -> %x0
T1926856     read  8 byte(s) @ 0xffff857e5f40
T1926856   0x0000ffff898f9804  eb13037f   subs   %x27 %x19 lsl $0x00 -> %xzr
T1926856   0x0000ffff898f9808  8b190000   add    %x0 %x25 lsl $0x00 -> %x0
T1926856   0x0000ffff898f980c  f8396820   str    %x0 -> (%x1,%x25)[8byte]
T1926856     write 8 byte(s) @ 0xffff8580af80
T1926856   0x0000ffff898f9810  54ffff48   b.hi   $0x0000ffff898f97f8
T1926856   0x0000ffff898f97f8  f9400261   ldr    (%x19)[8byte] -> %x1
T1926856     read  8 byte(s) @ 0xffff857e5f48
T1926856   0x0000ffff898f97fc  91006273   add    %x19 $0x0018 lsl $0x00 -> %x19
T1926856   0x0000ffff898f9800  f85f8260   ldur   -0x08(%x19)[8byte] -> %x0
T1926856     read  8 byte(s) @ 0xffff857e5f58
T1926856   0x0000ffff898f9804  eb13037f   subs   %x27 %x19 lsl $0x00 -> %xzr
T1926856   0x0000ffff898f9808  8b190000   add    %x0 %x25 lsl $0x00 -> %x0
T1926856   0x0000ffff898f980c  f8396820   str    %x0 -> (%x1,%x25)[8byte]
T1926856     write 8 byte(s) @ 0xffff8580af88
T1926856   0x0000ffff898f9810  54ffff48   b.hi   $0x0000ffff898f97f8
T1926856   0x0000ffff898f97f8  f9400261   ldr    (%x19)[8byte] -> %x1
T1926856     read  8 byte(s) @ 0xffff857e5f60
T1926856   0x0000ffff898f97fc  91006273   add    %x19 $0x0018 lsl $0x00 -> %x19
T1926856   0x0000ffff898f9800  f85f8260   ldur   -0x08(%x19)[8byte] -> %x0
T1926856     read  8 byte(s) @ 0xffff857e5f70
T1926856   0x0000ffff898f9804  eb13037f   subs   %x27 %x19 lsl $0x00 -> %xzr
T1926856   0x0000ffff898f9808  8b190000   add    %x0 %x25 lsl $0x00 -> %x0
T1926856   0x0000ffff898f980c  f8396820   str    %x0 -> (%x1,%x25)[8byte]
T1926856     write 8 byte(s) @ 0xffff8580af90
T1926856   0x0000ffff898f9810  54ffff48   b.hi   $0x0000ffff898f97f8
T1926856   0x0000ffff898f97f8  f9400261   ldr    (%x19)[8byte] -> %x1
T1926856     read  8 byte(s) @ 0xffff857e5f78
T1926856   0x0000ffff898f97fc  91006273   add    %x19 $0x0018 lsl $0x00 -> %x19
T1926856   0x0000ffff898f9800  f85f8260   ldur   -0x08(%x19)[8byte] -> %x0
T1926856     read  8 byte(s) @ 0xffff857e5f88
T1926856   0x0000ffff898f9804  eb13037f   subs   %x27 %x19 lsl $0x00 -> %xzr
T1926856   0x0000ffff898f9808  8b190000   add    %x0 %x25 lsl $0x00 -> %x0
T1926856   0x0000ffff898f980c  f8396820   str    %x0 -> (%x1,%x25)[8byte]
T1926856     write 8 byte(s) @ 0xffff8580af98
T1926856   0x0000ffff898f9810  54ffff48   b.hi   $0x0000ffff898f97f8
T1926856   0x0000ffff898f97f8  f9400261   ldr    (%x19)[8byte] -> %x1
T1926856     read  8 byte(s) @ 0xffff857e5f90
T1926856   0x0000ffff898f97fc  91006273   add    %x19 $0x0018 lsl $0x00 -> %x19
T1926856   0x0000ffff898f9800  f85f8260   ldur   -0x08(%x19)[8byte] -> %x0
T1926856     read  8 byte(s) @ 0xffff857e5fa0
T1926856   0x0000ffff898f9804  eb13037f   subs   %x27 %x19 lsl $0x00 -> %xzr
T1926856   0x0000ffff898f9808  8b190000   add    %x0 %x25 lsl $0x00 -> %x0
T1926856   0x0000ffff898f980c  f8396820   str    %x0 -> (%x1,%x25)[8byte]
T1926856     write 8 byte(s) @ 0xffff8580afa0
T1926856   0x0000ffff898f9810  54ffff48   b.hi   $0x0000ffff898f97f8
T1926856   0x0000ffff898f97f8  f9400261   ldr    (%x19)[8byte] -> %x1
T1926856     read  8 byte(s) @ 0xffff857e5fa8
T1926856   0x0000ffff898f97fc  91006273   add    %x19 $0x0018 lsl $0x00 -> %x19
T1926856   0x0000ffff898f9800  f85f8260   ldur   -0x08(%x19)[8byte] -> %x0
T1926856     read  8 byte(s) @ 0xffff857e5fb8
T1926856   0x0000ffff898f9804  eb13037f   subs   %x27 %x19 lsl $0x00 -> %xzr
T1926856   0x0000ffff898f9808  8b190000   add    %x0 %x25 lsl $0x00 -> %x0
T1926856   0x0000ffff898f980c  f8396820   str    %x0 -> (%x1,%x25)[8byte]
T1926856     write 8 byte(s) @ 0xffff8580afa8
T1926856   0x0000ffff898f9810  54ffff48   b.hi   $0x0000ffff898f97f8
T1926856   0x0000ffff898f97f8  f9400261   ldr    (%x19)[8byte] -> %x1
T1926856     read  8 byte(s) @ 0xffff857e5fc0
T1926856   0x0000ffff898f97fc  91006273   add    %x19 $0x0018 lsl $0x00 -> %x19
T1926856   0x0000ffff898f9800  f85f8260   ldur   -0x08(%x19)[8byte] -> %x0
T1926856     read  8 byte(s) @ 0xffff857e5fd0
T1926856   0x0000ffff898f9804  eb13037f   subs   %x27 %x19 lsl $0x00 -> %xzr
T1926856   0x0000ffff898f9808  8b190000   add    %x0 %x25 lsl $0x00 -> %x0
T1926856   0x0000ffff898f980c  f8396820   str    %x0 -> (%x1,%x25)[8byte]
T1926856     write 8 byte(s) @ 0xffff8580afb0
T1926856   0x0000ffff898f9810  54ffff48   b.hi   $0x0000ffff898f97f8
T1926856   0x0000ffff898f97f8  f9400261   ldr    (%x19)[8byte] -> %x1
T1926856     read  8 byte(s) @ 0xffff857e5fd8
T1926856   0x0000ffff898f97fc  91006273   add    %x19 $0x0018 lsl $0x00 -> %x19
T1926856   0x0000ffff898f9800  f85f8260   ldur   -0x08(%x19)[8byte] -> %x0
T1926856     read  8 byte(s) @ 0xffff857e5fe8
T1926856   0x0000ffff898f9804  eb13037f   subs   %x27 %x19 lsl $0x00 -> %xzr
T1926856   0x0000ffff898f9808  8b190000   add    %x0 %x25 lsl $0x00 -> %x0
T1926856   0x0000ffff898f980c  f8396820   str    %x0 -> (%x1,%x25)[8byte]
T1926856     write 8 byte(s) @ 0xffff8580afb8
T1926856   0x0000ffff898f9810  54ffff48   b.hi   $0x0000ffff898f97f8
T1926856   0x0000ffff898f97f8  f9400261   ldr    (%x19)[8byte] -> %x1
T1926856     read  8 byte(s) @ 0xffff857e5ff0
T1926856   0x0000ffff898f97fc  91006273   add    %x19 $0x0018 lsl $0x00 -> %x19
T1926856   0x0000ffff898f9800  f85f8260   ldur   -0x08(%x19)[8byte] -> %x0
T1926856     read  8 byte(s) @ 0xffff857e6000
T1926856   0x0000ffff898f9804  eb13037f   subs   %x27 %x19 lsl $0x00 -> %xzr
T1926856   0x0000ffff898f9808  8b190000   add    %x0 %x25 lsl $0x00 -> %x0
T1926856   0x0000ffff898f980c  f8396820   str    %x0 -> (%x1,%x25)[8byte]
T1926856     write 8 byte(s) @ 0xffff8580afc0
T1926856   0x0000ffff898f9810  54ffff48   b.hi   $0x0000ffff898f97f8
T1926856   0x0000ffff898f97f8  f9400261   ldr    (%x19)[8byte] -> %x1
T1926856     read  8 byte(s) @ 0xffff857e6008
T1926856   0x0000ffff898f97fc  91006273   add    %x19 $0x0018 lsl $0x00 -> %x19
T1926856   0x0000ffff898f9800  f85f8260   ldur   -0x08(%x19)[8byte] -> %x0
T1926856     read  8 byte(s) @ 0xffff857e6018
T1926856   0x0000ffff898f9804  eb13037f   subs   %x27 %x19 lsl $0x00 -> %xzr
T1926856   0x0000ffff898f9808  8b190000   add    %x0 %x25 lsl $0x00 -> %x0
T1926856   0x0000ffff898f980c  f8396820   str    %x0 -> (%x1,%x25)[8byte]
T1926856     write 8 byte(s) @ 0xffff8580afc8
T1926856   0x0000ffff898f9810  54ffff48   b.hi   $0x0000ffff898f97f8
T1926856   0x0000ffff898f97f8  f9400261   ldr    (%x19)[8byte] -> %x1
T1926856     read  8 byte(s) @ 0xffff857e6020
T1926856   0x0000ffff898f97fc  91006273   add    %x19 $0x0018 lsl $0x00 -> %x19
T1926856   0x0000ffff898f9800  f85f8260   ldur   -0x08(%x19)[8byte] -> %x0
T1926856     read  8 byte(s) @ 0xffff857e6030
T1926856   0x0000ffff898f9804  eb13037f   subs   %x27 %x19 lsl $0x00 -> %xzr
T1926856   0x0000ffff898f9808  8b190000   add    %x0 %x25 lsl $0x00 -> %x0
T1926856   0x0000ffff898f980c  f8396820   str    %x0 -> (%x1,%x25)[8byte]
T1926856     write 8 byte(s) @ 0xffff8580afd0
T1926856   0x0000ffff898f9810  54ffff48   b.hi   $0x0000ffff898f97f8
T1926856   0x0000ffff898f97f8  f9400261   ldr    (%x19)[8byte] -> %x1
T1926856     read  8 byte(s) @ 0xffff857e6038
T1926856   0x0000ffff898f97fc  91006273   add    %x19 $0x0018 lsl $0x00 -> %x19
T1926856   0x0000ffff898f9800  f85f8260   ldur   -0x08(%x19)[8byte] -> %x0
T1926856     read  8 byte(s) @ 0xffff857e6048
T1926856   0x0000ffff898f9804  eb13037f   subs   %x27 %x19 lsl $0x00 -> %xzr
T1926856   0x0000ffff898f9808  8b190000   add    %x0 %x25 lsl $0x00 -> %x0
T1926856   0x0000ffff898f980c  f8396820   str    %x0 -> (%x1,%x25)[8byte]
T1926856     write 8 byte(s) @ 0xffff8580afd8
T1926856   0x0000ffff898f9810  54ffff48   b.hi   $0x0000ffff898f97f8
T1926856   0x0000ffff898f97f8  f9400261   ldr    (%x19)[8byte] -> %x1
T1926856     read  8 byte(s) @ 0xffff857e6050
T1926856   0x0000ffff898f97fc  91006273   add    %x19 $0x0018 lsl $0x00 -> %x19
T1926856   0x0000ffff898f9800  f85f8260   ldur   -0x08(%x19)[8byte] -> %x0
T1926856     read  8 byte(s) @ 0xffff857e6060
T1926856   0x0000ffff898f9804  eb13037f   subs   %x27 %x19 lsl $0x00 -> %xzr
T1926856   0x0000ffff898f9808  8b190000   add    %x0 %x25 lsl $0x00 -> %x0
T1926856   0x0000ffff898f980c  f8396820   str    %x0 -> (%x1,%x25)[8byte]
T1926856     write 8 byte(s) @ 0xffff8580afe8
T1926856   0x0000ffff898f9810  54ffff48   b.hi   $0x0000ffff898f97f8
T1926856   0x0000ffff898f97f8  f9400261   ldr    (%x19)[8byte] -> %x1
T1926856     read  8 byte(s) @ 0xffff857e6068
T1926856   0x0000ffff898f97fc  91006273   add    %x19 $0x0018 lsl $0x00 -> %x19
T1926856   0x0000ffff898f9800  f85f8260   ldur   -0x08(%x19)[8byte] -> %x0
T1926856     read  8 byte(s) @ 0xffff857e6078
T1926856   0x0000ffff898f9804  eb13037f   subs   %x27 %x19 lsl $0x00 -> %xzr
T1926856   0x0000ffff898f9808  8b190000   add    %x0 %x25 lsl $0x00 -> %x0
T1926856   0x0000ffff898f980c  f8396820   str    %x0 -> (%x1,%x25)[8byte]
T1926856     write 8 byte(s) @ 0xffff8580aff0
T1926856   0x0000ffff898f9810  54ffff48   b.hi   $0x0000ffff898f97f8
T1926856   0x0000ffff898f97f8  f9400261   ldr    (%x19)[8byte] -> %x1
T1926856     read  8 byte(s) @ 0xffff857e6080
T1926856   0x0000ffff898f97fc  91006273   add    %x19 $0x0018 lsl $0x00 -> %x19
T1926856   0x0000ffff898f9800  f85f8260   ldur   -0x08(%x19)[8byte] -> %x0
T1926856     read  8 byte(s) @ 0xffff857e6090
T1926856   0x0000ffff898f9804  eb13037f   subs   %x27 %x19 lsl $0x00 -> %xzr
T1926856   0x0000ffff898f9808  8b190000   add    %x0 %x25 lsl $0x00 -> %x0
T1926856   0x0000ffff898f980c  f8396820   str    %x0 -> (%x1,%x25)[8byte]
T1926856     write 8 byte(s) @ 0xffff8580aff8
T1926856   0x0000ffff898f9810  54ffff48   b.hi   $0x0000ffff898f97f8
T1926856   0x0000ffff898f97f8  f9400261   ldr    (%x19)[8byte] -> %x1
T1926856     read  8 byte(s) @ 0xffff857e6098
T1926856   0x0000ffff898f97fc  91006273   add    %x19 $0x0018 lsl $0x00 -> %x19
T1926856   0x0000ffff898f9800  f85f8260   ldur   -0x08(%x19)[8byte] -> %x0
T1926856     read  8 byte(s) @ 0xffff857e60a8
T1926856   0x0000ffff898f9804  eb13037f   subs   %x27 %x19 lsl $0x00 -> %xzr
T1926856   0x0000ffff898f9808  8b190000   add    %x0 %x25 lsl $0x00 -> %x0
T1926856   0x0000ffff898f980c  f8396820   str    %x0 -> (%x1,%x25)[8byte]
T1926856     write 8 byte(s) @ 0xffff8580b008
T1926856   0x0000ffff898f9810  54ffff48   b.hi   $0x0000ffff898f97f8
T1926856   0x0000ffff898f97f8  f9400261   ldr    (%x19)[8byte] -> %x1
T1926856     read  8 byte(s) @ 0xffff857e60b0
T1926856   0x0000ffff898f97fc  91006273   add    %x19 $0x0018 lsl $0x00 -> %x19
T1926856   0x0000ffff898f9800  f85f8260   ldur   -0x08(%x19)[8byte] -> %x0
T1926856     read  8 byte(s) @ 0xffff857e60c0
T1926856   0x0000ffff898f9804  eb13037f   subs   %x27 %x19 lsl $0x00 -> %xzr
T1926856   0x0000ffff898f9808  8b190000   add    %x0 %x25 lsl $0x00 -> %x0
T1926856   0x0000ffff898f980c  f8396820   str    %x0 -> (%x1,%x25)[8byte]
T1926856     write 8 byte(s) @ 0xffff8580b030
T1926856   0x0000ffff898f9810  54ffff48   b.hi   $0x0000ffff898f97f8
T1926856   0x0000ffff898f97f8  f9400261   ldr    (%x19)[8byte] -> %x1
T1926856     read  8 byte(s) @ 0xffff857e60c8
T1926856   0x0000ffff898f97fc  91006273   add    %x19 $0x0018 lsl $0x00 -> %x19
T1926856   0x0000ffff898f9800  f85f8260   ldur   -0x08(%x19)[8byte] -> %x0
T1926856     read  8 byte(s) @ 0xffff857e60d8
T1926856   0x0000ffff898f9804  eb13037f   subs   %x27 %x19 lsl $0x00 -> %xzr
T1926856   0x0000ffff898f9808  8b190000   add    %x0 %x25 lsl $0x00 -> %x0
T1926856   0x0000ffff898f980c  f8396820   str    %x0 -> (%x1,%x25)[8byte]
T1926856     write 8 byte(s) @ 0xffff8580b040
T1926856   0x0000ffff898f9810  54ffff48   b.hi   $0x0000ffff898f97f8
T1926856   0x0000ffff898f97f8  f9400261   ldr    (%x19)[8byte] -> %x1
T1926856     read  8 byte(s) @ 0xffff857e60e0
T1926856   0x0000ffff898f97fc  91006273   add    %x19 $0x0018 lsl $0x00 -> %x19
T1926856   0x0000ffff898f9800  f85f8260   ldur   -0x08(%x19)[8byte] -> %x0
T1926856     read  8 byte(s) @ 0xffff857e60f0
T1926856   0x0000ffff898f9804  eb13037f   subs   %x27 %x19 lsl $0x00 -> %xzr
T1926856   0x0000ffff898f9808  8b190000   add    %x0 %x25 lsl $0x00 -> %x0
T1926856   0x0000ffff898f980c  f8396820   str    %x0 -> (%x1,%x25)[8byte]
T1926856     write 8 byte(s) @ 0xffff8580b048
T1926856   0x0000ffff898f9810  54ffff48   b.hi   $0x0000ffff898f97f8
T1926856   0x0000ffff898f97f8  f9400261   ldr    (%x19)[8byte] -> %x1
T1926856     read  8 byte(s) @ 0xffff857e60f8
T1926856   0x0000ffff898f97fc  91006273   add    %x19 $0x0018 lsl $0x00 -> %x19
T1926856   0x0000ffff898f9800  f85f8260   ldur   -0x08(%x19)[8byte] -> %x0
T1926856     read  8 byte(s) @ 0xffff857e6108
T1926856   0x0000ffff898f9804  eb13037f   subs   %x27 %x19 lsl $0x00 -> %xzr
T1926856   0x0000ffff898f9808  8b190000   add    %x0 %x25 lsl $0x00 -> %x0
T1926856   0x0000ffff898f980c  f8396820   str    %x0 -> (%x1,%x25)[8byte]
T1926856     write 8 byte(s) @ 0xffff8580b050
T1926856   0x0000ffff898f9810  54ffff48   b.hi   $0x0000ffff898f97f8
T1926856   0x0000ffff898f97f8  f9400261   ldr    (%x19)[8byte] -> %x1
T1926856     read  8 byte(s) @ 0xffff857e6110
T1926856   0x0000ffff898f97fc  91006273   add    %x19 $0x0018 lsl $0x00 -> %x19
T1926856   0x0000ffff898f9800  f85f8260   ldur   -0x08(%x19)[8byte] -> %x0
T1926856     read  8 byte(s) @ 0xffff857e6120
T1926856   0x0000ffff898f9804  eb13037f   subs   %x27 %x19 lsl $0x00 -> %xzr
T1926856   0x0000ffff898f9808  8b190000   add    %x0 %x25 lsl $0x00 -> %x0
T1926856   0x0000ffff898f980c  f8396820   str    %x0 -> (%x1,%x25)[8byte]
T1926856     write 8 byte(s) @ 0xffff8580b058
T1926856   0x0000ffff898f9810  54ffff48   b.hi   $0x0000ffff898f97f8
T1926856   0x0000ffff898f97f8  f9400261   ldr    (%x19)[8byte] -> %x1
T1926856     read  8 byte(s) @ 0xffff857e6128
T1926856   0x0000ffff898f97fc  91006273   add    %x19 $0x0018 lsl $0x00 -> %x19
T1926856   0x0000ffff898f9800  f85f8260   ldur   -0x08(%x19)[8byte] -> %x0
T1926856     read  8 byte(s) @ 0xffff857e6138
T1926856   0x0000ffff898f9804  eb13037f   subs   %x27 %x19 lsl $0x00 -> %xzr
T1926856   0x0000ffff898f9808  8b190000   add    %x0 %x25 lsl $0x00 -> %x0
T1926856   0x0000ffff898f980c  f8396820   str    %x0 -> (%x1,%x25)[8byte]
T1926856     write 8 byte(s) @ 0xffff8580b060
T1926856   0x0000ffff898f9810  54ffff48   b.hi   $0x0000ffff898f97f8
T1926856   0x0000ffff898f97f8  f9400261   ldr    (%x19)[8byte] -> %x1
T1926856     read  8 byte(s) @ 0xffff857e6140
T1926856   0x0000ffff898f97fc  91006273   add    %x19 $0x0018 lsl $0x00 -> %x19
T1926856   0x0000ffff898f9800  f85f8260   ldur   -0x08(%x19)[8byte] -> %x0
T1926856     read  8 byte(s) @ 0xffff857e6150
T1926856   0x0000ffff898f9804  eb13037f   subs   %x27 %x19 lsl $0x00 -> %xzr
T1926856   0x0000ffff898f9808  8b190000   add    %x0 %x25 lsl $0x00 -> %x0
T1926856   0x0000ffff898f980c  f8396820   str    %x0 -> (%x1,%x25)[8byte]
T1926856     write 8 byte(s) @ 0xffff8580b068
T1926856   0x0000ffff898f9810  54ffff48   b.hi   $0x0000ffff898f97f8
T1926856   0x0000ffff898f97f8  f9400261   ldr    (%x19)[8byte] -> %x1
T1926856     read  8 byte(s) @ 0xffff857e6158
T1926856   0x0000ffff898f97fc  91006273   add    %x19 $0x0018 lsl $0x00 -> %x19
T1926856   0x0000ffff898f9800  f85f8260   ldur   -0x08(%x19)[8byte] -> %x0
T1926856     read  8 byte(s) @ 0xffff857e6168
T1926856   0x0000ffff898f9804  eb13037f   subs   %x27 %x19 lsl $0x00 -> %xzr
T1926856   0x0000ffff898f9808  8b190000   add    %x0 %x25 lsl $0x00 -> %x0
T1926856   0x0000ffff898f980c  f8396820   str    %x0 -> (%x1,%x25)[8byte]
T1926856     write 8 byte(s) @ 0xffff8580b070
T1926856   0x0000ffff898f9810  54ffff48   b.hi   $0x0000ffff898f97f8
T1926856   0x0000ffff898f97f8  f9400261   ldr    (%x19)[8byte] -> %x1
T1926856     read  8 byte(s) @ 0xffff857e6170
T1926856   0x0000ffff898f97fc  91006273   add    %x19 $0x0018 lsl $0x00 -> %x19
T1926856   0x0000ffff898f9800  f85f8260   ldur   -0x08(%x19)[8byte] -> %x0
T1926856     read  8 byte(s) @ 0xffff857e6180
T1926856   0x0000ffff898f9804  eb13037f   subs   %x27 %x19 lsl $0x00 -> %xzr
T1926856   0x0000ffff898f9808  8b190000   add    %x0 %x25 lsl $0x00 -> %x0
T1926856   0x0000ffff898f980c  f8396820   str    %x0 -> (%x1,%x25)[8byte]
T1926856     write 8 byte(s) @ 0xffff8580b090
T1926856   0x0000ffff898f9810  54ffff48   b.hi   $0x0000ffff898f97f8
T1926856   0x0000ffff898f97f8  f9400261   ldr    (%x19)[8byte] -> %x1
T1926856     read  8 byte(s) @ 0xffff857e6188
T1926856   0x0000ffff898f97fc  91006273   add    %x19 $0x0018 lsl $0x00 -> %x19
T1926856   0x0000ffff898f9800  f85f8260   ldur   -0x08(%x19)[8byte] -> %x0
T1926856     read  8 byte(s) @ 0xffff857e6198
T1926856   0x0000ffff898f9804  eb13037f   subs   %x27 %x19 lsl $0x00 -> %xzr
T1926856   0x0000ffff898f9808  8b190000   add    %x0 %x25 lsl $0x00 -> %x0
T1926856   0x0000ffff898f980c  f8396820   str    %x0 -> (%x1,%x25)[8byte]
T1926856     write 8 byte(s) @ 0xffff8580b098
T1926856   0x0000ffff898f9810  54ffff48   b.hi   $0x0000ffff898f97f8
T1926856   0x0000ffff898f97f8  f9400261   ldr    (%x19)[8byte] -> %x1
T1926856     read  8 byte(s) @ 0xffff857e61a0
T1926856   0x0000ffff898f97fc  91006273   add    %x19 $0x0018 lsl $0x00 -> %x19
T1926856   0x0000ffff898f9800  f85f8260   ldur   -0x08(%x19)[8byte] -> %x0
T1926856     read  8 byte(s) @ 0xffff857e61b0
T1926856   0x0000ffff898f9804  eb13037f   subs   %x27 %x19 lsl $0x00 -> %xzr
T1926856   0x0000ffff898f9808  8b190000   add    %x0 %x25 lsl $0x00 -> %x0
T1926856   0x0000ffff898f980c  f8396820   str    %x0 -> (%x1,%x25)[8byte]
T1926856     write 8 byte(s) @ 0xffff8580b0a0
T1926856   0x0000ffff898f9810  54ffff48   b.hi   $0x0000ffff898f97f8
T1926856   0x0000ffff898f97f8  f9400261   ldr    (%x19)[8byte] -> %x1
T1926856     read  8 byte(s) @ 0xffff857e61b8
T1926856   0x0000ffff898f97fc  91006273   add    %x19 $0x0018 lsl $0x00 -> %x19
T1926856   0x0000ffff898f9800  f85f8260   ldur   -0x08(%x19)[8byte] -> %x0
T1926856     read  8 byte(s) @ 0xffff857e61c8
T1926856   0x0000ffff898f9804  eb13037f   subs   %x27 %x19 lsl $0x00 -> %xzr
T1926856   0x0000ffff898f9808  8b190000   add    %x0 %x25 lsl $0x00 -> %x0
T1926856   0x0000ffff898f980c  f8396820   str    %x0 -> (%x1,%x25)[8byte]
T1926856     write 8 byte(s) @ 0xffff8580b0a8
T1926856   0x0000ffff898f9810  54ffff48   b.hi   $0x0000ffff898f97f8
T1926856   0x0000ffff898f97f8  f9400261   ldr    (%x19)[8byte] -> %x1
T1926856     read  8 byte(s) @ 0xffff857e61d0
T1926856   0x0000ffff898f97fc  91006273   add    %x19 $0x0018 lsl $0x00 -> %x19
T1926856   0x0000ffff898f9800  f85f8260   ldur   -0x08(%x19)[8byte] -> %x0
T1926856     read  8 byte(s) @ 0xffff857e61e0
T1926856   0x0000ffff898f9804  eb13037f   subs   %x27 %x19 lsl $0x00 -> %xzr
T1926856   0x0000ffff898f9808  8b190000   add    %x0 %x25 lsl $0x00 -> %x0
T1926856   0x0000ffff898f980c  f8396820   str    %x0 -> (%x1,%x25)[8byte]
T1926856     write 8 byte(s) @ 0xffff8580b2f8
T1926856   0x0000ffff898f9810  54ffff48   b.hi   $0x0000ffff898f97f8
T1926856   0x0000ffff898f97f8  f9400261   ldr    (%x19)[8byte] -> %x1
T1926856     read  8 byte(s) @ 0xffff857e61e8
T1926856   0x0000ffff898f97fc  91006273   add    %x19 $0x0018 lsl $0x00 -> %x19
T1926856   0x0000ffff898f9800  f85f8260   ldur   -0x08(%x19)[8byte] -> %x0
T1926856     read  8 byte(s) @ 0xffff857e61f8
T1926856   0x0000ffff898f9804  eb13037f   subs   %x27 %x19 lsl $0x00 -> %xzr
T1926856   0x0000ffff898f9808  8b190000   add    %x0 %x25 lsl $0x00 -> %x0
T1926856   0x0000ffff898f980c  f8396820   str    %x0 -> (%x1,%x25)[8byte]
T1926856     write 8 byte(s) @ 0xffff8580b300
T1926856   0x0000ffff898f9810  54ffff48   b.hi   $0x0000ffff898f97f8
T1926856   0x0000ffff898f97f8  f9400261   ldr    (%x19)[8byte] -> %x1
T1926856     read  8 byte(s) @ 0xffff857e6200
T1926856   0x0000ffff898f97fc  91006273   add    %x19 $0x0018 lsl $0x00 -> %x19
T1926856   0x0000ffff898f9800  f85f8260   ldur   -0x08(%x19)[8byte] -> %x0
T1926856     read  8 byte(s) @ 0xffff857e6210
T1926856   0x0000ffff898f9804  eb13037f   subs   %x27 %x19 lsl $0x00 -> %xzr
T1926856   0x0000ffff898f9808  8b190000   add    %x0 %x25 lsl $0x00 -> %x0
T1926856   0x0000ffff898f980c  f8396820   str    %x0 -> (%x1,%x25)[8byte]
T1926856     write 8 byte(s) @ 0xffff8580b308
T1926856   0x0000ffff898f9810  54ffff48   b.hi   $0x0000ffff898f97f8
T1926856   0x0000ffff898f97f8  f9400261   ldr    (%x19)[8byte] -> %x1
T1926856     read  8 byte(s) @ 0xffff857e6218
T1926856   0x0000ffff898f97fc  91006273   add    %x19 $0x0018 lsl $0x00 -> %x19
T1926856   0x0000ffff898f9800  f85f8260   ldur   -0x08(%x19)[8byte] -> %x0
T1926856     read  8 byte(s) @ 0xffff857e6228
T1926856   0x0000ffff898f9804  eb13037f   subs   %x27 %x19 lsl $0x00 -> %xzr
T1926856   0x0000ffff898f9808  8b190000   add    %x0 %x25 lsl $0x00 -> %x0
T1926856   0x0000ffff898f980c  f8396820   str    %x0 -> (%x1,%x25)[8byte]
T1926856     write 8 byte(s) @ 0xffff8580b320
T1926856   0x0000ffff898f9810  54ffff48   b.hi   $0x0000ffff898f97f8
T1926856   0x0000ffff898f97f8  f9400261   ldr    (%x19)[8byte] -> %x1
T1926856     read  8 byte(s) @ 0xffff857e6230
T1926856   0x0000ffff898f97fc  91006273   add    %x19 $0x0018 lsl $0x00 -> %x19
T1926856   0x0000ffff898f9800  f85f8260   ldur   -0x08(%x19)[8byte] -> %x0
T1926856     read  8 byte(s) @ 0xffff857e6240
T1926856   0x0000ffff898f9804  eb13037f   subs   %x27 %x19 lsl $0x00 -> %xzr
T1926856   0x0000ffff898f9808  8b190000   add    %x0 %x25 lsl $0x00 -> %x0
T1926856   0x0000ffff898f980c  f8396820   str    %x0 -> (%x1,%x25)[8byte]
T1926856     write 8 byte(s) @ 0xffff8580b328
T1926856   0x0000ffff898f9810  54ffff48   b.hi   $0x0000ffff898f97f8
T1926856   0x0000ffff898f97f8  f9400261   ldr    (%x19)[8byte] -> %x1
T1926856     read  8 byte(s) @ 0xffff857e6248
T1926856   0x0000ffff898f97fc  91006273   add    %x19 $0x0018 lsl $0x00 -> %x19
T1926856   0x0000ffff898f9800  f85f8260   ldur   -0x08(%x19)[8byte] -> %x0
T1926856     read  8 byte(s) @ 0xffff857e6258
T1926856   0x0000ffff898f9804  eb13037f   subs   %x27 %x19 lsl $0x00 -> %xzr
T1926856   0x0000ffff898f9808  8b190000   add    %x0 %x25 lsl $0x00 -> %x0
T1926856   0x0000ffff898f980c  f8396820   str    %x0 -> (%x1,%x25)[8byte]
T1926856     write 8 byte(s) @ 0xffff8580b330
T1926856   0x0000ffff898f9810  54ffff48   b.hi   $0x0000ffff898f97f8
T1926856   0x0000ffff898f97f8  f9400261   ldr    (%x19)[8byte] -> %x1
T1926856     read  8 byte(s) @ 0xffff857e6260
T1926856   0x0000ffff898f97fc  91006273   add    %x19 $0x0018 lsl $0x00 -> %x19
T1926856   0x0000ffff898f9800  f85f8260   ldur   -0x08(%x19)[8byte] -> %x0
T1926856     read  8 byte(s) @ 0xffff857e6270
T1926856   0x0000ffff898f9804  eb13037f   subs   %x27 %x19 lsl $0x00 -> %xzr
T1926856   0x0000ffff898f9808  8b190000   add    %x0 %x25 lsl $0x00 -> %x0
T1926856   0x0000ffff898f980c  f8396820   str    %x0 -> (%x1,%x25)[8byte]
T1926856     write 8 byte(s) @ 0xffff8580b348
T1926856   0x0000ffff898f9810  54ffff48   b.hi   $0x0000ffff898f97f8
T1926856   0x0000ffff898f97f8  f9400261   ldr    (%x19)[8byte] -> %x1
T1926856     read  8 byte(s) @ 0xffff857e6278
T1926856   0x0000ffff898f97fc  91006273   add    %x19 $0x0018 lsl $0x00 -> %x19
T1926856   0x0000ffff898f9800  f85f8260   ldur   -0x08(%x19)[8byte] -> %x0
T1926856     read  8 byte(s) @ 0xffff857e6288
T1926856   0x0000ffff898f9804  eb13037f   subs   %x27 %x19 lsl $0x00 -> %xzr
T1926856   0x0000ffff898f9808  8b190000   add    %x0 %x25 lsl $0x00 -> %x0
T1926856   0x0000ffff898f980c  f8396820   str    %x0 -> (%x1,%x25)[8byte]
T1926856     write 8 byte(s) @ 0xffff8580b358
T1926856   0x0000ffff898f9810  54ffff48   b.hi   $0x0000ffff898f97f8
T1926856   0x0000ffff898f97f8  f9400261   ldr    (%x19)[8byte] -> %x1
T1926856     read  8 byte(s) @ 0xffff857e6290
T1926856   0x0000ffff898f97fc  91006273   add    %x19 $0x0018 lsl $0x00 -> %x19
T1926856   0x0000ffff898f9800  f85f8260   ldur   -0x08(%x19)[8byte] -> %x0
T1926856     read  8 byte(s) @ 0xffff857e62a0
T1926856   0x0000ffff898f9804  eb13037f   subs   %x27 %x19 lsl $0x00 -> %xzr
T1926856   0x0000ffff898f9808  8b190000   add    %x0 %x25 lsl $0x00 -> %x0
T1926856   0x0000ffff898f980c  f8396820   str    %x0 -> (%x1,%x25)[8byte]
T1926856     write 8 byte(s) @ 0xffff8580b380
T1926856   0x0000ffff898f9810  54ffff48   b.hi   $0x0000ffff898f97f8
T1926856   0x0000ffff898f9814  f9410280   ldr    +0x0200(%x20)[8byte] -> %x0
T1926856     read  8 byte(s) @ 0xffff89921400
T1926856   0x0000ffff898f9818  b4002aa0   cbz    $0x0000ffff898f9d6c %x0
T1926856   0x0000ffff898f981c  eb1b035f   subs   %x26 %x27 lsl $0x00 -> %xzr
T1926856   0x0000ffff898f9820  f9400415   ldr    +0x08(%x0)[8byte] -> %x21
T1926856     read  8 byte(s) @ 0xffff8580ab50
T1926856   0x0000ffff898f9824  54ffe6a9   b.ls   $0x0000ffff898f94f8
T1926856   0x0000ffff898f9828  aa1903fc   orr    %xzr %x25 lsl $0x00 -> %x28
T1926856   0x0000ffff898f982c  aa1803f9   orr    %xzr %x24 lsl $0x00 -> %x25
T1926856   0x0000ffff898f9830  aa1503f8   orr    %xzr %x21 lsl $0x00 -> %x24
T1926856   0x0000ffff898f9834  d0000040   adrp   <rel> 0x0000ffff89903000 -> %x0
T1926856   0x0000ffff898f9838  9126d000   add    %x0 $0x09b4 lsl $0x00 -> %x0
T1926856   0x0000ffff898f983c  f90033a0   str    %x0 -> +0x60(%x29)[8byte]
T1926856     write 8 byte(s) @ 0xffffd2962ed0
T1926856   0x0000ffff898f9840  f90053b6   str    %x22 -> +0xa0(%x29)[8byte]
T1926856     write 8 byte(s) @ 0xffffd2962f10
T1926856   0x0000ffff898f9844  d503201f   nop
T1926856   0x0000ffff898f9848  a9404f68   ldp    (%x27)[16byte] -> %x8 %x19
T1926856     read  16 byte(s) @ 0xffff857e62a8
T1926856   0x0000ffff898f984c  f9418e84   ldr    +0x0318(%x20)[8byte] -> %x4
T1926856     read  8 byte(s) @ 0xffff89921518
T1926856   0x0000ffff898f9850  d360fe60   ubfm   %x19 $0x20 $0x3f -> %x0
T1926856   0x0000ffff898f9854  71100e7f   subs   %w19 $0x0403 lsl $0x00 -> %wzr
T1926856   0x0000ffff898f9858  2a1303f6   orr    %wzr %w19 lsl $0x00 -> %w22
T1926856   0x0000ffff898f985c  8b08038b   add    %x28 %x8 lsl $0x00 -> %x11
T1926856   0x0000ffff898f9860  8b000415   add    %x0 %x0 lsl $0x01 -> %x21
T1926856   0x0000ffff898f9864  78607b00   ldrh   (%x24,%x0,uxtx #1)[2byte] -> %w0
T1926856     read  2 byte(s) @ 0xffff857e548c
T1926856   0x0000ffff898f9868  d37df2b5   ubfm   %x21 $0x3d $0x3c -> %x21
T1926856   0x0000ffff898f986c  8b150337   add    %x25 %x21 lsl $0x00 -> %x23
T1926856   0x0000ffff898f9870  f90063b7   str    %x23 -> +0xc0(%x29)[8byte]
T1926856     write 8 byte(s) @ 0xffffd2962f30
T1926856   0x0000ffff898f9874  54001e60   b.eq   $0x0000ffff898f9c40
T1926856   0x0000ffff898f9878  34000793   cbz    $0x0000ffff898f9968 %w19
T1926856   0x0000ffff898f987c  394012e2   ldrb   +0x04(%x23)[1byte] -> %w2
T1926856     read  1 byte(s) @ 0xffff857e44f4
T1926856   0x0000ffff898f9880  6b4213ff   subs   %wzr %w2 lsr $0x04 -> %wzr
T1926856   0x0000ffff898f9884  540009c0   b.eq   $0x0000ffff898f99bc
T1926856   0x0000ffff898f9888  394016e1   ldrb   +0x05(%x23)[1byte] -> %w1
T1926856     read  1 byte(s) @ 0xffff857e44f5
T1926856   0x0000ffff898f988c  12000421   and    %w1 $0x00000003 -> %w1
T1926856   0x0000ffff898f9890  51000421   sub    %w1 $0x0001 lsl $0x00 -> %w1
T1926856   0x0000ffff898f9894  7100043f   subs   %w1 $0x0001 lsl $0x00 -> %wzr
T1926856   0x0000ffff898f9898  54000929   b.ls   $0x0000ffff898f99bc
T1926856   0x0000ffff898f989c  f9421a81   ldr    +0x0430(%x20)[8byte] -> %x1
T1926856     read  8 byte(s) @ 0xffff89921630
T1926856   0x0000ffff898f98a0  eb0102ff   subs   %x23 %x1 lsl $0x00 -> %xzr
T1926856   0x0000ffff898f98a4  54002200   b.eq   $0x0000ffff898f9ce4
T1926856   0x0000ffff898f98a8  51100a61   sub    %w19 $0x0402 lsl $0x00 -> %w1
T1926856   0x0000ffff898f98ac  52800025   movz   $0x0001 lsl $0x00 -> %w5
T1926856   0x0000ffff898f98b0  721e783f   ands   %w1 $0xfffffffd -> %wzr
T1926856   0x0000ffff898f98b4  54000080   b.eq   $0x0000ffff898f98c4
T1926856   0x0000ffff898f98b8  51101661   sub    %w19 $0x0405 lsl $0x00 -> %w1
T1926856   0x0000ffff898f98bc  7100083f   subs   %w1 $0x0002 lsl $0x00 -> %wzr
T1926856   0x0000ffff898f98c0  1a9f87e5   csinc  %wzr %wzr hi -> %w5
T1926856   0x0000ffff898f98c4  7110027f   subs   %w19 $0x0400 lsl $0x00 -> %wzr
T1926856   0x0000ffff898f98c8  54001b00   b.eq   $0x0000ffff898f9c28
T1926856   0x0000ffff898f98cc  7110067f   subs   %w19 $0x0401 lsl $0x00 -> %wzr
T1926856   0x0000ffff898f98d0  321e00a1   orr    %w5 $0x00000004 -> %w1
T1926856   0x0000ffff898f98d4  1a850025   csel   %w1 %w5 eq -> %w5
T1926856   0x0000ffff898f98d8  12003800   and    %w0 $0x00007fff -> %w0
T1926856   0x0000ffff898f98dc  52800301   movz   $0x0018 lsl $0x00 -> %w1
T1926856   0x0000ffff898f98e0  f9021a97   str    %x23 -> +0x0430(%x20)[8byte]
T1926856     write 8 byte(s) @ 0xffff89921630
T1926856   0x0000ffff898f98e4  b9043a85   str    %w5 -> +0x0438(%x20)[4byte]
T1926856     write 4 byte(s) @ 0xffff89921638
T1926856   0x0000ffff898f98e8  9ba11004   umaddl %w0 %w1 %x4 -> %x4
T1926856   0x0000ffff898f98ec  b4000084   cbz    $0x0000ffff898f98fc %x4
T1926856   0x0000ffff898f98f0  b9400880   ldr    +0x08(%x4)[4byte] -> %w0
T1926856     read  4 byte(s) @ 0xffff898e3588
T1926856   0x0000ffff898f98f4  7100001f   subs   %w0 $0x0000 lsl $0x00 -> %wzr
T1926856   0x0000ffff898f98f8  9a9f1084   csel   %x4 %xzr ne -> %x4
T1926856   0x0000ffff898f98fc  a94a07a3   ldp    +0xa0(%x29)[16byte] -> %x3 %x1
T1926856     read  16 byte(s) @ 0xffffd2962f10
T1926856   0x0000ffff898f9900  910303a2   add    %x29 $0x00c0 lsl $0x00 -> %x2
T1926856   0x0000ffff898f9904  b8756b20   ldr    (%x25,%x21)[4byte] -> %w0
T1926856     read  4 byte(s) @ 0xffff857e44f0
T1926856   0x0000ffff898f9908  d2800007   movz   $0x0000 lsl $0x00 -> %x7
T1926856   0x0000ffff898f990c  52800126   movz   $0x0009 lsl $0x00 -> %w6
T1926856   0x0000ffff898f9910  a90b2fa8   stp    %x8 %x11 -> +0xb0(%x29)[16byte]
T1926856     write 16 byte(s) @ 0xffffd2962f20
T1926856   0x0000ffff898f9914  8b000020   add    %x1 %x0 lsl $0x00 -> %x0
T1926856   0x0000ffff898f9918  aa1403e1   orr    %xzr %x20 lsl $0x00 -> %x1
T1926856   0x0000ffff898f991c  97fff921   bl     $0x0000ffff898f7da0 -> %x30
T1926856   0x0000ffff898f7da0  d10443ff   sub    %sp $0x0110 lsl $0x00 -> %sp
T1926856   0x0000ffff898f7da4  a9027bfd   stp    %x29 %x30 -> +0x20(%sp)[16byte]
T1926856     write 16 byte(s) @ 0xffffd2962d70
T1926856   0x0000ffff898f7da8  910083fd   add    %sp $0x0020 lsl $0x00 -> %x29
T1926856   0x0000ffff898f7dac  a90353f3   stp    %x19 %x20 -> +0x30(%sp)[16byte]
T1926856     write 16 byte(s) @ 0xffffd2962d80
T1926856   0x0000ffff898f7db0  aa0203f3   orr    %xzr %x2 lsl $0x00 -> %x19
T1926856   0x0000ffff898f7db4  aa0703f4   orr    %xzr %x7 lsl $0x00 -> %x20
T1926856   0x0000ffff898f7db8  a9045bf5   stp    %x21 %x22 -> +0x40(%sp)[16byte]
T1926856     write 16 byte(s) @ 0xffffd2962d90
T1926856   0x0000ffff898f7dbc  aa0403f5   orr    %xzr %x4 lsl $0x00 -> %x21
T1926856   0x0000ffff898f7dc0  2a0603f6   orr    %wzr %w6 lsl $0x00 -> %w22
T1926856   0x0000ffff898f7dc4  a90563f7   stp    %x23 %x24 -> +0x50(%sp)[16byte]
T1926856     write 16 byte(s) @ 0xffffd2962da0
T1926856   0x0000ffff898f7dc8  aa0103f7   orr    %xzr %x1 lsl $0x00 -> %x23
T1926856   0x0000ffff898f7dcc  a9066bf9   stp    %x25 %x26 -> +0x60(%sp)[16byte]
T1926856     write 16 byte(s) @ 0xffffd2962db0
T1926856   0x0000ffff898f7dd0  a90773fb   stp    %x27 %x28 -> +0x70(%sp)[16byte]
T1926856     write 16 byte(s) @ 0xffffd2962dc0
T1926856   0x0000ffff898f7dd4  aa0003fb   orr    %xzr %x0 lsl $0x00 -> %x27
T1926856   0x0000ffff898f7dd8  39400008   ldrb   (%x0)[1byte] -> %w8
T1926856     read  1 byte(s) @ 0xffff857e5433
T1926856   0x0000ffff898f7ddc  b90083e5   str    %w5 -> +0x80(%sp)[4byte]
T1926856     write 4 byte(s) @ 0xffffd2962dd0
T1926856   0x0000ffff898f7de0  f9004be3   str    %x3 -> +0x90(%sp)[8byte]
T1926856     write 8 byte(s) @ 0xffffd2962de0
T1926856   0x0000ffff898f7de4  34000f48   cbz    $0x0000ffff898f7fcc %w8
T1926856   0x0000ffff898f7de8  d282a0a1   movz   $0x1505 lsl $0x00 -> %x1
T1926856   0x0000ffff898f7dec  d503201f   nop
T1926856   0x0000ffff898f7df0  8b011421   add    %x1 %x1 lsl $0x05 -> %x1
T1926856   0x0000ffff898f7df4  8b280021   add    %x1 %x8 uxtb $0x00 -> %x1
T1926856   0x0000ffff898f7df8  38401c08   ldrb   +0x01(%x0)[1byte] %x0 $0x0000000000000001 -> %w8 %x0
T1926856     read  1 byte(s) @ 0xffff857e5434
T1926856   0x0000ffff898f7dfc  35ffffa8   cbnz   $0x0000ffff898f7df0 %w8
T1926856   0x0000ffff898f7df0  8b011421   add    %x1 %x1 lsl $0x05 -> %x1
T1926856   0x0000ffff898f7df4  8b280021   add    %x1 %x8 uxtb $0x00 -> %x1
T1926856   0x0000ffff898f7df8  38401c08   ldrb   +0x01(%x0)[1byte] %x0 $0x0000000000000001 -> %w8 %x0
T1926856     read  1 byte(s) @ 0xffff857e5435
T1926856   0x0000ffff898f7dfc  35ffffa8   cbnz   $0x0000ffff898f7df0 %w8
T1926856   0x0000ffff898f7df0  8b011421   add    %x1 %x1 lsl $0x05 -> %x1
T1926856   0x0000ffff898f7df4  8b280021   add    %x1 %x8 uxtb $0x00 -> %x1
T1926856   0x0000ffff898f7df8  38401c08   ldrb   +0x01(%x0)[1byte] %x0 $0x0000000000000001 -> %w8 %x0
T1926856     read  1 byte(s) @ 0xffff857e5436
T1926856   0x0000ffff898f7dfc  35ffffa8   cbnz   $0x0000ffff898f7df0 %w8
T1926856   0x0000ffff898f7df0  8b011421   add    %x1 %x1 lsl $0x05 -> %x1
T1926856   0x0000ffff898f7df4  8b280021   add    %x1 %x8 uxtb $0x00 -> %x1
T1926856   0x0000ffff898f7df8  38401c08   ldrb   +0x01(%x0)[1byte] %x0 $0x0000000000000001 -> %w8 %x0
T1926856     read  1 byte(s) @ 0xffff857e5437
T1926856   0x0000ffff898f7dfc  35ffffa8   cbnz   $0x0000ffff898f7df0 %w8
T1926856   0x0000ffff898f7df0  8b011421   add    %x1 %x1 lsl $0x05 -> %x1
T1926856   0x0000ffff898f7df4  8b280021   add    %x1 %x8 uxtb $0x00 -> %x1
T1926856   0x0000ffff898f7df8  38401c08   ldrb   +0x01(%x0)[1byte] %x0 $0x0000000000000001 -> %w8 %x0
T1926856     read  1 byte(s) @ 0xffff857e5438
T1926856   0x0000ffff898f7dfc  35ffffa8   cbnz   $0x0000ffff898f7df0 %w8
T1926856   0x0000ffff898f7df0  8b011421   add    %x1 %x1 lsl $0x05 -> %x1
T1926856   0x0000ffff898f7df4  8b280021   add    %x1 %x8 uxtb $0x00 -> %x1
T1926856   0x0000ffff898f7df8  38401c08   ldrb   +0x01(%x0)[1byte] %x0 $0x0000000000000001 -> %w8 %x0
T1926856     read  1 byte(s) @ 0xffff857e5439
T1926856   0x0000ffff898f7dfc  35ffffa8   cbnz   $0x0000ffff898f7df0 %w8
T1926856   0x0000ffff898f7df0  8b011421   add    %x1 %x1 lsl $0x05 -> %x1
T1926856   0x0000ffff898f7df4  8b280021   add    %x1 %x8 uxtb $0x00 -> %x1
T1926856   0x0000ffff898f7df8  38401c08   ldrb   +0x01(%x0)[1byte] %x0 $0x0000000000000001 -> %w8 %x0
T1926856     read  1 byte(s) @ 0xffff857e543a
T1926856   0x0000ffff898f7dfc  35ffffa8   cbnz   $0x0000ffff898f7df0 %w8
T1926856   0x0000ffff898f7df0  8b011421   add    %x1 %x1 lsl $0x05 -> %x1
T1926856   0x0000ffff898f7df4  8b280021   add    %x1 %x8 uxtb $0x00 -> %x1
T1926856   0x0000ffff898f7df8  38401c08   ldrb   +0x01(%x0)[1byte] %x0 $0x0000000000000001 -> %w8 %x0
T1926856     read  1 byte(s) @ 0xffff857e543b
T1926856   0x0000ffff898f7dfc  35ffffa8   cbnz   $0x0000ffff898f7df0 %w8
T1926856   0x0000ffff898f7df0  8b011421   add    %x1 %x1 lsl $0x05 -> %x1
T1926856   0x0000ffff898f7df4  8b280021   add    %x1 %x8 uxtb $0x00 -> %x1
T1926856   0x0000ffff898f7df8  38401c08   ldrb   +0x01(%x0)[1byte] %x0 $0x0000000000000001 -> %w8 %x0
T1926856     read  1 byte(s) @ 0xffff857e543c
T1926856   0x0000ffff898f7dfc  35ffffa8   cbnz   $0x0000ffff898f7df0 %w8
T1926856   0x0000ffff898f7df0  8b011421   add    %x1 %x1 lsl $0x05 -> %x1
T1926856   0x0000ffff898f7df4  8b280021   add    %x1 %x8 uxtb $0x00 -> %x1
T1926856   0x0000ffff898f7df8  38401c08   ldrb   +0x01(%x0)[1byte] %x0 $0x0000000000000001 -> %w8 %x0
T1926856     read  1 byte(s) @ 0xffff857e543d
T1926856   0x0000ffff898f7dfc  35ffffa8   cbnz   $0x0000ffff898f7df0 %w8
T1926856   0x0000ffff898f7df0  8b011421   add    %x1 %x1 lsl $0x05 -> %x1
T1926856   0x0000ffff898f7df4  8b280021   add    %x1 %x8 uxtb $0x00 -> %x1
T1926856   0x0000ffff898f7df8  38401c08   ldrb   +0x01(%x0)[1byte] %x0 $0x0000000000000001 -> %w8 %x0
T1926856     read  1 byte(s) @ 0xffff857e543e
T1926856   0x0000ffff898f7dfc  35ffffa8   cbnz   $0x0000ffff898f7df0 %w8
T1926856   0x0000ffff898f7df0  8b011421   add    %x1 %x1 lsl $0x05 -> %x1
T1926856   0x0000ffff898f7df4  8b280021   add    %x1 %x8 uxtb $0x00 -> %x1
T1926856   0x0000ffff898f7df8  38401c08   ldrb   +0x01(%x0)[1byte] %x0 $0x0000000000000001 -> %w8 %x0
T1926856     read  1 byte(s) @ 0xffff857e543f
T1926856   0x0000ffff898f7dfc  35ffffa8   cbnz   $0x0000ffff898f7df0 %w8
T1926856   0x0000ffff898f7df0  8b011421   add    %x1 %x1 lsl $0x05 -> %x1
T1926856   0x0000ffff898f7df4  8b280021   add    %x1 %x8 uxtb $0x00 -> %x1
T1926856   0x0000ffff898f7df8  38401c08   ldrb   +0x01(%x0)[1byte] %x0 $0x0000000000000001 -> %w8 %x0
T1926856     read  1 byte(s) @ 0xffff857e5440
T1926856   0x0000ffff898f7dfc  35ffffa8   cbnz   $0x0000ffff898f7df0 %w8
T1926856   0x0000ffff898f7df0  8b011421   add    %x1 %x1 lsl $0x05 -> %x1
T1926856   0x0000ffff898f7df4  8b280021   add    %x1 %x8 uxtb $0x00 -> %x1
T1926856   0x0000ffff898f7df8  38401c08   ldrb   +0x01(%x0)[1byte] %x0 $0x0000000000000001 -> %w8 %x0
T1926856     read  1 byte(s) @ 0xffff857e5441
T1926856   0x0000ffff898f7dfc  35ffffa8   cbnz   $0x0000ffff898f7df0 %w8
T1926856   0x0000ffff898f7df0  8b011421   add    %x1 %x1 lsl $0x05 -> %x1
T1926856   0x0000ffff898f7df4  8b280021   add    %x1 %x8 uxtb $0x00 -> %x1
T1926856   0x0000ffff898f7df8  38401c08   ldrb   +0x01(%x0)[1byte] %x0 $0x0000000000000001 -> %w8 %x0
T1926856     read  1 byte(s) @ 0xffff857e5442
T1926856   0x0000ffff898f7dfc  35ffffa8   cbnz   $0x0000ffff898f7df0 %w8
T1926856   0x0000ffff898f7df0  8b011421   add    %x1 %x1 lsl $0x05 -> %x1
T1926856   0x0000ffff898f7df4  8b280021   add    %x1 %x8 uxtb $0x00 -> %x1
T1926856   0x0000ffff898f7df8  38401c08   ldrb   +0x01(%x0)[1byte] %x0 $0x0000000000000001 -> %w8 %x0
T1926856     read  1 byte(s) @ 0xffff857e5443
T1926856   0x0000ffff898f7dfc  35ffffa8   cbnz   $0x0000ffff898f7df0 %w8
T1926856   0x0000ffff898f7df0  8b011421   add    %x1 %x1 lsl $0x05 -> %x1
T1926856   0x0000ffff898f7df4  8b280021   add    %x1 %x8 uxtb $0x00 -> %x1
T1926856   0x0000ffff898f7df8  38401c08   ldrb   +0x01(%x0)[1byte] %x0 $0x0000000000000001 -> %w8 %x0
T1926856     read  1 byte(s) @ 0xffff857e5444
T1926856   0x0000ffff898f7dfc  35ffffa8   cbnz   $0x0000ffff898f7df0 %w8
T1926856   0x0000ffff898f7df0  8b011421   add    %x1 %x1 lsl $0x05 -> %x1
T1926856   0x0000ffff898f7df4  8b280021   add    %x1 %x8 uxtb $0x00 -> %x1
T1926856   0x0000ffff898f7df8  38401c08   ldrb   +0x01(%x0)[1byte] %x0 $0x0000000000000001 -> %w8 %x0
T1926856     read  1 byte(s) @ 0xffff857e5445
T1926856   0x0000ffff898f7dfc  35ffffa8   cbnz   $0x0000ffff898f7df0 %w8
T1926856   0x0000ffff898f7df0  8b011421   add    %x1 %x1 lsl $0x05 -> %x1
T1926856   0x0000ffff898f7df4  8b280021   add    %x1 %x8 uxtb $0x00 -> %x1
T1926856   0x0000ffff898f7df8  38401c08   ldrb   +0x01(%x0)[1byte] %x0 $0x0000000000000001 -> %w8 %x0
T1926856     read  1 byte(s) @ 0xffff857e5446
T1926856   0x0000ffff898f7dfc  35ffffa8   cbnz   $0x0000ffff898f7df0 %w8
T1926856   0x0000ffff898f7df0  8b011421   add    %x1 %x1 lsl $0x05 -> %x1
T1926856   0x0000ffff898f7df4  8b280021   add    %x1 %x8 uxtb $0x00 -> %x1
T1926856   0x0000ffff898f7df8  38401c08   ldrb   +0x01(%x0)[1byte] %x0 $0x0000000000000001 -> %w8 %x0
T1926856     read  1 byte(s) @ 0xffff857e5447
T1926856   0x0000ffff898f7dfc  35ffffa8   cbnz   $0x0000ffff898f7df0 %w8
T1926856   0x0000ffff898f7df0  8b011421   add    %x1 %x1 lsl $0x05 -> %x1
T1926856   0x0000ffff898f7df4  8b280021   add    %x1 %x8 uxtb $0x00 -> %x1
T1926856   0x0000ffff898f7df8  38401c08   ldrb   +0x01(%x0)[1byte] %x0 $0x0000000000000001 -> %w8 %x0
T1926856     read  1 byte(s) @ 0xffff857e5448
T1926856   0x0000ffff898f7dfc  35ffffa8   cbnz   $0x0000ffff898f7df0 %w8
T1926856   0x0000ffff898f7df0  8b011421   add    %x1 %x1 lsl $0x05 -> %x1
T1926856   0x0000ffff898f7df4  8b280021   add    %x1 %x8 uxtb $0x00 -> %x1
T1926856   0x0000ffff898f7df8  38401c08   ldrb   +0x01(%x0)[1byte] %x0 $0x0000000000000001 -> %w8 %x0
T1926856     read  1 byte(s) @ 0xffff857e5449
T1926856   0x0000ffff898f7dfc  35ffffa8   cbnz   $0x0000ffff898f7df0 %w8
T1926856   0x0000ffff898f7df0  8b011421   add    %x1 %x1 lsl $0x05 -> %x1
T1926856   0x0000ffff898f7df4  8b280021   add    %x1 %x8 uxtb $0x00 -> %x1
T1926856   0x0000ffff898f7df8  38401c08   ldrb   +0x01(%x0)[1byte] %x0 $0x0000000000000001 -> %w8 %x0
T1926856     read  1 byte(s) @ 0xffff857e544a
T1926856   0x0000ffff898f7dfc  35ffffa8   cbnz   $0x0000ffff898f7df0 %w8
T1926856   0x0000ffff898f7df0  8b011421   add    %x1 %x1 lsl $0x05 -> %x1
T1926856   0x0000ffff898f7df4  8b280021   add    %x1 %x8 uxtb $0x00 -> %x1
T1926856   0x0000ffff898f7df8  38401c08   ldrb   +0x01(%x0)[1byte] %x0 $0x0000000000000001 -> %w8 %x0
T1926856     read  1 byte(s) @ 0xffff857e544b
T1926856   0x0000ffff898f7dfc  35ffffa8   cbnz   $0x0000ffff898f7df0 %w8
T1926856   0x0000ffff898f7df0  8b011421   add    %x1 %x1 lsl $0x05 -> %x1
T1926856   0x0000ffff898f7df4  8b280021   add    %x1 %x8 uxtb $0x00 -> %x1
T1926856   0x0000ffff898f7df8  38401c08   ldrb   +0x01(%x0)[1byte] %x0 $0x0000000000000001 -> %w8 %x0
T1926856     read  1 byte(s) @ 0xffff857e544c
T1926856   0x0000ffff898f7dfc  35ffffa8   cbnz   $0x0000ffff898f7df0 %w8
T1926856   0x0000ffff898f7df0  8b011421   add    %x1 %x1 lsl $0x05 -> %x1
T1926856   0x0000ffff898f7df4  8b280021   add    %x1 %x8 uxtb $0x00 -> %x1
T1926856   0x0000ffff898f7df8  38401c08   ldrb   +0x01(%x0)[1byte] %x0 $0x0000000000000001 -> %w8 %x0
T1926856     read  1 byte(s) @ 0xffff857e544d
T1926856   0x0000ffff898f7dfc  35ffffa8   cbnz   $0x0000ffff898f7df0 %w8
T1926856   0x0000ffff898f7df0  8b011421   add    %x1 %x1 lsl $0x05 -> %x1
T1926856   0x0000ffff898f7df4  8b280021   add    %x1 %x8 uxtb $0x00 -> %x1
T1926856   0x0000ffff898f7df8  38401c08   ldrb   +0x01(%x0)[1byte] %x0 $0x0000000000000001 -> %w8 %x0
T1926856     read  1 byte(s) @ 0xffff857e544e
T1926856   0x0000ffff898f7dfc  35ffffa8   cbnz   $0x0000ffff898f7df0 %w8
T1926856   0x0000ffff898f7e00  92407c3a   and    %x1 $0x00000000ffffffff -> %x26
T1926856   0x0000ffff898f7e04  b0000140   adrp   <rel> 0x0000ffff89920000 -> %x0
T1926856   0x0000ffff898f7e08  91018002   add    %x0 $0x0060 lsl $0x00 -> %x2
T1926856   0x0000ffff898f7e0c  b2407fe0   orr    %xzr $0x00000000ffffffff -> %x0
T1926856   0x0000ffff898f7e10  f90067e0   str    %x0 -> +0xc8(%sp)[8byte]
T1926856     write 8 byte(s) @ 0xffffd2962e18
T1926856   0x0000ffff898f7e14  a90dffff   stp    %xzr %xzr -> +0xd8(%sp)[16byte]
T1926856     write 16 byte(s) @ 0xffffd2962e28
T1926856   0x0000ffff898f7e18  f9450040   ldr    +0x0a00(%x2)[8byte] -> %x0
T1926856     read  8 byte(s) @ 0xffff89920a60
T1926856   0x0000ffff898f7e1c  91000400   add    %x0 $0x0001 lsl $0x00 -> %x0
T1926856   0x0000ffff898f7e20  f9050040   str    %x0 -> +0x0a00(%x2)[8byte]
T1926856     write 8 byte(s) @ 0xffff89920a60
T1926856   0x0000ffff898f7e24  b4000055   cbz    $0x0000ffff898f7e2c %x21
T1926856   0x0000ffff898f7e2c  f9404be0   ldr    +0x90(%sp)[8byte] -> %x0
T1926856     read  8 byte(s) @ 0xffffd2962de0
T1926856   0x0000ffff898f7e30  f9400263   ldr    (%x19)[8byte] -> %x3
T1926856     read  8 byte(s) @ 0xffffd2962f30
T1926856   0x0000ffff898f7e34  f9400005   ldr    (%x0)[8byte] -> %x5
T1926856     read  8 byte(s) @ 0xffff89921598
T1926856   0x0000ffff898f7e38  b5001114   cbnz   $0x0000ffff898f8058 %x20
T1926856   0x0000ffff898f7e3c  b4000cc5   cbz    $0x0000ffff898f7fd4 %x5
T1926856   0x0000ffff898f7e40  f90047ff   str    %xzr -> +0x88(%sp)[8byte]
T1926856     write 8 byte(s) @ 0xffffd2962dd8
T1926856   0x0000ffff898f7e44  910363f8   add    %sp $0x00d8 lsl $0x00 -> %x24
T1926856   0x0000ffff898f7e48  910323f9   add    %sp $0x00c8 lsl $0x00 -> %x25
T1926856   0x0000ffff898f7e4c  a948f3e6   ldp    +0x88(%sp)[16byte] -> %x6 %x28
T1926856     read  16 byte(s) @ 0xffffd2962dd8
T1926856   0x0000ffff898f7e50  14000005   b      $0x0000ffff898f7e64
T1926856   0x0000ffff898f7e64  b94083e0   ldr    +0x80(%sp)[4byte] -> %w0
T1926856     read  4 byte(s) @ 0xffffd2962dd0
T1926856   0x0000ffff898f7e68  aa1503e7   orr    %xzr %x21 lsl $0x00 -> %x7
T1926856   0x0000ffff898f7e6c  b90003f6   str    %w22 -> (%sp)[4byte]
T1926856     write 4 byte(s) @ 0xffffd2962d50
T1926856   0x0000ffff898f7e70  aa1803e4   orr    %xzr %x24 lsl $0x00 -> %x4
T1926856   0x0000ffff898f7e74  f90007f4   str    %x20 -> +0x08(%sp)[8byte]
T1926856     write 8 byte(s) @ 0xffffd2962d58
T1926856   0x0000ffff898f7e78  aa1903e2   orr    %xzr %x25 lsl $0x00 -> %x2
T1926856   0x0000ffff898f7e7c  b90013e0   str    %w0 -> +0x10(%sp)[4byte]
T1926856     write 4 byte(s) @ 0xffffd2962d60
T1926856   0x0000ffff898f7e80  aa1a03e1   orr    %xzr %x26 lsl $0x00 -> %x1
T1926856   0x0000ffff898f7e84  f9000ff7   str    %x23 -> +0x18(%sp)[8byte]
T1926856     write 8 byte(s) @ 0xffffd2962d68
T1926856   0x0000ffff898f7e88  aa1b03e0   orr    %xzr %x27 lsl $0x00 -> %x0
T1926856   0x0000ffff898f7e8c  97fffd15   bl     $0x0000ffff898f72e0 -> %x30
T1926856   0x0000ffff898f72e0  d10403ff   sub    %sp $0x0100 lsl $0x00 -> %sp
T1926856   0x0000ffff898f72e4  a9027bfd   stp    %x29 %x30 -> +0x20(%sp)[16byte]
T1926856     write 16 byte(s) @ 0xffffd2962c70
T1926856   0x0000ffff898f72e8  910083fd   add    %sp $0x0020 lsl $0x00 -> %x29
T1926856   0x0000ffff898f72ec  b94008aa   ldr    +0x08(%x5)[4byte] -> %w10
T1926856     read  4 byte(s) @ 0xffff899214f8
T1926856   0x0000ffff898f72f0  a9045bf5   stp    %x21 %x22 -> +0x40(%sp)[16byte]
T1926856     write 16 byte(s) @ 0xffffd2962c90
T1926856   0x0000ffff898f72f4  aa0003f5   orr    %xzr %x0 lsl $0x00 -> %x21
T1926856   0x0000ffff898f72f8  b94103e0   ldr    +0x0100(%sp)[4byte] -> %w0
T1926856     read  4 byte(s) @ 0xffffd2962d50
T1926856   0x0000ffff898f72fc  b94113f6   ldr    +0x0110(%sp)[4byte] -> %w22
T1926856     read  4 byte(s) @ 0xffffd2962d60
T1926856   0x0000ffff898f7300  a90353f3   stp    %x19 %x20 -> +0x30(%sp)[16byte]
T1926856     write 16 byte(s) @ 0xffffd2962c80
T1926856   0x0000ffff898f7304  a90563f7   stp    %x23 %x24 -> +0x50(%sp)[16byte]
T1926856     write 16 byte(s) @ 0xffffd2962ca0
T1926856   0x0000ffff898f7308  aa0a03f7   orr    %xzr %x10 lsl $0x00 -> %x23
T1926856   0x0000ffff898f730c  a9066bf9   stp    %x25 %x26 -> +0x60(%sp)[16byte]
T1926856     write 16 byte(s) @ 0xffffd2962cb0
T1926856   0x0000ffff898f7310  a90773fb   stp    %x27 %x28 -> +0x70(%sp)[16byte]
T1926856     write 16 byte(s) @ 0xffffd2962cc0
T1926856   0x0000ffff898f7314  a90993e3   stp    %x3 %x4 -> +0x98(%sp)[16byte]
T1926856     write 16 byte(s) @ 0xffffd2962ce8
T1926856   0x0000ffff898f7318  b900b3e0   str    %w0 -> +0xb0(%sp)[4byte]
T1926856     write 4 byte(s) @ 0xffffd2962d00
T1926856   0x0000ffff898f731c  a90b9fe2   stp    %x2 %x7 -> +0xb8(%sp)[16byte]
T1926856     write 16 byte(s) @ 0xffffd2962d08
T1926856   0x0000ffff898f7320  f94087ed   ldr    +0x0108(%sp)[8byte] -> %x13
T1926856     read  8 byte(s) @ 0xffffd2962d58
T1926856   0x0000ffff898f7324  d346fc20   ubfm   %x1 $0x06 $0x3f -> %x0
T1926856   0x0000ffff898f7328  f9004be0   str    %x0 -> +0x90(%sp)[8byte]
T1926856     write 8 byte(s) @ 0xffffd2962ce0
T1926856   0x0000ffff898f732c  f94000ba   ldr    (%x5)[8byte] -> %x26
T1926856     read  8 byte(s) @ 0xffff899214f0
T1926856   0x0000ffff898f7330  9103d3e0   add    %sp $0x00f4 lsl $0x00 -> %x0
T1926856   0x0000ffff898f7334  f90043e0   str    %x0 -> +0x80(%sp)[8byte]
T1926856     write 8 byte(s) @ 0xffffd2962cd0
T1926856   0x0000ffff898f7338  9103e3e0   add    %sp $0x00f8 lsl $0x00 -> %x0
T1926856   0x0000ffff898f733c  aa1703f8   orr    %xzr %x23 lsl $0x00 -> %x24
T1926856   0x0000ffff898f7340  aa0603fc   orr    %xzr %x6 lsl $0x00 -> %x28
T1926856   0x0000ffff898f7344  aa1503f7   orr    %xzr %x21 lsl $0x00 -> %x23
T1926856   0x0000ffff898f7348  aa0d03f4   orr    %xzr %x13 lsl $0x00 -> %x20
T1926856   0x0000ffff898f734c  aa1a03f5   orr    %xzr %x26 lsl $0x00 -> %x21
T1926856   0x0000ffff898f7350  aa0103fa   orr    %xzr %x1 lsl $0x00 -> %x26
T1926856   0x0000ffff898f7354  f90047e0   str    %x0 -> +0x88(%sp)[8byte]
T1926856     write 8 byte(s) @ 0xffffd2962cd8
T1926856   0x0000ffff898f7358  d0000080   adrp   <rel> 0x0000ffff89909000 -> %x0
T1926856   0x0000ffff898f735c  91290000   add    %x0 $0x0a40 lsl $0x00 -> %x0
T1926856   0x0000ffff898f7360  f90057e0   str    %x0 -> +0xa8(%sp)[8byte]
T1926856     write 8 byte(s) @ 0xffffd2962cf8
T1926856   0x0000ffff898f7364  14000017   b      $0x0000ffff898f73c0
T1926856   0x0000ffff898f73c0  f87c7aa0   ldr    (%x21,%x28,uxtx #3)[8byte] -> %x0
T1926856     read  8 byte(s) @ 0xffff898e3560
T1926856   0x0000ffff898f73c4  f9401419   ldr    +0x28(%x0)[8byte] -> %x25
T1926856     read  8 byte(s) @ 0xffff89921228
T1926856   0x0000ffff898f73c8  eb14033f   subs   %x25 %x20 lsl $0x00 -> %xzr
T1926856   0x0000ffff898f73cc  54ffff40   b.eq   $0x0000ffff898f73b4
T1926856   0x0000ffff898f73d0  121f02ca   and    %w22 $0x00000002 -> %w10
T1926856   0x0000ffff898f73d4  36080096   tbz    $0x0000ffff898f73e4 %x22 $0x01
T1926856   0x0000ffff898f73e4  394d3720   ldrb   +0x034d(%x25)[1byte] -> %w0
T1926856     read  1 byte(s) @ 0xffff8992154d
T1926856   0x0000ffff898f73e8  372ffe60   tbnz   $0x0000ffff898f73b4 %x0 $0x05
T1926856   0x0000ffff898f73ec  90000153   adrp   <rel> 0x0000ffff8991f000 -> %x19
T1926856   0x0000ffff898f73f0  b946da60   ldr    +0x06d8(%x19)[4byte] -> %w0
T1926856     read  4 byte(s) @ 0xffff8991f6d8
T1926856   0x0000ffff898f73f4  361ffba0   tbz    $0x0000ffff898f7368 %x0 $0x03
T1926856   0x0000ffff898f7368  b9432722   ldr    +0x0324(%x25)[4byte] -> %w2
T1926856     read  4 byte(s) @ 0xffff89921524
T1926856   0x0000ffff898f736c  34000242   cbz    $0x0000ffff898f73b4 %w2
T1926856   0x0000ffff898f7370  a9468720   ldp    +0x68(%x25)[16byte] -> %x0 %x1
T1926856     read  16 byte(s) @ 0xffff89921268
T1926856   0x0000ffff898f7374  b900f7ff   str    %wzr -> +0xf4(%sp)[4byte]
T1926856     write 4 byte(s) @ 0xffffd2962d44
T1926856   0x0000ffff898f7378  f9419b23   ldr    +0x0330(%x25)[8byte] -> %x3
T1926856     read  8 byte(s) @ 0xffff89921530
T1926856   0x0000ffff898f737c  f9007fff   str    %xzr -> +0xf8(%sp)[8byte]
T1926856     write 8 byte(s) @ 0xffffd2962d48
T1926856   0x0000ffff898f7380  f9400407   ldr    +0x08(%x0)[8byte] -> %x7
T1926856     read  8 byte(s) @ 0xffff8580aa50
T1926856   0x0000ffff898f7384  f940042c   ldr    +0x08(%x1)[8byte] -> %x12
T1926856     read  8 byte(s) @ 0xffff8580aa60
T1926856   0x0000ffff898f7388  b4000683   cbz    $0x0000ffff898f7458 %x3
T1926856   0x0000ffff898f738c  f9404be4   ldr    +0x90(%sp)[8byte] -> %x4
T1926856     read  8 byte(s) @ 0xffffd2962ce0
T1926856   0x0000ffff898f7390  b9432b21   ldr    +0x0328(%x25)[4byte] -> %w1
T1926856     read  4 byte(s) @ 0xffff89921528
T1926856   0x0000ffff898f7394  b9432f20   ldr    +0x032c(%x25)[4byte] -> %w0
T1926856     read  4 byte(s) @ 0xffff8992152c
T1926856   0x0000ffff898f7398  8a040021   and    %x1 %x4 lsl $0x00 -> %x1
T1926856   0x0000ffff898f739c  9ac02740   lsrv   %x26 %x0 -> %x0
T1926856   0x0000ffff898f73a0  f8617861   ldr    (%x3,%x1,uxtx #3)[8byte] -> %x1
T1926856     read  8 byte(s) @ 0xffff857e42b8
T1926856   0x0000ffff898f73a4  9ac02420   lsrv   %x1 %x0 -> %x0
T1926856   0x0000ffff898f73a8  9ada2421   lsrv   %x1 %x26 -> %x1
T1926856   0x0000ffff898f73ac  8a010000   and    %x0 %x1 lsl $0x00 -> %x0
T1926856   0x0000ffff898f73b0  37000f00   tbnz   $0x0000ffff898f7590 %x0 $0x00
T1926856   0x0000ffff898f73b4  9100079c   add    %x28 $0x0001 lsl $0x00 -> %x28
T1926856   0x0000ffff898f73b8  eb1c031f   subs   %x24 %x28 lsl $0x00 -> %xzr
T1926856   0x0000ffff898f73bc  540014c9   b.ls   $0x0000ffff898f7654
T1926856   0x0000ffff898f73c0  f87c7aa0   ldr    (%x21,%x28,uxtx #3)[8byte] -> %x0
T1926856     read  8 byte(s) @ 0xffff898e3568
T1926856   0x0000ffff898f73c4  f9401419   ldr    +0x28(%x0)[8byte] -> %x25
T1926856     read  8 byte(s) @ 0xffff898e3028
T1926856   0x0000ffff898f73c8  eb14033f   subs   %x25 %x20 lsl $0x00 -> %xzr
T1926856   0x0000ffff898f73cc  54ffff40   b.eq   $0x0000ffff898f73b4
T1926856   0x0000ffff898f73d0  121f02ca   and    %w22 $0x00000002 -> %w10
T1926856   0x0000ffff898f73d4  36080096   tbz    $0x0000ffff898f73e4 %x22 $0x01
T1926856   0x0000ffff898f73e4  394d3720   ldrb   +0x034d(%x25)[1byte] -> %w0
T1926856     read  1 byte(s) @ 0xffff898e334d
T1926856   0x0000ffff898f73e8  372ffe60   tbnz   $0x0000ffff898f73b4 %x0 $0x05
T1926856   0x0000ffff898f73ec  90000153   adrp   <rel> 0x0000ffff8991f000 -> %x19
T1926856   0x0000ffff898f73f0  b946da60   ldr    +0x06d8(%x19)[4byte] -> %w0
T1926856     read  4 byte(s) @ 0xffff8991f6d8
T1926856   0x0000ffff898f73f4  361ffba0   tbz    $0x0000ffff898f7368 %x0 $0x03
T1926856   0x0000ffff898f7368  b9432722   ldr    +0x0324(%x25)[4byte] -> %w2
T1926856     read  4 byte(s) @ 0xffff898e3324
T1926856   0x0000ffff898f736c  34000242   cbz    $0x0000ffff898f73b4 %w2
T1926856   0x0000ffff898f7370  a9468720   ldp    +0x68(%x25)[16byte] -> %x0 %x1
T1926856     read  16 byte(s) @ 0xffff898e3068
T1926856   0x0000ffff898f7374  b900f7ff   str    %wzr -> +0xf4(%sp)[4byte]
T1926856     write 4 byte(s) @ 0xffffd2962d44
T1926856   0x0000ffff898f7378  f9419b23   ldr    +0x0330(%x25)[8byte] -> %x3
T1926856     read  8 byte(s) @ 0xffff898e3330
T1926856   0x0000ffff898f737c  f9007fff   str    %xzr -> +0xf8(%sp)[8byte]
T1926856     write 8 byte(s) @ 0xffffd2962d48
T1926856   0x0000ffff898f7380  f9400407   ldr    +0x08(%x0)[8byte] -> %x7
T1926856     read  8 byte(s) @ 0xffff89460ba0
T1926856   0x0000ffff898f7384  f940042c   ldr    +0x08(%x1)[8byte] -> %x12
T1926856     read  8 byte(s) @ 0xffff89460bb0
T1926856   0x0000ffff898f7388  b4000683   cbz    $0x0000ffff898f7458 %x3
T1926856   0x0000ffff898f738c  f9404be4   ldr    +0x90(%sp)[8byte] -> %x4
T1926856     read  8 byte(s) @ 0xffffd2962ce0
T1926856   0x0000ffff898f7390  b9432b21   ldr    +0x0328(%x25)[4byte] -> %w1
T1926856     read  4 byte(s) @ 0xffff898e3328
T1926856   0x0000ffff898f7394  b9432f20   ldr    +0x032c(%x25)[4byte] -> %w0
T1926856     read  4 byte(s) @ 0xffff898e332c
T1926856   0x0000ffff898f7398  8a040021   and    %x1 %x4 lsl $0x00 -> %x1
T1926856   0x0000ffff898f739c  9ac02740   lsrv   %x26 %x0 -> %x0
T1926856   0x0000ffff898f73a0  f8617861   ldr    (%x3,%x1,uxtx #3)[8byte] -> %x1
T1926856     read  8 byte(s) @ 0xffff892f79c8
T1926856   0x0000ffff898f73a4  9ac02420   lsrv   %x1 %x0 -> %x0
T1926856   0x0000ffff898f73a8  9ada2421   lsrv   %x1 %x26 -> %x1
T1926856   0x0000ffff898f73ac  8a010000   and    %x0 %x1 lsl $0x00 -> %x0
T1926856   0x0000ffff898f73b0  37000f00   tbnz   $0x0000ffff898f7590 %x0 $0x00
T1926856   0x0000ffff898f73b4  9100079c   add    %x28 $0x0001 lsl $0x00 -> %x28
T1926856   0x0000ffff898f73b8  eb1c031f   subs   %x24 %x28 lsl $0x00 -> %xzr
T1926856   0x0000ffff898f73bc  540014c9   b.ls   $0x0000ffff898f7654
T1926856   0x0000ffff898f73c0  f87c7aa0   ldr    (%x21,%x28,uxtx #3)[8byte] -> %x0
T1926856     read  8 byte(s) @ 0xffff898e3570
T1926856   0x0000ffff898f73c4  f9401419   ldr    +0x28(%x0)[8byte] -> %x25
T1926856     read  8 byte(s) @ 0xffff89920aa0
T1926856   0x0000ffff898f73c8  eb14033f   subs   %x25 %x20 lsl $0x00 -> %xzr
T1926856   0x0000ffff898f73cc  54ffff40   b.eq   $0x0000ffff898f73b4
T1926856   0x0000ffff898f73d0  121f02ca   and    %w22 $0x00000002 -> %w10
T1926856   0x0000ffff898f73d4  36080096   tbz    $0x0000ffff898f73e4 %x22 $0x01
T1926856   0x0000ffff898f73e4  394d3720   ldrb   +0x034d(%x25)[1byte] -> %w0
T1926856     read  1 byte(s) @ 0xffff89920dc5
T1926856   0x0000ffff898f73e8  372ffe60   tbnz   $0x0000ffff898f73b4 %x0 $0x05
T1926856   0x0000ffff898f73ec  90000153   adrp   <rel> 0x0000ffff8991f000 -> %x19
T1926856   0x0000ffff898f73f0  b946da60   ldr    +0x06d8(%x19)[4byte] -> %w0
T1926856     read  4 byte(s) @ 0xffff8991f6d8
T1926856   0x0000ffff898f73f4  361ffba0   tbz    $0x0000ffff898f7368 %x0 $0x03
T1926856   0x0000ffff898f7368  b9432722   ldr    +0x0324(%x25)[4byte] -> %w2
T1926856     read  4 byte(s) @ 0xffff89920d9c
T1926856   0x0000ffff898f736c  34000242   cbz    $0x0000ffff898f73b4 %w2
T1926856   0x0000ffff898f7370  a9468720   ldp    +0x68(%x25)[16byte] -> %x0 %x1
T1926856     read  16 byte(s) @ 0xffff89920ae0
T1926856   0x0000ffff898f7374  b900f7ff   str    %wzr -> +0xf4(%sp)[4byte]
T1926856     write 4 byte(s) @ 0xffffd2962d44
T1926856   0x0000ffff898f7378  f9419b23   ldr    +0x0330(%x25)[8byte] -> %x3
T1926856     read  8 byte(s) @ 0xffff89920da8
T1926856   0x0000ffff898f737c  f9007fff   str    %xzr -> +0xf8(%sp)[8byte]
T1926856     write 8 byte(s) @ 0xffffd2962d48
T1926856   0x0000ffff898f7380  f9400407   ldr    +0x08(%x0)[8byte] -> %x7
T1926856     read  8 byte(s) @ 0xffff8991fe70
T1926856   0x0000ffff898f7384  f940042c   ldr    +0x08(%x1)[8byte] -> %x12
T1926856     read  8 byte(s) @ 0xffff8991fe80
T1926856   0x0000ffff898f7388  b4000683   cbz    $0x0000ffff898f7458 %x3
T1926856   0x0000ffff898f738c  f9404be4   ldr    +0x90(%sp)[8byte] -> %x4
T1926856     read  8 byte(s) @ 0xffffd2962ce0
T1926856   0x0000ffff898f7390  b9432b21   ldr    +0x0328(%x25)[4byte] -> %w1
T1926856     read  4 byte(s) @ 0xffff89920da0
T1926856   0x0000ffff898f7394  b9432f20   ldr    +0x032c(%x25)[4byte] -> %w0
T1926856     read  4 byte(s) @ 0xffff89920da4
T1926856   0x0000ffff898f7398  8a040021   and    %x1 %x4 lsl $0x00 -> %x1
T1926856   0x0000ffff898f739c  9ac02740   lsrv   %x26 %x0 -> %x0
T1926856   0x0000ffff898f73a0  f8617861   ldr    (%x3,%x1,uxtx #3)[8byte] -> %x1
T1926856     read  8 byte(s) @ 0xffff898ee2f0
T1926856   0x0000ffff898f73a4  9ac02420   lsrv   %x1 %x0 -> %x0
T1926856   0x0000ffff898f73a8  9ada2421   lsrv   %x1 %x26 -> %x1
T1926856   0x0000ffff898f73ac  8a010000   and    %x0 %x1 lsl $0x00 -> %x0
T1926856   0x0000ffff898f73b0  37000f00   tbnz   $0x0000ffff898f7590 %x0 $0x00
T1926856   0x0000ffff898f73b4  9100079c   add    %x28 $0x0001 lsl $0x00 -> %x28
T1926856   0x0000ffff898f73b8  eb1c031f   subs   %x24 %x28 lsl $0x00 -> %xzr
T1926856   0x0000ffff898f73bc  540014c9   b.ls   $0x0000ffff898f7654
T1926856   0x0000ffff898f7654  52800000   movz   $0x0000 lsl $0x00 -> %w0
T1926856   0x0000ffff898f7658  a9427bfd   ldp    +0x20(%sp)[16byte] -> %x29 %x30
T1926856     read  16 byte(s) @ 0xffffd2962c70
T1926856   0x0000ffff898f765c  a94353f3   ldp    +0x30(%sp)[16byte] -> %x19 %x20
T1926856     read  16 byte(s) @ 0xffffd2962c80
T1926856   0x0000ffff898f7660  a9445bf5   ldp    +0x40(%sp)[16byte] -> %x21 %x22
T1926856     read  16 byte(s) @ 0xffffd2962c90
T1926856   0x0000ffff898f7664  a94563f7   ldp    +0x50(%sp)[16byte] -> %x23 %x24
T1926856     read  16 byte(s) @ 0xffffd2962ca0
T1926856   0x0000ffff898f7668  a9466bf9   ldp    +0x60(%sp)[16byte] -> %x25 %x26
T1926856     read  16 byte(s) @ 0xffffd2962cb0
T1926856   0x0000ffff898f766c  a94773fb   ldp    +0x70(%sp)[16byte] -> %x27 %x28
T1926856     read  16 byte(s) @ 0xffffd2962cc0
T1926856   0x0000ffff898f7670  910403ff   add    %sp $0x0100 lsl $0x00 -> %sp
T1926856   0x0000ffff898f7674  d65f03c0   ret    %x30
T1926856   0x0000ffff898f7e90  34fffe20   cbz    $0x0000ffff898f7e54 %w0
T1926856   0x0000ffff898f7e54  f8408f85   ldr    +0x08(%x28)[8byte] %x28 $0x0000000000000008 -> %x5 %x28
T1926856     read  8 byte(s) @ 0xfffd45874008
T1926856   0x0000ffff898f7e58  d2800006   movz   $0x0000 lsl $0x00 -> %x6
T1926856   0x0000ffff898f7e5c  f9400263   ldr    (%x19)[8byte] -> %x3
T1926856     read  8 byte(s) @ 0xffffd2962f30
T1926856   0x0000ffff898f7e60  b40001c5   cbz    $0x0000ffff898f7e98 %x5
T1926856   0x0000ffff898f7e98  f9406fe0   ldr    +0xd8(%sp)[8byte] -> %x0
T1926856     read  8 byte(s) @ 0xffffd2962e28
T1926856   0x0000ffff898f7e9c  b40009c0   cbz    $0x0000ffff898f7fd4 %x0
T1926856   0x0000ffff898f7fd4  b40000a3   cbz    $0x0000ffff898f7fe8 %x3
T1926856   0x0000ffff898f7fd8  39401060   ldrb   +0x04(%x3)[1byte] -> %w0
T1926856     read  1 byte(s) @ 0xffff857e44f4
T1926856   0x0000ffff898f7fdc  53047c00   ubfm   %w0 $0x04 $0x1f -> %w0
T1926856   0x0000ffff898f7fe0  7100081f   subs   %w0 $0x0002 lsl $0x00 -> %wzr
T1926856   0x0000ffff898f7fe4  54000340   b.eq   $0x0000ffff898f804c
T1926856   0x0000ffff898f804c  d280001c   movz   $0x0000 lsl $0x00 -> %x28
T1926856   0x0000ffff898f8050  f900027f   str    %xzr -> (%x19)[8byte]
T1926856     write 8 byte(s) @ 0xffffd2962f30
T1926856   0x0000ffff898f8054  17ffffa7   b      $0x0000ffff898f7ef0
T1926856   0x0000ffff898f7ef0  aa1c03e0   orr    %xzr %x28 lsl $0x00 -> %x0
T1926856   0x0000ffff898f7ef4  a9427bfd   ldp    +0x20(%sp)[16byte] -> %x29 %x30
T1926856     read  16 byte(s) @ 0xffffd2962d70
T1926856   0x0000ffff898f7ef8  a94353f3   ldp    +0x30(%sp)[16byte] -> %x19 %x20
T1926856     read  16 byte(s) @ 0xffffd2962d80
T1926856   0x0000ffff898f7efc  a9445bf5   ldp    +0x40(%sp)[16byte] -> %x21 %x22
T1926856     read  16 byte(s) @ 0xffffd2962d90
T1926856   0x0000ffff898f7f00  a94563f7   ldp    +0x50(%sp)[16byte] -> %x23 %x24
T1926856     read  16 byte(s) @ 0xffffd2962da0
T1926856   0x0000ffff898f7f04  a9466bf9   ldp    +0x60(%sp)[16byte] -> %x25 %x26
T1926856     read  16 byte(s) @ 0xffffd2962db0
T1926856   0x0000ffff898f7f08  a94773fb   ldp    +0x70(%sp)[16byte] -> %x27 %x28
T1926856     read  16 byte(s) @ 0xffffd2962dc0
T1926856   0x0000ffff898f7f0c  910443ff   add    %sp $0x0110 lsl $0x00 -> %sp
T1926856   0x0000ffff898f7f10  d65f03c0   ret    %x30
T1926856   0x0000ffff898f9920  aa0003e4   orr    %xzr %x0 lsl $0x00 -> %x4
T1926856   0x0000ffff898f9924  a94b2fa8   ldp    +0xb0(%x29)[16byte] -> %x8 %x11
T1926856     read  16 byte(s) @ 0xffffd2962f20
T1926856   0x0000ffff898f9928  f9022280   str    %x0 -> +0x0440(%x20)[8byte]
T1926856     write 8 byte(s) @ 0xffff89921640
T1926856   0x0000ffff898f992c  f94063a3   ldr    +0xc0(%x29)[8byte] -> %x3
T1926856     read  8 byte(s) @ 0xffffd2962f30
T1926856   0x0000ffff898f9930  f9022683   str    %x3 -> +0x0448(%x20)[8byte]
T1926856     write 8 byte(s) @ 0xffff89921648
T1926856   0x0000ffff898f9934  b50016c3   cbnz   $0x0000ffff898f9c0c %x3
T1926856   0x0000ffff898f9938  7110167f   subs   %w19 $0x0405 lsl $0x00 -> %wzr
T1926856   0x0000ffff898f993c  54000160   b.eq   $0x0000ffff898f9968
T1926856   0x0000ffff898f9940  54001588   b.hi   $0x0000ffff898f9bf0
T1926856   0x0000ffff898f9944  7110127f   subs   %w19 $0x0404 lsl $0x00 -> %wzr
T1926856   0x0000ffff898f9948  54001740   b.eq   $0x0000ffff898f9c30
T1926856   0x0000ffff898f994c  7110027f   subs   %w19 $0x0400 lsl $0x00 -> %wzr
T1926856   0x0000ffff898f9950  540014c8   b.hi   $0x0000ffff898f9be8
T1926856   0x0000ffff898f9be8  d2800006   movz   $0x0000 lsl $0x00 -> %x6
T1926856   0x0000ffff898f9bec  17ffffd5   b      $0x0000ffff898f9b40
T1926856   0x0000ffff898f9b40  f9400b60   ldr    +0x10(%x27)[8byte] -> %x0
T1926856     read  8 byte(s) @ 0xffff857e62b8
T1926856   0x0000ffff898f9b44  8b060000   add    %x0 %x6 lsl $0x00 -> %x0
T1926856   0x0000ffff898f9b48  f8286b80   str    %x0 -> (%x28,%x8)[8byte]
T1926856     write 8 byte(s) @ 0xffff8580ae58
T1926856   0x0000ffff898f9b4c  17ffff87   b      $0x0000ffff898f9968
T1926856   0x0000ffff898f9968  9100637b   add    %x27 $0x0018 lsl $0x00 -> %x27
T1926856   0x0000ffff898f996c  eb1b035f   subs   %x26 %x27 lsl $0x00 -> %xzr
T1926856   0x0000ffff898f9970  54fff6c8   b.hi   $0x0000ffff898f9848
T1926856   0x0000ffff898f9848  a9404f68   ldp    (%x27)[16byte] -> %x8 %x19
T1926856     read  16 byte(s) @ 0xffff857e62c0
T1926856   0x0000ffff898f984c  f9418e84   ldr    +0x0318(%x20)[8byte] -> %x4
T1926856     read  8 byte(s) @ 0xffff89921518
T1926856   0x0000ffff898f9850  d360fe60   ubfm   %x19 $0x20 $0x3f -> %x0
T1926856   0x0000ffff898f9854  71100e7f   subs   %w19 $0x0403 lsl $0x00 -> %wzr
T1926856   0x0000ffff898f9858  2a1303f6   orr    %wzr %w19 lsl $0x00 -> %w22
T1926856   0x0000ffff898f985c  8b08038b   add    %x28 %x8 lsl $0x00 -> %x11
T1926856   0x0000ffff898f9860  8b000415   add    %x0 %x0 lsl $0x01 -> %x21
T1926856   0x0000ffff898f9864  78607b00   ldrh   (%x24,%x0,uxtx #1)[2byte] -> %w0
T1926856     read  2 byte(s) @ 0xffff857e5492
T1926856   0x0000ffff898f9868  d37df2b5   ubfm   %x21 $0x3d $0x3c -> %x21
T1926856   0x0000ffff898f986c  8b150337   add    %x25 %x21 lsl $0x00 -> %x23
T1926856   0x0000ffff898f9870  f90063b7   str    %x23 -> +0xc0(%x29)[8byte]
T1926856     write 8 byte(s) @ 0xffffd2962f30
T1926856   0x0000ffff898f9874  54001e60   b.eq   $0x0000ffff898f9c40
T1926856   0x0000ffff898f9878  34000793   cbz    $0x0000ffff898f9968 %w19
T1926856   0x0000ffff898f987c  394012e2   ldrb   +0x04(%x23)[1byte] -> %w2
T1926856     read  1 byte(s) @ 0xffff857e453c
T1926856   0x0000ffff898f9880  6b4213ff   subs   %wzr %w2 lsr $0x04 -> %wzr
T1926856   0x0000ffff898f9884  540009c0   b.eq   $0x0000ffff898f99bc
T1926856   0x0000ffff898f9888  394016e1   ldrb   +0x05(%x23)[1byte] -> %w1
T1926856     read  1 byte(s) @ 0xffff857e453d
T1926856   0x0000ffff898f988c  12000421   and    %w1 $0x00000003 -> %w1
T1926856   0x0000ffff898f9890  51000421   sub    %w1 $0x0001 lsl $0x00 -> %w1
T1926856   0x0000ffff898f9894  7100043f   subs   %w1 $0x0001 lsl $0x00 -> %wzr
T1926856   0x0000ffff898f9898  54000929   b.ls   $0x0000ffff898f99bc
T1926856   0x0000ffff898f989c  f9421a81   ldr    +0x0430(%x20)[8byte] -> %x1
T1926856     read  8 byte(s) @ 0xffff89921630
T1926856   0x0000ffff898f98a0  eb0102ff   subs   %x23 %x1 lsl $0x00 -> %xzr
T1926856   0x0000ffff898f98a4  54002200   b.eq   $0x0000ffff898f9ce4
T1926856   0x0000ffff898f98a8  51100a61   sub    %w19 $0x0402 lsl $0x00 -> %w1
T1926856   0x0000ffff898f98ac  52800025   movz   $0x0001 lsl $0x00 -> %w5
T1926856   0x0000ffff898f98b0  721e783f   ands   %w1 $0xfffffffd -> %wzr
T1926856   0x0000ffff898f98b4  54000080   b.eq   $0x0000ffff898f98c4
T1926856   0x0000ffff898f98b8  51101661   sub    %w19 $0x0405 lsl $0x00 -> %w1
T1926856   0x0000ffff898f98bc  7100083f   subs   %w1 $0x0002 lsl $0x00 -> %wzr
T1926856   0x0000ffff898f98c0  1a9f87e5   csinc  %wzr %wzr hi -> %w5
T1926856   0x0000ffff898f98c4  7110027f   subs   %w19 $0x0400 lsl $0x00 -> %wzr
T1926856   0x0000ffff898f98c8  54001b00   b.eq   $0x0000ffff898f9c28
T1926856   0x0000ffff898f98cc  7110067f   subs   %w19 $0x0401 lsl $0x00 -> %wzr
T1926856   0x0000ffff898f98d0  321e00a1   orr    %w5 $0x00000004 -> %w1
T1926856   0x0000ffff898f98d4  1a850025   csel   %w1 %w5 eq -> %w5
T1926856   0x0000ffff898f98d8  12003800   and    %w0 $0x00007fff -> %w0
T1926856   0x0000ffff898f98dc  52800301   movz   $0x0018 lsl $0x00 -> %w1
T1926856   0x0000ffff898f98e0  f9021a97   str    %x23 -> +0x0430(%x20)[8byte]
T1926856     write 8 byte(s) @ 0xffff89921630
T1926856   0x0000ffff898f98e4  b9043a85   str    %w5 -> +0x0438(%x20)[4byte]
T1926856     write 4 byte(s) @ 0xffff89921638
T1926856   0x0000ffff898f98e8  9ba11004   umaddl %w0 %w1 %x4 -> %x4
T1926856   0x0000ffff898f98ec  b4000084   cbz    $0x0000ffff898f98fc %x4
T1926856   0x0000ffff898f98f0  b9400880   ldr    +0x08(%x4)[4byte] -> %w0
T1926856     read  4 byte(s) @ 0xffff898e35b8
T1926856   0x0000ffff898f98f4  7100001f   subs   %w0 $0x0000 lsl $0x00 -> %wzr
T1926856   0x0000ffff898f98f8  9a9f1084   csel   %x4 %xzr ne -> %x4
T1926856   0x0000ffff898f98fc  a94a07a3   ldp    +0xa0(%x29)[16byte] -> %x3 %x1
T1926856     read  16 byte(s) @ 0xffffd2962f10
T1926856   0x0000ffff898f9900  910303a2   add    %x29 $0x00c0 lsl $0x00 -> %x2
T1926856   0x0000ffff898f9904  b8756b20   ldr    (%x25,%x21)[4byte] -> %w0
T1926856     read  4 byte(s) @ 0xffff857e4538
T1926856   0x0000ffff898f9908  d2800007   movz   $0x0000 lsl $0x00 -> %x7
T1926856   0x0000ffff898f990c  52800126   movz   $0x0009 lsl $0x00 -> %w6
T1926856   0x0000ffff898f9910  a90b2fa8   stp    %x8 %x11 -> +0xb0(%x29)[16byte]
T1926856     write 16 byte(s) @ 0xffffd2962f20
T1926856   0x0000ffff898f9914  8b000020   add    %x1 %x0 lsl $0x00 -> %x0
T1926856   0x0000ffff898f9918  aa1403e1   orr    %xzr %x20 lsl $0x00 -> %x1
T1926856   0x0000ffff898f991c  97fff921   bl     $0x0000ffff898f7da0 -> %x30
T1926856   0x0000ffff898f7da0  d10443ff   sub    %sp $0x0110 lsl $0x00 -> %sp
T1926856   0x0000ffff898f7da4  a9027bfd   stp    %x29 %x30 -> +0x20(%sp)[16byte]
T1926856     write 16 byte(s) @ 0xffffd2962d70
T1926856   0x0000ffff898f7da8  910083fd   add    %sp $0x0020 lsl $0x00 -> %x29
T1926856   0x0000ffff898f7dac  a90353f3   stp    %x19 %x20 -> +0x30(%sp)[16byte]
T1926856     write 16 byte(s) @ 0xffffd2962d80
T1926856   0x0000ffff898f7db0  aa0203f3   orr    %xzr %x2 lsl $0x00 -> %x19
T1926856   0x0000ffff898f7db4  aa0703f4   orr    %xzr %x7 lsl $0x00 -> %x20
T1926856   0x0000ffff898f7db8  a9045bf5   stp    %x21 %x22 -> +0x40(%sp)[16byte]
T1926856     write 16 byte(s) @ 0xffffd2962d90
T1926856   0x0000ffff898f7dbc  aa0403f5   orr    %xzr %x4 lsl $0x00 -> %x21
T1926856   0x0000ffff898f7dc0  2a0603f6   orr    %wzr %w6 lsl $0x00 -> %w22
T1926856   0x0000ffff898f7dc4  a90563f7   stp    %x23 %x24 -> +0x50(%sp)[16byte]
T1926856     write 16 byte(s) @ 0xffffd2962da0
T1926856   0x0000ffff898f7dc8  aa0103f7   orr    %xzr %x1 lsl $0x00 -> %x23
T1926856   0x0000ffff898f7dcc  a9066bf9   stp    %x25 %x26 -> +0x60(%sp)[16byte]
T1926856     write 16 byte(s) @ 0xffffd2962db0
T1926856   0x0000ffff898f7dd0  a90773fb   stp    %x27 %x28 -> +0x70(%sp)[16byte]
T1926856     write 16 byte(s) @ 0xffffd2962dc0
T1926856   0x0000ffff898f7dd4  aa0003fb   orr    %xzr %x0 lsl $0x00 -> %x27
T1926856   0x0000ffff898f7dd8  39400008   ldrb   (%x0)[1byte] -> %w8
T1926856     read  1 byte(s) @ 0xffff857e523d
T1926856   0x0000ffff898f7ddc  b90083e5   str    %w5 -> +0x80(%sp)[4byte]
T1926856     write 4 byte(s) @ 0xffffd2962dd0
T1926856   0x0000ffff898f7de0  f9004be3   str    %x3 -> +0x90(%sp)[8byte]
T1926856     write 8 byte(s) @ 0xffffd2962de0
T1926856   0x0000ffff898f7de4  34000f48   cbz    $0x0000ffff898f7fcc %w8
T1926856   0x0000ffff898f7de8  d282a0a1   movz   $0x1505 lsl $0x00 -> %x1
T1926856   0x0000ffff898f7dec  d503201f   nop
T1926856   0x0000ffff898f7df0  8b011421   add    %x1 %x1 lsl $0x05 -> %x1
T1926856   0x0000ffff898f7df4  8b280021   add    %x1 %x8 uxtb $0x00 -> %x1
T1926856   0x0000ffff898f7df8  38401c08   ldrb   +0x01(%x0)[1byte] %x0 $0x0000000000000001 -> %w8 %x0
T1926856     read  1 byte(s) @ 0xffff857e523e
T1926856   0x0000ffff898f7dfc  35ffffa8   cbnz   $0x0000ffff898f7df0 %w8
T1926856   0x0000ffff898f7df0  8b011421   add    %x1 %x1 lsl $0x05 -> %x1
T1926856   0x0000ffff898f7df4  8b280021   add    %x1 %x8 uxtb $0x00 -> %x1
T1926856   0x0000ffff898f7df8  38401c08   ldrb   +0x01(%x0)[1byte] %x0 $0x0000000000000001 -> %w8 %x0
T1926856     read  1 byte(s) @ 0xffff857e523f
T1926856   0x0000ffff898f7dfc  35ffffa8   cbnz   $0x0000ffff898f7df0 %w8
T1926856   0x0000ffff898f7df0  8b011421   add    %x1 %x1 lsl $0x05 -> %x1
T1926856   0x0000ffff898f7df4  8b280021   add    %x1 %x8 uxtb $0x00 -> %x1
T1926856   0x0000ffff898f7df8  38401c08   ldrb   +0x01(%x0)[1byte] %x0 $0x0000000000000001 -> %w8 %x0
T1926856     read  1 byte(s) @ 0xffff857e5240
T1926856   0x0000ffff898f7dfc  35ffffa8   cbnz   $0x0000ffff898f7df0 %w8
T1926856   0x0000ffff898f7df0  8b011421   add    %x1 %x1 lsl $0x05 -> %x1
T1926856   0x0000ffff898f7df4  8b280021   add    %x1 %x8 uxtb $0x00 -> %x1
T1926856   0x0000ffff898f7df8  38401c08   ldrb   +0x01(%x0)[1byte] %x0 $0x0000000000000001 -> %w8 %x0
T1926856     read  1 byte(s) @ 0xffff857e5241
T1926856   0x0000ffff898f7dfc  35ffffa8   cbnz   $0x0000ffff898f7df0 %w8
T1926856   0x0000ffff898f7df0  8b011421   add    %x1 %x1 lsl $0x05 -> %x1
T1926856   0x0000ffff898f7df4  8b280021   add    %x1 %x8 uxtb $0x00 -> %x1
T1926856   0x0000ffff898f7df8  38401c08   ldrb   +0x01(%x0)[1byte] %x0 $0x0000000000000001 -> %w8 %x0
T1926856     read  1 byte(s) @ 0xffff857e5242
T1926856   0x0000ffff898f7dfc  35ffffa8   cbnz   $0x0000ffff898f7df0 %w8
T1926856   0x0000ffff898f7df0  8b011421   add    %x1 %x1 lsl $0x05 -> %x1
T1926856   0x0000ffff898f7df4  8b280021   add    %x1 %x8 uxtb $0x00 -> %x1
T1926856   0x0000ffff898f7df8  38401c08   ldrb   +0x01(%x0)[1byte] %x0 $0x0000000000000001 -> %w8 %x0
T1926856     read  1 byte(s) @ 0xffff857e5243
T1926856   0x0000ffff898f7dfc  35ffffa8   cbnz   $0x0000ffff898f7df0 %w8
T1926856   0x0000ffff898f7df0  8b011421   add    %x1 %x1 lsl $0x05 -> %x1
T1926856   0x0000ffff898f7df4  8b280021   add    %x1 %x8 uxtb $0x00 -> %x1
T1926856   0x0000ffff898f7df8  38401c08   ldrb   +0x01(%x0)[1byte] %x0 $0x0000000000000001 -> %w8 %x0
T1926856     read  1 byte(s) @ 0xffff857e5244
T1926856   0x0000ffff898f7dfc  35ffffa8   cbnz   $0x0000ffff898f7df0 %w8
T1926856   0x0000ffff898f7df0  8b011421   add    %x1 %x1 lsl $0x05 -> %x1
T1926856   0x0000ffff898f7df4  8b280021   add    %x1 %x8 uxtb $0x00 -> %x1
T1926856   0x0000ffff898f7df8  38401c08   ldrb   +0x01(%x0)[1byte] %x0 $0x0000000000000001 -> %w8 %x0
T1926856     read  1 byte(s) @ 0xffff857e5245
T1926856   0x0000ffff898f7dfc  35ffffa8   cbnz   $0x0000ffff898f7df0 %w8
T1926856   0x0000ffff898f7df0  8b011421   add    %x1 %x1 lsl $0x05 -> %x1
T1926856   0x0000ffff898f7df4  8b280021   add    %x1 %x8 uxtb $0x00 -> %x1
T1926856   0x0000ffff898f7df8  38401c08   ldrb   +0x01(%x0)[1byte] %x0 $0x0000000000000001 -> %w8 %x0
T1926856     read  1 byte(s) @ 0xffff857e5246
T1926856   0x0000ffff898f7dfc  35ffffa8   cbnz   $0x0000ffff898f7df0 %w8
T1926856   0x0000ffff898f7df0  8b011421   add    %x1 %x1 lsl $0x05 -> %x1
T1926856   0x0000ffff898f7df4  8b280021   add    %x1 %x8 uxtb $0x00 -> %x1
T1926856   0x0000ffff898f7df8  38401c08   ldrb   +0x01(%x0)[1byte] %x0 $0x0000000000000001 -> %w8 %x0
T1926856     read  1 byte(s) @ 0xffff857e5247
T1926856   0x0000ffff898f7dfc  35ffffa8   cbnz   $0x0000ffff898f7df0 %w8
T1926856   0x0000ffff898f7df0  8b011421   add    %x1 %x1 lsl $0x05 -> %x1
T1926856   0x0000ffff898f7df4  8b280021   add    %x1 %x8 uxtb $0x00 -> %x1
T1926856   0x0000ffff898f7df8  38401c08   ldrb   +0x01(%x0)[1byte] %x0 $0x0000000000000001 -> %w8 %x0
T1926856     read  1 byte(s) @ 0xffff857e5248
T1926856   0x0000ffff898f7dfc  35ffffa8   cbnz   $0x0000ffff898f7df0 %w8
T1926856   0x0000ffff898f7df0  8b011421   add    %x1 %x1 lsl $0x05 -> %x1
T1926856   0x0000ffff898f7df4  8b280021   add    %x1 %x8 uxtb $0x00 -> %x1
T1926856   0x0000ffff898f7df8  38401c08   ldrb   +0x01(%x0)[1byte] %x0 $0x0000000000000001 -> %w8 %x0
T1926856     read  1 byte(s) @ 0xffff857e5249
T1926856   0x0000ffff898f7dfc  35ffffa8   cbnz   $0x0000ffff898f7df0 %w8
T1926856   0x0000ffff898f7df0  8b011421   add    %x1 %x1 lsl $0x05 -> %x1
T1926856   0x0000ffff898f7df4  8b280021   add    %x1 %x8 uxtb $0x00 -> %x1
T1926856   0x0000ffff898f7df8  38401c08   ldrb   +0x01(%x0)[1byte] %x0 $0x0000000000000001 -> %w8 %x0
T1926856     read  1 byte(s) @ 0xffff857e524a
T1926856   0x0000ffff898f7dfc  35ffffa8   cbnz   $0x0000ffff898f7df0 %w8
T1926856   0x0000ffff898f7df0  8b011421   add    %x1 %x1 lsl $0x05 -> %x1
T1926856   0x0000ffff898f7df4  8b280021   add    %x1 %x8 uxtb $0x00 -> %x1
T1926856   0x0000ffff898f7df8  38401c08   ldrb   +0x01(%x0)[1byte] %x0 $0x0000000000000001 -> %w8 %x0
T1926856     read  1 byte(s) @ 0xffff857e524b
T1926856   0x0000ffff898f7dfc  35ffffa8   cbnz   $0x0000ffff898f7df0 %w8
T1926856   0x0000ffff898f7e00  92407c3a   and    %x1 $0x00000000ffffffff -> %x26
T1926856   0x0000ffff898f7e04  b0000140   adrp   <rel> 0x0000ffff89920000 -> %x0
T1926856   0x0000ffff898f7e08  91018002   add    %x0 $0x0060 lsl $0x00 -> %x2
T1926856   0x0000ffff898f7e0c  b2407fe0   orr    %xzr $0x00000000ffffffff -> %x0
T1926856   0x0000ffff898f7e10  f90067e0   str    %x0 -> +0xc8(%sp)[8byte]
T1926856     write 8 byte(s) @ 0xffffd2962e18
T1926856   0x0000ffff898f7e14  a90dffff   stp    %xzr %xzr -> +0xd8(%sp)[16byte]
T1926856     write 16 byte(s) @ 0xffffd2962e28
T1926856   0x0000ffff898f7e18  f9450040   ldr    +0x0a00(%x2)[8byte] -> %x0
T1926856     read  8 byte(s) @ 0xffff89920a60
T1926856   0x0000ffff898f7e1c  91000400   add    %x0 $0x0001 lsl $0x00 -> %x0
T1926856   0x0000ffff898f7e20  f9050040   str    %x0 -> +0x0a00(%x2)[8byte]
T1926856     write 8 byte(s) @ 0xffff89920a60
T1926856   0x0000ffff898f7e24  b4000055   cbz    $0x0000ffff898f7e2c %x21
T1926856   0x0000ffff898f7e28  37086c56   tbnz   $0x0000ffff898f8bb0 %x22 $0x01
T1926856   0x0000ffff898f7e2c  f9404be0   ldr    +0x90(%sp)[8byte] -> %x0
T1926856     read  8 byte(s) @ 0xffffd2962de0
T1926856   0x0000ffff898f7e30  f9400263   ldr    (%x19)[8byte] -> %x3
T1926856     read  8 byte(s) @ 0xffffd2962f30
T1926856   0x0000ffff898f7e34  f9400005   ldr    (%x0)[8byte] -> %x5
T1926856     read  8 byte(s) @ 0xffff89921598
T1926856   0x0000ffff898f7e38  b5001114   cbnz   $0x0000ffff898f8058 %x20
T1926856   0x0000ffff898f7e3c  b4000cc5   cbz    $0x0000ffff898f7fd4 %x5
T1926856   0x0000ffff898f7e40  f90047ff   str    %xzr -> +0x88(%sp)[8byte]
T1926856     write 8 byte(s) @ 0xffffd2962dd8
T1926856   0x0000ffff898f7e44  910363f8   add    %sp $0x00d8 lsl $0x00 -> %x24
T1926856   0x0000ffff898f7e48  910323f9   add    %sp $0x00c8 lsl $0x00 -> %x25
T1926856   0x0000ffff898f7e4c  a948f3e6   ldp    +0x88(%sp)[16byte] -> %x6 %x28
T1926856     read  16 byte(s) @ 0xffffd2962dd8
T1926856   0x0000ffff898f7e50  14000005   b      $0x0000ffff898f7e64
T1926856   0x0000ffff898f7e64  b94083e0   ldr    +0x80(%sp)[4byte] -> %w0
T1926856     read  4 byte(s) @ 0xffffd2962dd0
T1926856   0x0000ffff898f7e68  aa1503e7   orr    %xzr %x21 lsl $0x00 -> %x7
T1926856   0x0000ffff898f7e6c  b90003f6   str    %w22 -> (%sp)[4byte]
T1926856     write 4 byte(s) @ 0xffffd2962d50
T1926856   0x0000ffff898f7e70  aa1803e4   orr    %xzr %x24 lsl $0x00 -> %x4
T1926856   0x0000ffff898f7e74  f90007f4   str    %x20 -> +0x08(%sp)[8byte]
T1926856     write 8 byte(s) @ 0xffffd2962d58
T1926856   0x0000ffff898f7e78  aa1903e2   orr    %xzr %x25 lsl $0x00 -> %x2
T1926856   0x0000ffff898f7e7c  b90013e0   str    %w0 -> +0x10(%sp)[4byte]
T1926856     write 4 byte(s) @ 0xffffd2962d60
T1926856   0x0000ffff898f7e80  aa1a03e1   orr    %xzr %x26 lsl $0x00 -> %x1
T1926856   0x0000ffff898f7e84  f9000ff7   str    %x23 -> +0x18(%sp)[8byte]
T1926856     write 8 byte(s) @ 0xffffd2962d68
T1926856   0x0000ffff898f7e88  aa1b03e0   orr    %xzr %x27 lsl $0x00 -> %x0
T1926856   0x0000ffff898f7e8c  97fffd15   bl     $0x0000ffff898f72e0 -> %x30
T1926856   0x0000ffff898f72e0  d10403ff   sub    %sp $0x0100 lsl $0x00 -> %sp
T1926856   0x0000ffff898f72e4  a9027bfd   stp    %x29 %x30 -> +0x20(%sp)[16byte]
T1926856     write 16 byte(s) @ 0xffffd2962c70
T1926856   0x0000ffff898f72e8  910083fd   add    %sp $0x0020 lsl $0x00 -> %x29
T1926856   0x0000ffff898f72ec  b94008aa   ldr    +0x08(%x5)[4byte] -> %w10
T1926856     read  4 byte(s) @ 0xffff899214f8
T1926856   0x0000ffff898f72f0  a9045bf5   stp    %x21 %x22 -> +0x40(%sp)[16byte]
T1926856     write 16 byte(s) @ 0xffffd2962c90
T1926856   0x0000ffff898f72f4  aa0003f5   orr    %xzr %x0 lsl $0x00 -> %x21
T1926856   0x0000ffff898f72f8  b94103e0   ldr    +0x0100(%sp)[4byte] -> %w0
T1926856     read  4 byte(s) @ 0xffffd2962d50
T1926856   0x0000ffff898f72fc  b94113f6   ldr    +0x0110(%sp)[4byte] -> %w22
T1926856     read  4 byte(s) @ 0xffffd2962d60
T1926856   0x0000ffff898f7300  a90353f3   stp    %x19 %x20 -> +0x30(%sp)[16byte]
T1926856     write 16 byte(s) @ 0xffffd2962c80
T1926856   0x0000ffff898f7304  a90563f7   stp    %x23 %x24 -> +0x50(%sp)[16byte]
T1926856     write 16 byte(s) @ 0xffffd2962ca0
T1926856   0x0000ffff898f7308  aa0a03f7   orr    %xzr %x10 lsl $0x00 -> %x23
T1926856   0x0000ffff898f730c  a9066bf9   stp    %x25 %x26 -> +0x60(%sp)[16byte]
T1926856     write 16 byte(s) @ 0xffffd2962cb0
T1926856   0x0000ffff898f7310  a90773fb   stp    %x27 %x28 -> +0x70(%sp)[16byte]
T1926856     write 16 byte(s) @ 0xffffd2962cc0
T1926856   0x0000ffff898f7314  a90993e3   stp    %x3 %x4 -> +0x98(%sp)[16byte]
T1926856     write 16 byte(s) @ 0xffffd2962ce8
T1926856   0x0000ffff898f7318  b900b3e0   str    %w0 -> +0xb0(%sp)[4byte]
T1926856     write 4 byte(s) @ 0xffffd2962d00
T1926856   0x0000ffff898f731c  a90b9fe2   stp    %x2 %x7 -> +0xb8(%sp)[16byte]
T1926856     write 16 byte(s) @ 0xffffd2962d08
T1926856   0x0000ffff898f7320  f94087ed   ldr    +0x0108(%sp)[8byte] -> %x13
T1926856     read  8 byte(s) @ 0xffffd2962d58
T1926856   0x0000ffff898f7324  d346fc20   ubfm   %x1 $0x06 $0x3f -> %x0
T1926856   0x0000ffff898f7328  f9004be0   str    %x0 -> +0x90(%sp)[8byte]
T1926856     write 8 byte(s) @ 0xffffd2962ce0
T1926856   0x0000ffff898f732c  f94000ba   ldr    (%x5)[8byte] -> %x26
T1926856     read  8 byte(s) @ 0xffff899214f0
T1926856   0x0000ffff898f7330  9103d3e0   add    %sp $0x00f4 lsl $0x00 -> %x0
T1926856   0x0000ffff898f7334  f90043e0   str    %x0 -> +0x80(%sp)[8byte]
T1926856     write 8 byte(s) @ 0xffffd2962cd0
T1926856   0x0000ffff898f7338  9103e3e0   add    %sp $0x00f8 lsl $0x00 -> %x0
T1926856   0x0000ffff898f733c  aa1703f8   orr    %xzr %x23 lsl $0x00 -> %x24
T1926856   0x0000ffff898f7340  aa0603fc   orr    %xzr %x6 lsl $0x00 -> %x28
T1926856   0x0000ffff898f7344  aa1503f7   orr    %xzr %x21 lsl $0x00 -> %x23
T1926856   0x0000ffff898f7348  aa0d03f4   orr    %xzr %x13 lsl $0x00 -> %x20
T1926856   0x0000ffff898f734c  aa1a03f5   orr    %xzr %x26 lsl $0x00 -> %x21
T1926856   0x0000ffff898f7350  aa0103fa   orr    %xzr %x1 lsl $0x00 -> %x26
T1926856   0x0000ffff898f7354  f90047e0   str    %x0 -> +0x88(%sp)[8byte]
T1926856     write 8 byte(s) @ 0xffffd2962cd8
T1926856   0x0000ffff898f7358  d0000080   adrp   <rel> 0x0000ffff89909000 -> %x0
T1926856   0x0000ffff898f735c  91290000   add    %x0 $0x0a40 lsl $0x00 -> %x0
T1926856   0x0000ffff898f7360  f90057e0   str    %x0 -> +0xa8(%sp)[8byte]
T1926856     write 8 byte(s) @ 0xffffd2962cf8
T1926856   0x0000ffff898f7364  14000017   b      $0x0000ffff898f73c0
T1926856   0x0000ffff898f73c0  f87c7aa0   ldr    (%x21,%x28,uxtx #3)[8byte] -> %x0
T1926856     read  8 byte(s) @ 0xffff898e3560
T1926856   0x0000ffff898f73c4  f9401419   ldr    +0x28(%x0)[8byte] -> %x25
T1926856     read  8 byte(s) @ 0xffff89921228
T1926856   0x0000ffff898f73c8  eb14033f   subs   %x25 %x20 lsl $0x00 -> %xzr
T1926856   0x0000ffff898f73cc  54ffff40   b.eq   $0x0000ffff898f73b4
T1926856   0x0000ffff898f73d0  121f02ca   and    %w22 $0x00000002 -> %w10
T1926856   0x0000ffff898f73d4  36080096   tbz    $0x0000ffff898f73e4 %x22 $0x01
T1926856   0x0000ffff898f73e4  394d3720   ldrb   +0x034d(%x25)[1byte] -> %w0
T1926856     read  1 byte(s) @ 0xffff8992154d
T1926856   0x0000ffff898f73e8  372ffe60   tbnz   $0x0000ffff898f73b4 %x0 $0x05
T1926856   0x0000ffff898f73ec  90000153   adrp   <rel> 0x0000ffff8991f000 -> %x19
T1926856   0x0000ffff898f73f0  b946da60   ldr    +0x06d8(%x19)[4byte] -> %w0
T1926856     read  4 byte(s) @ 0xffff8991f6d8
T1926856   0x0000ffff898f73f4  361ffba0   tbz    $0x0000ffff898f7368 %x0 $0x03
T1926856   0x0000ffff898f7368  b9432722   ldr    +0x0324(%x25)[4byte] -> %w2
T1926856     read  4 byte(s) @ 0xffff89921524
T1926856   0x0000ffff898f736c  34000242   cbz    $0x0000ffff898f73b4 %w2
T1926856   0x0000ffff898f7370  a9468720   ldp    +0x68(%x25)[16byte] -> %x0 %x1
T1926856     read  16 byte(s) @ 0xffff89921268
T1926856   0x0000ffff898f7374  b900f7ff   str    %wzr -> +0xf4(%sp)[4byte]
T1926856     write 4 byte(s) @ 0xffffd2962d44
T1926856   0x0000ffff898f7378  f9419b23   ldr    +0x0330(%x25)[8byte] -> %x3
T1926856     read  8 byte(s) @ 0xffff89921530
T1926856   0x0000ffff898f737c  f9007fff   str    %xzr -> +0xf8(%sp)[8byte]
T1926856     write 8 byte(s) @ 0xffffd2962d48
T1926856   0x0000ffff898f7380  f9400407   ldr    +0x08(%x0)[8byte] -> %x7
T1926856     read  8 byte(s) @ 0xffff8580aa50
T1926856   0x0000ffff898f7384  f940042c   ldr    +0x08(%x1)[8byte] -> %x12
T1926856     read  8 byte(s) @ 0xffff8580aa60
T1926856   0x0000ffff898f7388  b4000683   cbz    $0x0000ffff898f7458 %x3
T1926856   0x0000ffff898f738c  f9404be4   ldr    +0x90(%sp)[8byte] -> %x4
T1926856     read  8 byte(s) @ 0xffffd2962ce0
T1926856   0x0000ffff898f7390  b9432b21   ldr    +0x0328(%x25)[4byte] -> %w1
T1926856     read  4 byte(s) @ 0xffff89921528
T1926856   0x0000ffff898f7394  b9432f20   ldr    +0x032c(%x25)[4byte] -> %w0
T1926856     read  4 byte(s) @ 0xffff8992152c
T1926856   0x0000ffff898f7398  8a040021   and    %x1 %x4 lsl $0x00 -> %x1
T1926856   0x0000ffff898f739c  9ac02740   lsrv   %x26 %x0 -> %x0
T1926856   0x0000ffff898f73a0  f8617861   ldr    (%x3,%x1,uxtx #3)[8byte] -> %x1
T1926856     read  8 byte(s) @ 0xffff857e42c0
T1926856   0x0000ffff898f73a4  9ac02420   lsrv   %x1 %x0 -> %x0
T1926856   0x0000ffff898f73a8  9ada2421   lsrv   %x1 %x26 -> %x1
T1926856   0x0000ffff898f73ac  8a010000   and    %x0 %x1 lsl $0x00 -> %x0
T1926856   0x0000ffff898f73b0  37000f00   tbnz   $0x0000ffff898f7590 %x0 $0x00
T1926856   0x0000ffff898f73b4  9100079c   add    %x28 $0x0001 lsl $0x00 -> %x28
T1926856   0x0000ffff898f73b8  eb1c031f   subs   %x24 %x28 lsl $0x00 -> %xzr
T1926856   0x0000ffff898f73bc  540014c9   b.ls   $0x0000ffff898f7654
T1926856   0x0000ffff898f73c0  f87c7aa0   ldr    (%x21,%x28,uxtx #3)[8byte] -> %x0
T1926856     read  8 byte(s) @ 0xffff898e3568
T1926856   0x0000ffff898f73c4  f9401419   ldr    +0x28(%x0)[8byte] -> %x25
T1926856     read  8 byte(s) @ 0xffff898e3028
T1926856   0x0000ffff898f73c8  eb14033f   subs   %x25 %x20 lsl $0x00 -> %xzr
T1926856   0x0000ffff898f73cc  54ffff40   b.eq   $0x0000ffff898f73b4
T1926856   0x0000ffff898f73d0  121f02ca   and    %w22 $0x00000002 -> %w10
T1926856   0x0000ffff898f73d4  36080096   tbz    $0x0000ffff898f73e4 %x22 $0x01
T1926856   0x0000ffff898f73e4  394d3720   ldrb   +0x034d(%x25)[1byte] -> %w0
T1926856     read  1 byte(s) @ 0xffff898e334d
T1926856   0x0000ffff898f73e8  372ffe60   tbnz   $0x0000ffff898f73b4 %x0 $0x05
T1926856   0x0000ffff898f73ec  90000153   adrp   <rel> 0x0000ffff8991f000 -> %x19
T1926856   0x0000ffff898f73f0  b946da60   ldr    +0x06d8(%x19)[4byte] -> %w0
T1926856     read  4 byte(s) @ 0xffff8991f6d8
T1926856   0x0000ffff898f73f4  361ffba0   tbz    $0x0000ffff898f7368 %x0 $0x03
T1926856   0x0000ffff898f7368  b9432722   ldr    +0x0324(%x25)[4byte] -> %w2
T1926856     read  4 byte(s) @ 0xffff898e3324
T1926856   0x0000ffff898f736c  34000242   cbz    $0x0000ffff898f73b4 %w2
T1926856   0x0000ffff898f7370  a9468720   ldp    +0x68(%x25)[16byte] -> %x0 %x1
T1926856     read  16 byte(s) @ 0xffff898e3068
T1926856   0x0000ffff898f7374  b900f7ff   str    %wzr -> +0xf4(%sp)[4byte]
T1926856     write 4 byte(s) @ 0xffffd2962d44
T1926856   0x0000ffff898f7378  f9419b23   ldr    +0x0330(%x25)[8byte] -> %x3
T1926856     read  8 byte(s) @ 0xffff898e3330
T1926856   0x0000ffff898f737c  f9007fff   str    %xzr -> +0xf8(%sp)[8byte]
T1926856     write 8 byte(s) @ 0xffffd2962d48
T1926856   0x0000ffff898f7380  f9400407   ldr    +0x08(%x0)[8byte] -> %x7
T1926856     read  8 byte(s) @ 0xffff89460ba0
T1926856   0x0000ffff898f7384  f940042c   ldr    +0x08(%x1)[8byte] -> %x12
T1926856     read  8 byte(s) @ 0xffff89460bb0
T1926856   0x0000ffff898f7388  b4000683   cbz    $0x0000ffff898f7458 %x3
T1926856   0x0000ffff898f738c  f9404be4   ldr    +0x90(%sp)[8byte] -> %x4
T1926856     read  8 byte(s) @ 0xffffd2962ce0
T1926856   0x0000ffff898f7390  b9432b21   ldr    +0x0328(%x25)[4byte] -> %w1
T1926856     read  4 byte(s) @ 0xffff898e3328
T1926856   0x0000ffff898f7394  b9432f20   ldr    +0x032c(%x25)[4byte] -> %w0
T1926856     read  4 byte(s) @ 0xffff898e332c
T1926856   0x0000ffff898f7398  8a040021   and    %x1 %x4 lsl $0x00 -> %x1
T1926856   0x0000ffff898f739c  9ac02740   lsrv   %x26 %x0 -> %x0
T1926856   0x0000ffff898f73a0  f8617861   ldr    (%x3,%x1,uxtx #3)[8byte] -> %x1
T1926856     read  8 byte(s) @ 0xffff892f7b50
T1926856   0x0000ffff898f73a4  9ac02420   lsrv   %x1 %x0 -> %x0
T1926856   0x0000ffff898f73a8  9ada2421   lsrv   %x1 %x26 -> %x1
T1926856   0x0000ffff898f73ac  8a010000   and    %x0 %x1 lsl $0x00 -> %x0
T1926856   0x0000ffff898f73b0  37000f00   tbnz   $0x0000ffff898f7590 %x0 $0x00
T1926856   0x0000ffff898f7590  2a0203e2   orr    %wzr %w2 lsl $0x00 -> %w2
T1926856   0x0000ffff898f7594  f9419f21   ldr    +0x0338(%x25)[8byte] -> %x1
T1926856     read  8 byte(s) @ 0xffff898e3338
T1926856   0x0000ffff898f7598  9ac20b40   udiv   %x26 %x2 -> %x0
T1926856   0x0000ffff898f759c  9b02e800   msub   %x0 %x2 %x26 -> %x0
T1926856   0x0000ffff898f75a0  b860783b   ldr    (%x1,%x0,uxtx #2)[4byte] -> %w27
T1926856     read  4 byte(s) @ 0xffff892f8bd0
T1926856   0x0000ffff898f75a4  34fff09b   cbz    $0x0000ffff898f73b4 %w27
T1926856   0x0000ffff898f75a8  f941a320   ldr    +0x0340(%x25)[8byte] -> %x0
T1926856     read  8 byte(s) @ 0xffff898e3340
T1926856   0x0000ffff898f75ac  b900cbea   str    %w10 -> +0xc8(%sp)[4byte]
T1926856     write 4 byte(s) @ 0xffffd2962d18
T1926856   0x0000ffff898f75b0  a90d73f5   stp    %x21 %x28 -> +0xd0(%sp)[16byte]
T1926856     write 16 byte(s) @ 0xffffd2962d20
T1926856   0x0000ffff898f75b4  aa1a03fc   orr    %xzr %x26 lsl $0x00 -> %x28
T1926856   0x0000ffff898f75b8  aa1703fa   orr    %xzr %x23 lsl $0x00 -> %x26
T1926856   0x0000ffff898f75bc  8b3b481b   add    %x0 %x27 uxtw $0x02 -> %x27
T1926856   0x0000ffff898f75c0  f90073f8   str    %x24 -> +0xe0(%sp)[8byte]
T1926856     write 8 byte(s) @ 0xffffd2962d30
T1926856   0x0000ffff898f75c4  aa1b03f7   orr    %xzr %x27 lsl $0x00 -> %x23
T1926856   0x0000ffff898f75c8  aa1903f8   orr    %xzr %x25 lsl $0x00 -> %x24
T1926856   0x0000ffff898f75cc  aa0c03fb   orr    %xzr %x12 lsl $0x00 -> %x27
T1926856   0x0000ffff898f75d0  aa0703f9   orr    %xzr %x7 lsl $0x00 -> %x25
T1926856   0x0000ffff898f75d4  f90087f4   str    %x20 -> +0x0108(%sp)[8byte]
T1926856     write 8 byte(s) @ 0xffffd2962d58
T1926856   0x0000ffff898f75d8  2a1603f4   orr    %wzr %w22 lsl $0x00 -> %w20
T1926856   0x0000ffff898f75dc  b940b3f6   ldr    +0xb0(%sp)[4byte] -> %w22
T1926856     read  4 byte(s) @ 0xffffd2962d00
T1926856   0x0000ffff898f75e0  f94063f5   ldr    +0xc0(%sp)[8byte] -> %x21
T1926856     read  8 byte(s) @ 0xffffd2962d10
T1926856   0x0000ffff898f75e4  14000003   b      $0x0000ffff898f75f0
T1926856   0x0000ffff898f75f0  b94002e1   ldr    (%x23)[4byte] -> %w1
T1926856     read  4 byte(s) @ 0xffff892fac08
T1926856   0x0000ffff898f75f4  2a0103e0   orr    %wzr %w1 lsl $0x00 -> %w0
T1926856   0x0000ffff898f75f8  ca1c0000   eor    %x0 %x28 lsl $0x00 -> %x0
T1926856   0x0000ffff898f75fc  eb4007ff   subs   %xzr %x0 lsr $0x01 -> %xzr
T1926856   0x0000ffff898f7600  54ffff41   b.ne   $0x0000ffff898f75e8
T1926856   0x0000ffff898f75e8  910012f7   add    %x23 $0x0004 lsl $0x00 -> %x23
T1926856   0x0000ffff898f75ec  37002ac1   tbnz   $0x0000ffff898f7b44 %x1 $0x00
T1926856   0x0000ffff898f75f0  b94002e1   ldr    (%x23)[4byte] -> %w1
T1926856     read  4 byte(s) @ 0xffff892fac0c
T1926856   0x0000ffff898f75f4  2a0103e0   orr    %wzr %w1 lsl $0x00 -> %w0
T1926856   0x0000ffff898f75f8  ca1c0000   eor    %x0 %x28 lsl $0x00 -> %x0
T1926856   0x0000ffff898f75fc  eb4007ff   subs   %xzr %x0 lsr $0x01 -> %xzr
T1926856   0x0000ffff898f7600  54ffff41   b.ne   $0x0000ffff898f75e8
T1926856   0x0000ffff898f7604  f941a306   ldr    +0x0340(%x24)[8byte] -> %x6
T1926856     read  8 byte(s) @ 0xffff898e3340
T1926856   0x0000ffff898f7608  aa1903e7   orr    %xzr %x25 lsl $0x00 -> %x7
T1926856   0x0000ffff898f760c  f94047e0   ldr    +0x88(%sp)[8byte] -> %x0
T1926856     read  8 byte(s) @ 0xffffd2962cd8
T1926856   0x0000ffff898f7610  cb0602e6   sub    %x23 %x6 lsl $0x00 -> %x6
T1926856   0x0000ffff898f7614  f9404fe1   ldr    +0x98(%sp)[8byte] -> %x1
T1926856     read  8 byte(s) @ 0xffffd2962ce8
T1926856   0x0000ffff898f7618  d34284c5   ubfm   %x6 $0x02 $0x21 -> %x5
T1926856   0x0000ffff898f761c  a90003f8   stp    %x24 %x0 -> (%sp)[16byte]
T1926856     write 16 byte(s) @ 0xffffd2962c50
T1926856   0x0000ffff898f7620  aa0503e6   orr    %xzr %x5 lsl $0x00 -> %x6
T1926856   0x0000ffff898f7624  8b0504a5   add    %x5 %x5 lsl $0x01 -> %x5
T1926856   0x0000ffff898f7628  f94043e0   ldr    +0x80(%sp)[8byte] -> %x0
T1926856     read  8 byte(s) @ 0xffffd2962cd0
T1926856   0x0000ffff898f762c  f9000be0   str    %x0 -> +0x10(%sp)[8byte]
T1926856     write 8 byte(s) @ 0xffffd2962c60
T1926856   0x0000ffff898f7630  2a1403e4   orr    %wzr %w20 lsl $0x00 -> %w4
T1926856   0x0000ffff898f7634  2a1603e3   orr    %wzr %w22 lsl $0x00 -> %w3
T1926856   0x0000ffff898f7638  aa1503e2   orr    %xzr %x21 lsl $0x00 -> %x2
T1926856   0x0000ffff898f763c  8b050f65   add    %x27 %x5 lsl $0x03 -> %x5
T1926856   0x0000ffff898f7640  aa1a03e0   orr    %xzr %x26 lsl $0x00 -> %x0
T1926856   0x0000ffff898f7644  97fffec1   bl     $0x0000ffff898f7148 -> %x30
T1926856   0x0000ffff898f7148  a9bc7bfd   stp    %x29 %x30 %sp $0xffffffffffffffc0 -> -0x40(%sp)[16byte] %sp
T1926856     write 16 byte(s) @ 0xffffd2962c10
T1926856   0x0000ffff898f714c  910003fd   add    %sp $0x0000 lsl $0x00 -> %x29
T1926856   0x0000ffff898f7150  a90153f3   stp    %x19 %x20 -> +0x10(%sp)[16byte]
T1926856     write 16 byte(s) @ 0xffffd2962c20
T1926856   0x0000ffff898f7154  aa0503f3   orr    %xzr %x5 lsl $0x00 -> %x19
T1926856   0x0000ffff898f7158  aa0203f4   orr    %xzr %x2 lsl $0x00 -> %x20
T1926856   0x0000ffff898f715c  a9025bf5   stp    %x21 %x22 -> +0x20(%sp)[16byte]
T1926856     write 16 byte(s) @ 0xffffd2962c30
T1926856   0x0000ffff898f7160  2a0603f6   orr    %wzr %w6 lsl $0x00 -> %w22
T1926856   0x0000ffff898f7164  f94004a9   ldr    +0x08(%x5)[8byte] -> %x9
T1926856     read  8 byte(s) @ 0xffff89306580
T1926856   0x0000ffff898f7168  f9001bf7   str    %x23 -> +0x30(%sp)[8byte]
T1926856     write 8 byte(s) @ 0xffffd2962c40
T1926856   0x0000ffff898f716c  2a0303f7   orr    %wzr %w3 lsl $0x00 -> %w23
T1926856   0x0000ffff898f7170  394010a8   ldrb   +0x04(%x5)[1byte] -> %w8
T1926856     read  1 byte(s) @ 0xffff8930657c
T1926856   0x0000ffff898f7174  79400ca5   ldrh   +0x06(%x5)[2byte] -> %w5
T1926856     read  2 byte(s) @ 0xffff8930657e
T1926856   0x0000ffff898f7178  12000d02   and    %w8 $0x0000000f -> %w2
T1926856   0x0000ffff898f717c  f94023f5   ldr    +0x40(%sp)[8byte] -> %x21
T1926856     read  8 byte(s) @ 0xffffd2962c50
T1926856   0x0000ffff898f7180  b4000769   cbz    $0x0000ffff898f726c %x9
T1926856   0x0000ffff898f7184  710000bf   subs   %w5 $0x0000 lsl $0x00 -> %wzr
T1926856   0x0000ffff898f7188  52808ce8   movz   $0x0467 lsl $0x00 -> %w8
T1926856   0x0000ffff898f718c  1ac22908   asrv   %w8 %w2 -> %w8
T1926856   0x0000ffff898f7190  1a9f17e2   csinc  %wzr %wzr ne -> %w2
T1926856   0x0000ffff898f7194  2a2803e8   orn    %wzr %w8 lsl $0x00 -> %w8
T1926856   0x0000ffff898f7198  0a040042   and    %w2 %w4 lsl $0x00 -> %w2
T1926856   0x0000ffff898f719c  12000104   and    %w8 $0x00000001 -> %w4
T1926856   0x0000ffff898f71a0  2a020084   orr    %w4 %w2 lsl $0x00 -> %w4
T1926856   0x0000ffff898f71a4  350006c4   cbnz   $0x0000ffff898f727c %w4
T1926856   0x0000ffff898f71a8  eb01027f   subs   %x19 %x1 lsl $0x00 -> %xzr
T1926856   0x0000ffff898f71ac  540000c0   b.eq   $0x0000ffff898f71c4
T1926856   0x0000ffff898f71b0  b9400262   ldr    (%x19)[4byte] -> %w2
T1926856     read  4 byte(s) @ 0xffff89306578
T1926856   0x0000ffff898f71b4  aa0003e1   orr    %xzr %x0 lsl $0x00 -> %x1
T1926856   0x0000ffff898f71b8  8b0200e0   add    %x7 %x2 lsl $0x00 -> %x0
T1926856   0x0000ffff898f71bc  94003c61   bl     $0x0000ffff89906340 -> %x30
T1926856   0x0000ffff89906340  ca010007   eor    %x0 %x1 lsl $0x00 -> %x7
T1926856   0x0000ffff89906344  b200c3ea   orr    %xzr $0x0101010101010101 -> %x10
T1926856   0x0000ffff89906348  f24008ff   ands   %x7 $0x0000000000000007 -> %xzr
T1926856   0x0000ffff8990634c  540003e1   b.ne   $0x0000ffff899063c8
T1926856   0x0000ffff899063c8  f240081f   ands   %x0 $0x0000000000000007 -> %xzr
T1926856   0x0000ffff899063cc  54000100   b.eq   $0x0000ffff899063ec
T1926856   0x0000ffff899063d0  38401402   ldrb   (%x0)[1byte] %x0 $0x0000000000000001 -> %w2 %x0
T1926856     read  1 byte(s) @ 0xffff8930b92b
T1926856   0x0000ffff899063d4  38401423   ldrb   (%x1)[1byte] %x1 $0x0000000000000001 -> %w3 %x1
T1926856     read  1 byte(s) @ 0xffff857e523d
T1926856   0x0000ffff899063d8  7100045f   subs   %w2 $0x0001 lsl $0x00 -> %wzr
T1926856   0x0000ffff899063dc  7a432040   ccmp   %w2 %w3 $0x00 cs
T1926856   0x0000ffff899063e0  540001e1   b.ne   $0x0000ffff8990641c
T1926856   0x0000ffff899063e4  f240081f   ands   %x0 $0x0000000000000007 -> %xzr
T1926856   0x0000ffff899063e8  54ffff41   b.ne   $0x0000ffff899063d0
T1926856   0x0000ffff899063d0  38401402   ldrb   (%x0)[1byte] %x0 $0x0000000000000001 -> %w2 %x0
T1926856     read  1 byte(s) @ 0xffff8930b92c
T1926856   0x0000ffff899063d4  38401423   ldrb   (%x1)[1byte] %x1 $0x0000000000000001 -> %w3 %x1
T1926856     read  1 byte(s) @ 0xffff857e523e
T1926856   0x0000ffff899063d8  7100045f   subs   %w2 $0x0001 lsl $0x00 -> %wzr
T1926856   0x0000ffff899063dc  7a432040   ccmp   %w2 %w3 $0x00 cs
T1926856   0x0000ffff899063e0  540001e1   b.ne   $0x0000ffff8990641c
T1926856   0x0000ffff899063e4  f240081f   ands   %x0 $0x0000000000000007 -> %xzr
T1926856   0x0000ffff899063e8  54ffff41   b.ne   $0x0000ffff899063d0
T1926856   0x0000ffff899063d0  38401402   ldrb   (%x0)[1byte] %x0 $0x0000000000000001 -> %w2 %x0
T1926856     read  1 byte(s) @ 0xffff8930b92d
T1926856   0x0000ffff899063d4  38401423   ldrb   (%x1)[1byte] %x1 $0x0000000000000001 -> %w3 %x1
T1926856     read  1 byte(s) @ 0xffff857e523f
T1926856   0x0000ffff899063d8  7100045f   subs   %w2 $0x0001 lsl $0x00 -> %wzr
T1926856   0x0000ffff899063dc  7a432040   ccmp   %w2 %w3 $0x00 cs
T1926856   0x0000ffff899063e0  540001e1   b.ne   $0x0000ffff8990641c
T1926856   0x0000ffff899063e4  f240081f   ands   %x0 $0x0000000000000007 -> %xzr
T1926856   0x0000ffff899063e8  54ffff41   b.ne   $0x0000ffff899063d0
T1926856   0x0000ffff899063d0  38401402   ldrb   (%x0)[1byte] %x0 $0x0000000000000001 -> %w2 %x0
T1926856     read  1 byte(s) @ 0xffff8930b92e
T1926856   0x0000ffff899063d4  38401423   ldrb   (%x1)[1byte] %x1 $0x0000000000000001 -> %w3 %x1
T1926856     read  1 byte(s) @ 0xffff857e5240
T1926856   0x0000ffff899063d8  7100045f   subs   %w2 $0x0001 lsl $0x00 -> %wzr
T1926856   0x0000ffff899063dc  7a432040   ccmp   %w2 %w3 $0x00 cs
T1926856   0x0000ffff899063e0  540001e1   b.ne   $0x0000ffff8990641c
T1926856   0x0000ffff899063e4  f240081f   ands   %x0 $0x0000000000000007 -> %xzr
T1926856   0x0000ffff899063e8  54ffff41   b.ne   $0x0000ffff899063d0
T1926856   0x0000ffff899063d0  38401402   ldrb   (%x0)[1byte] %x0 $0x0000000000000001 -> %w2 %x0
T1926856     read  1 byte(s) @ 0xffff8930b92f
T1926856   0x0000ffff899063d4  38401423   ldrb   (%x1)[1byte] %x1 $0x0000000000000001 -> %w3 %x1
T1926856     read  1 byte(s) @ 0xffff857e5241
T1926856   0x0000ffff899063d8  7100045f   subs   %w2 $0x0001 lsl $0x00 -> %wzr
T1926856   0x0000ffff899063dc  7a432040   ccmp   %w2 %w3 $0x00 cs
T1926856   0x0000ffff899063e0  540001e1   b.ne   $0x0000ffff8990641c
T1926856   0x0000ffff899063e4  f240081f   ands   %x0 $0x0000000000000007 -> %xzr
T1926856   0x0000ffff899063e8  54ffff41   b.ne   $0x0000ffff899063d0
T1926856   0x0000ffff899063ec  927d2027   and    %x1 $0x0000000000000ff8 -> %x7
T1926856   0x0000ffff899063f0  d27d20e7   eor    %x7 $0x0000000000000ff8 -> %x7
T1926856   0x0000ffff899063f4  b4fffee7   cbz    $0x0000ffff899063d0 %x7
T1926856   0x0000ffff899063f8  f8408402   ldr    (%x0)[8byte] %x0 $0x0000000000000008 -> %x2 %x0
T1926856     read  8 byte(s) @ 0xffff8930b930
T1926856   0x0000ffff899063fc  f8408423   ldr    (%x1)[8byte] %x1 $0x0000000000000008 -> %x3 %x1
T1926856     read  8 byte(s) @ 0xffff857e5242
T1926856   0x0000ffff89906400  cb0a0047   sub    %x2 %x10 lsl $0x00 -> %x7
T1926856   0x0000ffff89906404  b200d848   orr    %x2 $0x7f7f7f7f7f7f7f7f -> %x8
T1926856   0x0000ffff89906408  ca030045   eor    %x2 %x3 lsl $0x00 -> %x5
T1926856   0x0000ffff8990640c  8a2800e4   bic    %x7 %x8 lsl $0x00 -> %x4
T1926856   0x0000ffff89906410  aa0400a6   orr    %x5 %x4 lsl $0x00 -> %x6
T1926856   0x0000ffff89906414  b4fffec6   cbz    $0x0000ffff899063ec %x6
T1926856   0x0000ffff899063ec  927d2027   and    %x1 $0x0000000000000ff8 -> %x7
T1926856   0x0000ffff899063f0  d27d20e7   eor    %x7 $0x0000000000000ff8 -> %x7
T1926856   0x0000ffff899063f4  b4fffee7   cbz    $0x0000ffff899063d0 %x7
T1926856   0x0000ffff899063f8  f8408402   ldr    (%x0)[8byte] %x0 $0x0000000000000008 -> %x2 %x0
T1926856     read  8 byte(s) @ 0xffff8930b938
T1926856   0x0000ffff899063fc  f8408423   ldr    (%x1)[8byte] %x1 $0x0000000000000008 -> %x3 %x1
T1926856     read  8 byte(s) @ 0xffff857e524a
T1926856   0x0000ffff89906400  cb0a0047   sub    %x2 %x10 lsl $0x00 -> %x7
T1926856   0x0000ffff89906404  b200d848   orr    %x2 $0x7f7f7f7f7f7f7f7f -> %x8
T1926856   0x0000ffff89906408  ca030045   eor    %x2 %x3 lsl $0x00 -> %x5
T1926856   0x0000ffff8990640c  8a2800e4   bic    %x7 %x8 lsl $0x00 -> %x4
T1926856   0x0000ffff89906410  aa0400a6   orr    %x5 %x4 lsl $0x00 -> %x6
T1926856   0x0000ffff89906414  b4fffec6   cbz    $0x0000ffff899063ec %x6
T1926856   0x0000ffff89906418  17ffffd8   b      $0x0000ffff89906378
T1926856   0x0000ffff89906378  dac00cc6   rev    %x6 -> %x6
T1926856   0x0000ffff8990637c  dac00c42   rev    %x2 -> %x2
T1926856   0x0000ffff89906380  dac010cb   clz    %x6 -> %x11
T1926856   0x0000ffff89906384  dac00c63   rev    %x3 -> %x3
T1926856   0x0000ffff89906388  9acb2042   lslv   %x2 %x11 -> %x2
T1926856   0x0000ffff8990638c  9acb2063   lslv   %x3 %x11 -> %x3
T1926856   0x0000ffff89906390  d378fc42   ubfm   %x2 $0x38 $0x3f -> %x2
T1926856   0x0000ffff89906394  cb43e040   sub    %x2 %x3 lsr $0x38 -> %x0
T1926856   0x0000ffff89906398  d65f03c0   ret    %x30
T1926856   0x0000ffff898f71c0  350005e0   cbnz   $0x0000ffff898f727c %w0
T1926856   0x0000ffff898f71c4  f941baa0   ldr    +0x0370(%x21)[8byte] -> %x0
T1926856     read  8 byte(s) @ 0xffff898e3370
T1926856   0x0000ffff898f71c8  b40002d4   cbz    $0x0000ffff898f7220 %x20
T1926856   0x0000ffff898f71cc  b40006e0   cbz    $0x0000ffff898f72a8 %x0
T1926856   0x0000ffff898f71d0  78765816   ldrh   (%x0,%x22,uxtw #1)[2byte] -> %w22
T1926856     read  2 byte(s) @ 0xffff8930f76c
T1926856   0x0000ffff898f71d4  52800303   movz   $0x0018 lsl $0x00 -> %w3
T1926856   0x0000ffff898f71d8  f9418ea1   ldr    +0x0318(%x21)[8byte] -> %x1
T1926856     read  8 byte(s) @ 0xffff898e3318
T1926856   0x0000ffff898f71dc  12003ac0   and    %w22 $0x00007fff -> %w0
T1926856   0x0000ffff898f71e0  b9400a82   ldr    +0x08(%x20)[4byte] -> %w2
T1926856     read  4 byte(s) @ 0xffff898e35b8
T1926856   0x0000ffff898f71e4  9ba37c00   umaddl %w0 %w3 %xzr -> %x0
T1926856   0x0000ffff898f71e8  8b000023   add    %x1 %x0 lsl $0x00 -> %x3
T1926856   0x0000ffff898f71ec  b9400875   ldr    +0x08(%x3)[4byte] -> %w21
T1926856     read  4 byte(s) @ 0xffff898e3668
T1926856   0x0000ffff898f71f0  6b0202bf   subs   %w21 %w2 lsl $0x00 -> %wzr
T1926856   0x0000ffff898f71f4  54000500   b.eq   $0x0000ffff898f7294
T1926856   0x0000ffff898f7294  f8606820   ldr    (%x1,%x0)[8byte] -> %x0
T1926856     read  8 byte(s) @ 0xffff898e3660
T1926856   0x0000ffff898f7298  f9400281   ldr    (%x20)[8byte] -> %x1
T1926856     read  8 byte(s) @ 0xffff898e35b0
T1926856   0x0000ffff898f729c  94003c29   bl     $0x0000ffff89906340 -> %x30
T1926856   0x0000ffff89906340  ca010007   eor    %x0 %x1 lsl $0x00 -> %x7
T1926856   0x0000ffff89906344  b200c3ea   orr    %xzr $0x0101010101010101 -> %x10
T1926856   0x0000ffff89906348  f24008ff   ands   %x7 $0x0000000000000007 -> %xzr
T1926856   0x0000ffff8990634c  540003e1   b.ne   $0x0000ffff899063c8
T1926856   0x0000ffff89906350  f2400807   ands   %x0 $0x0000000000000007 -> %x7
T1926856   0x0000ffff89906354  54000241   b.ne   $0x0000ffff8990639c
T1926856   0x0000ffff89906358  f8408402   ldr    (%x0)[8byte] %x0 $0x0000000000000008 -> %x2 %x0
T1926856     read  8 byte(s) @ 0xffff8930e7f0
T1926856   0x0000ffff8990635c  f8408423   ldr    (%x1)[8byte] %x1 $0x0000000000000008 -> %x3 %x1
T1926856     read  8 byte(s) @ 0xffff857e5428
T1926856   0x0000ffff89906360  cb0a0047   sub    %x2 %x10 lsl $0x00 -> %x7
T1926856   0x0000ffff89906364  b200d848   orr    %x2 $0x7f7f7f7f7f7f7f7f -> %x8
T1926856   0x0000ffff89906368  ca030045   eor    %x2 %x3 lsl $0x00 -> %x5
T1926856   0x0000ffff8990636c  8a2800e4   bic    %x7 %x8 lsl $0x00 -> %x4
T1926856   0x0000ffff89906370  aa0400a6   orr    %x5 %x4 lsl $0x00 -> %x6
T1926856   0x0000ffff89906374  b4ffff26   cbz    $0x0000ffff89906358 %x6
T1926856   0x0000ffff89906358  f8408402   ldr    (%x0)[8byte] %x0 $0x0000000000000008 -> %x2 %x0
T1926856     read  8 byte(s) @ 0xffff8930e7f8
T1926856   0x0000ffff8990635c  f8408423   ldr    (%x1)[8byte] %x1 $0x0000000000000008 -> %x3 %x1
T1926856     read  8 byte(s) @ 0xffff857e5430
T1926856   0x0000ffff89906360  cb0a0047   sub    %x2 %x10 lsl $0x00 -> %x7
T1926856   0x0000ffff89906364  b200d848   orr    %x2 $0x7f7f7f7f7f7f7f7f -> %x8
T1926856   0x0000ffff89906368  ca030045   eor    %x2 %x3 lsl $0x00 -> %x5
T1926856   0x0000ffff8990636c  8a2800e4   bic    %x7 %x8 lsl $0x00 -> %x4
T1926856   0x0000ffff89906370  aa0400a6   orr    %x5 %x4 lsl $0x00 -> %x6
T1926856   0x0000ffff89906374  b4ffff26   cbz    $0x0000ffff89906358 %x6
T1926856   0x0000ffff89906378  dac00cc6   rev    %x6 -> %x6
T1926856   0x0000ffff8990637c  dac00c42   rev    %x2 -> %x2
T1926856   0x0000ffff89906380  dac010cb   clz    %x6 -> %x11
T1926856   0x0000ffff89906384  dac00c63   rev    %x3 -> %x3
T1926856   0x0000ffff89906388  9acb2042   lslv   %x2 %x11 -> %x2
T1926856   0x0000ffff8990638c  9acb2063   lslv   %x3 %x11 -> %x3
T1926856   0x0000ffff89906390  d378fc42   ubfm   %x2 $0x38 $0x3f -> %x2
T1926856   0x0000ffff89906394  cb43e040   sub    %x2 %x3 lsr $0x38 -> %x0
T1926856   0x0000ffff89906398  d65f03c0   ret    %x30
T1926856   0x0000ffff898f72a0  34fffb40   cbz    $0x0000ffff898f7208 %w0
T1926856   0x0000ffff898f7208  aa1303e0   orr    %xzr %x19 lsl $0x00 -> %x0
T1926856   0x0000ffff898f720c  a94153f3   ldp    +0x10(%sp)[16byte] -> %x19 %x20
T1926856     read  16 byte(s) @ 0xffffd2962c20
T1926856   0x0000ffff898f7210  a9425bf5   ldp    +0x20(%sp)[16byte] -> %x21 %x22
T1926856     read  16 byte(s) @ 0xffffd2962c30
T1926856   0x0000ffff898f7214  f9401bf7   ldr    +0x30(%sp)[8byte] -> %x23
T1926856     read  8 byte(s) @ 0xffffd2962c40
T1926856   0x0000ffff898f7218  a8c47bfd   ldp    (%sp)[16byte] %sp $0x0000000000000040 -> %x29 %x30 %sp
T1926856     read  16 byte(s) @ 0xffffd2962c10
T1926856   0x0000ffff898f721c  d65f03c0   ret    %x30
T1926856   0x0000ffff898f7648  b5003220   cbnz   $0x0000ffff898f7c8c %x0
T1926856   0x0000ffff898f7c8c  aa1903e7   orr    %xzr %x25 lsl $0x00 -> %x7
T1926856   0x0000ffff898f7c90  aa1a03f7   orr    %xzr %x26 lsl $0x00 -> %x23
T1926856   0x0000ffff898f7c94  aa1803f9   orr    %xzr %x24 lsl $0x00 -> %x25
T1926856   0x0000ffff898f7c98  aa1c03fa   orr    %xzr %x28 lsl $0x00 -> %x26
T1926856   0x0000ffff898f7c9c  2a1403f6   orr    %wzr %w20 lsl $0x00 -> %w22
T1926856   0x0000ffff898f7ca0  b940cbea   ldr    +0xc8(%sp)[4byte] -> %w10
T1926856     read  4 byte(s) @ 0xffffd2962d18
T1926856   0x0000ffff898f7ca4  aa0003e3   orr    %xzr %x0 lsl $0x00 -> %x3
T1926856   0x0000ffff898f7ca8  aa1b03ec   orr    %xzr %x27 lsl $0x00 -> %x12
T1926856   0x0000ffff898f7cac  a94d73f5   ldp    +0xd0(%sp)[16byte] -> %x21 %x28
T1926856     read  16 byte(s) @ 0xffffd2962d20
T1926856   0x0000ffff898f7cb0  f94073f8   ldr    +0xe0(%sp)[8byte] -> %x24
T1926856     read  8 byte(s) @ 0xffffd2962d30
T1926856   0x0000ffff898f7cb4  f94087f4   ldr    +0x0108(%sp)[8byte] -> %x20
T1926856     read  8 byte(s) @ 0xffffd2962d58
T1926856   0x0000ffff898f7cb8  17fffe1c   b      $0x0000ffff898f7528
T1926856   0x0000ffff898f7528  f9408fe0   ldr    +0x0118(%sp)[8byte] -> %x0
T1926856     read  8 byte(s) @ 0xffffd2962d68
T1926856   0x0000ffff898f752c  b4000a60   cbz    $0x0000ffff898f7678 %x0
T1926856   0x0000ffff898f7530  39401460   ldrb   +0x05(%x3)[1byte] -> %w0
T1926856     read  1 byte(s) @ 0xffff8930657d
T1926856   0x0000ffff898f7534  12000400   and    %w0 $0x00000003 -> %w0
T1926856   0x0000ffff898f7538  51000400   sub    %w0 $0x0001 lsl $0x00 -> %w0
T1926856   0x0000ffff898f753c  7100041f   subs   %w0 $0x0001 lsl $0x00 -> %wzr
T1926856   0x0000ffff898f7540  54fff3a9   b.ls   $0x0000ffff898f73b4
T1926856   0x0000ffff898f7544  39401060   ldrb   +0x04(%x3)[1byte] -> %w0
T1926856     read  1 byte(s) @ 0xffff8930657c
T1926856   0x0000ffff898f7548  53047c00   ubfm   %w0 $0x04 $0x1f -> %w0
T1926856   0x0000ffff898f754c  7100081f   subs   %w0 $0x0002 lsl $0x00 -> %wzr
T1926856   0x0000ffff898f7550  54001820   b.eq   $0x0000ffff898f7854
T1926856   0x0000ffff898f7554  7100281f   subs   %w0 $0x000a lsl $0x00 -> %wzr
T1926856   0x0000ffff898f7558  54000fa0   b.eq   $0x0000ffff898f774c
T1926856   0x0000ffff898f755c  7100041f   subs   %w0 $0x0001 lsl $0x00 -> %wzr
T1926856   0x0000ffff898f7560  54fff2a1   b.ne   $0x0000ffff898f73b4
T1926856   0x0000ffff898f7564  f94053e0   ldr    +0xa0(%sp)[8byte] -> %x0
T1926856     read  8 byte(s) @ 0xffffd2962cf0
T1926856   0x0000ffff898f7568  a9006403   stp    %x3 %x25 -> (%x0)[16byte]
T1926856     write 16 byte(s) @ 0xffffd2962e28
T1926856   0x0000ffff898f756c  52800020   movz   $0x0001 lsl $0x00 -> %w0
T1926856   0x0000ffff898f7570  a9427bfd   ldp    +0x20(%sp)[16byte] -> %x29 %x30
T1926856     read  16 byte(s) @ 0xffffd2962c70
T1926856   0x0000ffff898f7574  a94353f3   ldp    +0x30(%sp)[16byte] -> %x19 %x20
T1926856     read  16 byte(s) @ 0xffffd2962c80
T1926856   0x0000ffff898f7578  a9445bf5   ldp    +0x40(%sp)[16byte] -> %x21 %x22
T1926856     read  16 byte(s) @ 0xffffd2962c90
T1926856   0x0000ffff898f757c  a94563f7   ldp    +0x50(%sp)[16byte] -> %x23 %x24
T1926856     read  16 byte(s) @ 0xffffd2962ca0
T1926856   0x0000ffff898f7580  a9466bf9   ldp    +0x60(%sp)[16byte] -> %x25 %x26
T1926856     read  16 byte(s) @ 0xffffd2962cb0
T1926856   0x0000ffff898f7584  a94773fb   ldp    +0x70(%sp)[16byte] -> %x27 %x28
T1926856     read  16 byte(s) @ 0xffffd2962cc0
T1926856   0x0000ffff898f7588  910403ff   add    %sp $0x0100 lsl $0x00 -> %sp
T1926856   0x0000ffff898f758c  d65f03c0   ret    %x30
T1926856   0x0000ffff898f7e90  34fffe20   cbz    $0x0000ffff898f7e54 %w0
T1926856   0x0000ffff898f7e94  f9400263   ldr    (%x19)[8byte] -> %x3
T1926856     read  8 byte(s) @ 0xffffd2962f30
T1926856   0x0000ffff898f7e98  f9406fe0   ldr    +0xd8(%sp)[8byte] -> %x0
T1926856     read  8 byte(s) @ 0xffffd2962e28
T1926856   0x0000ffff898f7e9c  b40009c0   cbz    $0x0000ffff898f7fd4 %x0
T1926856   0x0000ffff898f7ea0  b40000a3   cbz    $0x0000ffff898f7eb4 %x3
T1926856   0x0000ffff898f7ea4  39401460   ldrb   +0x05(%x3)[1byte] -> %w0
T1926856     read  1 byte(s) @ 0xffff857e453d
T1926856   0x0000ffff898f7ea8  12000400   and    %w0 $0x00000003 -> %w0
T1926856   0x0000ffff898f7eac  71000c1f   subs   %w0 $0x0003 lsl $0x00 -> %wzr
T1926856   0x0000ffff898f7eb0  54000320   b.eq   $0x0000ffff898f7f14
T1926856   0x0000ffff898f7eb4  f94073fc   ldr    +0xe0(%sp)[8byte] -> %x28
T1926856     read  8 byte(s) @ 0xffffd2962e30
T1926856   0x0000ffff898f7eb8  5280001a   movz   $0x0000 lsl $0x00 -> %w26
T1926856   0x0000ffff898f7ebc  394d3380   ldrb   +0x034c(%x28)[1byte] -> %w0
T1926856     read  1 byte(s) @ 0xfffd4587434c
T1926856   0x0000ffff898f7ec0  90000159   adrp   <rel> 0x0000ffff8991f000 -> %x25
T1926856   0x0000ffff898f7ec4  12000400   and    %w0 $0x00000003 -> %w0
T1926856   0x0000ffff898f7ec8  7100081f   subs   %w0 $0x0002 lsl $0x00 -> %wzr
T1926856   0x0000ffff898f7ecc  540019e0   b.eq   $0x0000ffff898f8208
T1926856   0x0000ffff898f7ed0  b9440f80   ldr    +0x040c(%x28)[4byte] -> %w0
T1926856     read  4 byte(s) @ 0xfffd4587440c
T1926856   0x0000ffff898f7ed4  34001940   cbz    $0x0000ffff898f81fc %w0
T1926856   0x0000ffff898f7ed8  b946db20   ldr    +0x06d8(%x25)[4byte] -> %w0
T1926856     read  4 byte(s) @ 0xffff8991f6d8
T1926856   0x0000ffff898f7edc  52810081   movz   $0x0804 lsl $0x00 -> %w1
T1926856   0x0000ffff898f7ee0  6a01001f   ands   %w0 %w1 lsl $0x00 -> %wzr
T1926856   0x0000ffff898f7ee4  54000d41   b.ne   $0x0000ffff898f808c
T1926856   0x0000ffff898f7ee8  f9406fe0   ldr    +0xd8(%sp)[8byte] -> %x0
T1926856     read  8 byte(s) @ 0xffffd2962e28
T1926856   0x0000ffff898f7eec  f9000260   str    %x0 -> (%x19)[8byte]
T1926856     write 8 byte(s) @ 0xffffd2962f30
T1926856   0x0000ffff898f7ef0  aa1c03e0   orr    %xzr %x28 lsl $0x00 -> %x0
T1926856   0x0000ffff898f7ef4  a9427bfd   ldp    +0x20(%sp)[16byte] -> %x29 %x30
T1926856     read  16 byte(s) @ 0xffffd2962d70
T1926856   0x0000ffff898f7ef8  a94353f3   ldp    +0x30(%sp)[16byte] -> %x19 %x20
T1926856     read  16 byte(s) @ 0xffffd2962d80
T1926856   0x0000ffff898f7efc  a9445bf5   ldp    +0x40(%sp)[16byte] -> %x21 %x22
T1926856     read  16 byte(s) @ 0xffffd2962d90
T1926856   0x0000ffff898f7f00  a94563f7   ldp    +0x50(%sp)[16byte] -> %x23 %x24
T1926856     read  16 byte(s) @ 0xffffd2962da0
T1926856   0x0000ffff898f7f04  a9466bf9   ldp    +0x60(%sp)[16byte] -> %x25 %x26
T1926856     read  16 byte(s) @ 0xffffd2962db0
T1926856   0x0000ffff898f7f08  a94773fb   ldp    +0x70(%sp)[16byte] -> %x27 %x28
T1926856     read  16 byte(s) @ 0xffffd2962dc0
T1926856   0x0000ffff898f7f0c  910443ff   add    %sp $0x0110 lsl $0x00 -> %sp
T1926856   0x0000ffff898f7f10  d65f03c0   ret    %x30
T1926856   0x0000ffff898f9920  aa0003e4   orr    %xzr %x0 lsl $0x00 -> %x4
T1926856   0x0000ffff898f9924  a94b2fa8   ldp    +0xb0(%x29)[16byte] -> %x8 %x11
T1926856     read  16 byte(s) @ 0xffffd2962f20
T1926856   0x0000ffff898f9928  f9022280   str    %x0 -> +0x0440(%x20)[8byte]
T1926856     write 8 byte(s) @ 0xffff89921640
T1926856   0x0000ffff898f992c  f94063a3   ldr    +0xc0(%x29)[8byte] -> %x3
T1926856     read  8 byte(s) @ 0xffffd2962f30
T1926856   0x0000ffff898f9930  f9022683   str    %x3 -> +0x0448(%x20)[8byte]
T1926856     write 8 byte(s) @ 0xffff89921648
T1926856   0x0000ffff898f9934  b50016c3   cbnz   $0x0000ffff898f9c0c %x3
T1926856   0x0000ffff898f9c0c  79400c65   ldrh   +0x06(%x3)[2byte] -> %w5
T1926856     read  2 byte(s) @ 0xffff8930657e
T1926856   0x0000ffff898f9c10  529ffe20   movz   $0xfff1 lsl $0x00 -> %w0
T1926856   0x0000ffff898f9c14  39401062   ldrb   +0x04(%x3)[1byte] -> %w2
T1926856     read  1 byte(s) @ 0xffff8930657c
T1926856   0x0000ffff898f9c18  6b0000bf   subs   %w5 %w0 lsl $0x00 -> %wzr
T1926856   0x0000ffff898f9c1c  54ffedc1   b.ne   $0x0000ffff898f99d4
T1926856   0x0000ffff898f99d4  f9400081   ldr    (%x4)[8byte] -> %x1
T1926856     read  8 byte(s) @ 0xffff898e3000
T1926856   0x0000ffff898f99d8  12000c42   and    %w2 $0x0000000f -> %w2
T1926856   0x0000ffff898f99dc  f9400460   ldr    +0x08(%x3)[8byte] -> %x0
T1926856     read  8 byte(s) @ 0xffff89306580
T1926856   0x0000ffff898f99e0  7100285f   subs   %w2 $0x000a lsl $0x00 -> %wzr
T1926856   0x0000ffff898f99e4  8b000026   add    %x1 %x0 lsl $0x00 -> %x6
T1926856   0x0000ffff898f99e8  54000700   b.eq   $0x0000ffff898f9ac8
T1926856   0x0000ffff898f99ec  7110167f   subs   %w19 $0x0405 lsl $0x00 -> %wzr
T1926856   0x0000ffff898f99f0  54001560   b.eq   $0x0000ffff898f9c9c
T1926856   0x0000ffff898f99f4  54000ae8   b.hi   $0x0000ffff898f9b50
T1926856   0x0000ffff898f99f8  7110127f   subs   %w19 $0x0404 lsl $0x00 -> %wzr
T1926856   0x0000ffff898f99fc  540011a0   b.eq   $0x0000ffff898f9c30
T1926856   0x0000ffff898f9a00  7110027f   subs   %w19 $0x0400 lsl $0x00 -> %wzr
T1926856   0x0000ffff898f9a04  540009e8   b.hi   $0x0000ffff898f9b40
T1926856   0x0000ffff898f9b40  f9400b60   ldr    +0x10(%x27)[8byte] -> %x0
T1926856     read  8 byte(s) @ 0xffff857e62d0
T1926856   0x0000ffff898f9b44  8b060000   add    %x0 %x6 lsl $0x00 -> %x0
T1926856   0x0000ffff898f9b48  f8286b80   str    %x0 -> (%x28,%x8)[8byte]
T1926856     write 8 byte(s) @ 0xffff8580ae70
T1926856   0x0000ffff898f9b4c  17ffff87   b      $0x0000ffff898f9968
T1926856   0x0000ffff898f9968  9100637b   add    %x27 $0x0018 lsl $0x00 -> %x27
T1926856   0x0000ffff898f996c  eb1b035f   subs   %x26 %x27 lsl $0x00 -> %xzr
T1926856   0x0000ffff898f9970  54fff6c8   b.hi   $0x0000ffff898f9848
T1926856   0x0000ffff898f9848  a9404f68   ldp    (%x27)[16byte] -> %x8 %x19
T1926856     read  16 byte(s) @ 0xffff857e62d8
T1926856   0x0000ffff898f984c  f9418e84   ldr    +0x0318(%x20)[8byte] -> %x4
T1926856     read  8 byte(s) @ 0xffff89921518
T1926856   0x0000ffff898f9850  d360fe60   ubfm   %x19 $0x20 $0x3f -> %x0
T1926856   0x0000ffff898f9854  71100e7f   subs   %w19 $0x0403 lsl $0x00 -> %wzr
T1926856   0x0000ffff898f9858  2a1303f6   orr    %wzr %w19 lsl $0x00 -> %w22
T1926856   0x0000ffff898f985c  8b08038b   add    %x28 %x8 lsl $0x00 -> %x11
T1926856   0x0000ffff898f9860  8b000415   add    %x0 %x0 lsl $0x01 -> %x21
T1926856   0x0000ffff898f9864  78607b00   ldrh   (%x24,%x0,uxtx #1)[2byte] -> %w0
T1926856     read  2 byte(s) @ 0xffff857e549c
T1926856   0x0000ffff898f9868  d37df2b5   ubfm   %x21 $0x3d $0x3c -> %x21
T1926856   0x0000ffff898f986c  8b150337   add    %x25 %x21 lsl $0x00 -> %x23
T1926856   0x0000ffff898f9870  f90063b7   str    %x23 -> +0xc0(%x29)[8byte]
T1926856     write 8 byte(s) @ 0xffffd2962f30
T1926856   0x0000ffff898f9874  54001e60   b.eq   $0x0000ffff898f9c40
T1926856   0x0000ffff898f9878  34000793   cbz    $0x0000ffff898f9968 %w19
T1926856   0x0000ffff898f987c  394012e2   ldrb   +0x04(%x23)[1byte] -> %w2
T1926856     read  1 byte(s) @ 0xffff857e45b4
T1926856   0x0000ffff898f9880  6b4213ff   subs   %wzr %w2 lsr $0x04 -> %wzr
T1926856   0x0000ffff898f9884  540009c0   b.eq   $0x0000ffff898f99bc
T1926856   0x0000ffff898f9888  394016e1   ldrb   +0x05(%x23)[1byte] -> %w1
T1926856     read  1 byte(s) @ 0xffff857e45b5
T1926856   0x0000ffff898f988c  12000421   and    %w1 $0x00000003 -> %w1
T1926856   0x0000ffff898f9890  51000421   sub    %w1 $0x0001 lsl $0x00 -> %w1
T1926856   0x0000ffff898f9894  7100043f   subs   %w1 $0x0001 lsl $0x00 -> %wzr
T1926856   0x0000ffff898f9898  54000929   b.ls   $0x0000ffff898f99bc
T1926856   0x0000ffff898f989c  f9421a81   ldr    +0x0430(%x20)[8byte] -> %x1
T1926856     read  8 byte(s) @ 0xffff89921630
T1926856   0x0000ffff898f98a0  eb0102ff   subs   %x23 %x1 lsl $0x00 -> %xzr
T1926856   0x0000ffff898f98a4  54002200   b.eq   $0x0000ffff898f9ce4
T1926856   0x0000ffff898f98a8  51100a61   sub    %w19 $0x0402 lsl $0x00 -> %w1
T1926856   0x0000ffff898f98ac  52800025   movz   $0x0001 lsl $0x00 -> %w5
T1926856   0x0000ffff898f98b0  721e783f   ands   %w1 $0xfffffffd -> %wzr
T1926856   0x0000ffff898f98b4  54000080   b.eq   $0x0000ffff898f98c4
T1926856   0x0000ffff898f98b8  51101661   sub    %w19 $0x0405 lsl $0x00 -> %w1
T1926856   0x0000ffff898f98bc  7100083f   subs   %w1 $0x0002 lsl $0x00 -> %wzr
T1926856   0x0000ffff898f98c0  1a9f87e5   csinc  %wzr %wzr hi -> %w5
T1926856   0x0000ffff898f98c4  7110027f   subs   %w19 $0x0400 lsl $0x00 -> %wzr
T1926856   0x0000ffff898f98c8  54001b00   b.eq   $0x0000ffff898f9c28
T1926856   0x0000ffff898f98cc  7110067f   subs   %w19 $0x0401 lsl $0x00 -> %wzr
T1926856   0x0000ffff898f98d0  321e00a1   orr    %w5 $0x00000004 -> %w1
T1926856   0x0000ffff898f98d4  1a850025   csel   %w1 %w5 eq -> %w5
T1926856   0x0000ffff898f98d8  12003800   and    %w0 $0x00007fff -> %w0
T1926856   0x0000ffff898f98dc  52800301   movz   $0x0018 lsl $0x00 -> %w1
T1926856   0x0000ffff898f98e0  f9021a97   str    %x23 -> +0x0430(%x20)[8byte]
T1926856     write 8 byte(s) @ 0xffff89921630
T1926856   0x0000ffff898f98e4  b9043a85   str    %w5 -> +0x0438(%x20)[4byte]
T1926856     write 4 byte(s) @ 0xffff89921638
T1926856   0x0000ffff898f98e8  9ba11004   umaddl %w0 %w1 %x4 -> %x4
T1926856   0x0000ffff898f98ec  b4000084   cbz    $0x0000ffff898f98fc %x4
T1926856   0x0000ffff898f98f0  b9400880   ldr    +0x08(%x4)[4byte] -> %w0
T1926856     read  4 byte(s) @ 0xffff898e35b8
T1926856   0x0000ffff898f98f4  7100001f   subs   %w0 $0x0000 lsl $0x00 -> %wzr
T1926856   0x0000ffff898f98f8  9a9f1084   csel   %x4 %xzr ne -> %x4
T1926856   0x0000ffff898f98fc  a94a07a3   ldp    +0xa0(%x29)[16byte] -> %x3 %x1
T1926856     read  16 byte(s) @ 0xffffd2962f10
T1926856   0x0000ffff898f9900  910303a2   add    %x29 $0x00c0 lsl $0x00 -> %x2
T1926856   0x0000ffff898f9904  b8756b20   ldr    (%x25,%x21)[4byte] -> %w0
T1926856     read  4 byte(s) @ 0xffff857e45b0
T1926856   0x0000ffff898f9908  d2800007   movz   $0x0000 lsl $0x00 -> %x7
T1926856   0x0000ffff898f990c  52800126   movz   $0x0009 lsl $0x00 -> %w6
T1926856   0x0000ffff898f9910  a90b2fa8   stp    %x8 %x11 -> +0xb0(%x29)[16byte]
T1926856     write 16 byte(s) @ 0xffffd2962f20
T1926856   0x0000ffff898f9914  8b000020   add    %x1 %x0 lsl $0x00 -> %x0
T1926856   0x0000ffff898f9918  aa1403e1   orr    %xzr %x20 lsl $0x00 -> %x1
T1926856   0x0000ffff898f991c  97fff921   bl     $0x0000ffff898f7da0 -> %x30
T1926856   0x0000ffff898f7da0  d10443ff   sub    %sp $0x0110 lsl $0x00 -> %sp
T1926856   0x0000ffff898f7da4  a9027bfd   stp    %x29 %x30 -> +0x20(%sp)[16byte]
T1926856     write 16 byte(s) @ 0xffffd2962d70
T1926856   0x0000ffff898f7da8  910083fd   add    %sp $0x0020 lsl $0x00 -> %x29
T1926856   0x0000ffff898f7dac  a90353f3   stp    %x19 %x20 -> +0x30(%sp)[16byte]
T1926856     write 16 byte(s) @ 0xffffd2962d80
T1926856   0x0000ffff898f7db0  aa0203f3   orr    %xzr %x2 lsl $0x00 -> %x19
T1926856   0x0000ffff898f7db4  aa0703f4   orr    %xzr %x7 lsl $0x00 -> %x20
T1926856   0x0000ffff898f7db8  a9045bf5   stp    %x21 %x22 -> +0x40(%sp)[16byte]
T1926856     write 16 byte(s) @ 0xffffd2962d90
T1926856   0x0000ffff898f7dbc  aa0403f5   orr    %xzr %x4 lsl $0x00 -> %x21
T1926856   0x0000ffff898f7dc0  2a0603f6   orr    %wzr %w6 lsl $0x00 -> %w22
T1926856   0x0000ffff898f7dc4  a90563f7   stp    %x23 %x24 -> +0x50(%sp)[16byte]
T1926856     write 16 byte(s) @ 0xffffd2962da0
T1926856   0x0000ffff898f7dc8  aa0103f7   orr    %xzr %x1 lsl $0x00 -> %x23
T1926856   0x0000ffff898f7dcc  a9066bf9   stp    %x25 %x26 -> +0x60(%sp)[16byte]
T1926856     write 16 byte(s) @ 0xffffd2962db0
T1926856   0x0000ffff898f7dd0  a90773fb   stp    %x27 %x28 -> +0x70(%sp)[16byte]
T1926856     write 16 byte(s) @ 0xffffd2962dc0
T1926856   0x0000ffff898f7dd4  aa0003fb   orr    %xzr %x0 lsl $0x00 -> %x27
T1926856   0x0000ffff898f7dd8  39400008   ldrb   (%x0)[1byte] -> %w8
T1926856     read  1 byte(s) @ 0xffff857e5196
T1926856   0x0000ffff898f7ddc  b90083e5   str    %w5 -> +0x80(%sp)[4byte]
T1926856     write 4 byte(s) @ 0xffffd2962dd0
T1926856   0x0000ffff898f7de0  f9004be3   str    %x3 -> +0x90(%sp)[8byte]
T1926856     write 8 byte(s) @ 0xffffd2962de0
T1926856   0x0000ffff898f7de4  34000f48   cbz    $0x0000ffff898f7fcc %w8
T1926856   0x0000ffff898f7de8  d282a0a1   movz   $0x1505 lsl $0x00 -> %x1
T1926856   0x0000ffff898f7dec  d503201f   nop
T1926856   0x0000ffff898f7df0  8b011421   add    %x1 %x1 lsl $0x05 -> %x1
T1926856   0x0000ffff898f7df4  8b280021   add    %x1 %x8 uxtb $0x00 -> %x1
T1926856   0x0000ffff898f7df8  38401c08   ldrb   +0x01(%x0)[1byte] %x0 $0x0000000000000001 -> %w8 %x0
T1926856     read  1 byte(s) @ 0xffff857e5197
T1926856   0x0000ffff898f7dfc  35ffffa8   cbnz   $0x0000ffff898f7df0 %w8
T1926856   0x0000ffff898f7df0  8b011421   add    %x1 %x1 lsl $0x05 -> %x1
T1926856   0x0000ffff898f7df4  8b280021   add    %x1 %x8 uxtb $0x00 -> %x1
T1926856   0x0000ffff898f7df8  38401c08   ldrb   +0x01(%x0)[1byte] %x0 $0x0000000000000001 -> %w8 %x0
T1926856     read  1 byte(s) @ 0xffff857e5198
T1926856   0x0000ffff898f7dfc  35ffffa8   cbnz   $0x0000ffff898f7df0 %w8
T1926856   0x0000ffff898f7df0  8b011421   add    %x1 %x1 lsl $0x05 -> %x1
T1926856   0x0000ffff898f7df4  8b280021   add    %x1 %x8 uxtb $0x00 -> %x1
T1926856   0x0000ffff898f7df8  38401c08   ldrb   +0x01(%x0)[1byte] %x0 $0x0000000000000001 -> %w8 %x0
T1926856     read  1 byte(s) @ 0xffff857e5199
T1926856   0x0000ffff898f7dfc  35ffffa8   cbnz   $0x0000ffff898f7df0 %w8
T1926856   0x0000ffff898f7df0  8b011421   add    %x1 %x1 lsl $0x05 -> %x1
T1926856   0x0000ffff898f7df4  8b280021   add    %x1 %x8 uxtb $0x00 -> %x1
T1926856   0x0000ffff898f7df8  38401c08   ldrb   +0x01(%x0)[1byte] %x0 $0x0000000000000001 -> %w8 %x0
T1926856     read  1 byte(s) @ 0xffff857e519a
T1926856   0x0000ffff898f7dfc  35ffffa8   cbnz   $0x0000ffff898f7df0 %w8
T1926856   0x0000ffff898f7df0  8b011421   add    %x1 %x1 lsl $0x05 -> %x1
T1926856   0x0000ffff898f7df4  8b280021   add    %x1 %x8 uxtb $0x00 -> %x1
T1926856   0x0000ffff898f7df8  38401c08   ldrb   +0x01(%x0)[1byte] %x0 $0x0000000000000001 -> %w8 %x0
T1926856     read  1 byte(s) @ 0xffff857e519b
T1926856   0x0000ffff898f7dfc  35ffffa8   cbnz   $0x0000ffff898f7df0 %w8
T1926856   0x0000ffff898f7df0  8b011421   add    %x1 %x1 lsl $0x05 -> %x1
T1926856   0x0000ffff898f7df4  8b280021   add    %x1 %x8 uxtb $0x00 -> %x1
T1926856   0x0000ffff898f7df8  38401c08   ldrb   +0x01(%x0)[1byte] %x0 $0x0000000000000001 -> %w8 %x0
T1926856     read  1 byte(s) @ 0xffff857e519c
T1926856   0x0000ffff898f7dfc  35ffffa8   cbnz   $0x0000ffff898f7df0 %w8
T1926856   0x0000ffff898f7e00  92407c3a   and    %x1 $0x00000000ffffffff -> %x26
T1926856   0x0000ffff898f7e04  b0000140   adrp   <rel> 0x0000ffff89920000 -> %x0
T1926856   0x0000ffff898f7e08  91018002   add    %x0 $0x0060 lsl $0x00 -> %x2
T1926856   0x0000ffff898f7e0c  b2407fe0   orr    %xzr $0x00000000ffffffff -> %x0
T1926856   0x0000ffff898f7e10  f90067e0   str    %x0 -> +0xc8(%sp)[8byte]
T1926856     write 8 byte(s) @ 0xffffd2962e18
T1926856   0x0000ffff898f7e14  a90dffff   stp    %xzr %xzr -> +0xd8(%sp)[16byte]
T1926856     write 16 byte(s) @ 0xffffd2962e28
T1926856   0x0000ffff898f7e18  f9450040   ldr    +0x0a00(%x2)[8byte] -> %x0
T1926856     read  8 byte(s) @ 0xffff89920a60
T1926856   0x0000ffff898f7e1c  91000400   add    %x0 $0x0001 lsl $0x00 -> %x0
T1926856   0x0000ffff898f7e20  f9050040   str    %x0 -> +0x0a00(%x2)[8byte]
T1926856     write 8 byte(s) @ 0xffff89920a60
T1926856   0x0000ffff898f7e24  b4000055   cbz    $0x0000ffff898f7e2c %x21
T1926856   0x0000ffff898f7e28  37086c56   tbnz   $0x0000ffff898f8bb0 %x22 $0x01
T1926856   0x0000ffff898f7e2c  f9404be0   ldr    +0x90(%sp)[8byte] -> %x0
T1926856     read  8 byte(s) @ 0xffffd2962de0
T1926856   0x0000ffff898f7e30  f9400263   ldr    (%x19)[8byte] -> %x3
T1926856     read  8 byte(s) @ 0xffffd2962f30
T1926856   0x0000ffff898f7e34  f9400005   ldr    (%x0)[8byte] -> %x5
T1926856     read  8 byte(s) @ 0xffff89921598
T1926856   0x0000ffff898f7e38  b5001114   cbnz   $0x0000ffff898f8058 %x20
T1926856   0x0000ffff898f7e3c  b4000cc5   cbz    $0x0000ffff898f7fd4 %x5
T1926856   0x0000ffff898f7e40  f90047ff   str    %xzr -> +0x88(%sp)[8byte]
T1926856     write 8 byte(s) @ 0xffffd2962dd8
T1926856   0x0000ffff898f7e44  910363f8   add    %sp $0x00d8 lsl $0x00 -> %x24
T1926856   0x0000ffff898f7e48  910323f9   add    %sp $0x00c8 lsl $0x00 -> %x25
T1926856   0x0000ffff898f7e4c  a948f3e6   ldp    +0x88(%sp)[16byte] -> %x6 %x28
T1926856     read  16 byte(s) @ 0xffffd2962dd8
T1926856   0x0000ffff898f7e50  14000005   b      $0x0000ffff898f7e64
T1926856   0x0000ffff898f7e64  b94083e0   ldr    +0x80(%sp)[4byte] -> %w0
T1926856     read  4 byte(s) @ 0xffffd2962dd0
T1926856   0x0000ffff898f7e68  aa1503e7   orr    %xzr %x21 lsl $0x00 -> %x7
T1926856   0x0000ffff898f7e6c  b90003f6   str    %w22 -> (%sp)[4byte]
T1926856     write 4 byte(s) @ 0xffffd2962d50
T1926856   0x0000ffff898f7e70  aa1803e4   orr    %xzr %x24 lsl $0x00 -> %x4
T1926856   0x0000ffff898f7e74  f90007f4   str    %x20 -> +0x08(%sp)[8byte]
T1926856     write 8 byte(s) @ 0xffffd2962d58
T1926856   0x0000ffff898f7e78  aa1903e2   orr    %xzr %x25 lsl $0x00 -> %x2
T1926856   0x0000ffff898f7e7c  b90013e0   str    %w0 -> +0x10(%sp)[4byte]
T1926856     write 4 byte(s) @ 0xffffd2962d60
T1926856   0x0000ffff898f7e80  aa1a03e1   orr    %xzr %x26 lsl $0x00 -> %x1
T1926856   0x0000ffff898f7e84  f9000ff7   str    %x23 -> +0x18(%sp)[8byte]
T1926856     write 8 byte(s) @ 0xffffd2962d68
T1926856   0x0000ffff898f7e88  aa1b03e0   orr    %xzr %x27 lsl $0x00 -> %x0
T1926856   0x0000ffff898f7e8c  97fffd15   bl     $0x0000ffff898f72e0 -> %x30
T1926856   0x0000ffff898f72e0  d10403ff   sub    %sp $0x0100 lsl $0x00 -> %sp
T1926856   0x0000ffff898f72e4  a9027bfd   stp    %x29 %x30 -> +0x20(%sp)[16byte]
T1926856     write 16 byte(s) @ 0xffffd2962c70
T1926856   0x0000ffff898f72e8  910083fd   add    %sp $0x0020 lsl $0x00 -> %x29
T1926856   0x0000ffff898f72ec  b94008aa   ldr    +0x08(%x5)[4byte] -> %w10
T1926856     read  4 byte(s) @ 0xffff899214f8
T1926856   0x0000ffff898f72f0  a9045bf5   stp    %x21 %x22 -> +0x40(%sp)[16byte]
T1926856     write 16 byte(s) @ 0xffffd2962c90
T1926856   0x0000ffff898f72f4  aa0003f5   orr    %xzr %x0 lsl $0x00 -> %x21
T1926856   0x0000ffff898f72f8  b94103e0   ldr    +0x0100(%sp)[4byte] -> %w0
T1926856     read  4 byte(s) @ 0xffffd2962d50
T1926856   0x0000ffff898f72fc  b94113f6   ldr    +0x0110(%sp)[4byte] -> %w22
T1926856     read  4 byte(s) @ 0xffffd2962d60
T1926856   0x0000ffff898f7300  a90353f3   stp    %x19 %x20 -> +0x30(%sp)[16byte]
T1926856     write 16 byte(s) @ 0xffffd2962c80
T1926856   0x0000ffff898f7304  a90563f7   stp    %x23 %x24 -> +0x50(%sp)[16byte]
T1926856     write 16 byte(s) @ 0xffffd2962ca0
T1926856   0x0000ffff898f7308  aa0a03f7   orr    %xzr %x10 lsl $0x00 -> %x23
T1926856   0x0000ffff898f730c  a9066bf9   stp    %x25 %x26 -> +0x60(%sp)[16byte]
T1926856     write 16 byte(s) @ 0xffffd2962cb0
T1926856   0x0000ffff898f7310  a90773fb   stp    %x27 %x28 -> +0x70(%sp)[16byte]
T1926856     write 16 byte(s) @ 0xffffd2962cc0
T1926856   0x0000ffff898f7314  a90993e3   stp    %x3 %x4 -> +0x98(%sp)[16byte]
T1926856     write 16 byte(s) @ 0xffffd2962ce8
T1926856   0x0000ffff898f7318  b900b3e0   str    %w0 -> +0xb0(%sp)[4byte]
T1926856     write 4 byte(s) @ 0xffffd2962d00
T1926856   0x0000ffff898f731c  a90b9fe2   stp    %x2 %x7 -> +0xb8(%sp)[16byte]
T1926856     write 16 byte(s) @ 0xffffd2962d08
T1926856   0x0000ffff898f7320  f94087ed   ldr    +0x0108(%sp)[8byte] -> %x13
T1926856     read  8 byte(s) @ 0xffffd2962d58
T1926856   0x0000ffff898f7324  d346fc20   ubfm   %x1 $0x06 $0x3f -> %x0
T1926856   0x0000ffff898f7328  f9004be0   str    %x0 -> +0x90(%sp)[8byte]
T1926856     write 8 byte(s) @ 0xffffd2962ce0
T1926856   0x0000ffff898f732c  f94000ba   ldr    (%x5)[8byte] -> %x26
T1926856     read  8 byte(s) @ 0xffff899214f0
T1926856   0x0000ffff898f7330  9103d3e0   add    %sp $0x00f4 lsl $0x00 -> %x0
T1926856   0x0000ffff898f7334  f90043e0   str    %x0 -> +0x80(%sp)[8byte]
T1926856     write 8 byte(s) @ 0xffffd2962cd0
T1926856   0x0000ffff898f7338  9103e3e0   add    %sp $0x00f8 lsl $0x00 -> %x0
T1926856   0x0000ffff898f733c  aa1703f8   orr    %xzr %x23 lsl $0x00 -> %x24
T1926856   0x0000ffff898f7340  aa0603fc   orr    %xzr %x6 lsl $0x00 -> %x28
T1926856   0x0000ffff898f7344  aa1503f7   orr    %xzr %x21 lsl $0x00 -> %x23
T1926856   0x0000ffff898f7348  aa0d03f4   orr    %xzr %x13 lsl $0x00 -> %x20
T1926856   0x0000ffff898f734c  aa1a03f5   orr    %xzr %x26 lsl $0x00 -> %x21
T1926856   0x0000ffff898f7350  aa0103fa   orr    %xzr %x1 lsl $0x00 -> %x26
T1926856   0x0000ffff898f7354  f90047e0   str    %x0 -> +0x88(%sp)[8byte]
T1926856     write 8 byte(s) @ 0xffffd2962cd8
T1926856   0x0000ffff898f7358  d0000080   adrp   <rel> 0x0000ffff89909000 -> %x0
T1926856   0x0000ffff898f735c  91290000   add    %x0 $0x0a40 lsl $0x00 -> %x0
T1926856   0x0000ffff898f7360  f90057e0   str    %x0 -> +0xa8(%sp)[8byte]
T1926856     write 8 byte(s) @ 0xffffd2962cf8
T1926856   0x0000ffff898f7364  14000017   b      $0x0000ffff898f73c0
T1926856   0x0000ffff898f73c0  f87c7aa0   ldr    (%x21,%x28,uxtx #3)[8byte] -> %x0
T1926856     read  8 byte(s) @ 0xffff898e3560
T1926856   0x0000ffff898f73c4  f9401419   ldr    +0x28(%x0)[8byte] -> %x25
T1926856     read  8 byte(s) @ 0xffff89921228
T1926856   0x0000ffff898f73c8  eb14033f   subs   %x25 %x20 lsl $0x00 -> %xzr
T1926856   0x0000ffff898f73cc  54ffff40   b.eq   $0x0000ffff898f73b4
T1926856   0x0000ffff898f73d0  121f02ca   and    %w22 $0x00000002 -> %w10
T1926856   0x0000ffff898f73d4  36080096   tbz    $0x0000ffff898f73e4 %x22 $0x01
T1926856   0x0000ffff898f73e4  394d3720   ldrb   +0x034d(%x25)[1byte] -> %w0
T1926856     read  1 byte(s) @ 0xffff8992154d
T1926856   0x0000ffff898f73e8  372ffe60   tbnz   $0x0000ffff898f73b4 %x0 $0x05
T1926856   0x0000ffff898f73ec  90000153   adrp   <rel> 0x0000ffff8991f000 -> %x19
T1926856   0x0000ffff898f73f0  b946da60   ldr    +0x06d8(%x19)[4byte] -> %w0
T1926856     read  4 byte(s) @ 0xffff8991f6d8
T1926856   0x0000ffff898f73f4  361ffba0   tbz    $0x0000ffff898f7368 %x0 $0x03
T1926856   0x0000ffff898f7368  b9432722   ldr    +0x0324(%x25)[4byte] -> %w2
T1926856     read  4 byte(s) @ 0xffff89921524
T1926856   0x0000ffff898f736c  34000242   cbz    $0x0000ffff898f73b4 %w2
T1926856   0x0000ffff898f7370  a9468720   ldp    +0x68(%x25)[16byte] -> %x0 %x1
T1926856     read  16 byte(s) @ 0xffff89921268
T1926856   0x0000ffff898f7374  b900f7ff   str    %wzr -> +0xf4(%sp)[4byte]
T1926856     write 4 byte(s) @ 0xffffd2962d44
T1926856   0x0000ffff898f7378  f9419b23   ldr    +0x0330(%x25)[8byte] -> %x3
T1926856     read  8 byte(s) @ 0xffff89921530
T1926856   0x0000ffff898f737c  f9007fff   str    %xzr -> +0xf8(%sp)[8byte]
T1926856     write 8 byte(s) @ 0xffffd2962d48
T1926856   0x0000ffff898f7380  f9400407   ldr    +0x08(%x0)[8byte] -> %x7
T1926856     read  8 byte(s) @ 0xffff8580aa50
T1926856   0x0000ffff898f7384  f940042c   ldr    +0x08(%x1)[8byte] -> %x12
T1926856     read  8 byte(s) @ 0xffff8580aa60
T1926856   0x0000ffff898f7388  b4000683   cbz    $0x0000ffff898f7458 %x3
T1926856   0x0000ffff898f738c  f9404be4   ldr    +0x90(%sp)[8byte] -> %x4
T1926856     read  8 byte(s) @ 0xffffd2962ce0
T1926856   0x0000ffff898f7390  b9432b21   ldr    +0x0328(%x25)[4byte] -> %w1
T1926856     read  4 byte(s) @ 0xffff89921528
T1926856   0x0000ffff898f7394  b9432f20   ldr    +0x032c(%x25)[4byte] -> %w0
T1926856     read  4 byte(s) @ 0xffff8992152c
T1926856   0x0000ffff898f7398  8a040021   and    %x1 %x4 lsl $0x00 -> %x1
T1926856   0x0000ffff898f739c  9ac02740   lsrv   %x26 %x0 -> %x0
T1926856   0x0000ffff898f73a0  f8617861   ldr    (%x3,%x1,uxtx #3)[8byte] -> %x1
T1926856     read  8 byte(s) @ 0xffff857e42a8
T1926856   0x0000ffff898f73a4  9ac02420   lsrv   %x1 %x0 -> %x0
T1926856   0x0000ffff898f73a8  9ada2421   lsrv   %x1 %x26 -> %x1
T1926856   0x0000ffff898f73ac  8a010000   and    %x0 %x1 lsl $0x00 -> %x0
T1926856   0x0000ffff898f73b0  37000f00   tbnz   $0x0000ffff898f7590 %x0 $0x00
T1926856   0x0000ffff898f73b4  9100079c   add    %x28 $0x0001 lsl $0x00 -> %x28
T1926856   0x0000ffff898f73b8  eb1c031f   subs   %x24 %x28 lsl $0x00 -> %xzr
T1926856   0x0000ffff898f73bc  540014c9   b.ls   $0x0000ffff898f7654
T1926856   0x0000ffff898f73c0  f87c7aa0   ldr    (%x21,%x28,uxtx #3)[8byte] -> %x0
T1926856     read  8 byte(s) @ 0xffff898e3568
T1926856   0x0000ffff898f73c4  f9401419   ldr    +0x28(%x0)[8byte] -> %x25
T1926856     read  8 byte(s) @ 0xffff898e3028
T1926856   0x0000ffff898f73c8  eb14033f   subs   %x25 %x20 lsl $0x00 -> %xzr
T1926856   0x0000ffff898f73cc  54ffff40   b.eq   $0x0000ffff898f73b4
T1926856   0x0000ffff898f73d0  121f02ca   and    %w22 $0x00000002 -> %w10
T1926856   0x0000ffff898f73d4  36080096   tbz    $0x0000ffff898f73e4 %x22 $0x01
T1926856   0x0000ffff898f73e4  394d3720   ldrb   +0x034d(%x25)[1byte] -> %w0
T1926856     read  1 byte(s) @ 0xffff898e334d
T1926856   0x0000ffff898f73e8  372ffe60   tbnz   $0x0000ffff898f73b4 %x0 $0x05
T1926856   0x0000ffff898f73ec  90000153   adrp   <rel> 0x0000ffff8991f000 -> %x19
T1926856   0x0000ffff898f73f0  b946da60   ldr    +0x06d8(%x19)[4byte] -> %w0
T1926856     read  4 byte(s) @ 0xffff8991f6d8
T1926856   0x0000ffff898f73f4  361ffba0   tbz    $0x0000ffff898f7368 %x0 $0x03
T1926856   0x0000ffff898f7368  b9432722   ldr    +0x0324(%x25)[4byte] -> %w2
T1926856     read  4 byte(s) @ 0xffff898e3324
T1926856   0x0000ffff898f736c  34000242   cbz    $0x0000ffff898f73b4 %w2
T1926856   0x0000ffff898f7370  a9468720   ldp    +0x68(%x25)[16byte] -> %x0 %x1
T1926856     read  16 byte(s) @ 0xffff898e3068
T1926856   0x0000ffff898f7374  b900f7ff   str    %wzr -> +0xf4(%sp)[4byte]
T1926856     write 4 byte(s) @ 0xffffd2962d44
T1926856   0x0000ffff898f7378  f9419b23   ldr    +0x0330(%x25)[8byte] -> %x3
T1926856     read  8 byte(s) @ 0xffff898e3330
T1926856   0x0000ffff898f737c  f9007fff   str    %xzr -> +0xf8(%sp)[8byte]
T1926856     write 8 byte(s) @ 0xffffd2962d48
T1926856   0x0000ffff898f7380  f9400407   ldr    +0x08(%x0)[8byte] -> %x7
T1926856     read  8 byte(s) @ 0xffff89460ba0
T1926856   0x0000ffff898f7384  f940042c   ldr    +0x08(%x1)[8byte] -> %x12
T1926856     read  8 byte(s) @ 0xffff89460bb0
T1926856   0x0000ffff898f7388  b4000683   cbz    $0x0000ffff898f7458 %x3
T1926856   0x0000ffff898f738c  f9404be4   ldr    +0x90(%sp)[8byte] -> %x4
T1926856     read  8 byte(s) @ 0xffffd2962ce0
T1926856   0x0000ffff898f7390  b9432b21   ldr    +0x0328(%x25)[4byte] -> %w1
T1926856     read  4 byte(s) @ 0xffff898e3328
T1926856   0x0000ffff898f7394  b9432f20   ldr    +0x032c(%x25)[4byte] -> %w0
T1926856     read  4 byte(s) @ 0xffff898e332c
T1926856   0x0000ffff898f7398  8a040021   and    %x1 %x4 lsl $0x00 -> %x1
T1926856   0x0000ffff898f739c  9ac02740   lsrv   %x26 %x0 -> %x0
T1926856   0x0000ffff898f73a0  f8617861   ldr    (%x3,%x1,uxtx #3)[8byte] -> %x1
T1926856     read  8 byte(s) @ 0xffff892f7cd8
T1926856   0x0000ffff898f73a4  9ac02420   lsrv   %x1 %x0 -> %x0
T1926856   0x0000ffff898f73a8  9ada2421   lsrv   %x1 %x26 -> %x1
T1926856   0x0000ffff898f73ac  8a010000   and    %x0 %x1 lsl $0x00 -> %x0
T1926856   0x0000ffff898f73b0  37000f00   tbnz   $0x0000ffff898f7590 %x0 $0x00
T1926856   0x0000ffff898f7590  2a0203e2   orr    %wzr %w2 lsl $0x00 -> %w2
T1926856   0x0000ffff898f7594  f9419f21   ldr    +0x0338(%x25)[8byte] -> %x1
T1926856     read  8 byte(s) @ 0xffff898e3338
T1926856   0x0000ffff898f7598  9ac20b40   udiv   %x26 %x2 -> %x0
T1926856   0x0000ffff898f759c  9b02e800   msub   %x0 %x2 %x26 -> %x0
T1926856   0x0000ffff898f75a0  b860783b   ldr    (%x1,%x0,uxtx #2)[4byte] -> %w27
T1926856     read  4 byte(s) @ 0xffff892f8844
T1926856   0x0000ffff898f75a4  34fff09b   cbz    $0x0000ffff898f73b4 %w27
T1926856   0x0000ffff898f75a8  f941a320   ldr    +0x0340(%x25)[8byte] -> %x0
T1926856     read  8 byte(s) @ 0xffff898e3340
T1926856   0x0000ffff898f75ac  b900cbea   str    %w10 -> +0xc8(%sp)[4byte]
T1926856     write 4 byte(s) @ 0xffffd2962d18
T1926856   0x0000ffff898f75b0  a90d73f5   stp    %x21 %x28 -> +0xd0(%sp)[16byte]
T1926856     write 16 byte(s) @ 0xffffd2962d20
T1926856   0x0000ffff898f75b4  aa1a03fc   orr    %xzr %x26 lsl $0x00 -> %x28
T1926856   0x0000ffff898f75b8  aa1703fa   orr    %xzr %x23 lsl $0x00 -> %x26
T1926856   0x0000ffff898f75bc  8b3b481b   add    %x0 %x27 uxtw $0x02 -> %x27
T1926856   0x0000ffff898f75c0  f90073f8   str    %x24 -> +0xe0(%sp)[8byte]
T1926856     write 8 byte(s) @ 0xffffd2962d30
T1926856   0x0000ffff898f75c4  aa1b03f7   orr    %xzr %x27 lsl $0x00 -> %x23
T1926856   0x0000ffff898f75c8  aa1903f8   orr    %xzr %x25 lsl $0x00 -> %x24
T1926856   0x0000ffff898f75cc  aa0c03fb   orr    %xzr %x12 lsl $0x00 -> %x27
T1926856   0x0000ffff898f75d0  aa0703f9   orr    %xzr %x7 lsl $0x00 -> %x25
T1926856   0x0000ffff898f75d4  f90087f4   str    %x20 -> +0x0108(%sp)[8byte]
T1926856     write 8 byte(s) @ 0xffffd2962d58
T1926856   0x0000ffff898f75d8  2a1603f4   orr    %wzr %w22 lsl $0x00 -> %w20
T1926856   0x0000ffff898f75dc  b940b3f6   ldr    +0xb0(%sp)[4byte] -> %w22
T1926856     read  4 byte(s) @ 0xffffd2962d00
T1926856   0x0000ffff898f75e0  f94063f5   ldr    +0xc0(%sp)[8byte] -> %x21
T1926856     read  8 byte(s) @ 0xffffd2962d10
T1926856   0x0000ffff898f75e4  14000003   b      $0x0000ffff898f75f0
T1926856   0x0000ffff898f75f0  b94002e1   ldr    (%x23)[4byte] -> %w1
T1926856     read  4 byte(s) @ 0xffff892fa390
T1926856   0x0000ffff898f75f4  2a0103e0   orr    %wzr %w1 lsl $0x00 -> %w0
T1926856   0x0000ffff898f75f8  ca1c0000   eor    %x0 %x28 lsl $0x00 -> %x0
T1926856   0x0000ffff898f75fc  eb4007ff   subs   %xzr %x0 lsr $0x01 -> %xzr
T1926856   0x0000ffff898f7600  54ffff41   b.ne   $0x0000ffff898f75e8
T1926856   0x0000ffff898f7604  f941a306   ldr    +0x0340(%x24)[8byte] -> %x6
T1926856     read  8 byte(s) @ 0xffff898e3340
T1926856   0x0000ffff898f7608  aa1903e7   orr    %xzr %x25 lsl $0x00 -> %x7
T1926856   0x0000ffff898f760c  f94047e0   ldr    +0x88(%sp)[8byte] -> %x0
T1926856     read  8 byte(s) @ 0xffffd2962cd8
T1926856   0x0000ffff898f7610  cb0602e6   sub    %x23 %x6 lsl $0x00 -> %x6
T1926856   0x0000ffff898f7614  f9404fe1   ldr    +0x98(%sp)[8byte] -> %x1
T1926856     read  8 byte(s) @ 0xffffd2962ce8
T1926856   0x0000ffff898f7618  d34284c5   ubfm   %x6 $0x02 $0x21 -> %x5
T1926856   0x0000ffff898f761c  a90003f8   stp    %x24 %x0 -> (%sp)[16byte]
T1926856     write 16 byte(s) @ 0xffffd2962c50
T1926856   0x0000ffff898f7620  aa0503e6   orr    %xzr %x5 lsl $0x00 -> %x6
T1926856   0x0000ffff898f7624  8b0504a5   add    %x5 %x5 lsl $0x01 -> %x5
T1926856   0x0000ffff898f7628  f94043e0   ldr    +0x80(%sp)[8byte] -> %x0
T1926856     read  8 byte(s) @ 0xffffd2962cd0
T1926856   0x0000ffff898f762c  f9000be0   str    %x0 -> +0x10(%sp)[8byte]
T1926856     write 8 byte(s) @ 0xffffd2962c60
T1926856   0x0000ffff898f7630  2a1403e4   orr    %wzr %w20 lsl $0x00 -> %w4
T1926856   0x0000ffff898f7634  2a1603e3   orr    %wzr %w22 lsl $0x00 -> %w3
T1926856   0x0000ffff898f7638  aa1503e2   orr    %xzr %x21 lsl $0x00 -> %x2
T1926856   0x0000ffff898f763c  8b050f65   add    %x27 %x5 lsl $0x03 -> %x5
T1926856   0x0000ffff898f7640  aa1a03e0   orr    %xzr %x26 lsl $0x00 -> %x0
T1926856   0x0000ffff898f7644  97fffec1   bl     $0x0000ffff898f7148 -> %x30
T1926856   0x0000ffff898f7148  a9bc7bfd   stp    %x29 %x30 %sp $0xffffffffffffffc0 -> -0x40(%sp)[16byte] %sp
T1926856     write 16 byte(s) @ 0xffffd2962c10
T1926856   0x0000ffff898f714c  910003fd   add    %sp $0x0000 lsl $0x00 -> %x29
T1926856   0x0000ffff898f7150  a90153f3   stp    %x19 %x20 -> +0x10(%sp)[16byte]
T1926856     write 16 byte(s) @ 0xffffd2962c20
T1926856   0x0000ffff898f7154  aa0503f3   orr    %xzr %x5 lsl $0x00 -> %x19
T1926856   0x0000ffff898f7158  aa0203f4   orr    %xzr %x2 lsl $0x00 -> %x20
T1926856   0x0000ffff898f715c  a9025bf5   stp    %x21 %x22 -> +0x20(%sp)[16byte]
T1926856     write 16 byte(s) @ 0xffffd2962c30
T1926856   0x0000ffff898f7160  2a0603f6   orr    %wzr %w6 lsl $0x00 -> %w22
T1926856   0x0000ffff898f7164  f94004a9   ldr    +0x08(%x5)[8byte] -> %x9
T1926856     read  8 byte(s) @ 0xffff89303298
T1926856   0x0000ffff898f7168  f9001bf7   str    %x23 -> +0x30(%sp)[8byte]
T1926856     write 8 byte(s) @ 0xffffd2962c40
T1926856   0x0000ffff898f716c  2a0303f7   orr    %wzr %w3 lsl $0x00 -> %w23
T1926856   0x0000ffff898f7170  394010a8   ldrb   +0x04(%x5)[1byte] -> %w8
T1926856     read  1 byte(s) @ 0xffff89303294
T1926856   0x0000ffff898f7174  79400ca5   ldrh   +0x06(%x5)[2byte] -> %w5
T1926856     read  2 byte(s) @ 0xffff89303296
T1926856   0x0000ffff898f7178  12000d02   and    %w8 $0x0000000f -> %w2
T1926856   0x0000ffff898f717c  f94023f5   ldr    +0x40(%sp)[8byte] -> %x21
T1926856     read  8 byte(s) @ 0xffffd2962c50
T1926856   0x0000ffff898f7180  b4000769   cbz    $0x0000ffff898f726c %x9
T1926856   0x0000ffff898f7184  710000bf   subs   %w5 $0x0000 lsl $0x00 -> %wzr
T1926856   0x0000ffff898f7188  52808ce8   movz   $0x0467 lsl $0x00 -> %w8
T1926856   0x0000ffff898f718c  1ac22908   asrv   %w8 %w2 -> %w8
T1926856   0x0000ffff898f7190  1a9f17e2   csinc  %wzr %wzr ne -> %w2
T1926856   0x0000ffff898f7194  2a2803e8   orn    %wzr %w8 lsl $0x00 -> %w8
T1926856   0x0000ffff898f7198  0a040042   and    %w2 %w4 lsl $0x00 -> %w2
T1926856   0x0000ffff898f719c  12000104   and    %w8 $0x00000001 -> %w4
T1926856   0x0000ffff898f71a0  2a020084   orr    %w4 %w2 lsl $0x00 -> %w4
T1926856   0x0000ffff898f71a4  350006c4   cbnz   $0x0000ffff898f727c %w4
T1926856   0x0000ffff898f71a8  eb01027f   subs   %x19 %x1 lsl $0x00 -> %xzr
T1926856   0x0000ffff898f71ac  540000c0   b.eq   $0x0000ffff898f71c4
T1926856   0x0000ffff898f71b0  b9400262   ldr    (%x19)[4byte] -> %w2
T1926856     read  4 byte(s) @ 0xffff89303290
T1926856   0x0000ffff898f71b4  aa0003e1   orr    %xzr %x0 lsl $0x00 -> %x1
T1926856   0x0000ffff898f71b8  8b0200e0   add    %x7 %x2 lsl $0x00 -> %x0
T1926856   0x0000ffff898f71bc  94003c61   bl     $0x0000ffff89906340 -> %x30
T1926856   0x0000ffff89906340  ca010007   eor    %x0 %x1 lsl $0x00 -> %x7
T1926856   0x0000ffff89906344  b200c3ea   orr    %xzr $0x0101010101010101 -> %x10
T1926856   0x0000ffff89906348  f24008ff   ands   %x7 $0x0000000000000007 -> %xzr
T1926856   0x0000ffff8990634c  540003e1   b.ne   $0x0000ffff899063c8
T1926856   0x0000ffff899063c8  f240081f   ands   %x0 $0x0000000000000007 -> %xzr
T1926856   0x0000ffff899063cc  54000100   b.eq   $0x0000ffff899063ec
T1926856   0x0000ffff899063d0  38401402   ldrb   (%x0)[1byte] %x0 $0x0000000000000001 -> %w2 %x0
T1926856     read  1 byte(s) @ 0xffff89308abc
T1926856   0x0000ffff899063d4  38401423   ldrb   (%x1)[1byte] %x1 $0x0000000000000001 -> %w3 %x1
T1926856     read  1 byte(s) @ 0xffff857e5196
T1926856   0x0000ffff899063d8  7100045f   subs   %w2 $0x0001 lsl $0x00 -> %wzr
T1926856   0x0000ffff899063dc  7a432040   ccmp   %w2 %w3 $0x00 cs
T1926856   0x0000ffff899063e0  540001e1   b.ne   $0x0000ffff8990641c
T1926856   0x0000ffff899063e4  f240081f   ands   %x0 $0x0000000000000007 -> %xzr
T1926856   0x0000ffff899063e8  54ffff41   b.ne   $0x0000ffff899063d0
T1926856   0x0000ffff899063d0  38401402   ldrb   (%x0)[1byte] %x0 $0x0000000000000001 -> %w2 %x0
T1926856     read  1 byte(s) @ 0xffff89308abd
T1926856   0x0000ffff899063d4  38401423   ldrb   (%x1)[1byte] %x1 $0x0000000000000001 -> %w3 %x1
T1926856     read  1 byte(s) @ 0xffff857e5197
T1926856   0x0000ffff899063d8  7100045f   subs   %w2 $0x0001 lsl $0x00 -> %wzr
T1926856   0x0000ffff899063dc  7a432040   ccmp   %w2 %w3 $0x00 cs
T1926856   0x0000ffff899063e0  540001e1   b.ne   $0x0000ffff8990641c
T1926856   0x0000ffff899063e4  f240081f   ands   %x0 $0x0000000000000007 -> %xzr
T1926856   0x0000ffff899063e8  54ffff41   b.ne   $0x0000ffff899063d0
T1926856   0x0000ffff899063d0  38401402   ldrb   (%x0)[1byte] %x0 $0x0000000000000001 -> %w2 %x0
T1926856     read  1 byte(s) @ 0xffff89308abe
T1926856   0x0000ffff899063d4  38401423   ldrb   (%x1)[1byte] %x1 $0x0000000000000001 -> %w3 %x1
T1926856     read  1 byte(s) @ 0xffff857e5198
T1926856   0x0000ffff899063d8  7100045f   subs   %w2 $0x0001 lsl $0x00 -> %wzr
T1926856   0x0000ffff899063dc  7a432040   ccmp   %w2 %w3 $0x00 cs
T1926856   0x0000ffff899063e0  540001e1   b.ne   $0x0000ffff8990641c
T1926856   0x0000ffff899063e4  f240081f   ands   %x0 $0x0000000000000007 -> %xzr
T1926856   0x0000ffff899063e8  54ffff41   b.ne   $0x0000ffff899063d0
T1926856   0x0000ffff899063d0  38401402   ldrb   (%x0)[1byte] %x0 $0x0000000000000001 -> %w2 %x0
T1926856     read  1 byte(s) @ 0xffff89308abf
T1926856   0x0000ffff899063d4  38401423   ldrb   (%x1)[1byte] %x1 $0x0000000000000001 -> %w3 %x1
T1926856     read  1 byte(s) @ 0xffff857e5199
T1926856   0x0000ffff899063d8  7100045f   subs   %w2 $0x0001 lsl $0x00 -> %wzr
T1926856   0x0000ffff899063dc  7a432040   ccmp   %w2 %w3 $0x00 cs
T1926856   0x0000ffff899063e0  540001e1   b.ne   $0x0000ffff8990641c
T1926856   0x0000ffff899063e4  f240081f   ands   %x0 $0x0000000000000007 -> %xzr
T1926856   0x0000ffff899063e8  54ffff41   b.ne   $0x0000ffff899063d0
T1926856   0x0000ffff899063ec  927d2027   and    %x1 $0x0000000000000ff8 -> %x7
T1926856   0x0000ffff899063f0  d27d20e7   eor    %x7 $0x0000000000000ff8 -> %x7
T1926856   0x0000ffff899063f4  b4fffee7   cbz    $0x0000ffff899063d0 %x7
T1926856   0x0000ffff899063f8  f8408402   ldr    (%x0)[8byte] %x0 $0x0000000000000008 -> %x2 %x0
T1926856     read  8 byte(s) @ 0xffff89308ac0
T1926856   0x0000ffff899063fc  f8408423   ldr    (%x1)[8byte] %x1 $0x0000000000000008 -> %x3 %x1
T1926856     read  8 byte(s) @ 0xffff857e519a
T1926856   0x0000ffff89906400  cb0a0047   sub    %x2 %x10 lsl $0x00 -> %x7
T1926856   0x0000ffff89906404  b200d848   orr    %x2 $0x7f7f7f7f7f7f7f7f -> %x8
T1926856   0x0000ffff89906408  ca030045   eor    %x2 %x3 lsl $0x00 -> %x5
T1926856   0x0000ffff8990640c  8a2800e4   bic    %x7 %x8 lsl $0x00 -> %x4
T1926856   0x0000ffff89906410  aa0400a6   orr    %x5 %x4 lsl $0x00 -> %x6
T1926856   0x0000ffff89906414  b4fffec6   cbz    $0x0000ffff899063ec %x6
T1926856   0x0000ffff89906418  17ffffd8   b      $0x0000ffff89906378
T1926856   0x0000ffff89906378  dac00cc6   rev    %x6 -> %x6
T1926856   0x0000ffff8990637c  dac00c42   rev    %x2 -> %x2
T1926856   0x0000ffff89906380  dac010cb   clz    %x6 -> %x11
T1926856   0x0000ffff89906384  dac00c63   rev    %x3 -> %x3
T1926856   0x0000ffff89906388  9acb2042   lslv   %x2 %x11 -> %x2
T1926856   0x0000ffff8990638c  9acb2063   lslv   %x3 %x11 -> %x3
T1926856   0x0000ffff89906390  d378fc42   ubfm   %x2 $0x38 $0x3f -> %x2
T1926856   0x0000ffff89906394  cb43e040   sub    %x2 %x3 lsr $0x38 -> %x0
T1926856   0x0000ffff89906398  d65f03c0   ret    %x30
T1926856   0x0000ffff898f71c0  350005e0   cbnz   $0x0000ffff898f727c %w0
T1926856   0x0000ffff898f71c4  f941baa0   ldr    +0x0370(%x21)[8byte] -> %x0
T1926856     read  8 byte(s) @ 0xffff898e3370
T1926856   0x0000ffff898f71c8  b40002d4   cbz    $0x0000ffff898f7220 %x20
T1926856   0x0000ffff898f71cc  b40006e0   cbz    $0x0000ffff898f72a8 %x0
T1926856   0x0000ffff898f71d0  78765816   ldrh   (%x0,%x22,uxtw #1)[2byte] -> %w22
T1926856     read  2 byte(s) @ 0xffff8930f32e
T1926856   0x0000ffff898f71d4  52800303   movz   $0x0018 lsl $0x00 -> %w3
T1926856   0x0000ffff898f71d8  f9418ea1   ldr    +0x0318(%x21)[8byte] -> %x1
T1926856     read  8 byte(s) @ 0xffff898e3318
T1926856   0x0000ffff898f71dc  12003ac0   and    %w22 $0x00007fff -> %w0
T1926856   0x0000ffff898f71e0  b9400a82   ldr    +0x08(%x20)[4byte] -> %w2
T1926856     read  4 byte(s) @ 0xffff898e35b8
T1926856   0x0000ffff898f71e4  9ba37c00   umaddl %w0 %w3 %xzr -> %x0
T1926856   0x0000ffff898f71e8  8b000023   add    %x1 %x0 lsl $0x00 -> %x3
T1926856   0x0000ffff898f71ec  b9400875   ldr    +0x08(%x3)[4byte] -> %w21
T1926856     read  4 byte(s) @ 0xffff898e3668
T1926856   0x0000ffff898f71f0  6b0202bf   subs   %w21 %w2 lsl $0x00 -> %wzr
T1926856   0x0000ffff898f71f4  54000500   b.eq   $0x0000ffff898f7294
T1926856   0x0000ffff898f7294  f8606820   ldr    (%x1,%x0)[8byte] -> %x0
T1926856     read  8 byte(s) @ 0xffff898e3660
T1926856   0x0000ffff898f7298  f9400281   ldr    (%x20)[8byte] -> %x1
T1926856     read  8 byte(s) @ 0xffff898e35b0
T1926856   0x0000ffff898f729c  94003c29   bl     $0x0000ffff89906340 -> %x30
T1926856   0x0000ffff89906340  ca010007   eor    %x0 %x1 lsl $0x00 -> %x7
T1926856   0x0000ffff89906344  b200c3ea   orr    %xzr $0x0101010101010101 -> %x10
T1926856   0x0000ffff89906348  f24008ff   ands   %x7 $0x0000000000000007 -> %xzr
T1926856   0x0000ffff8990634c  540003e1   b.ne   $0x0000ffff899063c8
T1926856   0x0000ffff89906350  f2400807   ands   %x0 $0x0000000000000007 -> %x7
T1926856   0x0000ffff89906354  54000241   b.ne   $0x0000ffff8990639c
T1926856   0x0000ffff89906358  f8408402   ldr    (%x0)[8byte] %x0 $0x0000000000000008 -> %x2 %x0
T1926856     read  8 byte(s) @ 0xffff8930e7f0
T1926856   0x0000ffff8990635c  f8408423   ldr    (%x1)[8byte] %x1 $0x0000000000000008 -> %x3 %x1
T1926856     read  8 byte(s) @ 0xffff857e5428
T1926856   0x0000ffff89906360  cb0a0047   sub    %x2 %x10 lsl $0x00 -> %x7
T1926856   0x0000ffff89906364  b200d848   orr    %x2 $0x7f7f7f7f7f7f7f7f -> %x8
T1926856   0x0000ffff89906368  ca030045   eor    %x2 %x3 lsl $0x00 -> %x5
T1926856   0x0000ffff8990636c  8a2800e4   bic    %x7 %x8 lsl $0x00 -> %x4
T1926856   0x0000ffff89906370  aa0400a6   orr    %x5 %x4 lsl $0x00 -> %x6
T1926856   0x0000ffff89906374  b4ffff26   cbz    $0x0000ffff89906358 %x6
T1926856   0x0000ffff89906358  f8408402   ldr    (%x0)[8byte] %x0 $0x0000000000000008 -> %x2 %x0
T1926856     read  8 byte(s) @ 0xffff8930e7f8
T1926856   0x0000ffff8990635c  f8408423   ldr    (%x1)[8byte] %x1 $0x0000000000000008 -> %x3 %x1
T1926856     read  8 byte(s) @ 0xffff857e5430
T1926856   0x0000ffff89906360  cb0a0047   sub    %x2 %x10 lsl $0x00 -> %x7
T1926856   0x0000ffff89906364  b200d848   orr    %x2 $0x7f7f7f7f7f7f7f7f -> %x8
T1926856   0x0000ffff89906368  ca030045   eor    %x2 %x3 lsl $0x00 -> %x5
T1926856   0x0000ffff8990636c  8a2800e4   bic    %x7 %x8 lsl $0x00 -> %x4
T1926856   0x0000ffff89906370  aa0400a6   orr    %x5 %x4 lsl $0x00 -> %x6
T1926856   0x0000ffff89906374  b4ffff26   cbz    $0x0000ffff89906358 %x6
T1926856   0x0000ffff89906378  dac00cc6   rev    %x6 -> %x6
T1926856   0x0000ffff8990637c  dac00c42   rev    %x2 -> %x2
T1926856   0x0000ffff89906380  dac010cb   clz    %x6 -> %x11
T1926856   0x0000ffff89906384  dac00c63   rev    %x3 -> %x3
T1926856   0x0000ffff89906388  9acb2042   lslv   %x2 %x11 -> %x2
T1926856   0x0000ffff8990638c  9acb2063   lslv   %x3 %x11 -> %x3
T1926856   0x0000ffff89906390  d378fc42   ubfm   %x2 $0x38 $0x3f -> %x2
T1926856   0x0000ffff89906394  cb43e040   sub    %x2 %x3 lsr $0x38 -> %x0
T1926856   0x0000ffff89906398  d65f03c0   ret    %x30
T1926856   0x0000ffff898f72a0  34fffb40   cbz    $0x0000ffff898f7208 %w0
T1926856   0x0000ffff898f7208  aa1303e0   orr    %xzr %x19 lsl $0x00 -> %x0
T1926856   0x0000ffff898f720c  a94153f3   ldp    +0x10(%sp)[16byte] -> %x19 %x20
T1926856     read  16 byte(s) @ 0xffffd2962c20
T1926856   0x0000ffff898f7210  a9425bf5   ldp    +0x20(%sp)[16byte] -> %x21 %x22
T1926856     read  16 byte(s) @ 0xffffd2962c30
T1926856   0x0000ffff898f7214  f9401bf7   ldr    +0x30(%sp)[8byte] -> %x23
T1926856     read  8 byte(s) @ 0xffffd2962c40
T1926856   0x0000ffff898f7218  a8c47bfd   ldp    (%sp)[16byte] %sp $0x0000000000000040 -> %x29 %x30 %sp
T1926856     read  16 byte(s) @ 0xffffd2962c10
T1926856   0x0000ffff898f721c  d65f03c0   ret    %x30
T1926856   0x0000ffff898f7648  b5003220   cbnz   $0x0000ffff898f7c8c %x0
T1926856   0x0000ffff898f7c8c  aa1903e7   orr    %xzr %x25 lsl $0x00 -> %x7
T1926856   0x0000ffff898f7c90  aa1a03f7   orr    %xzr %x26 lsl $0x00 -> %x23
T1926856   0x0000ffff898f7c94  aa1803f9   orr    %xzr %x24 lsl $0x00 -> %x25
T1926856   0x0000ffff898f7c98  aa1c03fa   orr    %xzr %x28 lsl $0x00 -> %x26
T1926856   0x0000ffff898f7c9c  2a1403f6   orr    %wzr %w20 lsl $0x00 -> %w22
T1926856   0x0000ffff898f7ca0  b940cbea   ldr    +0xc8(%sp)[4byte] -> %w10
T1926856     read  4 byte(s) @ 0xffffd2962d18
T1926856   0x0000ffff898f7ca4  aa0003e3   orr    %xzr %x0 lsl $0x00 -> %x3
T1926856   0x0000ffff898f7ca8  aa1b03ec   orr    %xzr %x27 lsl $0x00 -> %x12
T1926856   0x0000ffff898f7cac  a94d73f5   ldp    +0xd0(%sp)[16byte] -> %x21 %x28
T1926856     read  16 byte(s) @ 0xffffd2962d20
T1926856   0x0000ffff898f7cb0  f94073f8   ldr    +0xe0(%sp)[8byte] -> %x24
T1926856     read  8 byte(s) @ 0xffffd2962d30
T1926856   0x0000ffff898f7cb4  f94087f4   ldr    +0x0108(%sp)[8byte] -> %x20
T1926856     read  8 byte(s) @ 0xffffd2962d58
T1926856   0x0000ffff898f7cb8  17fffe1c   b      $0x0000ffff898f7528
T1926856   0x0000ffff898f7528  f9408fe0   ldr    +0x0118(%sp)[8byte] -> %x0
T1926856     read  8 byte(s) @ 0xffffd2962d68
T1926856   0x0000ffff898f752c  b4000a60   cbz    $0x0000ffff898f7678 %x0
T1926856   0x0000ffff898f7530  39401460   ldrb   +0x05(%x3)[1byte] -> %w0
T1926856     read  1 byte(s) @ 0xffff89303295
T1926856   0x0000ffff898f7534  12000400   and    %w0 $0x00000003 -> %w0
T1926856   0x0000ffff898f7538  51000400   sub    %w0 $0x0001 lsl $0x00 -> %w0
T1926856   0x0000ffff898f753c  7100041f   subs   %w0 $0x0001 lsl $0x00 -> %wzr
T1926856   0x0000ffff898f7540  54fff3a9   b.ls   $0x0000ffff898f73b4
T1926856   0x0000ffff898f7544  39401060   ldrb   +0x04(%x3)[1byte] -> %w0
T1926856     read  1 byte(s) @ 0xffff89303294
T1926856   0x0000ffff898f7548  53047c00   ubfm   %w0 $0x04 $0x1f -> %w0
T1926856   0x0000ffff898f754c  7100081f   subs   %w0 $0x0002 lsl $0x00 -> %wzr
T1926856   0x0000ffff898f7550  54001820   b.eq   $0x0000ffff898f7854
T1926856   0x0000ffff898f7554  7100281f   subs   %w0 $0x000a lsl $0x00 -> %wzr
T1926856   0x0000ffff898f7558  54000fa0   b.eq   $0x0000ffff898f774c
T1926856   0x0000ffff898f755c  7100041f   subs   %w0 $0x0001 lsl $0x00 -> %wzr
T1926856   0x0000ffff898f7560  54fff2a1   b.ne   $0x0000ffff898f73b4
T1926856   0x0000ffff898f7564  f94053e0   ldr    +0xa0(%sp)[8byte] -> %x0
T1926856     read  8 byte(s) @ 0xffffd2962cf0
T1926856   0x0000ffff898f7568  a9006403   stp    %x3 %x25 -> (%x0)[16byte]
T1926856     write 16 byte(s) @ 0xffffd2962e28
T1926856   0x0000ffff898f756c  52800020   movz   $0x0001 lsl $0x00 -> %w0
T1926856   0x0000ffff898f7570  a9427bfd   ldp    +0x20(%sp)[16byte] -> %x29 %x30
T1926856     read  16 byte(s) @ 0xffffd2962c70
T1926856   0x0000ffff898f7574  a94353f3   ldp    +0x30(%sp)[16byte] -> %x19 %x20
T1926856     read  16 byte(s) @ 0xffffd2962c80
T1926856   0x0000ffff898f7578  a9445bf5   ldp    +0x40(%sp)[16byte] -> %x21 %x22
T1926856     read  16 byte(s) @ 0xffffd2962c90
T1926856   0x0000ffff898f757c  a94563f7   ldp    +0x50(%sp)[16byte] -> %x23 %x24
T1926856     read  16 byte(s) @ 0xffffd2962ca0
T1926856   0x0000ffff898f7580  a9466bf9   ldp    +0x60(%sp)[16byte] -> %x25 %x26
T1926856     read  16 byte(s) @ 0xffffd2962cb0
T1926856   0x0000ffff898f7584  a94773fb   ldp    +0x70(%sp)[16byte] -> %x27 %x28
T1926856     read  16 byte(s) @ 0xffffd2962cc0
T1926856   0x0000ffff898f7588  910403ff   add    %sp $0x0100 lsl $0x00 -> %sp
T1926856   0x0000ffff898f758c  d65f03c0   ret    %x30
T1926856   0x0000ffff898f7e90  34fffe20   cbz    $0x0000ffff898f7e54 %w0
T1926856   0x0000ffff898f7e94  f9400263   ldr    (%x19)[8byte] -> %x3
T1926856     read  8 byte(s) @ 0xffffd2962f30
T1926856   0x0000ffff898f7e98  f9406fe0   ldr    +0xd8(%sp)[8byte] -> %x0
T1926856     read  8 byte(s) @ 0xffffd2962e28
T1926856   0x0000ffff898f7e9c  b40009c0   cbz    $0x0000ffff898f7fd4 %x0
T1926856   0x0000ffff898f7ea0  b40000a3   cbz    $0x0000ffff898f7eb4 %x3
T1926856   0x0000ffff898f7ea4  39401460   ldrb   +0x05(%x3)[1byte] -> %w0
T1926856     read  1 byte(s) @ 0xffff857e45b5
T1926856   0x0000ffff898f7ea8  12000400   and    %w0 $0x00000003 -> %w0
T1926856   0x0000ffff898f7eac  71000c1f   subs   %w0 $0x0003 lsl $0x00 -> %wzr
T1926856   0x0000ffff898f7eb0  54000320   b.eq   $0x0000ffff898f7f14
T1926856   0x0000ffff898f7eb4  f94073fc   ldr    +0xe0(%sp)[8byte] -> %x28
T1926856     read  8 byte(s) @ 0xffffd2962e30
T1926856   0x0000ffff898f7eb8  5280001a   movz   $0x0000 lsl $0x00 -> %w26
T1926856   0x0000ffff898f7ebc  394d3380   ldrb   +0x034c(%x28)[1byte] -> %w0
T1926856     read  1 byte(s) @ 0xfffd4587434c
T1926856   0x0000ffff898f7ec0  90000159   adrp   <rel> 0x0000ffff8991f000 -> %x25
T1926856   0x0000ffff898f7ec4  12000400   and    %w0 $0x00000003 -> %w0
T1926856   0x0000ffff898f7ec8  7100081f   subs   %w0 $0x0002 lsl $0x00 -> %wzr
T1926856   0x0000ffff898f7ecc  540019e0   b.eq   $0x0000ffff898f8208
T1926856   0x0000ffff898f7ed0  b9440f80   ldr    +0x040c(%x28)[4byte] -> %w0
T1926856     read  4 byte(s) @ 0xfffd4587440c
T1926856   0x0000ffff898f7ed4  34001940   cbz    $0x0000ffff898f81fc %w0
T1926856   0x0000ffff898f7ed8  b946db20   ldr    +0x06d8(%x25)[4byte] -> %w0
T1926856     read  4 byte(s) @ 0xffff8991f6d8
T1926856   0x0000ffff898f7edc  52810081   movz   $0x0804 lsl $0x00 -> %w1
T1926856   0x0000ffff898f7ee0  6a01001f   ands   %w0 %w1 lsl $0x00 -> %wzr
T1926856   0x0000ffff898f7ee4  54000d41   b.ne   $0x0000ffff898f808c
T1926856   0x0000ffff898f7ee8  f9406fe0   ldr    +0xd8(%sp)[8byte] -> %x0
T1926856     read  8 byte(s) @ 0xffffd2962e28
T1926856   0x0000ffff898f7eec  f9000260   str    %x0 -> (%x19)[8byte]
T1926856     write 8 byte(s) @ 0xffffd2962f30
T1926856   0x0000ffff898f7ef0  aa1c03e0   orr    %xzr %x28 lsl $0x00 -> %x0
T1926856   0x0000ffff898f7ef4  a9427bfd   ldp    +0x20(%sp)[16byte] -> %x29 %x30
T1926856     read  16 byte(s) @ 0xffffd2962d70
T1926856   0x0000ffff898f7ef8  a94353f3   ldp    +0x30(%sp)[16byte] -> %x19 %x20
T1926856     read  16 byte(s) @ 0xffffd2962d80
T1926856   0x0000ffff898f7efc  a9445bf5   ldp    +0x40(%sp)[16byte] -> %x21 %x22
T1926856     read  16 byte(s) @ 0xffffd2962d90
T1926856   0x0000ffff898f7f00  a94563f7   ldp    +0x50(%sp)[16byte] -> %x23 %x24
T1926856     read  16 byte(s) @ 0xffffd2962da0
T1926856   0x0000ffff898f7f04  a9466bf9   ldp    +0x60(%sp)[16byte] -> %x25 %x26
T1926856     read  16 byte(s) @ 0xffffd2962db0
T1926856   0x0000ffff898f7f08  a94773fb   ldp    +0x70(%sp)[16byte] -> %x27 %x28
T1926856     read  16 byte(s) @ 0xffffd2962dc0
T1926856   0x0000ffff898f7f0c  910443ff   add    %sp $0x0110 lsl $0x00 -> %sp
T1926856   0x0000ffff898f7f10  d65f03c0   ret    %x30
T1926856   0x0000ffff898f9920  aa0003e4   orr    %xzr %x0 lsl $0x00 -> %x4
T1926856   0x0000ffff898f9924  a94b2fa8   ldp    +0xb0(%x29)[16byte] -> %x8 %x11
T1926856     read  16 byte(s) @ 0xffffd2962f20
T1926856   0x0000ffff898f9928  f9022280   str    %x0 -> +0x0440(%x20)[8byte]
T1926856     write 8 byte(s) @ 0xffff89921640
T1926856   0x0000ffff898f992c  f94063a3   ldr    +0xc0(%x29)[8byte] -> %x3
T1926856     read  8 byte(s) @ 0xffffd2962f30
T1926856   0x0000ffff898f9930  f9022683   str    %x3 -> +0x0448(%x20)[8byte]
T1926856     write 8 byte(s) @ 0xffff89921648
T1926856   0x0000ffff898f9934  b50016c3   cbnz   $0x0000ffff898f9c0c %x3
T1926856   0x0000ffff898f9c0c  79400c65   ldrh   +0x06(%x3)[2byte] -> %w5
T1926856     read  2 byte(s) @ 0xffff89303296
T1926856   0x0000ffff898f9c10  529ffe20   movz   $0xfff1 lsl $0x00 -> %w0
T1926856   0x0000ffff898f9c14  39401062   ldrb   +0x04(%x3)[1byte] -> %w2
T1926856     read  1 byte(s) @ 0xffff89303294
T1926856   0x0000ffff898f9c18  6b0000bf   subs   %w5 %w0 lsl $0x00 -> %wzr
T1926856   0x0000ffff898f9c1c  54ffedc1   b.ne   $0x0000ffff898f99d4
T1926856   0x0000ffff898f99d4  f9400081   ldr    (%x4)[8byte] -> %x1
T1926856     read  8 byte(s) @ 0xffff898e3000
T1926856   0x0000ffff898f99d8  12000c42   and    %w2 $0x0000000f -> %w2
T1926856   0x0000ffff898f99dc  f9400460   ldr    +0x08(%x3)[8byte] -> %x0
T1926856     read  8 byte(s) @ 0xffff89303298
T1926856   0x0000ffff898f99e0  7100285f   subs   %w2 $0x000a lsl $0x00 -> %wzr
T1926856   0x0000ffff898f99e4  8b000026   add    %x1 %x0 lsl $0x00 -> %x6
T1926856   0x0000ffff898f99e8  54000700   b.eq   $0x0000ffff898f9ac8
T1926856   0x0000ffff898f99ec  7110167f   subs   %w19 $0x0405 lsl $0x00 -> %wzr
T1926856   0x0000ffff898f99f0  54001560   b.eq   $0x0000ffff898f9c9c
T1926856   0x0000ffff898f99f4  54000ae8   b.hi   $0x0000ffff898f9b50
T1926856   0x0000ffff898f99f8  7110127f   subs   %w19 $0x0404 lsl $0x00 -> %wzr
T1926856   0x0000ffff898f99fc  540011a0   b.eq   $0x0000ffff898f9c30
T1926856   0x0000ffff898f9a00  7110027f   subs   %w19 $0x0400 lsl $0x00 -> %wzr
T1926856   0x0000ffff898f9a04  540009e8   b.hi   $0x0000ffff898f9b40
T1926856   0x0000ffff898f9b40  f9400b60   ldr    +0x10(%x27)[8byte] -> %x0
T1926856     read  8 byte(s) @ 0xffff857e62e8
T1926856   0x0000ffff898f9b44  8b060000   add    %x0 %x6 lsl $0x00 -> %x0
T1926856   0x0000ffff898f9b48  f8286b80   str    %x0 -> (%x28,%x8)[8byte]
T1926856     write 8 byte(s) @ 0xffff8580ae80
T1926856   0x0000ffff898f9b4c  17ffff87   b      $0x0000ffff898f9968
T1926856   0x0000ffff898f9968  9100637b   add    %x27 $0x0018 lsl $0x00 -> %x27
T1926856   0x0000ffff898f996c  eb1b035f   subs   %x26 %x27 lsl $0x00 -> %xzr
T1926856   0x0000ffff898f9970  54fff6c8   b.hi   $0x0000ffff898f9848
T1926856   0x0000ffff898f9848  a9404f68   ldp    (%x27)[16byte] -> %x8 %x19
T1926856     read  16 byte(s) @ 0xffff857e62f0
T1926856   0x0000ffff898f984c  f9418e84   ldr    +0x0318(%x20)[8byte] -> %x4
T1926856     read  8 byte(s) @ 0xffff89921518
T1926856   0x0000ffff898f9850  d360fe60   ubfm   %x19 $0x20 $0x3f -> %x0
T1926856   0x0000ffff898f9854  71100e7f   subs   %w19 $0x0403 lsl $0x00 -> %wzr
T1926856   0x0000ffff898f9858  2a1303f6   orr    %wzr %w19 lsl $0x00 -> %w22
T1926856   0x0000ffff898f985c  8b08038b   add    %x28 %x8 lsl $0x00 -> %x11
T1926856   0x0000ffff898f9860  8b000415   add    %x0 %x0 lsl $0x01 -> %x21
T1926856   0x0000ffff898f9864  78607b00   ldrh   (%x24,%x0,uxtx #1)[2byte] -> %w0
T1926856     read  2 byte(s) @ 0xffff857e54a2
T1926856   0x0000ffff898f9868  d37df2b5   ubfm   %x21 $0x3d $0x3c -> %x21
T1926856   0x0000ffff898f986c  8b150337   add    %x25 %x21 lsl $0x00 -> %x23
T1926856   0x0000ffff898f9870  f90063b7   str    %x23 -> +0xc0(%x29)[8byte]
T1926856     write 8 byte(s) @ 0xffffd2962f30
T1926856   0x0000ffff898f9874  54001e60   b.eq   $0x0000ffff898f9c40
T1926856   0x0000ffff898f9878  34000793   cbz    $0x0000ffff898f9968 %w19
T1926856   0x0000ffff898f987c  394012e2   ldrb   +0x04(%x23)[1byte] -> %w2
T1926856     read  1 byte(s) @ 0xffff857e45fc
T1926856   0x0000ffff898f9880  6b4213ff   subs   %wzr %w2 lsr $0x04 -> %wzr
T1926856   0x0000ffff898f9884  540009c0   b.eq   $0x0000ffff898f99bc
T1926856   0x0000ffff898f9888  394016e1   ldrb   +0x05(%x23)[1byte] -> %w1
T1926856     read  1 byte(s) @ 0xffff857e45fd
T1926856   0x0000ffff898f988c  12000421   and    %w1 $0x00000003 -> %w1
T1926856   0x0000ffff898f9890  51000421   sub    %w1 $0x0001 lsl $0x00 -> %w1
T1926856   0x0000ffff898f9894  7100043f   subs   %w1 $0x0001 lsl $0x00 -> %wzr
T1926856   0x0000ffff898f9898  54000929   b.ls   $0x0000ffff898f99bc
T1926856   0x0000ffff898f989c  f9421a81   ldr    +0x0430(%x20)[8byte] -> %x1
T1926856     read  8 byte(s) @ 0xffff89921630
T1926856   0x0000ffff898f98a0  eb0102ff   subs   %x23 %x1 lsl $0x00 -> %xzr
T1926856   0x0000ffff898f98a4  54002200   b.eq   $0x0000ffff898f9ce4
T1926856   0x0000ffff898f98a8  51100a61   sub    %w19 $0x0402 lsl $0x00 -> %w1
T1926856   0x0000ffff898f98ac  52800025   movz   $0x0001 lsl $0x00 -> %w5
T1926856   0x0000ffff898f98b0  721e783f   ands   %w1 $0xfffffffd -> %wzr
T1926856   0x0000ffff898f98b4  54000080   b.eq   $0x0000ffff898f98c4
T1926856   0x0000ffff898f98b8  51101661   sub    %w19 $0x0405 lsl $0x00 -> %w1
T1926856   0x0000ffff898f98bc  7100083f   subs   %w1 $0x0002 lsl $0x00 -> %wzr
T1926856   0x0000ffff898f98c0  1a9f87e5   csinc  %wzr %wzr hi -> %w5
T1926856   0x0000ffff898f98c4  7110027f   subs   %w19 $0x0400 lsl $0x00 -> %wzr
T1926856   0x0000ffff898f98c8  54001b00   b.eq   $0x0000ffff898f9c28
T1926856   0x0000ffff898f98cc  7110067f   subs   %w19 $0x0401 lsl $0x00 -> %wzr
T1926856   0x0000ffff898f98d0  321e00a1   orr    %w5 $0x00000004 -> %w1
T1926856   0x0000ffff898f98d4  1a850025   csel   %w1 %w5 eq -> %w5
T1926856   0x0000ffff898f98d8  12003800   and    %w0 $0x00007fff -> %w0
T1926856   0x0000ffff898f98dc  52800301   movz   $0x0018 lsl $0x00 -> %w1
T1926856   0x0000ffff898f98e0  f9021a97   str    %x23 -> +0x0430(%x20)[8byte]
T1926856     write 8 byte(s) @ 0xffff89921630
T1926856   0x0000ffff898f98e4  b9043a85   str    %w5 -> +0x0438(%x20)[4byte]
T1926856     write 4 byte(s) @ 0xffff89921638
T1926856   0x0000ffff898f98e8  9ba11004   umaddl %w0 %w1 %x4 -> %x4
T1926856   0x0000ffff898f98ec  b4000084   cbz    $0x0000ffff898f98fc %x4
T1926856   0x0000ffff898f98f0  b9400880   ldr    +0x08(%x4)[4byte] -> %w0
T1926856     read  4 byte(s) @ 0xffff898e35b8
T1926856   0x0000ffff898f98f4  7100001f   subs   %w0 $0x0000 lsl $0x00 -> %wzr
T1926856   0x0000ffff898f98f8  9a9f1084   csel   %x4 %xzr ne -> %x4
T1926856   0x0000ffff898f98fc  a94a07a3   ldp    +0xa0(%x29)[16byte] -> %x3 %x1
T1926856     read  16 byte(s) @ 0xffffd2962f10
T1926856   0x0000ffff898f9900  910303a2   add    %x29 $0x00c0 lsl $0x00 -> %x2
T1926856   0x0000ffff898f9904  b8756b20   ldr    (%x25,%x21)[4byte] -> %w0
T1926856     read  4 byte(s) @ 0xffff857e45f8
T1926856   0x0000ffff898f9908  d2800007   movz   $0x0000 lsl $0x00 -> %x7
T1926856   0x0000ffff898f990c  52800126   movz   $0x0009 lsl $0x00 -> %w6
T1926856   0x0000ffff898f9910  a90b2fa8   stp    %x8 %x11 -> +0xb0(%x29)[16byte]
T1926856     write 16 byte(s) @ 0xffffd2962f20
T1926856   0x0000ffff898f9914  8b000020   add    %x1 %x0 lsl $0x00 -> %x0
T1926856   0x0000ffff898f9918  aa1403e1   orr    %xzr %x20 lsl $0x00 -> %x1
T1926856   0x0000ffff898f991c  97fff921   bl     $0x0000ffff898f7da0 -> %x30
T1926856   0x0000ffff898f7da0  d10443ff   sub    %sp $0x0110 lsl $0x00 -> %sp
T1926856   0x0000ffff898f7da4  a9027bfd   stp    %x29 %x30 -> +0x20(%sp)[16byte]
T1926856     write 16 byte(s) @ 0xffffd2962d70
T1926856   0x0000ffff898f7da8  910083fd   add    %sp $0x0020 lsl $0x00 -> %x29
T1926856   0x0000ffff898f7dac  a90353f3   stp    %x19 %x20 -> +0x30(%sp)[16byte]
T1926856     write 16 byte(s) @ 0xffffd2962d80
T1926856   0x0000ffff898f7db0  aa0203f3   orr    %xzr %x2 lsl $0x00 -> %x19
T1926856   0x0000ffff898f7db4  aa0703f4   orr    %xzr %x7 lsl $0x00 -> %x20
T1926856   0x0000ffff898f7db8  a9045bf5   stp    %x21 %x22 -> +0x40(%sp)[16byte]
T1926856     write 16 byte(s) @ 0xffffd2962d90
T1926856   0x0000ffff898f7dbc  aa0403f5   orr    %xzr %x4 lsl $0x00 -> %x21
T1926856   0x0000ffff898f7dc0  2a0603f6   orr    %wzr %w6 lsl $0x00 -> %w22
T1926856   0x0000ffff898f7dc4  a90563f7   stp    %x23 %x24 -> +0x50(%sp)[16byte]
T1926856     write 16 byte(s) @ 0xffffd2962da0
T1926856   0x0000ffff898f7dc8  aa0103f7   orr    %xzr %x1 lsl $0x00 -> %x23
T1926856   0x0000ffff898f7dcc  a9066bf9   stp    %x25 %x26 -> +0x60(%sp)[16byte]
T1926856     write 16 byte(s) @ 0xffffd2962db0
T1926856   0x0000ffff898f7dd0  a90773fb   stp    %x27 %x28 -> +0x70(%sp)[16byte]
T1926856     write 16 byte(s) @ 0xffffd2962dc0
T1926856   0x0000ffff898f7dd4  aa0003fb   orr    %xzr %x0 lsl $0x00 -> %x27
T1926856   0x0000ffff898f7dd8  39400008   ldrb   (%x0)[1byte] -> %w8
T1926856     read  1 byte(s) @ 0xffff857e5184
T1926856   0x0000ffff898f7ddc  b90083e5   str    %w5 -> +0x80(%sp)[4byte]
T1926856     write 4 byte(s) @ 0xffffd2962dd0
T1926856   0x0000ffff898f7de0  f9004be3   str    %x3 -> +0x90(%sp)[8byte]
T1926856     write 8 byte(s) @ 0xffffd2962de0
T1926856   0x0000ffff898f7de4  34000f48   cbz    $0x0000ffff898f7fcc %w8
T1926856   0x0000ffff898f7de8  d282a0a1   movz   $0x1505 lsl $0x00 -> %x1
T1926856   0x0000ffff898f7dec  d503201f   nop
T1926856   0x0000ffff898f7df0  8b011421   add    %x1 %x1 lsl $0x05 -> %x1
T1926856   0x0000ffff898f7df4  8b280021   add    %x1 %x8 uxtb $0x00 -> %x1
T1926856   0x0000ffff898f7df8  38401c08   ldrb   +0x01(%x0)[1byte] %x0 $0x0000000000000001 -> %w8 %x0
T1926856     read  1 byte(s) @ 0xffff857e5185
T1926856   0x0000ffff898f7dfc  35ffffa8   cbnz   $0x0000ffff898f7df0 %w8
T1926856   0x0000ffff898f7df0  8b011421   add    %x1 %x1 lsl $0x05 -> %x1
T1926856   0x0000ffff898f7df4  8b280021   add    %x1 %x8 uxtb $0x00 -> %x1
T1926856   0x0000ffff898f7df8  38401c08   ldrb   +0x01(%x0)[1byte] %x0 $0x0000000000000001 -> %w8 %x0
T1926856     read  1 byte(s) @ 0xffff857e5186
T1926856   0x0000ffff898f7dfc  35ffffa8   cbnz   $0x0000ffff898f7df0 %w8
T1926856   0x0000ffff898f7df0  8b011421   add    %x1 %x1 lsl $0x05 -> %x1
T1926856   0x0000ffff898f7df4  8b280021   add    %x1 %x8 uxtb $0x00 -> %x1
T1926856   0x0000ffff898f7df8  38401c08   ldrb   +0x01(%x0)[1byte] %x0 $0x0000000000000001 -> %w8 %x0
T1926856     read  1 byte(s) @ 0xffff857e5187
T1926856   0x0000ffff898f7dfc  35ffffa8   cbnz   $0x0000ffff898f7df0 %w8
T1926856   0x0000ffff898f7df0  8b011421   add    %x1 %x1 lsl $0x05 -> %x1
T1926856   0x0000ffff898f7df4  8b280021   add    %x1 %x8 uxtb $0x00 -> %x1
T1926856   0x0000ffff898f7df8  38401c08   ldrb   +0x01(%x0)[1byte] %x0 $0x0000000000000001 -> %w8 %x0
T1926856     read  1 byte(s) @ 0xffff857e5188
T1926856   0x0000ffff898f7dfc  35ffffa8   cbnz   $0x0000ffff898f7df0 %w8
T1926856   0x0000ffff898f7df0  8b011421   add    %x1 %x1 lsl $0x05 -> %x1
T1926856   0x0000ffff898f7df4  8b280021   add    %x1 %x8 uxtb $0x00 -> %x1
T1926856   0x0000ffff898f7df8  38401c08   ldrb   +0x01(%x0)[1byte] %x0 $0x0000000000000001 -> %w8 %x0
T1926856     read  1 byte(s) @ 0xffff857e5189
T1926856   0x0000ffff898f7dfc  35ffffa8   cbnz   $0x0000ffff898f7df0 %w8
T1926856   0x0000ffff898f7df0  8b011421   add    %x1 %x1 lsl $0x05 -> %x1
T1926856   0x0000ffff898f7df4  8b280021   add    %x1 %x8 uxtb $0x00 -> %x1
T1926856   0x0000ffff898f7df8  38401c08   ldrb   +0x01(%x0)[1byte] %x0 $0x0000000000000001 -> %w8 %x0
T1926856     read  1 byte(s) @ 0xffff857e518a
T1926856   0x0000ffff898f7dfc  35ffffa8   cbnz   $0x0000ffff898f7df0 %w8
T1926856   0x0000ffff898f7e00  92407c3a   and    %x1 $0x00000000ffffffff -> %x26
T1926856   0x0000ffff898f7e04  b0000140   adrp   <rel> 0x0000ffff89920000 -> %x0
T1926856   0x0000ffff898f7e08  91018002   add    %x0 $0x0060 lsl $0x00 -> %x2
T1926856   0x0000ffff898f7e0c  b2407fe0   orr    %xzr $0x00000000ffffffff -> %x0
T1926856   0x0000ffff898f7e10  f90067e0   str    %x0 -> +0xc8(%sp)[8byte]
T1926856     write 8 byte(s) @ 0xffffd2962e18
T1926856   0x0000ffff898f7e14  a90dffff   stp    %xzr %xzr -> +0xd8(%sp)[16byte]
T1926856     write 16 byte(s) @ 0xffffd2962e28
T1926856   0x0000ffff898f7e18  f9450040   ldr    +0x0a00(%x2)[8byte] -> %x0
T1926856     read  8 byte(s) @ 0xffff89920a60
T1926856   0x0000ffff898f7e1c  91000400   add    %x0 $0x0001 lsl $0x00 -> %x0
T1926856   0x0000ffff898f7e20  f9050040   str    %x0 -> +0x0a00(%x2)[8byte]
T1926856     write 8 byte(s) @ 0xffff89920a60
T1926856   0x0000ffff898f7e24  b4000055   cbz    $0x0000ffff898f7e2c %x21
T1926856   0x0000ffff898f7e28  37086c56   tbnz   $0x0000ffff898f8bb0 %x22 $0x01
T1926856   0x0000ffff898f7e2c  f9404be0   ldr    +0x90(%sp)[8byte] -> %x0
T1926856     read  8 byte(s) @ 0xffffd2962de0
T1926856   0x0000ffff898f7e30  f9400263   ldr    (%x19)[8byte] -> %x3
T1926856     read  8 byte(s) @ 0xffffd2962f30
T1926856   0x0000ffff898f7e34  f9400005   ldr    (%x0)[8byte] -> %x5
T1926856     read  8 byte(s) @ 0xffff89921598
T1926856   0x0000ffff898f7e38  b5001114   cbnz   $0x0000ffff898f8058 %x20
T1926856   0x0000ffff898f7e3c  b4000cc5   cbz    $0x0000ffff898f7fd4 %x5
T1926856   0x0000ffff898f7e40  f90047ff   str    %xzr -> +0x88(%sp)[8byte]
T1926856     write 8 byte(s) @ 0xffffd2962dd8
T1926856   0x0000ffff898f7e44  910363f8   add    %sp $0x00d8 lsl $0x00 -> %x24
T1926856   0x0000ffff898f7e48  910323f9   add    %sp $0x00c8 lsl $0x00 -> %x25
T1926856   0x0000ffff898f7e4c  a948f3e6   ldp    +0x88(%sp)[16byte] -> %x6 %x28
T1926856     read  16 byte(s) @ 0xffffd2962dd8
T1926856   0x0000ffff898f7e50  14000005   b      $0x0000ffff898f7e64
T1926856   0x0000ffff898f7e64  b94083e0   ldr    +0x80(%sp)[4byte] -> %w0
T1926856     read  4 byte(s) @ 0xffffd2962dd0
T1926856   0x0000ffff898f7e68  aa1503e7   orr    %xzr %x21 lsl $0x00 -> %x7
T1926856   0x0000ffff898f7e6c  b90003f6   str    %w22 -> (%sp)[4byte]
T1926856     write 4 byte(s) @ 0xffffd2962d50
T1926856   0x0000ffff898f7e70  aa1803e4   orr    %xzr %x24 lsl $0x00 -> %x4
T1926856   0x0000ffff898f7e74  f90007f4   str    %x20 -> +0x08(%sp)[8byte]
T1926856     write 8 byte(s) @ 0xffffd2962d58
T1926856   0x0000ffff898f7e78  aa1903e2   orr    %xzr %x25 lsl $0x00 -> %x2
T1926856   0x0000ffff898f7e7c  b90013e0   str    %w0 -> +0x10(%sp)[4byte]
T1926856     write 4 byte(s) @ 0xffffd2962d60
T1926856   0x0000ffff898f7e80  aa1a03e1   orr    %xzr %x26 lsl $0x00 -> %x1
T1926856   0x0000ffff898f7e84  f9000ff7   str    %x23 -> +0x18(%sp)[8byte]
T1926856     write 8 byte(s) @ 0xffffd2962d68
T1926856   0x0000ffff898f7e88  aa1b03e0   orr    %xzr %x27 lsl $0x00 -> %x0
T1926856   0x0000ffff898f7e8c  97fffd15   bl     $0x0000ffff898f72e0 -> %x30
T1926856   0x0000ffff898f72e0  d10403ff   sub    %sp $0x0100 lsl $0x00 -> %sp
T1926856   0x0000ffff898f72e4  a9027bfd   stp    %x29 %x30 -> +0x20(%sp)[16byte]
T1926856     write 16 byte(s) @ 0xffffd2962c70
T1926856   0x0000ffff898f72e8  910083fd   add    %sp $0x0020 lsl $0x00 -> %x29
T1926856   0x0000ffff898f72ec  b94008aa   ldr    +0x08(%x5)[4byte] -> %w10
T1926856     read  4 byte(s) @ 0xffff899214f8
T1926856   0x0000ffff898f72f0  a9045bf5   stp    %x21 %x22 -> +0x40(%sp)[16byte]
T1926856     write 16 byte(s) @ 0xffffd2962c90
T1926856   0x0000ffff898f72f4  aa0003f5   orr    %xzr %x0 lsl $0x00 -> %x21
T1926856   0x0000ffff898f72f8  b94103e0   ldr    +0x0100(%sp)[4byte] -> %w0
T1926856     read  4 byte(s) @ 0xffffd2962d50
T1926856   0x0000ffff898f72fc  b94113f6   ldr    +0x0110(%sp)[4byte] -> %w22
T1926856     read  4 byte(s) @ 0xffffd2962d60
T1926856   0x0000ffff898f7300  a90353f3   stp    %x19 %x20 -> +0x30(%sp)[16byte]
T1926856     write 16 byte(s) @ 0xffffd2962c80
T1926856   0x0000ffff898f7304  a90563f7   stp    %x23 %x24 -> +0x50(%sp)[16byte]
T1926856     write 16 byte(s) @ 0xffffd2962ca0
T1926856   0x0000ffff898f7308  aa0a03f7   orr    %xzr %x10 lsl $0x00 -> %x23
T1926856   0x0000ffff898f730c  a9066bf9   stp    %x25 %x26 -> +0x60(%sp)[16byte]
T1926856     write 16 byte(s) @ 0xffffd2962cb0
T1926856   0x0000ffff898f7310  a90773fb   stp    %x27 %x28 -> +0x70(%sp)[16byte]
T1926856     write 16 byte(s) @ 0xffffd2962cc0
T1926856   0x0000ffff898f7314  a90993e3   stp    %x3 %x4 -> +0x98(%sp)[16byte]
T1926856     write 16 byte(s) @ 0xffffd2962ce8
T1926856   0x0000ffff898f7318  b900b3e0   str    %w0 -> +0xb0(%sp)[4byte]
T1926856     write 4 byte(s) @ 0xffffd2962d00
T1926856   0x0000ffff898f731c  a90b9fe2   stp    %x2 %x7 -> +0xb8(%sp)[16byte]
T1926856     write 16 byte(s) @ 0xffffd2962d08
T1926856   0x0000ffff898f7320  f94087ed   ldr    +0x0108(%sp)[8byte] -> %x13
T1926856     read  8 byte(s) @ 0xffffd2962d58
T1926856   0x0000ffff898f7324  d346fc20   ubfm   %x1 $0x06 $0x3f -> %x0
T1926856   0x0000ffff898f7328  f9004be0   str    %x0 -> +0x90(%sp)[8byte]
T1926856     write 8 byte(s) @ 0xffffd2962ce0
T1926856   0x0000ffff898f732c  f94000ba   ldr    (%x5)[8byte] -> %x26
T1926856     read  8 byte(s) @ 0xffff899214f0
T1926856   0x0000ffff898f7330  9103d3e0   add    %sp $0x00f4 lsl $0x00 -> %x0
T1926856   0x0000ffff898f7334  f90043e0   str    %x0 -> +0x80(%sp)[8byte]
T1926856     write 8 byte(s) @ 0xffffd2962cd0
T1926856   0x0000ffff898f7338  9103e3e0   add    %sp $0x00f8 lsl $0x00 -> %x0
T1926856   0x0000ffff898f733c  aa1703f8   orr    %xzr %x23 lsl $0x00 -> %x24
T1926856   0x0000ffff898f7340  aa0603fc   orr    %xzr %x6 lsl $0x00 -> %x28
T1926856   0x0000ffff898f7344  aa1503f7   orr    %xzr %x21 lsl $0x00 -> %x23
T1926856   0x0000ffff898f7348  aa0d03f4   orr    %xzr %x13 lsl $0x00 -> %x20
T1926856   0x0000ffff898f734c  aa1a03f5   orr    %xzr %x26 lsl $0x00 -> %x21
T1926856   0x0000ffff898f7350  aa0103fa   orr    %xzr %x1 lsl $0x00 -> %x26
T1926856   0x0000ffff898f7354  f90047e0   str    %x0 -> +0x88(%sp)[8byte]
T1926856     write 8 byte(s) @ 0xffffd2962cd8
T1926856   0x0000ffff898f7358  d0000080   adrp   <rel> 0x0000ffff89909000 -> %x0
T1926856   0x0000ffff898f735c  91290000   add    %x0 $0x0a40 lsl $0x00 -> %x0
T1926856   0x0000ffff898f7360  f90057e0   str    %x0 -> +0xa8(%sp)[8byte]
T1926856     write 8 byte(s) @ 0xffffd2962cf8
T1926856   0x0000ffff898f7364  14000017   b      $0x0000ffff898f73c0
T1926856   0x0000ffff898f73c0  f87c7aa0   ldr    (%x21,%x28,uxtx #3)[8byte] -> %x0
T1926856     read  8 byte(s) @ 0xffff898e3560
T1926856   0x0000ffff898f73c4  f9401419   ldr    +0x28(%x0)[8byte] -> %x25
T1926856     read  8 byte(s) @ 0xffff89921228
T1926856   0x0000ffff898f73c8  eb14033f   subs   %x25 %x20 lsl $0x00 -> %xzr
T1926856   0x0000ffff898f73cc  54ffff40   b.eq   $0x0000ffff898f73b4
T1926856   0x0000ffff898f73d0  121f02ca   and    %w22 $0x00000002 -> %w10
T1926856   0x0000ffff898f73d4  36080096   tbz    $0x0000ffff898f73e4 %x22 $0x01
T1926856   0x0000ffff898f73e4  394d3720   ldrb   +0x034d(%x25)[1byte] -> %w0
T1926856     read  1 byte(s) @ 0xffff8992154d
T1926856   0x0000ffff898f73e8  372ffe60   tbnz   $0x0000ffff898f73b4 %x0 $0x05
T1926856   0x0000ffff898f73ec  90000153   adrp   <rel> 0x0000ffff8991f000 -> %x19
T1926856   0x0000ffff898f73f0  b946da60   ldr    +0x06d8(%x19)[4byte] -> %w0
T1926856     read  4 byte(s) @ 0xffff8991f6d8
T1926856   0x0000ffff898f73f4  361ffba0   tbz    $0x0000ffff898f7368 %x0 $0x03
T1926856   0x0000ffff898f7368  b9432722   ldr    +0x0324(%x25)[4byte] -> %w2
T1926856     read  4 byte(s) @ 0xffff89921524
T1926856   0x0000ffff898f736c  34000242   cbz    $0x0000ffff898f73b4 %w2
T1926856   0x0000ffff898f7370  a9468720   ldp    +0x68(%x25)[16byte] -> %x0 %x1
T1926856     read  16 byte(s) @ 0xffff89921268
T1926856   0x0000ffff898f7374  b900f7ff   str    %wzr -> +0xf4(%sp)[4byte]
T1926856     write 4 byte(s) @ 0xffffd2962d44
T1926856   0x0000ffff898f7378  f9419b23   ldr    +0x0330(%x25)[8byte] -> %x3
T1926856     read  8 byte(s) @ 0xffff89921530
T1926856   0x0000ffff898f737c  f9007fff   str    %xzr -> +0xf8(%sp)[8byte]
T1926856     write 8 byte(s) @ 0xffffd2962d48
T1926856   0x0000ffff898f7380  f9400407   ldr    +0x08(%x0)[8byte] -> %x7
T1926856     read  8 byte(s) @ 0xffff8580aa50
T1926856   0x0000ffff898f7384  f940042c   ldr    +0x08(%x1)[8byte] -> %x12
T1926856     read  8 byte(s) @ 0xffff8580aa60
T1926856   0x0000ffff898f7388  b4000683   cbz    $0x0000ffff898f7458 %x3
T1926856   0x0000ffff898f738c  f9404be4   ldr    +0x90(%sp)[8byte] -> %x4
T1926856     read  8 byte(s) @ 0xffffd2962ce0
T1926856   0x0000ffff898f7390  b9432b21   ldr    +0x0328(%x25)[4byte] -> %w1
T1926856     read  4 byte(s) @ 0xffff89921528
T1926856   0x0000ffff898f7394  b9432f20   ldr    +0x032c(%x25)[4byte] -> %w0
T1926856     read  4 byte(s) @ 0xffff8992152c
T1926856   0x0000ffff898f7398  8a040021   and    %x1 %x4 lsl $0x00 -> %x1
T1926856   0x0000ffff898f739c  9ac02740   lsrv   %x26 %x0 -> %x0
T1926856   0x0000ffff898f73a0  f8617861   ldr    (%x3,%x1,uxtx #3)[8byte] -> %x1
T1926856     read  8 byte(s) @ 0xffff857e42b8
T1926856   0x0000ffff898f73a4  9ac02420   lsrv   %x1 %x0 -> %x0
T1926856   0x0000ffff898f73a8  9ada2421   lsrv   %x1 %x26 -> %x1
T1926856   0x0000ffff898f73ac  8a010000   and    %x0 %x1 lsl $0x00 -> %x0
T1926856   0x0000ffff898f73b0  37000f00   tbnz   $0x0000ffff898f7590 %x0 $0x00
T1926856   0x0000ffff898f73b4  9100079c   add    %x28 $0x0001 lsl $0x00 -> %x28
T1926856   0x0000ffff898f73b8  eb1c031f   subs   %x24 %x28 lsl $0x00 -> %xzr
T1926856   0x0000ffff898f73bc  540014c9   b.ls   $0x0000ffff898f7654
T1926856   0x0000ffff898f73c0  f87c7aa0   ldr    (%x21,%x28,uxtx #3)[8byte] -> %x0
T1926856     read  8 byte(s) @ 0xffff898e3568
T1926856   0x0000ffff898f73c4  f9401419   ldr    +0x28(%x0)[8byte] -> %x25
T1926856     read  8 byte(s) @ 0xffff898e3028
T1926856   0x0000ffff898f73c8  eb14033f   subs   %x25 %x20 lsl $0x00 -> %xzr
T1926856   0x0000ffff898f73cc  54ffff40   b.eq   $0x0000ffff898f73b4
T1926856   0x0000ffff898f73d0  121f02ca   and    %w22 $0x00000002 -> %w10
T1926856   0x0000ffff898f73d4  36080096   tbz    $0x0000ffff898f73e4 %x22 $0x01
T1926856   0x0000ffff898f73e4  394d3720   ldrb   +0x034d(%x25)[1byte] -> %w0
T1926856     read  1 byte(s) @ 0xffff898e334d
T1926856   0x0000ffff898f73e8  372ffe60   tbnz   $0x0000ffff898f73b4 %x0 $0x05
T1926856   0x0000ffff898f73ec  90000153   adrp   <rel> 0x0000ffff8991f000 -> %x19
T1926856   0x0000ffff898f73f0  b946da60   ldr    +0x06d8(%x19)[4byte] -> %w0
T1926856     read  4 byte(s) @ 0xffff8991f6d8
T1926856   0x0000ffff898f73f4  361ffba0   tbz    $0x0000ffff898f7368 %x0 $0x03
T1926856   0x0000ffff898f7368  b9432722   ldr    +0x0324(%x25)[4byte] -> %w2
T1926856     read  4 byte(s) @ 0xffff898e3324
T1926856   0x0000ffff898f736c  34000242   cbz    $0x0000ffff898f73b4 %w2
T1926856   0x0000ffff898f7370  a9468720   ldp    +0x68(%x25)[16byte] -> %x0 %x1
T1926856     read  16 byte(s) @ 0xffff898e3068
T1926856   0x0000ffff898f7374  b900f7ff   str    %wzr -> +0xf4(%sp)[4byte]
T1926856     write 4 byte(s) @ 0xffffd2962d44
T1926856   0x0000ffff898f7378  f9419b23   ldr    +0x0330(%x25)[8byte] -> %x3
T1926856     read  8 byte(s) @ 0xffff898e3330
T1926856   0x0000ffff898f737c  f9007fff   str    %xzr -> +0xf8(%sp)[8byte]
T1926856     write 8 byte(s) @ 0xffffd2962d48
T1926856   0x0000ffff898f7380  f9400407   ldr    +0x08(%x0)[8byte] -> %x7
T1926856     read  8 byte(s) @ 0xffff89460ba0
T1926856   0x0000ffff898f7384  f940042c   ldr    +0x08(%x1)[8byte] -> %x12
T1926856     read  8 byte(s) @ 0xffff89460bb0
T1926856   0x0000ffff898f7388  b4000683   cbz    $0x0000ffff898f7458 %x3
T1926856   0x0000ffff898f738c  f9404be4   ldr    +0x90(%sp)[8byte] -> %x4
T1926856     read  8 byte(s) @ 0xffffd2962ce0
T1926856   0x0000ffff898f7390  b9432b21   ldr    +0x0328(%x25)[4byte] -> %w1
T1926856     read  4 byte(s) @ 0xffff898e3328
T1926856   0x0000ffff898f7394  b9432f20   ldr    +0x032c(%x25)[4byte] -> %w0
T1926856     read  4 byte(s) @ 0xffff898e332c
T1926856   0x0000ffff898f7398  8a040021   and    %x1 %x4 lsl $0x00 -> %x1
T1926856   0x0000ffff898f739c  9ac02740   lsrv   %x26 %x0 -> %x0
T1926856   0x0000ffff898f73a0  f8617861   ldr    (%x3,%x1,uxtx #3)[8byte] -> %x1
T1926856     read  8 byte(s) @ 0xffff892f7ae8
T1926856   0x0000ffff898f73a4  9ac02420   lsrv   %x1 %x0 -> %x0
T1926856   0x0000ffff898f73a8  9ada2421   lsrv   %x1 %x26 -> %x1
T1926856   0x0000ffff898f73ac  8a010000   and    %x0 %x1 lsl $0x00 -> %x0
T1926856   0x0000ffff898f73b0  37000f00   tbnz   $0x0000ffff898f7590 %x0 $0x00
T1926856   0x0000ffff898f7590  2a0203e2   orr    %wzr %w2 lsl $0x00 -> %w2
T1926856   0x0000ffff898f7594  f9419f21   ldr    +0x0338(%x25)[8byte] -> %x1
T1926856     read  8 byte(s) @ 0xffff898e3338
T1926856   0x0000ffff898f7598  9ac20b40   udiv   %x26 %x2 -> %x0
T1926856   0x0000ffff898f759c  9b02e800   msub   %x0 %x2 %x26 -> %x0
T1926856   0x0000ffff898f75a0  b860783b   ldr    (%x1,%x0,uxtx #2)[4byte] -> %w27
T1926856     read  4 byte(s) @ 0xffff892f8830
T1926856   0x0000ffff898f75a4  34fff09b   cbz    $0x0000ffff898f73b4 %w27
T1926856   0x0000ffff898f75a8  f941a320   ldr    +0x0340(%x25)[8byte] -> %x0
T1926856     read  8 byte(s) @ 0xffff898e3340
T1926856   0x0000ffff898f75ac  b900cbea   str    %w10 -> +0xc8(%sp)[4byte]
T1926856     write 4 byte(s) @ 0xffffd2962d18
T1926856   0x0000ffff898f75b0  a90d73f5   stp    %x21 %x28 -> +0xd0(%sp)[16byte]
T1926856     write 16 byte(s) @ 0xffffd2962d20
T1926856   0x0000ffff898f75b4  aa1a03fc   orr    %xzr %x26 lsl $0x00 -> %x28
T1926856   0x0000ffff898f75b8  aa1703fa   orr    %xzr %x23 lsl $0x00 -> %x26
T1926856   0x0000ffff898f75bc  8b3b481b   add    %x0 %x27 uxtw $0x02 -> %x27
T1926856   0x0000ffff898f75c0  f90073f8   str    %x24 -> +0xe0(%sp)[8byte]
T1926856     write 8 byte(s) @ 0xffffd2962d30
T1926856   0x0000ffff898f75c4  aa1b03f7   orr    %xzr %x27 lsl $0x00 -> %x23
T1926856   0x0000ffff898f75c8  aa1903f8   orr    %xzr %x25 lsl $0x00 -> %x24
T1926856   0x0000ffff898f75cc  aa0c03fb   orr    %xzr %x12 lsl $0x00 -> %x27
T1926856   0x0000ffff898f75d0  aa0703f9   orr    %xzr %x7 lsl $0x00 -> %x25
T1926856   0x0000ffff898f75d4  f90087f4   str    %x20 -> +0x0108(%sp)[8byte]
T1926856     write 8 byte(s) @ 0xffffd2962d58
T1926856   0x0000ffff898f75d8  2a1603f4   orr    %wzr %w22 lsl $0x00 -> %w20
T1926856   0x0000ffff898f75dc  b940b3f6   ldr    +0xb0(%sp)[4byte] -> %w22
T1926856     read  4 byte(s) @ 0xffffd2962d00
T1926856   0x0000ffff898f75e0  f94063f5   ldr    +0xc0(%sp)[8byte] -> %x21
T1926856     read  8 byte(s) @ 0xffffd2962d10
T1926856   0x0000ffff898f75e4  14000003   b      $0x0000ffff898f75f0
T1926856   0x0000ffff898f75f0  b94002e1   ldr    (%x23)[4byte] -> %w1
T1926856     read  4 byte(s) @ 0xffff892fa378
T1926856   0x0000ffff898f75f4  2a0103e0   orr    %wzr %w1 lsl $0x00 -> %w0
T1926856   0x0000ffff898f75f8  ca1c0000   eor    %x0 %x28 lsl $0x00 -> %x0
T1926856   0x0000ffff898f75fc  eb4007ff   subs   %xzr %x0 lsr $0x01 -> %xzr
T1926856   0x0000ffff898f7600  54ffff41   b.ne   $0x0000ffff898f75e8
T1926856   0x0000ffff898f75e8  910012f7   add    %x23 $0x0004 lsl $0x00 -> %x23
T1926856   0x0000ffff898f75ec  37002ac1   tbnz   $0x0000ffff898f7b44 %x1 $0x00
T1926856   0x0000ffff898f75f0  b94002e1   ldr    (%x23)[4byte] -> %w1
T1926856     read  4 byte(s) @ 0xffff892fa37c
T1926856   0x0000ffff898f75f4  2a0103e0   orr    %wzr %w1 lsl $0x00 -> %w0
T1926856   0x0000ffff898f75f8  ca1c0000   eor    %x0 %x28 lsl $0x00 -> %x0
T1926856   0x0000ffff898f75fc  eb4007ff   subs   %xzr %x0 lsr $0x01 -> %xzr
T1926856   0x0000ffff898f7600  54ffff41   b.ne   $0x0000ffff898f75e8
T1926856   0x0000ffff898f7604  f941a306   ldr    +0x0340(%x24)[8byte] -> %x6
T1926856     read  8 byte(s) @ 0xffff898e3340
T1926856   0x0000ffff898f7608  aa1903e7   orr    %xzr %x25 lsl $0x00 -> %x7
T1926856   0x0000ffff898f760c  f94047e0   ldr    +0x88(%sp)[8byte] -> %x0
T1926856     read  8 byte(s) @ 0xffffd2962cd8
T1926856   0x0000ffff898f7610  cb0602e6   sub    %x23 %x6 lsl $0x00 -> %x6
T1926856   0x0000ffff898f7614  f9404fe1   ldr    +0x98(%sp)[8byte] -> %x1
T1926856     read  8 byte(s) @ 0xffffd2962ce8
T1926856   0x0000ffff898f7618  d34284c5   ubfm   %x6 $0x02 $0x21 -> %x5
T1926856   0x0000ffff898f761c  a90003f8   stp    %x24 %x0 -> (%sp)[16byte]
T1926856     write 16 byte(s) @ 0xffffd2962c50
T1926856   0x0000ffff898f7620  aa0503e6   orr    %xzr %x5 lsl $0x00 -> %x6
T1926856   0x0000ffff898f7624  8b0504a5   add    %x5 %x5 lsl $0x01 -> %x5
T1926856   0x0000ffff898f7628  f94043e0   ldr    +0x80(%sp)[8byte] -> %x0
T1926856     read  8 byte(s) @ 0xffffd2962cd0
T1926856   0x0000ffff898f762c  f9000be0   str    %x0 -> +0x10(%sp)[8byte]
T1926856     write 8 byte(s) @ 0xffffd2962c60
T1926856   0x0000ffff898f7630  2a1403e4   orr    %wzr %w20 lsl $0x00 -> %w4
T1926856   0x0000ffff898f7634  2a1603e3   orr    %wzr %w22 lsl $0x00 -> %w3
T1926856   0x0000ffff898f7638  aa1503e2   orr    %xzr %x21 lsl $0x00 -> %x2
T1926856   0x0000ffff898f763c  8b050f65   add    %x27 %x5 lsl $0x03 -> %x5
T1926856   0x0000ffff898f7640  aa1a03e0   orr    %xzr %x26 lsl $0x00 -> %x0
T1926856   0x0000ffff898f7644  97fffec1   bl     $0x0000ffff898f7148 -> %x30
T1926856   0x0000ffff898f7148  a9bc7bfd   stp    %x29 %x30 %sp $0xffffffffffffffc0 -> -0x40(%sp)[16byte] %sp
T1926856     write 16 byte(s) @ 0xffffd2962c10
T1926856   0x0000ffff898f714c  910003fd   add    %sp $0x0000 lsl $0x00 -> %x29
T1926856   0x0000ffff898f7150  a90153f3   stp    %x19 %x20 -> +0x10(%sp)[16byte]
T1926856     write 16 byte(s) @ 0xffffd2962c20
T1926856   0x0000ffff898f7154  aa0503f3   orr    %xzr %x5 lsl $0x00 -> %x19
T1926856   0x0000ffff898f7158  aa0203f4   orr    %xzr %x2 lsl $0x00 -> %x20
T1926856   0x0000ffff898f715c  a9025bf5   stp    %x21 %x22 -> +0x20(%sp)[16byte]
T1926856     write 16 byte(s) @ 0xffffd2962c30
T1926856   0x0000ffff898f7160  2a0603f6   orr    %wzr %w6 lsl $0x00 -> %w22
T1926856   0x0000ffff898f7164  f94004a9   ldr    +0x08(%x5)[8byte] -> %x9
T1926856     read  8 byte(s) @ 0xffff89303220
T1926856   0x0000ffff898f7168  f9001bf7   str    %x23 -> +0x30(%sp)[8byte]
T1926856     write 8 byte(s) @ 0xffffd2962c40
T1926856   0x0000ffff898f716c  2a0303f7   orr    %wzr %w3 lsl $0x00 -> %w23
T1926856   0x0000ffff898f7170  394010a8   ldrb   +0x04(%x5)[1byte] -> %w8
T1926856     read  1 byte(s) @ 0xffff8930321c
T1926856   0x0000ffff898f7174  79400ca5   ldrh   +0x06(%x5)[2byte] -> %w5
T1926856     read  2 byte(s) @ 0xffff8930321e
T1926856   0x0000ffff898f7178  12000d02   and    %w8 $0x0000000f -> %w2
T1926856   0x0000ffff898f717c  f94023f5   ldr    +0x40(%sp)[8byte] -> %x21
T1926856     read  8 byte(s) @ 0xffffd2962c50
T1926856   0x0000ffff898f7180  b4000769   cbz    $0x0000ffff898f726c %x9
T1926856   0x0000ffff898f7184  710000bf   subs   %w5 $0x0000 lsl $0x00 -> %wzr
T1926856   0x0000ffff898f7188  52808ce8   movz   $0x0467 lsl $0x00 -> %w8
T1926856   0x0000ffff898f718c  1ac22908   asrv   %w8 %w2 -> %w8
T1926856   0x0000ffff898f7190  1a9f17e2   csinc  %wzr %wzr ne -> %w2
T1926856   0x0000ffff898f7194  2a2803e8   orn    %wzr %w8 lsl $0x00 -> %w8
T1926856   0x0000ffff898f7198  0a040042   and    %w2 %w4 lsl $0x00 -> %w2
T1926856   0x0000ffff898f719c  12000104   and    %w8 $0x00000001 -> %w4
T1926856   0x0000ffff898f71a0  2a020084   orr    %w4 %w2 lsl $0x00 -> %w4
T1926856   0x0000ffff898f71a4  350006c4   cbnz   $0x0000ffff898f727c %w4
T1926856   0x0000ffff898f71a8  eb01027f   subs   %x19 %x1 lsl $0x00 -> %xzr
T1926856   0x0000ffff898f71ac  540000c0   b.eq   $0x0000ffff898f71c4
T1926856   0x0000ffff898f71b0  b9400262   ldr    (%x19)[4byte] -> %w2
T1926856     read  4 byte(s) @ 0xffff89303218
T1926856   0x0000ffff898f71b4  aa0003e1   orr    %xzr %x0 lsl $0x00 -> %x1
T1926856   0x0000ffff898f71b8  8b0200e0   add    %x7 %x2 lsl $0x00 -> %x0
T1926856   0x0000ffff898f71bc  94003c61   bl     $0x0000ffff89906340 -> %x30
T1926856   0x0000ffff89906340  ca010007   eor    %x0 %x1 lsl $0x00 -> %x7
T1926856   0x0000ffff89906344  b200c3ea   orr    %xzr $0x0101010101010101 -> %x10
T1926856   0x0000ffff89906348  f24008ff   ands   %x7 $0x0000000000000007 -> %xzr
T1926856   0x0000ffff8990634c  540003e1   b.ne   $0x0000ffff899063c8
T1926856   0x0000ffff899063c8  f240081f   ands   %x0 $0x0000000000000007 -> %xzr
T1926856   0x0000ffff899063cc  54000100   b.eq   $0x0000ffff899063ec
T1926856   0x0000ffff899063d0  38401402   ldrb   (%x0)[1byte] %x0 $0x0000000000000001 -> %w2 %x0
T1926856     read  1 byte(s) @ 0xffff8930aa47
T1926856   0x0000ffff899063d4  38401423   ldrb   (%x1)[1byte] %x1 $0x0000000000000001 -> %w3 %x1
T1926856     read  1 byte(s) @ 0xffff857e5184
T1926856   0x0000ffff899063d8  7100045f   subs   %w2 $0x0001 lsl $0x00 -> %wzr
T1926856   0x0000ffff899063dc  7a432040   ccmp   %w2 %w3 $0x00 cs
T1926856   0x0000ffff899063e0  540001e1   b.ne   $0x0000ffff8990641c
T1926856   0x0000ffff899063e4  f240081f   ands   %x0 $0x0000000000000007 -> %xzr
T1926856   0x0000ffff899063e8  54ffff41   b.ne   $0x0000ffff899063d0
T1926856   0x0000ffff899063ec  927d2027   and    %x1 $0x0000000000000ff8 -> %x7
T1926856   0x0000ffff899063f0  d27d20e7   eor    %x7 $0x0000000000000ff8 -> %x7
T1926856   0x0000ffff899063f4  b4fffee7   cbz    $0x0000ffff899063d0 %x7
T1926856   0x0000ffff899063f8  f8408402   ldr    (%x0)[8byte] %x0 $0x0000000000000008 -> %x2 %x0
T1926856     read  8 byte(s) @ 0xffff8930aa48
T1926856   0x0000ffff899063fc  f8408423   ldr    (%x1)[8byte] %x1 $0x0000000000000008 -> %x3 %x1
T1926856     read  8 byte(s) @ 0xffff857e5185
T1926856   0x0000ffff89906400  cb0a0047   sub    %x2 %x10 lsl $0x00 -> %x7
T1926856   0x0000ffff89906404  b200d848   orr    %x2 $0x7f7f7f7f7f7f7f7f -> %x8
T1926856   0x0000ffff89906408  ca030045   eor    %x2 %x3 lsl $0x00 -> %x5
T1926856   0x0000ffff8990640c  8a2800e4   bic    %x7 %x8 lsl $0x00 -> %x4
T1926856   0x0000ffff89906410  aa0400a6   orr    %x5 %x4 lsl $0x00 -> %x6
T1926856   0x0000ffff89906414  b4fffec6   cbz    $0x0000ffff899063ec %x6
T1926856   0x0000ffff89906418  17ffffd8   b      $0x0000ffff89906378
T1926856   0x0000ffff89906378  dac00cc6   rev    %x6 -> %x6
T1926856   0x0000ffff8990637c  dac00c42   rev    %x2 -> %x2
T1926856   0x0000ffff89906380  dac010cb   clz    %x6 -> %x11
T1926856   0x0000ffff89906384  dac00c63   rev    %x3 -> %x3
T1926856   0x0000ffff89906388  9acb2042   lslv   %x2 %x11 -> %x2
T1926856   0x0000ffff8990638c  9acb2063   lslv   %x3 %x11 -> %x3
T1926856   0x0000ffff89906390  d378fc42   ubfm   %x2 $0x38 $0x3f -> %x2
T1926856   0x0000ffff89906394  cb43e040   sub    %x2 %x3 lsr $0x38 -> %x0
T1926856   0x0000ffff89906398  d65f03c0   ret    %x30
T1926856   0x0000ffff898f71c0  350005e0   cbnz   $0x0000ffff898f727c %w0
T1926856   0x0000ffff898f71c4  f941baa0   ldr    +0x0370(%x21)[8byte] -> %x0
T1926856     read  8 byte(s) @ 0xffff898e3370
T1926856   0x0000ffff898f71c8  b40002d4   cbz    $0x0000ffff898f7220 %x20
T1926856   0x0000ffff898f71cc  b40006e0   cbz    $0x0000ffff898f72a8 %x0
T1926856   0x0000ffff898f71d0  78765816   ldrh   (%x0,%x22,uxtw #1)[2byte] -> %w22
T1926856     read  2 byte(s) @ 0xffff8930f324
T1926856   0x0000ffff898f71d4  52800303   movz   $0x0018 lsl $0x00 -> %w3
T1926856   0x0000ffff898f71d8  f9418ea1   ldr    +0x0318(%x21)[8byte] -> %x1
T1926856     read  8 byte(s) @ 0xffff898e3318
T1926856   0x0000ffff898f71dc  12003ac0   and    %w22 $0x00007fff -> %w0
T1926856   0x0000ffff898f71e0  b9400a82   ldr    +0x08(%x20)[4byte] -> %w2
T1926856     read  4 byte(s) @ 0xffff898e35b8
T1926856   0x0000ffff898f71e4  9ba37c00   umaddl %w0 %w3 %xzr -> %x0
T1926856   0x0000ffff898f71e8  8b000023   add    %x1 %x0 lsl $0x00 -> %x3
T1926856   0x0000ffff898f71ec  b9400875   ldr    +0x08(%x3)[4byte] -> %w21
T1926856     read  4 byte(s) @ 0xffff898e3668
T1926856   0x0000ffff898f71f0  6b0202bf   subs   %w21 %w2 lsl $0x00 -> %wzr
T1926856   0x0000ffff898f71f4  54000500   b.eq   $0x0000ffff898f7294
T1926856   0x0000ffff898f7294  f8606820   ldr    (%x1,%x0)[8byte] -> %x0
T1926856     read  8 byte(s) @ 0xffff898e3660
T1926856   0x0000ffff898f7298  f9400281   ldr    (%x20)[8byte] -> %x1
T1926856     read  8 byte(s) @ 0xffff898e35b0
T1926856   0x0000ffff898f729c  94003c29   bl     $0x0000ffff89906340 -> %x30
T1926856   0x0000ffff89906340  ca010007   eor    %x0 %x1 lsl $0x00 -> %x7
T1926856   0x0000ffff89906344  b200c3ea   orr    %xzr $0x0101010101010101 -> %x10
T1926856   0x0000ffff89906348  f24008ff   ands   %x7 $0x0000000000000007 -> %xzr
T1926856   0x0000ffff8990634c  540003e1   b.ne   $0x0000ffff899063c8
T1926856   0x0000ffff89906350  f2400807   ands   %x0 $0x0000000000000007 -> %x7
T1926856   0x0000ffff89906354  54000241   b.ne   $0x0000ffff8990639c
T1926856   0x0000ffff89906358  f8408402   ldr    (%x0)[8byte] %x0 $0x0000000000000008 -> %x2 %x0
T1926856     read  8 byte(s) @ 0xffff8930e7f0
T1926856   0x0000ffff8990635c  f8408423   ldr    (%x1)[8byte] %x1 $0x0000000000000008 -> %x3 %x1
T1926856     read  8 byte(s) @ 0xffff857e5428
T1926856   0x0000ffff89906360  cb0a0047   sub    %x2 %x10 lsl $0x00 -> %x7
T1926856   0x0000ffff89906364  b200d848   orr    %x2 $0x7f7f7f7f7f7f7f7f -> %x8
T1926856   0x0000ffff89906368  ca030045   eor    %x2 %x3 lsl $0x00 -> %x5
T1926856   0x0000ffff8990636c  8a2800e4   bic    %x7 %x8 lsl $0x00 -> %x4
T1926856   0x0000ffff89906370  aa0400a6   orr    %x5 %x4 lsl $0x00 -> %x6
T1926856   0x0000ffff89906374  b4ffff26   cbz    $0x0000ffff89906358 %x6
T1926856   0x0000ffff89906358  f8408402   ldr    (%x0)[8byte] %x0 $0x0000000000000008 -> %x2 %x0
T1926856     read  8 byte(s) @ 0xffff8930e7f8
T1926856   0x0000ffff8990635c  f8408423   ldr    (%x1)[8byte] %x1 $0x0000000000000008 -> %x3 %x1
T1926856     read  8 byte(s) @ 0xffff857e5430
T1926856   0x0000ffff89906360  cb0a0047   sub    %x2 %x10 lsl $0x00 -> %x7
T1926856   0x0000ffff89906364  b200d848   orr    %x2 $0x7f7f7f7f7f7f7f7f -> %x8
T1926856   0x0000ffff89906368  ca030045   eor    %x2 %x3 lsl $0x00 -> %x5
T1926856   0x0000ffff8990636c  8a2800e4   bic    %x7 %x8 lsl $0x00 -> %x4
T1926856   0x0000ffff89906370  aa0400a6   orr    %x5 %x4 lsl $0x00 -> %x6
T1926856   0x0000ffff89906374  b4ffff26   cbz    $0x0000ffff89906358 %x6
T1926856   0x0000ffff89906378  dac00cc6   rev    %x6 -> %x6
T1926856   0x0000ffff8990637c  dac00c42   rev    %x2 -> %x2
T1926856   0x0000ffff89906380  dac010cb   clz    %x6 -> %x11
T1926856   0x0000ffff89906384  dac00c63   rev    %x3 -> %x3
T1926856   0x0000ffff89906388  9acb2042   lslv   %x2 %x11 -> %x2
T1926856   0x0000ffff8990638c  9acb2063   lslv   %x3 %x11 -> %x3
T1926856   0x0000ffff89906390  d378fc42   ubfm   %x2 $0x38 $0x3f -> %x2
T1926856   0x0000ffff89906394  cb43e040   sub    %x2 %x3 lsr $0x38 -> %x0
T1926856   0x0000ffff89906398  d65f03c0   ret    %x30
T1926856   0x0000ffff898f72a0  34fffb40   cbz    $0x0000ffff898f7208 %w0
T1926856   0x0000ffff898f7208  aa1303e0   orr    %xzr %x19 lsl $0x00 -> %x0
T1926856   0x0000ffff898f720c  a94153f3   ldp    +0x10(%sp)[16byte] -> %x19 %x20
T1926856     read  16 byte(s) @ 0xffffd2962c20
T1926856   0x0000ffff898f7210  a9425bf5   ldp    +0x20(%sp)[16byte] -> %x21 %x22
T1926856     read  16 byte(s) @ 0xffffd2962c30
T1926856   0x0000ffff898f7214  f9401bf7   ldr    +0x30(%sp)[8byte] -> %x23
T1926856     read  8 byte(s) @ 0xffffd2962c40
T1926856   0x0000ffff898f7218  a8c47bfd   ldp    (%sp)[16byte] %sp $0x0000000000000040 -> %x29 %x30 %sp
T1926856     read  16 byte(s) @ 0xffffd2962c10
T1926856   0x0000ffff898f721c  d65f03c0   ret    %x30
T1926856   0x0000ffff898f7648  b5003220   cbnz   $0x0000ffff898f7c8c %x0
T1926856   0x0000ffff898f7c8c  aa1903e7   orr    %xzr %x25 lsl $0x00 -> %x7
T1926856   0x0000ffff898f7c90  aa1a03f7   orr    %xzr %x26 lsl $0x00 -> %x23
T1926856   0x0000ffff898f7c94  aa1803f9   orr    %xzr %x24 lsl $0x00 -> %x25
T1926856   0x0000ffff898f7c98  aa1c03fa   orr    %xzr %x28 lsl $0x00 -> %x26
T1926856   0x0000ffff898f7c9c  2a1403f6   orr    %wzr %w20 lsl $0x00 -> %w22
T1926856   0x0000ffff898f7ca0  b940cbea   ldr    +0xc8(%sp)[4byte] -> %w10
T1926856     read  4 byte(s) @ 0xffffd2962d18
T1926856   0x0000ffff898f7ca4  aa0003e3   orr    %xzr %x0 lsl $0x00 -> %x3
T1926856   0x0000ffff898f7ca8  aa1b03ec   orr    %xzr %x27 lsl $0x00 -> %x12
T1926856   0x0000ffff898f7cac  a94d73f5   ldp    +0xd0(%sp)[16byte] -> %x21 %x28
T1926856     read  16 byte(s) @ 0xffffd2962d20
T1926856   0x0000ffff898f7cb0  f94073f8   ldr    +0xe0(%sp)[8byte] -> %x24
T1926856     read  8 byte(s) @ 0xffffd2962d30
T1926856   0x0000ffff898f7cb4  f94087f4   ldr    +0x0108(%sp)[8byte] -> %x20
T1926856     read  8 byte(s) @ 0xffffd2962d58
T1926856   0x0000ffff898f7cb8  17fffe1c   b      $0x0000ffff898f7528
T1926856   0x0000ffff898f7528  f9408fe0   ldr    +0x0118(%sp)[8byte] -> %x0
T1926856     read  8 byte(s) @ 0xffffd2962d68
T1926856   0x0000ffff898f752c  b4000a60   cbz    $0x0000ffff898f7678 %x0
T1926856   0x0000ffff898f7530  39401460   ldrb   +0x05(%x3)[1byte] -> %w0
T1926856     read  1 byte(s) @ 0xffff8930321d
T1926856   0x0000ffff898f7534  12000400   and    %w0 $0x00000003 -> %w0
T1926856   0x0000ffff898f7538  51000400   sub    %w0 $0x0001 lsl $0x00 -> %w0
T1926856   0x0000ffff898f753c  7100041f   subs   %w0 $0x0001 lsl $0x00 -> %wzr
T1926856   0x0000ffff898f7540  54fff3a9   b.ls   $0x0000ffff898f73b4
T1926856   0x0000ffff898f7544  39401060   ldrb   +0x04(%x3)[1byte] -> %w0
T1926856     read  1 byte(s) @ 0xffff8930321c
T1926856   0x0000ffff898f7548  53047c00   ubfm   %w0 $0x04 $0x1f -> %w0
T1926856   0x0000ffff898f754c  7100081f   subs   %w0 $0x0002 lsl $0x00 -> %wzr
T1926856   0x0000ffff898f7550  54001820   b.eq   $0x0000ffff898f7854
T1926856   0x0000ffff898f7554  7100281f   subs   %w0 $0x000a lsl $0x00 -> %wzr
T1926856   0x0000ffff898f7558  54000fa0   b.eq   $0x0000ffff898f774c
T1926856   0x0000ffff898f755c  7100041f   subs   %w0 $0x0001 lsl $0x00 -> %wzr
T1926856   0x0000ffff898f7560  54fff2a1   b.ne   $0x0000ffff898f73b4
T1926856   0x0000ffff898f7564  f94053e0   ldr    +0xa0(%sp)[8byte] -> %x0
T1926856     read  8 byte(s) @ 0xffffd2962cf0
T1926856   0x0000ffff898f7568  a9006403   stp    %x3 %x25 -> (%x0)[16byte]
T1926856     write 16 byte(s) @ 0xffffd2962e28
T1926856   0x0000ffff898f756c  52800020   movz   $0x0001 lsl $0x00 -> %w0
T1926856   0x0000ffff898f7570  a9427bfd   ldp    +0x20(%sp)[16byte] -> %x29 %x30
T1926856     read  16 byte(s) @ 0xffffd2962c70
T1926856   0x0000ffff898f7574  a94353f3   ldp    +0x30(%sp)[16byte] -> %x19 %x20
T1926856     read  16 byte(s) @ 0xffffd2962c80
T1926856   0x0000ffff898f7578  a9445bf5   ldp    +0x40(%sp)[16byte] -> %x21 %x22
T1926856     read  16 byte(s) @ 0xffffd2962c90
T1926856   0x0000ffff898f757c  a94563f7   ldp    +0x50(%sp)[16byte] -> %x23 %x24
T1926856     read  16 byte(s) @ 0xffffd2962ca0
T1926856   0x0000ffff898f7580  a9466bf9   ldp    +0x60(%sp)[16byte] -> %x25 %x26
T1926856     read  16 byte(s) @ 0xffffd2962cb0
T1926856   0x0000ffff898f7584  a94773fb   ldp    +0x70(%sp)[16byte] -> %x27 %x28
T1926856     read  16 byte(s) @ 0xffffd2962cc0
T1926856   0x0000ffff898f7588  910403ff   add    %sp $0x0100 lsl $0x00 -> %sp
T1926856   0x0000ffff898f758c  d65f03c0   ret    %x30
T1926856   0x0000ffff898f7e90  34fffe20   cbz    $0x0000ffff898f7e54 %w0
T1926856   0x0000ffff898f7e94  f9400263   ldr    (%x19)[8byte] -> %x3
T1926856     read  8 byte(s) @ 0xffffd2962f30
T1926856   0x0000ffff898f7e98  f9406fe0   ldr    +0xd8(%sp)[8byte] -> %x0
T1926856     read  8 byte(s) @ 0xffffd2962e28
T1926856   0x0000ffff898f7e9c  b40009c0   cbz    $0x0000ffff898f7fd4 %x0
T1926856   0x0000ffff898f7ea0  b40000a3   cbz    $0x0000ffff898f7eb4 %x3
T1926856   0x0000ffff898f7ea4  39401460   ldrb   +0x05(%x3)[1byte] -> %w0
T1926856     read  1 byte(s) @ 0xffff857e45fd
T1926856   0x0000ffff898f7ea8  12000400   and    %w0 $0x00000003 -> %w0
T1926856   0x0000ffff898f7eac  71000c1f   subs   %w0 $0x0003 lsl $0x00 -> %wzr
T1926856   0x0000ffff898f7eb0  54000320   b.eq   $0x0000ffff898f7f14
T1926856   0x0000ffff898f7eb4  f94073fc   ldr    +0xe0(%sp)[8byte] -> %x28
T1926856     read  8 byte(s) @ 0xffffd2962e30
T1926856   0x0000ffff898f7eb8  5280001a   movz   $0x0000 lsl $0x00 -> %w26
T1926856   0x0000ffff898f7ebc  394d3380   ldrb   +0x034c(%x28)[1byte] -> %w0
T1926856     read  1 byte(s) @ 0xfffd4587434c
T1926856   0x0000ffff898f7ec0  90000159   adrp   <rel> 0x0000ffff8991f000 -> %x25
T1926856   0x0000ffff898f7ec4  12000400   and    %w0 $0x00000003 -> %w0
T1926856   0x0000ffff898f7ec8  7100081f   subs   %w0 $0x0002 lsl $0x00 -> %wzr
T1926856   0x0000ffff898f7ecc  540019e0   b.eq   $0x0000ffff898f8208
T1926856   0x0000ffff898f7ed0  b9440f80   ldr    +0x040c(%x28)[4byte] -> %w0
T1926856     read  4 byte(s) @ 0xfffd4587440c
T1926856   0x0000ffff898f7ed4  34001940   cbz    $0x0000ffff898f81fc %w0
T1926856   0x0000ffff898f7ed8  b946db20   ldr    +0x06d8(%x25)[4byte] -> %w0
T1926856     read  4 byte(s) @ 0xffff8991f6d8
T1926856   0x0000ffff898f7edc  52810081   movz   $0x0804 lsl $0x00 -> %w1
T1926856   0x0000ffff898f7ee0  6a01001f   ands   %w0 %w1 lsl $0x00 -> %wzr
T1926856   0x0000ffff898f7ee4  54000d41   b.ne   $0x0000ffff898f808c
T1926856   0x0000ffff898f7ee8  f9406fe0   ldr    +0xd8(%sp)[8byte] -> %x0
T1926856     read  8 byte(s) @ 0xffffd2962e28
T1926856   0x0000ffff898f7eec  f9000260   str    %x0 -> (%x19)[8byte]
T1926856     write 8 byte(s) @ 0xffffd2962f30
T1926856   0x0000ffff898f7ef0  aa1c03e0   orr    %xzr %x28 lsl $0x00 -> %x0
T1926856   0x0000ffff898f7ef4  a9427bfd   ldp    +0x20(%sp)[16byte] -> %x29 %x30
T1926856     read  16 byte(s) @ 0xffffd2962d70
T1926856   0x0000ffff898f7ef8  a94353f3   ldp    +0x30(%sp)[16byte] -> %x19 %x20
T1926856     read  16 byte(s) @ 0xffffd2962d80
T1926856   0x0000ffff898f7efc  a9445bf5   ldp    +0x40(%sp)[16byte] -> %x21 %x22
T1926856     read  16 byte(s) @ 0xffffd2962d90
T1926856   0x0000ffff898f7f00  a94563f7   ldp    +0x50(%sp)[16byte] -> %x23 %x24
T1926856     read  16 byte(s) @ 0xffffd2962da0
T1926856   0x0000ffff898f7f04  a9466bf9   ldp    +0x60(%sp)[16byte] -> %x25 %x26
T1926856     read  16 byte(s) @ 0xffffd2962db0
T1926856   0x0000ffff898f7f08  a94773fb   ldp    +0x70(%sp)[16byte] -> %x27 %x28
T1926856     read  16 byte(s) @ 0xffffd2962dc0
T1926856   0x0000ffff898f7f0c  910443ff   add    %sp $0x0110 lsl $0x00 -> %sp
T1926856   0x0000ffff898f7f10  d65f03c0   ret    %x30
T1926856   0x0000ffff898f9920  aa0003e4   orr    %xzr %x0 lsl $0x00 -> %x4
T1926856   0x0000ffff898f9924  a94b2fa8   ldp    +0xb0(%x29)[16byte] -> %x8 %x11
T1926856     read  16 byte(s) @ 0xffffd2962f20
T1926856   0x0000ffff898f9928  f9022280   str    %x0 -> +0x0440(%x20)[8byte]
T1926856     write 8 byte(s) @ 0xffff89921640
T1926856   0x0000ffff898f992c  f94063a3   ldr    +0xc0(%x29)[8byte] -> %x3
T1926856     read  8 byte(s) @ 0xffffd2962f30
T1926856   0x0000ffff898f9930  f9022683   str    %x3 -> +0x0448(%x20)[8byte]
T1926856     write 8 byte(s) @ 0xffff89921648
T1926856   0x0000ffff898f9934  b50016c3   cbnz   $0x0000ffff898f9c0c %x3
T1926856   0x0000ffff898f9c0c  79400c65   ldrh   +0x06(%x3)[2byte] -> %w5
T1926856     read  2 byte(s) @ 0xffff8930321e
T1926856   0x0000ffff898f9c10  529ffe20   movz   $0xfff1 lsl $0x00 -> %w0
T1926856   0x0000ffff898f9c14  39401062   ldrb   +0x04(%x3)[1byte] -> %w2
T1926856     read  1 byte(s) @ 0xffff8930321c
T1926856   0x0000ffff898f9c18  6b0000bf   subs   %w5 %w0 lsl $0x00 -> %wzr
T1926856   0x0000ffff898f9c1c  54ffedc1   b.ne   $0x0000ffff898f99d4
T1926856   0x0000ffff898f99d4  f9400081   ldr    (%x4)[8byte] -> %x1
T1926856     read  8 byte(s) @ 0xffff898e3000
T1926856   0x0000ffff898f99d8  12000c42   and    %w2 $0x0000000f -> %w2
T1926856   0x0000ffff898f99dc  f9400460   ldr    +0x08(%x3)[8byte] -> %x0
T1926856     read  8 byte(s) @ 0xffff89303220
T1926856   0x0000ffff898f99e0  7100285f   subs   %w2 $0x000a lsl $0x00 -> %wzr
T1926856   0x0000ffff898f99e4  8b000026   add    %x1 %x0 lsl $0x00 -> %x6
T1926856   0x0000ffff898f99e8  54000700   b.eq   $0x0000ffff898f9ac8
T1926856   0x0000ffff898f99ec  7110167f   subs   %w19 $0x0405 lsl $0x00 -> %wzr
T1926856   0x0000ffff898f99f0  54001560   b.eq   $0x0000ffff898f9c9c
T1926856   0x0000ffff898f99f4  54000ae8   b.hi   $0x0000ffff898f9b50
T1926856   0x0000ffff898f99f8  7110127f   subs   %w19 $0x0404 lsl $0x00 -> %wzr
T1926856   0x0000ffff898f99fc  540011a0   b.eq   $0x0000ffff898f9c30
T1926856   0x0000ffff898f9a00  7110027f   subs   %w19 $0x0400 lsl $0x00 -> %wzr
T1926856   0x0000ffff898f9a04  540009e8   b.hi   $0x0000ffff898f9b40
T1926856   0x0000ffff898f9b40  f9400b60   ldr    +0x10(%x27)[8byte] -> %x0
T1926856     read  8 byte(s) @ 0xffff857e6300
T1926856   0x0000ffff898f9b44  8b060000   add    %x0 %x6 lsl $0x00 -> %x0
T1926856   0x0000ffff898f9b48  f8286b80   str    %x0 -> (%x28,%x8)[8byte]
T1926856     write 8 byte(s) @ 0xffff8580ae90
T1926856   0x0000ffff898f9b4c  17ffff87   b      $0x0000ffff898f9968
T1926856   0x0000ffff898f9968  9100637b   add    %x27 $0x0018 lsl $0x00 -> %x27
T1926856   0x0000ffff898f996c  eb1b035f   subs   %x26 %x27 lsl $0x00 -> %xzr
T1926856   0x0000ffff898f9970  54fff6c8   b.hi   $0x0000ffff898f9848
T1926856   0x0000ffff898f9848  a9404f68   ldp    (%x27)[16byte] -> %x8 %x19
T1926856     read  16 byte(s) @ 0xffff857e6308
T1926856   0x0000ffff898f984c  f9418e84   ldr    +0x0318(%x20)[8byte] -> %x4
T1926856     read  8 byte(s) @ 0xffff89921518
T1926856   0x0000ffff898f9850  d360fe60   ubfm   %x19 $0x20 $0x3f -> %x0
T1926856   0x0000ffff898f9854  71100e7f   subs   %w19 $0x0403 lsl $0x00 -> %wzr
T1926856   0x0000ffff898f9858  2a1303f6   orr    %wzr %w19 lsl $0x00 -> %w22
T1926856   0x0000ffff898f985c  8b08038b   add    %x28 %x8 lsl $0x00 -> %x11
T1926856   0x0000ffff898f9860  8b000415   add    %x0 %x0 lsl $0x01 -> %x21
T1926856   0x0000ffff898f9864  78607b00   ldrh   (%x24,%x0,uxtx #1)[2byte] -> %w0
T1926856     read  2 byte(s) @ 0xffff857e54b8
T1926856   0x0000ffff898f9868  d37df2b5   ubfm   %x21 $0x3d $0x3c -> %x21
T1926856   0x0000ffff898f986c  8b150337   add    %x25 %x21 lsl $0x00 -> %x23
T1926856   0x0000ffff898f9870  f90063b7   str    %x23 -> +0xc0(%x29)[8byte]
T1926856     write 8 byte(s) @ 0xffffd2962f30
T1926856   0x0000ffff898f9874  54001e60   b.eq   $0x0000ffff898f9c40
T1926856   0x0000ffff898f9878  34000793   cbz    $0x0000ffff898f9968 %w19
T1926856   0x0000ffff898f987c  394012e2   ldrb   +0x04(%x23)[1byte] -> %w2
T1926856     read  1 byte(s) @ 0xffff857e4704
T1926856   0x0000ffff898f9880  6b4213ff   subs   %wzr %w2 lsr $0x04 -> %wzr
T1926856   0x0000ffff898f9884  540009c0   b.eq   $0x0000ffff898f99bc
T1926856   0x0000ffff898f9888  394016e1   ldrb   +0x05(%x23)[1byte] -> %w1
T1926856     read  1 byte(s) @ 0xffff857e4705
T1926856   0x0000ffff898f988c  12000421   and    %w1 $0x00000003 -> %w1
T1926856   0x0000ffff898f9890  51000421   sub    %w1 $0x0001 lsl $0x00 -> %w1
T1926856   0x0000ffff898f9894  7100043f   subs   %w1 $0x0001 lsl $0x00 -> %wzr
T1926856   0x0000ffff898f9898  54000929   b.ls   $0x0000ffff898f99bc
T1926856   0x0000ffff898f989c  f9421a81   ldr    +0x0430(%x20)[8byte] -> %x1
T1926856     read  8 byte(s) @ 0xffff89921630
T1926856   0x0000ffff898f98a0  eb0102ff   subs   %x23 %x1 lsl $0x00 -> %xzr
T1926856   0x0000ffff898f98a4  54002200   b.eq   $0x0000ffff898f9ce4
T1926856   0x0000ffff898f98a8  51100a61   sub    %w19 $0x0402 lsl $0x00 -> %w1
T1926856   0x0000ffff898f98ac  52800025   movz   $0x0001 lsl $0x00 -> %w5
T1926856   0x0000ffff898f98b0  721e783f   ands   %w1 $0xfffffffd -> %wzr
T1926856   0x0000ffff898f98b4  54000080   b.eq   $0x0000ffff898f98c4
T1926856   0x0000ffff898f98b8  51101661   sub    %w19 $0x0405 lsl $0x00 -> %w1
T1926856   0x0000ffff898f98bc  7100083f   subs   %w1 $0x0002 lsl $0x00 -> %wzr
T1926856   0x0000ffff898f98c0  1a9f87e5   csinc  %wzr %wzr hi -> %w5
T1926856   0x0000ffff898f98c4  7110027f   subs   %w19 $0x0400 lsl $0x00 -> %wzr
T1926856   0x0000ffff898f98c8  54001b00   b.eq   $0x0000ffff898f9c28
T1926856   0x0000ffff898f98cc  7110067f   subs   %w19 $0x0401 lsl $0x00 -> %wzr
T1926856   0x0000ffff898f98d0  321e00a1   orr    %w5 $0x00000004 -> %w1
T1926856   0x0000ffff898f98d4  1a850025   csel   %w1 %w5 eq -> %w5
T1926856   0x0000ffff898f98d8  12003800   and    %w0 $0x00007fff -> %w0
T1926856   0x0000ffff898f98dc  52800301   movz   $0x0018 lsl $0x00 -> %w1
T1926856   0x0000ffff898f98e0  f9021a97   str    %x23 -> +0x0430(%x20)[8byte]
T1926856     write 8 byte(s) @ 0xffff89921630
T1926856   0x0000ffff898f98e4  b9043a85   str    %w5 -> +0x0438(%x20)[4byte]
T1926856     write 4 byte(s) @ 0xffff89921638
T1926856   0x0000ffff898f98e8  9ba11004   umaddl %w0 %w1 %x4 -> %x4
T1926856   0x0000ffff898f98ec  b4000084   cbz    $0x0000ffff898f98fc %x4
T1926856   0x0000ffff898f98f0  b9400880   ldr    +0x08(%x4)[4byte] -> %w0
T1926856     read  4 byte(s) @ 0xffff898e35b8
T1926856   0x0000ffff898f98f4  7100001f   subs   %w0 $0x0000 lsl $0x00 -> %wzr
T1926856   0x0000ffff898f98f8  9a9f1084   csel   %x4 %xzr ne -> %x4
T1926856   0x0000ffff898f98fc  a94a07a3   ldp    +0xa0(%x29)[16byte] -> %x3 %x1
T1926856     read  16 byte(s) @ 0xffffd2962f10
T1926856   0x0000ffff898f9900  910303a2   add    %x29 $0x00c0 lsl $0x00 -> %x2
T1926856   0x0000ffff898f9904  b8756b20   ldr    (%x25,%x21)[4byte] -> %w0
T1926856     read  4 byte(s) @ 0xffff857e4700
T1926856   0x0000ffff898f9908  d2800007   movz   $0x0000 lsl $0x00 -> %x7
T1926856   0x0000ffff898f990c  52800126   movz   $0x0009 lsl $0x00 -> %w6
T1926856   0x0000ffff898f9910  a90b2fa8   stp    %x8 %x11 -> +0xb0(%x29)[16byte]
T1926856     write 16 byte(s) @ 0xffffd2962f20
T1926856   0x0000ffff898f9914  8b000020   add    %x1 %x0 lsl $0x00 -> %x0
T1926856   0x0000ffff898f9918  aa1403e1   orr    %xzr %x20 lsl $0x00 -> %x1
T1926856   0x0000ffff898f991c  97fff921   bl     $0x0000ffff898f7da0 -> %x30
T1926856   0x0000ffff898f7da0  d10443ff   sub    %sp $0x0110 lsl $0x00 -> %sp
T1926856   0x0000ffff898f7da4  a9027bfd   stp    %x29 %x30 -> +0x20(%sp)[16byte]
T1926856     write 16 byte(s) @ 0xffffd2962d70
T1926856   0x0000ffff898f7da8  910083fd   add    %sp $0x0020 lsl $0x00 -> %x29
T1926856   0x0000ffff898f7dac  a90353f3   stp    %x19 %x20 -> +0x30(%sp)[16byte]
T1926856     write 16 byte(s) @ 0xffffd2962d80
T1926856   0x0000ffff898f7db0  aa0203f3   orr    %xzr %x2 lsl $0x00 -> %x19
T1926856   0x0000ffff898f7db4  aa0703f4   orr    %xzr %x7 lsl $0x00 -> %x20
T1926856   0x0000ffff898f7db8  a9045bf5   stp    %x21 %x22 -> +0x40(%sp)[16byte]
T1926856     write 16 byte(s) @ 0xffffd2962d90
T1926856   0x0000ffff898f7dbc  aa0403f5   orr    %xzr %x4 lsl $0x00 -> %x21
T1926856   0x0000ffff898f7dc0  2a0603f6   orr    %wzr %w6 lsl $0x00 -> %w22
T1926856   0x0000ffff898f7dc4  a90563f7   stp    %x23 %x24 -> +0x50(%sp)[16byte]
T1926856     write 16 byte(s) @ 0xffffd2962da0
T1926856   0x0000ffff898f7dc8  aa0103f7   orr    %xzr %x1 lsl $0x00 -> %x23
T1926856   0x0000ffff898f7dcc  a9066bf9   stp    %x25 %x26 -> +0x60(%sp)[16byte]
T1926856     write 16 byte(s) @ 0xffffd2962db0
T1926856   0x0000ffff898f7dd0  a90773fb   stp    %x27 %x28 -> +0x70(%sp)[16byte]
T1926856     write 16 byte(s) @ 0xffffd2962dc0
T1926856   0x0000ffff898f7dd4  aa0003fb   orr    %xzr %x0 lsl $0x00 -> %x27
T1926856   0x0000ffff898f7dd8  39400008   ldrb   (%x0)[1byte] -> %w8
T1926856     read  1 byte(s) @ 0xffff857e503a
T1926856   0x0000ffff898f7ddc  b90083e5   str    %w5 -> +0x80(%sp)[4byte]
T1926856     write 4 byte(s) @ 0xffffd2962dd0
T1926856   0x0000ffff898f7de0  f9004be3   str    %x3 -> +0x90(%sp)[8byte]
T1926856     write 8 byte(s) @ 0xffffd2962de0
T1926856   0x0000ffff898f7de4  34000f48   cbz    $0x0000ffff898f7fcc %w8
T1926856   0x0000ffff898f7de8  d282a0a1   movz   $0x1505 lsl $0x00 -> %x1
T1926856   0x0000ffff898f7dec  d503201f   nop
T1926856   0x0000ffff898f7df0  8b011421   add    %x1 %x1 lsl $0x05 -> %x1
T1926856   0x0000ffff898f7df4  8b280021   add    %x1 %x8 uxtb $0x00 -> %x1
T1926856   0x0000ffff898f7df8  38401c08   ldrb   +0x01(%x0)[1byte] %x0 $0x0000000000000001 -> %w8 %x0
T1926856     read  1 byte(s) @ 0xffff857e503b
T1926856   0x0000ffff898f7dfc  35ffffa8   cbnz   $0x0000ffff898f7df0 %w8
T1926856   0x0000ffff898f7df0  8b011421   add    %x1 %x1 lsl $0x05 -> %x1
T1926856   0x0000ffff898f7df4  8b280021   add    %x1 %x8 uxtb $0x00 -> %x1
T1926856   0x0000ffff898f7df8  38401c08   ldrb   +0x01(%x0)[1byte] %x0 $0x0000000000000001 -> %w8 %x0
T1926856     read  1 byte(s) @ 0xffff857e503c
T1926856   0x0000ffff898f7dfc  35ffffa8   cbnz   $0x0000ffff898f7df0 %w8
T1926856   0x0000ffff898f7df0  8b011421   add    %x1 %x1 lsl $0x05 -> %x1
T1926856   0x0000ffff898f7df4  8b280021   add    %x1 %x8 uxtb $0x00 -> %x1
T1926856   0x0000ffff898f7df8  38401c08   ldrb   +0x01(%x0)[1byte] %x0 $0x0000000000000001 -> %w8 %x0
T1926856     read  1 byte(s) @ 0xffff857e503d
T1926856   0x0000ffff898f7dfc  35ffffa8   cbnz   $0x0000ffff898f7df0 %w8
T1926856   0x0000ffff898f7df0  8b011421   add    %x1 %x1 lsl $0x05 -> %x1
T1926856   0x0000ffff898f7df4  8b280021   add    %x1 %x8 uxtb $0x00 -> %x1
T1926856   0x0000ffff898f7df8  38401c08   ldrb   +0x01(%x0)[1byte] %x0 $0x0000000000000001 -> %w8 %x0
T1926856     read  1 byte(s) @ 0xffff857e503e
T1926856   0x0000ffff898f7dfc  35ffffa8   cbnz   $0x0000ffff898f7df0 %w8
T1926856   0x0000ffff898f7df0  8b011421   add    %x1 %x1 lsl $0x05 -> %x1
T1926856   0x0000ffff898f7df4  8b280021   add    %x1 %x8 uxtb $0x00 -> %x1
T1926856   0x0000ffff898f7df8  38401c08   ldrb   +0x01(%x0)[1byte] %x0 $0x0000000000000001 -> %w8 %x0
T1926856     read  1 byte(s) @ 0xffff857e503f
T1926856   0x0000ffff898f7dfc  35ffffa8   cbnz   $0x0000ffff898f7df0 %w8
T1926856   0x0000ffff898f7df0  8b011421   add    %x1 %x1 lsl $0x05 -> %x1
T1926856   0x0000ffff898f7df4  8b280021   add    %x1 %x8 uxtb $0x00 -> %x1
T1926856   0x0000ffff898f7df8  38401c08   ldrb   +0x01(%x0)[1byte] %x0 $0x0000000000000001 -> %w8 %x0
T1926856     read  1 byte(s) @ 0xffff857e5040
T1926856   0x0000ffff898f7dfc  35ffffa8   cbnz   $0x0000ffff898f7df0 %w8
T1926856   0x0000ffff898f7e00  92407c3a   and    %x1 $0x00000000ffffffff -> %x26
T1926856   0x0000ffff898f7e04  b0000140   adrp   <rel> 0x0000ffff89920000 -> %x0
T1926856   0x0000ffff898f7e08  91018002   add    %x0 $0x0060 lsl $0x00 -> %x2
T1926856   0x0000ffff898f7e0c  b2407fe0   orr    %xzr $0x00000000ffffffff -> %x0
T1926856   0x0000ffff898f7e10  f90067e0   str    %x0 -> +0xc8(%sp)[8byte]
T1926856     write 8 byte(s) @ 0xffffd2962e18
T1926856   0x0000ffff898f7e14  a90dffff   stp    %xzr %xzr -> +0xd8(%sp)[16byte]
T1926856     write 16 byte(s) @ 0xffffd2962e28
T1926856   0x0000ffff898f7e18  f9450040   ldr    +0x0a00(%x2)[8byte] -> %x0
T1926856     read  8 byte(s) @ 0xffff89920a60
T1926856   0x0000ffff898f7e1c  91000400   add    %x0 $0x0001 lsl $0x00 -> %x0
T1926856   0x0000ffff898f7e20  f9050040   str    %x0 -> +0x0a00(%x2)[8byte]
T1926856     write 8 byte(s) @ 0xffff89920a60
T1926856   0x0000ffff898f7e24  b4000055   cbz    $0x0000ffff898f7e2c %x21
T1926856   0x0000ffff898f7e28  37086c56   tbnz   $0x0000ffff898f8bb0 %x22 $0x01
T1926856   0x0000ffff898f7e2c  f9404be0   ldr    +0x90(%sp)[8byte] -> %x0
T1926856     read  8 byte(s) @ 0xffffd2962de0
T1926856   0x0000ffff898f7e30  f9400263   ldr    (%x19)[8byte] -> %x3
T1926856     read  8 byte(s) @ 0xffffd2962f30
T1926856   0x0000ffff898f7e34  f9400005   ldr    (%x0)[8byte] -> %x5
T1926856     read  8 byte(s) @ 0xffff89921598
T1926856   0x0000ffff898f7e38  b5001114   cbnz   $0x0000ffff898f8058 %x20
T1926856   0x0000ffff898f7e3c  b4000cc5   cbz    $0x0000ffff898f7fd4 %x5
T1926856   0x0000ffff898f7e40  f90047ff   str    %xzr -> +0x88(%sp)[8byte]
T1926856     write 8 byte(s) @ 0xffffd2962dd8
T1926856   0x0000ffff898f7e44  910363f8   add    %sp $0x00d8 lsl $0x00 -> %x24
T1926856   0x0000ffff898f7e48  910323f9   add    %sp $0x00c8 lsl $0x00 -> %x25
T1926856   0x0000ffff898f7e4c  a948f3e6   ldp    +0x88(%sp)[16byte] -> %x6 %x28
T1926856     read  16 byte(s) @ 0xffffd2962dd8
T1926856   0x0000ffff898f7e50  14000005   b      $0x0000ffff898f7e64
T1926856   0x0000ffff898f7e64  b94083e0   ldr    +0x80(%sp)[4byte] -> %w0
T1926856     read  4 byte(s) @ 0xffffd2962dd0
T1926856   0x0000ffff898f7e68  aa1503e7   orr    %xzr %x21 lsl $0x00 -> %x7
T1926856   0x0000ffff898f7e6c  b90003f6   str    %w22 -> (%sp)[4byte]
T1926856     write 4 byte(s) @ 0xffffd2962d50
T1926856   0x0000ffff898f7e70  aa1803e4   orr    %xzr %x24 lsl $0x00 -> %x4
T1926856   0x0000ffff898f7e74  f90007f4   str    %x20 -> +0x08(%sp)[8byte]
T1926856     write 8 byte(s) @ 0xffffd2962d58
T1926856   0x0000ffff898f7e78  aa1903e2   orr    %xzr %x25 lsl $0x00 -> %x2
T1926856   0x0000ffff898f7e7c  b90013e0   str    %w0 -> +0x10(%sp)[4byte]
T1926856     write 4 byte(s) @ 0xffffd2962d60
T1926856   0x0000ffff898f7e80  aa1a03e1   orr    %xzr %x26 lsl $0x00 -> %x1
T1926856   0x0000ffff898f7e84  f9000ff7   str    %x23 -> +0x18(%sp)[8byte]
T1926856     write 8 byte(s) @ 0xffffd2962d68
T1926856   0x0000ffff898f7e88  aa1b03e0   orr    %xzr %x27 lsl $0x00 -> %x0
T1926856   0x0000ffff898f7e8c  97fffd15   bl     $0x0000ffff898f72e0 -> %x30
T1926856   0x0000ffff898f72e0  d10403ff   sub    %sp $0x0100 lsl $0x00 -> %sp
T1926856   0x0000ffff898f72e4  a9027bfd   stp    %x29 %x30 -> +0x20(%sp)[16byte]
T1926856     write 16 byte(s) @ 0xffffd2962c70
T1926856   0x0000ffff898f72e8  910083fd   add    %sp $0x0020 lsl $0x00 -> %x29
T1926856   0x0000ffff898f72ec  b94008aa   ldr    +0x08(%x5)[4byte] -> %w10
T1926856     read  4 byte(s) @ 0xffff899214f8
T1926856   0x0000ffff898f72f0  a9045bf5   stp    %x21 %x22 -> +0x40(%sp)[16byte]
T1926856     write 16 byte(s) @ 0xffffd2962c90
T1926856   0x0000ffff898f72f4  aa0003f5   orr    %xzr %x0 lsl $0x00 -> %x21
T1926856   0x0000ffff898f72f8  b94103e0   ldr    +0x0100(%sp)[4byte] -> %w0
T1926856     read  4 byte(s) @ 0xffffd2962d50
T1926856   0x0000ffff898f72fc  b94113f6   ldr    +0x0110(%sp)[4byte] -> %w22
T1926856     read  4 byte(s) @ 0xffffd2962d60
T1926856   0x0000ffff898f7300  a90353f3   stp    %x19 %x20 -> +0x30(%sp)[16byte]
T1926856     write 16 byte(s) @ 0xffffd2962c80
T1926856   0x0000ffff898f7304  a90563f7   stp    %x23 %x24 -> +0x50(%sp)[16byte]
T1926856     write 16 byte(s) @ 0xffffd2962ca0
T1926856   0x0000ffff898f7308  aa0a03f7   orr    %xzr %x10 lsl $0x00 -> %x23
T1926856   0x0000ffff898f730c  a9066bf9   stp    %x25 %x26 -> +0x60(%sp)[16byte]
T1926856     write 16 byte(s) @ 0xffffd2962cb0
T1926856   0x0000ffff898f7310  a90773fb   stp    %x27 %x28 -> +0x70(%sp)[16byte]
T1926856     write 16 byte(s) @ 0xffffd2962cc0
T1926856   0x0000ffff898f7314  a90993e3   stp    %x3 %x4 -> +0x98(%sp)[16byte]
T1926856     write 16 byte(s) @ 0xffffd2962ce8
T1926856   0x0000ffff898f7318  b900b3e0   str    %w0 -> +0xb0(%sp)[4byte]
T1926856     write 4 byte(s) @ 0xffffd2962d00
T1926856   0x0000ffff898f731c  a90b9fe2   stp    %x2 %x7 -> +0xb8(%sp)[16byte]
T1926856     write 16 byte(s) @ 0xffffd2962d08
T1926856   0x0000ffff898f7320  f94087ed   ldr    +0x0108(%sp)[8byte] -> %x13
T1926856     read  8 byte(s) @ 0xffffd2962d58
T1926856   0x0000ffff898f7324  d346fc20   ubfm   %x1 $0x06 $0x3f -> %x0
T1926856   0x0000ffff898f7328  f9004be0   str    %x0 -> +0x90(%sp)[8byte]
T1926856     write 8 byte(s) @ 0xffffd2962ce0
T1926856   0x0000ffff898f732c  f94000ba   ldr    (%x5)[8byte] -> %x26
T1926856     read  8 byte(s) @ 0xffff899214f0
T1926856   0x0000ffff898f7330  9103d3e0   add    %sp $0x00f4 lsl $0x00 -> %x0
T1926856   0x0000ffff898f7334  f90043e0   str    %x0 -> +0x80(%sp)[8byte]
T1926856     write 8 byte(s) @ 0xffffd2962cd0
T1926856   0x0000ffff898f7338  9103e3e0   add    %sp $0x00f8 lsl $0x00 -> %x0
T1926856   0x0000ffff898f733c  aa1703f8   orr    %xzr %x23 lsl $0x00 -> %x24
T1926856   0x0000ffff898f7340  aa0603fc   orr    %xzr %x6 lsl $0x00 -> %x28
T1926856   0x0000ffff898f7344  aa1503f7   orr    %xzr %x21 lsl $0x00 -> %x23
T1926856   0x0000ffff898f7348  aa0d03f4   orr    %xzr %x13 lsl $0x00 -> %x20
T1926856   0x0000ffff898f734c  aa1a03f5   orr    %xzr %x26 lsl $0x00 -> %x21
T1926856   0x0000ffff898f7350  aa0103fa   orr    %xzr %x1 lsl $0x00 -> %x26
T1926856   0x0000ffff898f7354  f90047e0   str    %x0 -> +0x88(%sp)[8byte]
T1926856     write 8 byte(s) @ 0xffffd2962cd8
T1926856   0x0000ffff898f7358  d0000080   adrp   <rel> 0x0000ffff89909000 -> %x0
T1926856   0x0000ffff898f735c  91290000   add    %x0 $0x0a40 lsl $0x00 -> %x0
T1926856   0x0000ffff898f7360  f90057e0   str    %x0 -> +0xa8(%sp)[8byte]
T1926856     write 8 byte(s) @ 0xffffd2962cf8
T1926856   0x0000ffff898f7364  14000017   b      $0x0000ffff898f73c0
T1926856   0x0000ffff898f73c0  f87c7aa0   ldr    (%x21,%x28,uxtx #3)[8byte] -> %x0
T1926856     read  8 byte(s) @ 0xffff898e3560
T1926856   0x0000ffff898f73c4  f9401419   ldr    +0x28(%x0)[8byte] -> %x25
T1926856     read  8 byte(s) @ 0xffff89921228
T1926856   0x0000ffff898f73c8  eb14033f   subs   %x25 %x20 lsl $0x00 -> %xzr
T1926856   0x0000ffff898f73cc  54ffff40   b.eq   $0x0000ffff898f73b4
T1926856   0x0000ffff898f73d0  121f02ca   and    %w22 $0x00000002 -> %w10
T1926856   0x0000ffff898f73d4  36080096   tbz    $0x0000ffff898f73e4 %x22 $0x01
T1926856   0x0000ffff898f73e4  394d3720   ldrb   +0x034d(%x25)[1byte] -> %w0
T1926856     read  1 byte(s) @ 0xffff8992154d
T1926856   0x0000ffff898f73e8  372ffe60   tbnz   $0x0000ffff898f73b4 %x0 $0x05
T1926856   0x0000ffff898f73ec  90000153   adrp   <rel> 0x0000ffff8991f000 -> %x19
T1926856   0x0000ffff898f73f0  b946da60   ldr    +0x06d8(%x19)[4byte] -> %w0
T1926856     read  4 byte(s) @ 0xffff8991f6d8
T1926856   0x0000ffff898f73f4  361ffba0   tbz    $0x0000ffff898f7368 %x0 $0x03
T1926856   0x0000ffff898f7368  b9432722   ldr    +0x0324(%x25)[4byte] -> %w2
T1926856     read  4 byte(s) @ 0xffff89921524
T1926856   0x0000ffff898f736c  34000242   cbz    $0x0000ffff898f73b4 %w2
T1926856   0x0000ffff898f7370  a9468720   ldp    +0x68(%x25)[16byte] -> %x0 %x1
T1926856     read  16 byte(s) @ 0xffff89921268
T1926856   0x0000ffff898f7374  b900f7ff   str    %wzr -> +0xf4(%sp)[4byte]
T1926856     write 4 byte(s) @ 0xffffd2962d44
T1926856   0x0000ffff898f7378  f9419b23   ldr    +0x0330(%x25)[8byte] -> %x3
T1926856     read  8 byte(s) @ 0xffff89921530
T1926856   0x0000ffff898f737c  f9007fff   str    %xzr -> +0xf8(%sp)[8byte]
T1926856     write 8 byte(s) @ 0xffffd2962d48
T1926856   0x0000ffff898f7380  f9400407   ldr    +0x08(%x0)[8byte] -> %x7
T1926856     read  8 byte(s) @ 0xffff8580aa50
T1926856   0x0000ffff898f7384  f940042c   ldr    +0x08(%x1)[8byte] -> %x12
T1926856     read  8 byte(s) @ 0xffff8580aa60
T1926856   0x0000ffff898f7388  b4000683   cbz    $0x0000ffff898f7458 %x3
T1926856   0x0000ffff898f738c  f9404be4   ldr    +0x90(%sp)[8byte] -> %x4
T1926856     read  8 byte(s) @ 0xffffd2962ce0
T1926856   0x0000ffff898f7390  b9432b21   ldr    +0x0328(%x25)[4byte] -> %w1
T1926856     read  4 byte(s) @ 0xffff89921528
T1926856   0x0000ffff898f7394  b9432f20   ldr    +0x032c(%x25)[4byte] -> %w0
T1926856     read  4 byte(s) @ 0xffff8992152c
T1926856   0x0000ffff898f7398  8a040021   and    %x1 %x4 lsl $0x00 -> %x1
T1926856   0x0000ffff898f739c  9ac02740   lsrv   %x26 %x0 -> %x0
T1926856   0x0000ffff898f73a0  f8617861   ldr    (%x3,%x1,uxtx #3)[8byte] -> %x1
T1926856     read  8 byte(s) @ 0xffff857e42a8
T1926856   0x0000ffff898f73a4  9ac02420   lsrv   %x1 %x0 -> %x0
T1926856   0x0000ffff898f73a8  9ada2421   lsrv   %x1 %x26 -> %x1
T1926856   0x0000ffff898f73ac  8a010000   and    %x0 %x1 lsl $0x00 -> %x0
T1926856   0x0000ffff898f73b0  37000f00   tbnz   $0x0000ffff898f7590 %x0 $0x00
T1926856   0x0000ffff898f73b4  9100079c   add    %x28 $0x0001 lsl $0x00 -> %x28
T1926856   0x0000ffff898f73b8  eb1c031f   subs   %x24 %x28 lsl $0x00 -> %xzr
T1926856   0x0000ffff898f73bc  540014c9   b.ls   $0x0000ffff898f7654
T1926856   0x0000ffff898f73c0  f87c7aa0   ldr    (%x21,%x28,uxtx #3)[8byte] -> %x0
T1926856     read  8 byte(s) @ 0xffff898e3568
T1926856   0x0000ffff898f73c4  f9401419   ldr    +0x28(%x0)[8byte] -> %x25
T1926856     read  8 byte(s) @ 0xffff898e3028
T1926856   0x0000ffff898f73c8  eb14033f   subs   %x25 %x20 lsl $0x00 -> %xzr
T1926856   0x0000ffff898f73cc  54ffff40   b.eq   $0x0000ffff898f73b4
T1926856   0x0000ffff898f73d0  121f02ca   and    %w22 $0x00000002 -> %w10
T1926856   0x0000ffff898f73d4  36080096   tbz    $0x0000ffff898f73e4 %x22 $0x01
T1926856   0x0000ffff898f73e4  394d3720   ldrb   +0x034d(%x25)[1byte] -> %w0
T1926856     read  1 byte(s) @ 0xffff898e334d
T1926856   0x0000ffff898f73e8  372ffe60   tbnz   $0x0000ffff898f73b4 %x0 $0x05
T1926856   0x0000ffff898f73ec  90000153   adrp   <rel> 0x0000ffff8991f000 -> %x19
T1926856   0x0000ffff898f73f0  b946da60   ldr    +0x06d8(%x19)[4byte] -> %w0
T1926856     read  4 byte(s) @ 0xffff8991f6d8
T1926856   0x0000ffff898f73f4  361ffba0   tbz    $0x0000ffff898f7368 %x0 $0x03
T1926856   0x0000ffff898f7368  b9432722   ldr    +0x0324(%x25)[4byte] -> %w2
T1926856     read  4 byte(s) @ 0xffff898e3324
T1926856   0x0000ffff898f736c  34000242   cbz    $0x0000ffff898f73b4 %w2
T1926856   0x0000ffff898f7370  a9468720   ldp    +0x68(%x25)[16byte] -> %x0 %x1
T1926856     read  16 byte(s) @ 0xffff898e3068
T1926856   0x0000ffff898f7374  b900f7ff   str    %wzr -> +0xf4(%sp)[4byte]
T1926856     write 4 byte(s) @ 0xffffd2962d44
T1926856   0x0000ffff898f7378  f9419b23   ldr    +0x0330(%x25)[8byte] -> %x3
T1926856     read  8 byte(s) @ 0xffff898e3330
T1926856   0x0000ffff898f737c  f9007fff   str    %xzr -> +0xf8(%sp)[8byte]
T1926856     write 8 byte(s) @ 0xffffd2962d48
T1926856   0x0000ffff898f7380  f9400407   ldr    +0x08(%x0)[8byte] -> %x7
T1926856     read  8 byte(s) @ 0xffff89460ba0
T1926856   0x0000ffff898f7384  f940042c   ldr    +0x08(%x1)[8byte] -> %x12
T1926856     read  8 byte(s) @ 0xffff89460bb0
T1926856   0x0000ffff898f7388  b4000683   cbz    $0x0000ffff898f7458 %x3
T1926856   0x0000ffff898f738c  f9404be4   ldr    +0x90(%sp)[8byte] -> %x4
T1926856     read  8 byte(s) @ 0xffffd2962ce0
T1926856   0x0000ffff898f7390  b9432b21   ldr    +0x0328(%x25)[4byte] -> %w1
T1926856     read  4 byte(s) @ 0xffff898e3328
T1926856   0x0000ffff898f7394  b9432f20   ldr    +0x032c(%x25)[4byte] -> %w0
T1926856     read  4 byte(s) @ 0xffff898e332c
T1926856   0x0000ffff898f7398  8a040021   and    %x1 %x4 lsl $0x00 -> %x1
T1926856   0x0000ffff898f739c  9ac02740   lsrv   %x26 %x0 -> %x0
T1926856   0x0000ffff898f73a0  f8617861   ldr    (%x3,%x1,uxtx #3)[8byte] -> %x1
T1926856     read  8 byte(s) @ 0xffff892f7718
T1926856   0x0000ffff898f73a4  9ac02420   lsrv   %x1 %x0 -> %x0
T1926856   0x0000ffff898f73a8  9ada2421   lsrv   %x1 %x26 -> %x1
T1926856   0x0000ffff898f73ac  8a010000   and    %x0 %x1 lsl $0x00 -> %x0
T1926856   0x0000ffff898f73b0  37000f00   tbnz   $0x0000ffff898f7590 %x0 $0x00
T1926856   0x0000ffff898f7590  2a0203e2   orr    %wzr %w2 lsl $0x00 -> %w2
T1926856   0x0000ffff898f7594  f9419f21   ldr    +0x0338(%x25)[8byte] -> %x1
T1926856     read  8 byte(s) @ 0xffff898e3338
T1926856   0x0000ffff898f7598  9ac20b40   udiv   %x26 %x2 -> %x0
T1926856   0x0000ffff898f759c  9b02e800   msub   %x0 %x2 %x26 -> %x0
T1926856   0x0000ffff898f75a0  b860783b   ldr    (%x1,%x0,uxtx #2)[4byte] -> %w27
T1926856     read  4 byte(s) @ 0xffff892f8008
T1926856   0x0000ffff898f75a4  34fff09b   cbz    $0x0000ffff898f73b4 %w27
T1926856   0x0000ffff898f75a8  f941a320   ldr    +0x0340(%x25)[8byte] -> %x0
T1926856     read  8 byte(s) @ 0xffff898e3340
T1926856   0x0000ffff898f75ac  b900cbea   str    %w10 -> +0xc8(%sp)[4byte]
T1926856     write 4 byte(s) @ 0xffffd2962d18
T1926856   0x0000ffff898f75b0  a90d73f5   stp    %x21 %x28 -> +0xd0(%sp)[16byte]
T1926856     write 16 byte(s) @ 0xffffd2962d20
T1926856   0x0000ffff898f75b4  aa1a03fc   orr    %xzr %x26 lsl $0x00 -> %x28
T1926856   0x0000ffff898f75b8  aa1703fa   orr    %xzr %x23 lsl $0x00 -> %x26
T1926856   0x0000ffff898f75bc  8b3b481b   add    %x0 %x27 uxtw $0x02 -> %x27
T1926856   0x0000ffff898f75c0  f90073f8   str    %x24 -> +0xe0(%sp)[8byte]
T1926856     write 8 byte(s) @ 0xffffd2962d30
T1926856   0x0000ffff898f75c4  aa1b03f7   orr    %xzr %x27 lsl $0x00 -> %x23
T1926856   0x0000ffff898f75c8  aa1903f8   orr    %xzr %x25 lsl $0x00 -> %x24
T1926856   0x0000ffff898f75cc  aa0c03fb   orr    %xzr %x12 lsl $0x00 -> %x27
T1926856   0x0000ffff898f75d0  aa0703f9   orr    %xzr %x7 lsl $0x00 -> %x25
T1926856   0x0000ffff898f75d4  f90087f4   str    %x20 -> +0x0108(%sp)[8byte]
T1926856     write 8 byte(s) @ 0xffffd2962d58
T1926856   0x0000ffff898f75d8  2a1603f4   orr    %wzr %w22 lsl $0x00 -> %w20
T1926856   0x0000ffff898f75dc  b940b3f6   ldr    +0xb0(%sp)[4byte] -> %w22
T1926856     read  4 byte(s) @ 0xffffd2962d00
T1926856   0x0000ffff898f75e0  f94063f5   ldr    +0xc0(%sp)[8byte] -> %x21
T1926856     read  8 byte(s) @ 0xffffd2962d10
T1926856   0x0000ffff898f75e4  14000003   b      $0x0000ffff898f75f0
T1926856   0x0000ffff898f75f0  b94002e1   ldr    (%x23)[4byte] -> %w1
T1926856     read  4 byte(s) @ 0xffff892f915c
T1926856   0x0000ffff898f75f4  2a0103e0   orr    %wzr %w1 lsl $0x00 -> %w0
T1926856   0x0000ffff898f75f8  ca1c0000   eor    %x0 %x28 lsl $0x00 -> %x0
T1926856   0x0000ffff898f75fc  eb4007ff   subs   %xzr %x0 lsr $0x01 -> %xzr
T1926856   0x0000ffff898f7600  54ffff41   b.ne   $0x0000ffff898f75e8
T1926856   0x0000ffff898f7604  f941a306   ldr    +0x0340(%x24)[8byte] -> %x6
T1926856     read  8 byte(s) @ 0xffff898e3340
T1926856   0x0000ffff898f7608  aa1903e7   orr    %xzr %x25 lsl $0x00 -> %x7
T1926856   0x0000ffff898f760c  f94047e0   ldr    +0x88(%sp)[8byte] -> %x0
T1926856     read  8 byte(s) @ 0xffffd2962cd8
T1926856   0x0000ffff898f7610  cb0602e6   sub    %x23 %x6 lsl $0x00 -> %x6
T1926856   0x0000ffff898f7614  f9404fe1   ldr    +0x98(%sp)[8byte] -> %x1
T1926856     read  8 byte(s) @ 0xffffd2962ce8
T1926856   0x0000ffff898f7618  d34284c5   ubfm   %x6 $0x02 $0x21 -> %x5
T1926856   0x0000ffff898f761c  a90003f8   stp    %x24 %x0 -> (%sp)[16byte]
T1926856     write 16 byte(s) @ 0xffffd2962c50
T1926856   0x0000ffff898f7620  aa0503e6   orr    %xzr %x5 lsl $0x00 -> %x6
T1926856   0x0000ffff898f7624  8b0504a5   add    %x5 %x5 lsl $0x01 -> %x5
T1926856   0x0000ffff898f7628  f94043e0   ldr    +0x80(%sp)[8byte] -> %x0
T1926856     read  8 byte(s) @ 0xffffd2962cd0
T1926856   0x0000ffff898f762c  f9000be0   str    %x0 -> +0x10(%sp)[8byte]
T1926856     write 8 byte(s) @ 0xffffd2962c60
T1926856   0x0000ffff898f7630  2a1403e4   orr    %wzr %w20 lsl $0x00 -> %w4
T1926856   0x0000ffff898f7634  2a1603e3   orr    %wzr %w22 lsl $0x00 -> %w3
T1926856   0x0000ffff898f7638  aa1503e2   orr    %xzr %x21 lsl $0x00 -> %x2
T1926856   0x0000ffff898f763c  8b050f65   add    %x27 %x5 lsl $0x03 -> %x5
T1926856   0x0000ffff898f7640  aa1a03e0   orr    %xzr %x26 lsl $0x00 -> %x0
T1926856   0x0000ffff898f7644  97fffec1   bl     $0x0000ffff898f7148 -> %x30
T1926856   0x0000ffff898f7148  a9bc7bfd   stp    %x29 %x30 %sp $0xffffffffffffffc0 -> -0x40(%sp)[16byte] %sp
T1926856     write 16 byte(s) @ 0xffffd2962c10
T1926856   0x0000ffff898f714c  910003fd   add    %sp $0x0000 lsl $0x00 -> %x29
T1926856   0x0000ffff898f7150  a90153f3   stp    %x19 %x20 -> +0x10(%sp)[16byte]
T1926856     write 16 byte(s) @ 0xffffd2962c20
T1926856   0x0000ffff898f7154  aa0503f3   orr    %xzr %x5 lsl $0x00 -> %x19
T1926856   0x0000ffff898f7158  aa0203f4   orr    %xzr %x2 lsl $0x00 -> %x20
T1926856   0x0000ffff898f715c  a9025bf5   stp    %x21 %x22 -> +0x20(%sp)[16byte]
T1926856     write 16 byte(s) @ 0xffffd2962c30
T1926856   0x0000ffff898f7160  2a0603f6   orr    %wzr %w6 lsl $0x00 -> %w22
T1926856   0x0000ffff898f7164  f94004a9   ldr    +0x08(%x5)[8byte] -> %x9
T1926856     read  8 byte(s) @ 0xffff892fc560
T1926856   0x0000ffff898f7168  f9001bf7   str    %x23 -> +0x30(%sp)[8byte]
T1926856     write 8 byte(s) @ 0xffffd2962c40
T1926856   0x0000ffff898f716c  2a0303f7   orr    %wzr %w3 lsl $0x00 -> %w23
T1926856   0x0000ffff898f7170  394010a8   ldrb   +0x04(%x5)[1byte] -> %w8
T1926856     read  1 byte(s) @ 0xffff892fc55c
T1926856   0x0000ffff898f7174  79400ca5   ldrh   +0x06(%x5)[2byte] -> %w5
T1926856     read  2 byte(s) @ 0xffff892fc55e
T1926856   0x0000ffff898f7178  12000d02   and    %w8 $0x0000000f -> %w2
T1926856   0x0000ffff898f717c  f94023f5   ldr    +0x40(%sp)[8byte] -> %x21
T1926856     read  8 byte(s) @ 0xffffd2962c50
T1926856   0x0000ffff898f7180  b4000769   cbz    $0x0000ffff898f726c %x9
T1926856   0x0000ffff898f7184  710000bf   subs   %w5 $0x0000 lsl $0x00 -> %wzr
T1926856   0x0000ffff898f7188  52808ce8   movz   $0x0467 lsl $0x00 -> %w8
T1926856   0x0000ffff898f718c  1ac22908   asrv   %w8 %w2 -> %w8
T1926856   0x0000ffff898f7190  1a9f17e2   csinc  %wzr %wzr ne -> %w2
T1926856   0x0000ffff898f7194  2a2803e8   orn    %wzr %w8 lsl $0x00 -> %w8
T1926856   0x0000ffff898f7198  0a040042   and    %w2 %w4 lsl $0x00 -> %w2
T1926856   0x0000ffff898f719c  12000104   and    %w8 $0x00000001 -> %w4
T1926856   0x0000ffff898f71a0  2a020084   orr    %w4 %w2 lsl $0x00 -> %w4
T1926856   0x0000ffff898f71a4  350006c4   cbnz   $0x0000ffff898f727c %w4
T1926856   0x0000ffff898f71a8  eb01027f   subs   %x19 %x1 lsl $0x00 -> %xzr
T1926856   0x0000ffff898f71ac  540000c0   b.eq   $0x0000ffff898f71c4
T1926856   0x0000ffff898f71b0  b9400262   ldr    (%x19)[4byte] -> %w2
T1926856     read  4 byte(s) @ 0xffff892fc558
T1926856   0x0000ffff898f71b4  aa0003e1   orr    %xzr %x0 lsl $0x00 -> %x1
T1926856   0x0000ffff898f71b8  8b0200e0   add    %x7 %x2 lsl $0x00 -> %x0
T1926856   0x0000ffff898f71bc  94003c61   bl     $0x0000ffff89906340 -> %x30
T1926856   0x0000ffff89906340  ca010007   eor    %x0 %x1 lsl $0x00 -> %x7
T1926856   0x0000ffff89906344  b200c3ea   orr    %xzr $0x0101010101010101 -> %x10
T1926856   0x0000ffff89906348  f24008ff   ands   %x7 $0x0000000000000007 -> %xzr
T1926856   0x0000ffff8990634c  540003e1   b.ne   $0x0000ffff899063c8
T1926856   0x0000ffff899063c8  f240081f   ands   %x0 $0x0000000000000007 -> %xzr
T1926856   0x0000ffff899063cc  54000100   b.eq   $0x0000ffff899063ec
T1926856   0x0000ffff899063d0  38401402   ldrb   (%x0)[1byte] %x0 $0x0000000000000001 -> %w2 %x0
T1926856     read  1 byte(s) @ 0xffff8930c3b9
T1926856   0x0000ffff899063d4  38401423   ldrb   (%x1)[1byte] %x1 $0x0000000000000001 -> %w3 %x1
T1926856     read  1 byte(s) @ 0xffff857e503a
T1926856   0x0000ffff899063d8  7100045f   subs   %w2 $0x0001 lsl $0x00 -> %wzr
T1926856   0x0000ffff899063dc  7a432040   ccmp   %w2 %w3 $0x00 cs
T1926856   0x0000ffff899063e0  540001e1   b.ne   $0x0000ffff8990641c
T1926856   0x0000ffff899063e4  f240081f   ands   %x0 $0x0000000000000007 -> %xzr
T1926856   0x0000ffff899063e8  54ffff41   b.ne   $0x0000ffff899063d0
T1926856   0x0000ffff899063d0  38401402   ldrb   (%x0)[1byte] %x0 $0x0000000000000001 -> %w2 %x0
T1926856     read  1 byte(s) @ 0xffff8930c3ba
T1926856   0x0000ffff899063d4  38401423   ldrb   (%x1)[1byte] %x1 $0x0000000000000001 -> %w3 %x1
T1926856     read  1 byte(s) @ 0xffff857e503b
T1926856   0x0000ffff899063d8  7100045f   subs   %w2 $0x0001 lsl $0x00 -> %wzr
T1926856   0x0000ffff899063dc  7a432040   ccmp   %w2 %w3 $0x00 cs
T1926856   0x0000ffff899063e0  540001e1   b.ne   $0x0000ffff8990641c
T1926856   0x0000ffff899063e4  f240081f   ands   %x0 $0x0000000000000007 -> %xzr
T1926856   0x0000ffff899063e8  54ffff41   b.ne   $0x0000ffff899063d0
T1926856   0x0000ffff899063d0  38401402   ldrb   (%x0)[1byte] %x0 $0x0000000000000001 -> %w2 %x0
T1926856     read  1 byte(s) @ 0xffff8930c3bb
T1926856   0x0000ffff899063d4  38401423   ldrb   (%x1)[1byte] %x1 $0x0000000000000001 -> %w3 %x1
T1926856     read  1 byte(s) @ 0xffff857e503c
T1926856   0x0000ffff899063d8  7100045f   subs   %w2 $0x0001 lsl $0x00 -> %wzr
T1926856   0x0000ffff899063dc  7a432040   ccmp   %w2 %w3 $0x00 cs
T1926856   0x0000ffff899063e0  540001e1   b.ne   $0x0000ffff8990641c
T1926856   0x0000ffff899063e4  f240081f   ands   %x0 $0x0000000000000007 -> %xzr
T1926856   0x0000ffff899063e8  54ffff41   b.ne   $0x0000ffff899063d0
T1926856   0x0000ffff899063d0  38401402   ldrb   (%x0)[1byte] %x0 $0x0000000000000001 -> %w2 %x0
T1926856     read  1 byte(s) @ 0xffff8930c3bc
T1926856   0x0000ffff899063d4  38401423   ldrb   (%x1)[1byte] %x1 $0x0000000000000001 -> %w3 %x1
T1926856     read  1 byte(s) @ 0xffff857e503d
T1926856   0x0000ffff899063d8  7100045f   subs   %w2 $0x0001 lsl $0x00 -> %wzr
T1926856   0x0000ffff899063dc  7a432040   ccmp   %w2 %w3 $0x00 cs
T1926856   0x0000ffff899063e0  540001e1   b.ne   $0x0000ffff8990641c
T1926856   0x0000ffff899063e4  f240081f   ands   %x0 $0x0000000000000007 -> %xzr
T1926856   0x0000ffff899063e8  54ffff41   b.ne   $0x0000ffff899063d0
T1926856   0x0000ffff899063d0  38401402   ldrb   (%x0)[1byte] %x0 $0x0000000000000001 -> %w2 %x0
T1926856     read  1 byte(s) @ 0xffff8930c3bd
T1926856   0x0000ffff899063d4  38401423   ldrb   (%x1)[1byte] %x1 $0x0000000000000001 -> %w3 %x1
T1926856     read  1 byte(s) @ 0xffff857e503e
T1926856   0x0000ffff899063d8  7100045f   subs   %w2 $0x0001 lsl $0x00 -> %wzr
T1926856   0x0000ffff899063dc  7a432040   ccmp   %w2 %w3 $0x00 cs
T1926856   0x0000ffff899063e0  540001e1   b.ne   $0x0000ffff8990641c
T1926856   0x0000ffff899063e4  f240081f   ands   %x0 $0x0000000000000007 -> %xzr
T1926856   0x0000ffff899063e8  54ffff41   b.ne   $0x0000ffff899063d0
T1926856   0x0000ffff899063d0  38401402   ldrb   (%x0)[1byte] %x0 $0x0000000000000001 -> %w2 %x0
T1926856     read  1 byte(s) @ 0xffff8930c3be
T1926856   0x0000ffff899063d4  38401423   ldrb   (%x1)[1byte] %x1 $0x0000000000000001 -> %w3 %x1
T1926856     read  1 byte(s) @ 0xffff857e503f
T1926856   0x0000ffff899063d8  7100045f   subs   %w2 $0x0001 lsl $0x00 -> %wzr
T1926856   0x0000ffff899063dc  7a432040   ccmp   %w2 %w3 $0x00 cs
T1926856   0x0000ffff899063e0  540001e1   b.ne   $0x0000ffff8990641c
T1926856   0x0000ffff899063e4  f240081f   ands   %x0 $0x0000000000000007 -> %xzr
T1926856   0x0000ffff899063e8  54ffff41   b.ne   $0x0000ffff899063d0
T1926856   0x0000ffff899063d0  38401402   ldrb   (%x0)[1byte] %x0 $0x0000000000000001 -> %w2 %x0
T1926856     read  1 byte(s) @ 0xffff8930c3bf
T1926856   0x0000ffff899063d4  38401423   ldrb   (%x1)[1byte] %x1 $0x0000000000000001 -> %w3 %x1
T1926856     read  1 byte(s) @ 0xffff857e5040
T1926856   0x0000ffff899063d8  7100045f   subs   %w2 $0x0001 lsl $0x00 -> %wzr
T1926856   0x0000ffff899063dc  7a432040   ccmp   %w2 %w3 $0x00 cs
T1926856   0x0000ffff899063e0  540001e1   b.ne   $0x0000ffff8990641c
T1926856   0x0000ffff8990641c  cb030040   sub    %x2 %x3 lsl $0x00 -> %x0
T1926856   0x0000ffff89906420  d65f03c0   ret    %x30
T1926856   0x0000ffff898f71c0  350005e0   cbnz   $0x0000ffff898f727c %w0
T1926856   0x0000ffff898f71c4  f941baa0   ldr    +0x0370(%x21)[8byte] -> %x0
T1926856     read  8 byte(s) @ 0xffff898e3370
T1926856   0x0000ffff898f71c8  b40002d4   cbz    $0x0000ffff898f7220 %x20
T1926856   0x0000ffff898f71cc  b40006e0   cbz    $0x0000ffff898f72a8 %x0
T1926856   0x0000ffff898f71d0  78765816   ldrh   (%x0,%x22,uxtw #1)[2byte] -> %w22
T1926856     read  2 byte(s) @ 0xffff8930ea14
T1926856   0x0000ffff898f71d4  52800303   movz   $0x0018 lsl $0x00 -> %w3
T1926856   0x0000ffff898f71d8  f9418ea1   ldr    +0x0318(%x21)[8byte] -> %x1
T1926856     read  8 byte(s) @ 0xffff898e3318
T1926856   0x0000ffff898f71dc  12003ac0   and    %w22 $0x00007fff -> %w0
T1926856   0x0000ffff898f71e0  b9400a82   ldr    +0x08(%x20)[4byte] -> %w2
T1926856     read  4 byte(s) @ 0xffff898e35b8
T1926856   0x0000ffff898f71e4  9ba37c00   umaddl %w0 %w3 %xzr -> %x0
T1926856   0x0000ffff898f71e8  8b000023   add    %x1 %x0 lsl $0x00 -> %x3
T1926856   0x0000ffff898f71ec  b9400875   ldr    +0x08(%x3)[4byte] -> %w21
T1926856     read  4 byte(s) @ 0xffff898e3668
T1926856   0x0000ffff898f71f0  6b0202bf   subs   %w21 %w2 lsl $0x00 -> %wzr
T1926856   0x0000ffff898f71f4  54000500   b.eq   $0x0000ffff898f7294
T1926856   0x0000ffff898f7294  f8606820   ldr    (%x1,%x0)[8byte] -> %x0
T1926856     read  8 byte(s) @ 0xffff898e3660
T1926856   0x0000ffff898f7298  f9400281   ldr    (%x20)[8byte] -> %x1
T1926856     read  8 byte(s) @ 0xffff898e35b0
T1926856   0x0000ffff898f729c  94003c29   bl     $0x0000ffff89906340 -> %x30
T1926856   0x0000ffff89906340  ca010007   eor    %x0 %x1 lsl $0x00 -> %x7
T1926856   0x0000ffff89906344  b200c3ea   orr    %xzr $0x0101010101010101 -> %x10
T1926856   0x0000ffff89906348  f24008ff   ands   %x7 $0x0000000000000007 -> %xzr
T1926856   0x0000ffff8990634c  540003e1   b.ne   $0x0000ffff899063c8
T1926856   0x0000ffff89906350  f2400807   ands   %x0 $0x0000000000000007 -> %x7
T1926856   0x0000ffff89906354  54000241   b.ne   $0x0000ffff8990639c
T1926856   0x0000ffff89906358  f8408402   ldr    (%x0)[8byte] %x0 $0x0000000000000008 -> %x2 %x0
T1926856     read  8 byte(s) @ 0xffff8930e7f0
T1926856   0x0000ffff8990635c  f8408423   ldr    (%x1)[8byte] %x1 $0x0000000000000008 -> %x3 %x1
T1926856     read  8 byte(s) @ 0xffff857e5428
T1926856   0x0000ffff89906360  cb0a0047   sub    %x2 %x10 lsl $0x00 -> %x7
T1926856   0x0000ffff89906364  b200d848   orr    %x2 $0x7f7f7f7f7f7f7f7f -> %x8
T1926856   0x0000ffff89906368  ca030045   eor    %x2 %x3 lsl $0x00 -> %x5
T1926856   0x0000ffff8990636c  8a2800e4   bic    %x7 %x8 lsl $0x00 -> %x4
T1926856   0x0000ffff89906370  aa0400a6   orr    %x5 %x4 lsl $0x00 -> %x6
T1926856   0x0000ffff89906374  b4ffff26   cbz    $0x0000ffff89906358 %x6
T1926856   0x0000ffff89906358  f8408402   ldr    (%x0)[8byte] %x0 $0x0000000000000008 -> %x2 %x0
T1926856     read  8 byte(s) @ 0xffff8930e7f8
T1926856   0x0000ffff8990635c  f8408423   ldr    (%x1)[8byte] %x1 $0x0000000000000008 -> %x3 %x1
T1926856     read  8 byte(s) @ 0xffff857e5430
T1926856   0x0000ffff89906360  cb0a0047   sub    %x2 %x10 lsl $0x00 -> %x7
T1926856   0x0000ffff89906364  b200d848   orr    %x2 $0x7f7f7f7f7f7f7f7f -> %x8
T1926856   0x0000ffff89906368  ca030045   eor    %x2 %x3 lsl $0x00 -> %x5
T1926856   0x0000ffff8990636c  8a2800e4   bic    %x7 %x8 lsl $0x00 -> %x4
T1926856   0x0000ffff89906370  aa0400a6   orr    %x5 %x4 lsl $0x00 -> %x6
T1926856   0x0000ffff89906374  b4ffff26   cbz    $0x0000ffff89906358 %x6
T1926856   0x0000ffff89906378  dac00cc6   rev    %x6 -> %x6
T1926856   0x0000ffff8990637c  dac00c42   rev    %x2 -> %x2
T1926856   0x0000ffff89906380  dac010cb   clz    %x6 -> %x11
T1926856   0x0000ffff89906384  dac00c63   rev    %x3 -> %x3
T1926856   0x0000ffff89906388  9acb2042   lslv   %x2 %x11 -> %x2
T1926856   0x0000ffff8990638c  9acb2063   lslv   %x3 %x11 -> %x3
T1926856   0x0000ffff89906390  d378fc42   ubfm   %x2 $0x38 $0x3f -> %x2
T1926856   0x0000ffff89906394  cb43e040   sub    %x2 %x3 lsr $0x38 -> %x0
T1926856   0x0000ffff89906398  d65f03c0   ret    %x30
T1926856   0x0000ffff898f72a0  34fffb40   cbz    $0x0000ffff898f7208 %w0
T1926856   0x0000ffff898f7208  aa1303e0   orr    %xzr %x19 lsl $0x00 -> %x0
T1926856   0x0000ffff898f720c  a94153f3   ldp    +0x10(%sp)[16byte] -> %x19 %x20
T1926856     read  16 byte(s) @ 0xffffd2962c20
T1926856   0x0000ffff898f7210  a9425bf5   ldp    +0x20(%sp)[16byte] -> %x21 %x22
T1926856     read  16 byte(s) @ 0xffffd2962c30
T1926856   0x0000ffff898f7214  f9401bf7   ldr    +0x30(%sp)[8byte] -> %x23
T1926856     read  8 byte(s) @ 0xffffd2962c40
T1926856   0x0000ffff898f7218  a8c47bfd   ldp    (%sp)[16byte] %sp $0x0000000000000040 -> %x29 %x30 %sp
T1926856     read  16 byte(s) @ 0xffffd2962c10
T1926856   0x0000ffff898f721c  d65f03c0   ret    %x30
T1926856   0x0000ffff898f7648  b5003220   cbnz   $0x0000ffff898f7c8c %x0
T1926856   0x0000ffff898f7c8c  aa1903e7   orr    %xzr %x25 lsl $0x00 -> %x7
T1926856   0x0000ffff898f7c90  aa1a03f7   orr    %xzr %x26 lsl $0x00 -> %x23
T1926856   0x0000ffff898f7c94  aa1803f9   orr    %xzr %x24 lsl $0x00 -> %x25
T1926856   0x0000ffff898f7c98  aa1c03fa   orr    %xzr %x28 lsl $0x00 -> %x26
T1926856   0x0000ffff898f7c9c  2a1403f6   orr    %wzr %w20 lsl $0x00 -> %w22
T1926856   0x0000ffff898f7ca0  b940cbea   ldr    +0xc8(%sp)[4byte] -> %w10
T1926856     read  4 byte(s) @ 0xffffd2962d18
T1926856   0x0000ffff898f7ca4  aa0003e3   orr    %xzr %x0 lsl $0x00 -> %x3
T1926856   0x0000ffff898f7ca8  aa1b03ec   orr    %xzr %x27 lsl $0x00 -> %x12
T1926856   0x0000ffff898f7cac  a94d73f5   ldp    +0xd0(%sp)[16byte] -> %x21 %x28
T1926856     read  16 byte(s) @ 0xffffd2962d20
T1926856   0x0000ffff898f7cb0  f94073f8   ldr    +0xe0(%sp)[8byte] -> %x24
T1926856     read  8 byte(s) @ 0xffffd2962d30
T1926856   0x0000ffff898f7cb4  f94087f4   ldr    +0x0108(%sp)[8byte] -> %x20
T1926856     read  8 byte(s) @ 0xffffd2962d58
T1926856   0x0000ffff898f7cb8  17fffe1c   b      $0x0000ffff898f7528
T1926856   0x0000ffff898f7528  f9408fe0   ldr    +0x0118(%sp)[8byte] -> %x0
T1926856     read  8 byte(s) @ 0xffffd2962d68
T1926856   0x0000ffff898f752c  b4000a60   cbz    $0x0000ffff898f7678 %x0
T1926856   0x0000ffff898f7530  39401460   ldrb   +0x05(%x3)[1byte] -> %w0
T1926856     read  1 byte(s) @ 0xffff892fc55d
T1926856   0x0000ffff898f7534  12000400   and    %w0 $0x00000003 -> %w0
T1926856   0x0000ffff898f7538  51000400   sub    %w0 $0x0001 lsl $0x00 -> %w0
T1926856   0x0000ffff898f753c  7100041f   subs   %w0 $0x0001 lsl $0x00 -> %wzr
T1926856   0x0000ffff898f7540  54fff3a9   b.ls   $0x0000ffff898f73b4
T1926856   0x0000ffff898f7544  39401060   ldrb   +0x04(%x3)[1byte] -> %w0
T1926856     read  1 byte(s) @ 0xffff892fc55c
T1926856   0x0000ffff898f7548  53047c00   ubfm   %w0 $0x04 $0x1f -> %w0
T1926856   0x0000ffff898f754c  7100081f   subs   %w0 $0x0002 lsl $0x00 -> %wzr
T1926856   0x0000ffff898f7550  54001820   b.eq   $0x0000ffff898f7854
T1926856   0x0000ffff898f7554  7100281f   subs   %w0 $0x000a lsl $0x00 -> %wzr
T1926856   0x0000ffff898f7558  54000fa0   b.eq   $0x0000ffff898f774c
T1926856   0x0000ffff898f755c  7100041f   subs   %w0 $0x0001 lsl $0x00 -> %wzr
T1926856   0x0000ffff898f7560  54fff2a1   b.ne   $0x0000ffff898f73b4
T1926856   0x0000ffff898f7564  f94053e0   ldr    +0xa0(%sp)[8byte] -> %x0
T1926856     read  8 byte(s) @ 0xffffd2962cf0
T1926856   0x0000ffff898f7568  a9006403   stp    %x3 %x25 -> (%x0)[16byte]
T1926856     write 16 byte(s) @ 0xffffd2962e28
T1926856   0x0000ffff898f756c  52800020   movz   $0x0001 lsl $0x00 -> %w0
T1926856   0x0000ffff898f7570  a9427bfd   ldp    +0x20(%sp)[16byte] -> %x29 %x30
T1926856     read  16 byte(s) @ 0xffffd2962c70
T1926856   0x0000ffff898f7574  a94353f3   ldp    +0x30(%sp)[16byte] -> %x19 %x20
T1926856     read  16 byte(s) @ 0xffffd2962c80
T1926856   0x0000ffff898f7578  a9445bf5   ldp    +0x40(%sp)[16byte] -> %x21 %x22
T1926856     read  16 byte(s) @ 0xffffd2962c90
T1926856   0x0000ffff898f757c  a94563f7   ldp    +0x50(%sp)[16byte] -> %x23 %x24
T1926856     read  16 byte(s) @ 0xffffd2962ca0
T1926856   0x0000ffff898f7580  a9466bf9   ldp    +0x60(%sp)[16byte] -> %x25 %x26
T1926856     read  16 byte(s) @ 0xffffd2962cb0
T1926856   0x0000ffff898f7584  a94773fb   ldp    +0x70(%sp)[16byte] -> %x27 %x28
T1926856     read  16 byte(s) @ 0xffffd2962cc0
T1926856   0x0000ffff898f7588  910403ff   add    %sp $0x0100 lsl $0x00 -> %sp
T1926856   0x0000ffff898f758c  d65f03c0   ret    %x30
T1926856   0x0000ffff898f7e90  34fffe20   cbz    $0x0000ffff898f7e54 %w0
T1926856   0x0000ffff898f7e94  f9400263   ldr    (%x19)[8byte] -> %x3
T1926856     read  8 byte(s) @ 0xffffd2962f30
T1926856   0x0000ffff898f7e98  f9406fe0   ldr    +0xd8(%sp)[8byte] -> %x0
T1926856     read  8 byte(s) @ 0xffffd2962e28
T1926856   0x0000ffff898f7e9c  b40009c0   cbz    $0x0000ffff898f7fd4 %x0
T1926856   0x0000ffff898f7ea0  b40000a3   cbz    $0x0000ffff898f7eb4 %x3
T1926856   0x0000ffff898f7ea4  39401460   ldrb   +0x05(%x3)[1byte] -> %w0
T1926856     read  1 byte(s) @ 0xffff857e4705
T1926856   0x0000ffff898f7ea8  12000400   and    %w0 $0x00000003 -> %w0
T1926856   0x0000ffff898f7eac  71000c1f   subs   %w0 $0x0003 lsl $0x00 -> %wzr
T1926856   0x0000ffff898f7eb0  54000320   b.eq   $0x0000ffff898f7f14
T1926856   0x0000ffff898f7eb4  f94073fc   ldr    +0xe0(%sp)[8byte] -> %x28
T1926856     read  8 byte(s) @ 0xffffd2962e30
T1926856   0x0000ffff898f7eb8  5280001a   movz   $0x0000 lsl $0x00 -> %w26
T1926856   0x0000ffff898f7ebc  394d3380   ldrb   +0x034c(%x28)[1byte] -> %w0
T1926856     read  1 byte(s) @ 0xfffd4587434c
T1926856   0x0000ffff898f7ec0  90000159   adrp   <rel> 0x0000ffff8991f000 -> %x25
T1926856   0x0000ffff898f7ec4  12000400   and    %w0 $0x00000003 -> %w0
T1926856   0x0000ffff898f7ec8  7100081f   subs   %w0 $0x0002 lsl $0x00 -> %wzr
T1926856   0x0000ffff898f7ecc  540019e0   b.eq   $0x0000ffff898f8208
T1926856   0x0000ffff898f7ed0  b9440f80   ldr    +0x040c(%x28)[4byte] -> %w0
T1926856     read  4 byte(s) @ 0xfffd4587440c
T1926856   0x0000ffff898f7ed4  34001940   cbz    $0x0000ffff898f81fc %w0
T1926856   0x0000ffff898f7ed8  b946db20   ldr    +0x06d8(%x25)[4byte] -> %w0
T1926856     read  4 byte(s) @ 0xffff8991f6d8
T1926856   0x0000ffff898f7edc  52810081   movz   $0x0804 lsl $0x00 -> %w1
T1926856   0x0000ffff898f7ee0  6a01001f   ands   %w0 %w1 lsl $0x00 -> %wzr
T1926856   0x0000ffff898f7ee4  54000d41   b.ne   $0x0000ffff898f808c
T1926856   0x0000ffff898f7ee8  f9406fe0   ldr    +0xd8(%sp)[8byte] -> %x0
T1926856     read  8 byte(s) @ 0xffffd2962e28
T1926856   0x0000ffff898f7eec  f9000260   str    %x0 -> (%x19)[8byte]
T1926856     write 8 byte(s) @ 0xffffd2962f30
T1926856   0x0000ffff898f7ef0  aa1c03e0   orr    %xzr %x28 lsl $0x00 -> %x0
T1926856   0x0000ffff898f7ef4  a9427bfd   ldp    +0x20(%sp)[16byte] -> %x29 %x30
T1926856     read  16 byte(s) @ 0xffffd2962d70
T1926856   0x0000ffff898f7ef8  a94353f3   ldp    +0x30(%sp)[16byte] -> %x19 %x20
T1926856     read  16 byte(s) @ 0xffffd2962d80
T1926856   0x0000ffff898f7efc  a9445bf5   ldp    +0x40(%sp)[16byte] -> %x21 %x22
T1926856     read  16 byte(s) @ 0xffffd2962d90
T1926856   0x0000ffff898f7f00  a94563f7   ldp    +0x50(%sp)[16byte] -> %x23 %x24
T1926856     read  16 byte(s) @ 0xffffd2962da0
T1926856   0x0000ffff898f7f04  a9466bf9   ldp    +0x60(%sp)[16byte] -> %x25 %x26
T1926856     read  16 byte(s) @ 0xffffd2962db0
T1926856   0x0000ffff898f7f08  a94773fb   ldp    +0x70(%sp)[16byte] -> %x27 %x28
T1926856     read  16 byte(s) @ 0xffffd2962dc0
T1926856   0x0000ffff898f7f0c  910443ff   add    %sp $0x0110 lsl $0x00 -> %sp
T1926856   0x0000ffff898f7f10  d65f03c0   ret    %x30
T1926856   0x0000ffff898f9920  aa0003e4   orr    %xzr %x0 lsl $0x00 -> %x4
T1926856   0x0000ffff898f9924  a94b2fa8   ldp    +0xb0(%x29)[16byte] -> %x8 %x11
T1926856     read  16 byte(s) @ 0xffffd2962f20
T1926856   0x0000ffff898f9928  f9022280   str    %x0 -> +0x0440(%x20)[8byte]
T1926856     write 8 byte(s) @ 0xffff89921640
T1926856   0x0000ffff898f992c  f94063a3   ldr    +0xc0(%x29)[8byte] -> %x3
T1926856     read  8 byte(s) @ 0xffffd2962f30
T1926856   0x0000ffff898f9930  f9022683   str    %x3 -> +0x0448(%x20)[8byte]
T1926856     write 8 byte(s) @ 0xffff89921648
T1926856   0x0000ffff898f9934  b50016c3   cbnz   $0x0000ffff898f9c0c %x3
T1926856   0x0000ffff898f9c0c  79400c65   ldrh   +0x06(%x3)[2byte] -> %w5
T1926856     read  2 byte(s) @ 0xffff892fc55e
T1926856   0x0000ffff898f9c10  529ffe20   movz   $0xfff1 lsl $0x00 -> %w0
T1926856   0x0000ffff898f9c14  39401062   ldrb   +0x04(%x3)[1byte] -> %w2
T1926856     read  1 byte(s) @ 0xffff892fc55c
T1926856   0x0000ffff898f9c18  6b0000bf   subs   %w5 %w0 lsl $0x00 -> %wzr
T1926856   0x0000ffff898f9c1c  54ffedc1   b.ne   $0x0000ffff898f99d4
T1926856   0x0000ffff898f99d4  f9400081   ldr    (%x4)[8byte] -> %x1
T1926856     read  8 byte(s) @ 0xffff898e3000
T1926856   0x0000ffff898f99d8  12000c42   and    %w2 $0x0000000f -> %w2
T1926856   0x0000ffff898f99dc  f9400460   ldr    +0x08(%x3)[8byte] -> %x0
T1926856     read  8 byte(s) @ 0xffff892fc560
T1926856   0x0000ffff898f99e0  7100285f   subs   %w2 $0x000a lsl $0x00 -> %wzr
T1926856   0x0000ffff898f99e4  8b000026   add    %x1 %x0 lsl $0x00 -> %x6
T1926856   0x0000ffff898f99e8  54000700   b.eq   $0x0000ffff898f9ac8
T1926856   0x0000ffff898f99ec  7110167f   subs   %w19 $0x0405 lsl $0x00 -> %wzr
T1926856   0x0000ffff898f99f0  54001560   b.eq   $0x0000ffff898f9c9c
T1926856   0x0000ffff898f99f4  54000ae8   b.hi   $0x0000ffff898f9b50
T1926856   0x0000ffff898f99f8  7110127f   subs   %w19 $0x0404 lsl $0x00 -> %wzr
T1926856   0x0000ffff898f99fc  540011a0   b.eq   $0x0000ffff898f9c30
T1926856   0x0000ffff898f9a00  7110027f   subs   %w19 $0x0400 lsl $0x00 -> %wzr
T1926856   0x0000ffff898f9a04  540009e8   b.hi   $0x0000ffff898f9b40
T1926856   0x0000ffff898f9b40  f9400b60   ldr    +0x10(%x27)[8byte] -> %x0
T1926856     read  8 byte(s) @ 0xffff857e6318
T1926856   0x0000ffff898f9b44  8b060000   add    %x0 %x6 lsl $0x00 -> %x0
T1926856   0x0000ffff898f9b48  f8286b80   str    %x0 -> (%x28,%x8)[8byte]
T1926856     write 8 byte(s) @ 0xffff8580aeb8
T1926856   0x0000ffff898f9b4c  17ffff87   b      $0x0000ffff898f9968
T1926856   0x0000ffff898f9968  9100637b   add    %x27 $0x0018 lsl $0x00 -> %x27
T1926856   0x0000ffff898f996c  eb1b035f   subs   %x26 %x27 lsl $0x00 -> %xzr
T1926856   0x0000ffff898f9970  54fff6c8   b.hi   $0x0000ffff898f9848
T1926856   0x0000ffff898f9848  a9404f68   ldp    (%x27)[16byte] -> %x8 %x19
T1926856     read  16 byte(s) @ 0xffff857e6320
T1926856   0x0000ffff898f984c  f9418e84   ldr    +0x0318(%x20)[8byte] -> %x4
T1926856     read  8 byte(s) @ 0xffff89921518
T1926856   0x0000ffff898f9850  d360fe60   ubfm   %x19 $0x20 $0x3f -> %x0
T1926856   0x0000ffff898f9854  71100e7f   subs   %w19 $0x0403 lsl $0x00 -> %wzr
T1926856   0x0000ffff898f9858  2a1303f6   orr    %wzr %w19 lsl $0x00 -> %w22
T1926856   0x0000ffff898f985c  8b08038b   add    %x28 %x8 lsl $0x00 -> %x11
T1926856   0x0000ffff898f9860  8b000415   add    %x0 %x0 lsl $0x01 -> %x21
T1926856   0x0000ffff898f9864  78607b00   ldrh   (%x24,%x0,uxtx #1)[2byte] -> %w0
T1926856     read  2 byte(s) @ 0xffff857e54c6
T1926856   0x0000ffff898f9868  d37df2b5   ubfm   %x21 $0x3d $0x3c -> %x21
T1926856   0x0000ffff898f986c  8b150337   add    %x25 %x21 lsl $0x00 -> %x23
T1926856   0x0000ffff898f9870  f90063b7   str    %x23 -> +0xc0(%x29)[8byte]
T1926856     write 8 byte(s) @ 0xffffd2962f30
T1926856   0x0000ffff898f9874  54001e60   b.eq   $0x0000ffff898f9c40
T1926856   0x0000ffff898f9878  34000793   cbz    $0x0000ffff898f9968 %w19
T1926856   0x0000ffff898f987c  394012e2   ldrb   +0x04(%x23)[1byte] -> %w2
T1926856     read  1 byte(s) @ 0xffff857e47ac
T1926856   0x0000ffff898f9880  6b4213ff   subs   %wzr %w2 lsr $0x04 -> %wzr
T1926856   0x0000ffff898f9884  540009c0   b.eq   $0x0000ffff898f99bc
T1926856   0x0000ffff898f9888  394016e1   ldrb   +0x05(%x23)[1byte] -> %w1
T1926856     read  1 byte(s) @ 0xffff857e47ad
T1926856   0x0000ffff898f988c  12000421   and    %w1 $0x00000003 -> %w1
T1926856   0x0000ffff898f9890  51000421   sub    %w1 $0x0001 lsl $0x00 -> %w1
T1926856   0x0000ffff898f9894  7100043f   subs   %w1 $0x0001 lsl $0x00 -> %wzr
T1926856   0x0000ffff898f9898  54000929   b.ls   $0x0000ffff898f99bc
T1926856   0x0000ffff898f989c  f9421a81   ldr    +0x0430(%x20)[8byte] -> %x1
T1926856     read  8 byte(s) @ 0xffff89921630
T1926856   0x0000ffff898f98a0  eb0102ff   subs   %x23 %x1 lsl $0x00 -> %xzr
T1926856   0x0000ffff898f98a4  54002200   b.eq   $0x0000ffff898f9ce4
T1926856   0x0000ffff898f98a8  51100a61   sub    %w19 $0x0402 lsl $0x00 -> %w1
T1926856   0x0000ffff898f98ac  52800025   movz   $0x0001 lsl $0x00 -> %w5
T1926856   0x0000ffff898f98b0  721e783f   ands   %w1 $0xfffffffd -> %wzr
T1926856   0x0000ffff898f98b4  54000080   b.eq   $0x0000ffff898f98c4
T1926856   0x0000ffff898f98b8  51101661   sub    %w19 $0x0405 lsl $0x00 -> %w1
T1926856   0x0000ffff898f98bc  7100083f   subs   %w1 $0x0002 lsl $0x00 -> %wzr
T1926856   0x0000ffff898f98c0  1a9f87e5   csinc  %wzr %wzr hi -> %w5
T1926856   0x0000ffff898f98c4  7110027f   subs   %w19 $0x0400 lsl $0x00 -> %wzr
T1926856   0x0000ffff898f98c8  54001b00   b.eq   $0x0000ffff898f9c28
T1926856   0x0000ffff898f98cc  7110067f   subs   %w19 $0x0401 lsl $0x00 -> %wzr
T1926856   0x0000ffff898f98d0  321e00a1   orr    %w5 $0x00000004 -> %w1
T1926856   0x0000ffff898f98d4  1a850025   csel   %w1 %w5 eq -> %w5
T1926856   0x0000ffff898f98d8  12003800   and    %w0 $0x00007fff -> %w0
T1926856   0x0000ffff898f98dc  52800301   movz   $0x0018 lsl $0x00 -> %w1
T1926856   0x0000ffff898f98e0  f9021a97   str    %x23 -> +0x0430(%x20)[8byte]
T1926856     write 8 byte(s) @ 0xffff89921630
T1926856   0x0000ffff898f98e4  b9043a85   str    %w5 -> +0x0438(%x20)[4byte]
T1926856     write 4 byte(s) @ 0xffff89921638
T1926856   0x0000ffff898f98e8  9ba11004   umaddl %w0 %w1 %x4 -> %x4
T1926856   0x0000ffff898f98ec  b4000084   cbz    $0x0000ffff898f98fc %x4
T1926856   0x0000ffff898f98f0  b9400880   ldr    +0x08(%x4)[4byte] -> %w0
T1926856     read  4 byte(s) @ 0xffff898e35b8
T1926856   0x0000ffff898f98f4  7100001f   subs   %w0 $0x0000 lsl $0x00 -> %wzr
T1926856   0x0000ffff898f98f8  9a9f1084   csel   %x4 %xzr ne -> %x4
T1926856   0x0000ffff898f98fc  a94a07a3   ldp    +0xa0(%x29)[16byte] -> %x3 %x1
T1926856     read  16 byte(s) @ 0xffffd2962f10
T1926856   0x0000ffff898f9900  910303a2   add    %x29 $0x00c0 lsl $0x00 -> %x2
T1926856   0x0000ffff898f9904  b8756b20   ldr    (%x25,%x21)[4byte] -> %w0
T1926856     read  4 byte(s) @ 0xffff857e47a8
T1926856   0x0000ffff898f9908  d2800007   movz   $0x0000 lsl $0x00 -> %x7
T1926856   0x0000ffff898f990c  52800126   movz   $0x0009 lsl $0x00 -> %w6
T1926856   0x0000ffff898f9910  a90b2fa8   stp    %x8 %x11 -> +0xb0(%x29)[16byte]
T1926856     write 16 byte(s) @ 0xffffd2962f20
T1926856   0x0000ffff898f9914  8b000020   add    %x1 %x0 lsl $0x00 -> %x0
T1926856   0x0000ffff898f9918  aa1403e1   orr    %xzr %x20 lsl $0x00 -> %x1
T1926856   0x0000ffff898f991c  97fff921   bl     $0x0000ffff898f7da0 -> %x30
T1926856   0x0000ffff898f7da0  d10443ff   sub    %sp $0x0110 lsl $0x00 -> %sp
T1926856   0x0000ffff898f7da4  a9027bfd   stp    %x29 %x30 -> +0x20(%sp)[16byte]
T1926856     write 16 byte(s) @ 0xffffd2962d70
T1926856   0x0000ffff898f7da8  910083fd   add    %sp $0x0020 lsl $0x00 -> %x29
T1926856   0x0000ffff898f7dac  a90353f3   stp    %x19 %x20 -> +0x30(%sp)[16byte]
T1926856     write 16 byte(s) @ 0xffffd2962d80
T1926856   0x0000ffff898f7db0  aa0203f3   orr    %xzr %x2 lsl $0x00 -> %x19
T1926856   0x0000ffff898f7db4  aa0703f4   orr    %xzr %x7 lsl $0x00 -> %x20
T1926856   0x0000ffff898f7db8  a9045bf5   stp    %x21 %x22 -> +0x40(%sp)[16byte]
T1926856     write 16 byte(s) @ 0xffffd2962d90
T1926856   0x0000ffff898f7dbc  aa0403f5   orr    %xzr %x4 lsl $0x00 -> %x21
T1926856   0x0000ffff898f7dc0  2a0603f6   orr    %wzr %w6 lsl $0x00 -> %w22
T1926856   0x0000ffff898f7dc4  a90563f7   stp    %x23 %x24 -> +0x50(%sp)[16byte]
T1926856     write 16 byte(s) @ 0xffffd2962da0
T1926856   0x0000ffff898f7dc8  aa0103f7   orr    %xzr %x1 lsl $0x00 -> %x23
T1926856   0x0000ffff898f7dcc  a9066bf9   stp    %x25 %x26 -> +0x60(%sp)[16byte]
T1926856     write 16 byte(s) @ 0xffffd2962db0
T1926856   0x0000ffff898f7dd0  a90773fb   stp    %x27 %x28 -> +0x70(%sp)[16byte]
T1926856     write 16 byte(s) @ 0xffffd2962dc0
T1926856   0x0000ffff898f7dd4  aa0003fb   orr    %xzr %x0 lsl $0x00 -> %x27
T1926856   0x0000ffff898f7dd8  39400008   ldrb   (%x0)[1byte] -> %w8
T1926856     read  1 byte(s) @ 0xffff857e5326
T1926856   0x0000ffff898f7ddc  b90083e5   str    %w5 -> +0x80(%sp)[4byte]
T1926856     write 4 byte(s) @ 0xffffd2962dd0
T1926856   0x0000ffff898f7de0  f9004be3   str    %x3 -> +0x90(%sp)[8byte]
T1926856     write 8 byte(s) @ 0xffffd2962de0
T1926856   0x0000ffff898f7de4  34000f48   cbz    $0x0000ffff898f7fcc %w8
T1926856   0x0000ffff898f7de8  d282a0a1   movz   $0x1505 lsl $0x00 -> %x1
T1926856   0x0000ffff898f7dec  d503201f   nop
T1926856   0x0000ffff898f7df0  8b011421   add    %x1 %x1 lsl $0x05 -> %x1
T1926856   0x0000ffff898f7df4  8b280021   add    %x1 %x8 uxtb $0x00 -> %x1
T1926856   0x0000ffff898f7df8  38401c08   ldrb   +0x01(%x0)[1byte] %x0 $0x0000000000000001 -> %w8 %x0
T1926856     read  1 byte(s) @ 0xffff857e5327
T1926856   0x0000ffff898f7dfc  35ffffa8   cbnz   $0x0000ffff898f7df0 %w8
T1926856   0x0000ffff898f7df0  8b011421   add    %x1 %x1 lsl $0x05 -> %x1
T1926856   0x0000ffff898f7df4  8b280021   add    %x1 %x8 uxtb $0x00 -> %x1
T1926856   0x0000ffff898f7df8  38401c08   ldrb   +0x01(%x0)[1byte] %x0 $0x0000000000000001 -> %w8 %x0
T1926856     read  1 byte(s) @ 0xffff857e5328
T1926856   0x0000ffff898f7dfc  35ffffa8   cbnz   $0x0000ffff898f7df0 %w8
T1926856   0x0000ffff898f7df0  8b011421   add    %x1 %x1 lsl $0x05 -> %x1
T1926856   0x0000ffff898f7df4  8b280021   add    %x1 %x8 uxtb $0x00 -> %x1
T1926856   0x0000ffff898f7df8  38401c08   ldrb   +0x01(%x0)[1byte] %x0 $0x0000000000000001 -> %w8 %x0
T1926856     read  1 byte(s) @ 0xffff857e5329
T1926856   0x0000ffff898f7dfc  35ffffa8   cbnz   $0x0000ffff898f7df0 %w8
T1926856   0x0000ffff898f7df0  8b011421   add    %x1 %x1 lsl $0x05 -> %x1
T1926856   0x0000ffff898f7df4  8b280021   add    %x1 %x8 uxtb $0x00 -> %x1
T1926856   0x0000ffff898f7df8  38401c08   ldrb   +0x01(%x0)[1byte] %x0 $0x0000000000000001 -> %w8 %x0
T1926856     read  1 byte(s) @ 0xffff857e532a
T1926856   0x0000ffff898f7dfc  35ffffa8   cbnz   $0x0000ffff898f7df0 %w8
T1926856   0x0000ffff898f7df0  8b011421   add    %x1 %x1 lsl $0x05 -> %x1
T1926856   0x0000ffff898f7df4  8b280021   add    %x1 %x8 uxtb $0x00 -> %x1
T1926856   0x0000ffff898f7df8  38401c08   ldrb   +0x01(%x0)[1byte] %x0 $0x0000000000000001 -> %w8 %x0
T1926856     read  1 byte(s) @ 0xffff857e532b
T1926856   0x0000ffff898f7dfc  35ffffa8   cbnz   $0x0000ffff898f7df0 %w8
T1926856   0x0000ffff898f7df0  8b011421   add    %x1 %x1 lsl $0x05 -> %x1
T1926856   0x0000ffff898f7df4  8b280021   add    %x1 %x8 uxtb $0x00 -> %x1
T1926856   0x0000ffff898f7df8  38401c08   ldrb   +0x01(%x0)[1byte] %x0 $0x0000000000000001 -> %w8 %x0
T1926856     read  1 byte(s) @ 0xffff857e532c
T1926856   0x0000ffff898f7dfc  35ffffa8   cbnz   $0x0000ffff898f7df0 %w8
T1926856   0x0000ffff898f7e00  92407c3a   and    %x1 $0x00000000ffffffff -> %x26
T1926856   0x0000ffff898f7e04  b0000140   adrp   <rel> 0x0000ffff89920000 -> %x0
T1926856   0x0000ffff898f7e08  91018002   add    %x0 $0x0060 lsl $0x00 -> %x2
T1926856   0x0000ffff898f7e0c  b2407fe0   orr    %xzr $0x00000000ffffffff -> %x0
T1926856   0x0000ffff898f7e10  f90067e0   str    %x0 -> +0xc8(%sp)[8byte]
T1926856     write 8 byte(s) @ 0xffffd2962e18
T1926856   0x0000ffff898f7e14  a90dffff   stp    %xzr %xzr -> +0xd8(%sp)[16byte]
T1926856     write 16 byte(s) @ 0xffffd2962e28
T1926856   0x0000ffff898f7e18  f9450040   ldr    +0x0a00(%x2)[8byte] -> %x0
T1926856     read  8 byte(s) @ 0xffff89920a60
T1926856   0x0000ffff898f7e1c  91000400   add    %x0 $0x0001 lsl $0x00 -> %x0
T1926856   0x0000ffff898f7e20  f9050040   str    %x0 -> +0x0a00(%x2)[8byte]
T1926856     write 8 byte(s) @ 0xffff89920a60
T1926856   0x0000ffff898f7e24  b4000055   cbz    $0x0000ffff898f7e2c %x21
T1926856   0x0000ffff898f7e28  37086c56   tbnz   $0x0000ffff898f8bb0 %x22 $0x01
T1926856   0x0000ffff898f7e2c  f9404be0   ldr    +0x90(%sp)[8byte] -> %x0
T1926856     read  8 byte(s) @ 0xffffd2962de0
T1926856   0x0000ffff898f7e30  f9400263   ldr    (%x19)[8byte] -> %x3
T1926856     read  8 byte(s) @ 0xffffd2962f30
T1926856   0x0000ffff898f7e34  f9400005   ldr    (%x0)[8byte] -> %x5
T1926856     read  8 byte(s) @ 0xffff89921598
T1926856   0x0000ffff898f7e38  b5001114   cbnz   $0x0000ffff898f8058 %x20
T1926856   0x0000ffff898f7e3c  b4000cc5   cbz    $0x0000ffff898f7fd4 %x5
T1926856   0x0000ffff898f7e40  f90047ff   str    %xzr -> +0x88(%sp)[8byte]
T1926856     write 8 byte(s) @ 0xffffd2962dd8
T1926856   0x0000ffff898f7e44  910363f8   add    %sp $0x00d8 lsl $0x00 -> %x24
T1926856   0x0000ffff898f7e48  910323f9   add    %sp $0x00c8 lsl $0x00 -> %x25
T1926856   0x0000ffff898f7e4c  a948f3e6   ldp    +0x88(%sp)[16byte] -> %x6 %x28
T1926856     read  16 byte(s) @ 0xffffd2962dd8
T1926856   0x0000ffff898f7e50  14000005   b      $0x0000ffff898f7e64
T1926856   0x0000ffff898f7e64  b94083e0   ldr    +0x80(%sp)[4byte] -> %w0
T1926856     read  4 byte(s) @ 0xffffd2962dd0
T1926856   0x0000ffff898f7e68  aa1503e7   orr    %xzr %x21 lsl $0x00 -> %x7
T1926856   0x0000ffff898f7e6c  b90003f6   str    %w22 -> (%sp)[4byte]
T1926856     write 4 byte(s) @ 0xffffd2962d50
T1926856   0x0000ffff898f7e70  aa1803e4   orr    %xzr %x24 lsl $0x00 -> %x4
T1926856   0x0000ffff898f7e74  f90007f4   str    %x20 -> +0x08(%sp)[8byte]
T1926856     write 8 byte(s) @ 0xffffd2962d58
T1926856   0x0000ffff898f7e78  aa1903e2   orr    %xzr %x25 lsl $0x00 -> %x2
T1926856   0x0000ffff898f7e7c  b90013e0   str    %w0 -> +0x10(%sp)[4byte]
T1926856     write 4 byte(s) @ 0xffffd2962d60
T1926856   0x0000ffff898f7e80  aa1a03e1   orr    %xzr %x26 lsl $0x00 -> %x1
T1926856   0x0000ffff898f7e84  f9000ff7   str    %x23 -> +0x18(%sp)[8byte]
T1926856     write 8 byte(s) @ 0xffffd2962d68
T1926856   0x0000ffff898f7e88  aa1b03e0   orr    %xzr %x27 lsl $0x00 -> %x0
T1926856   0x0000ffff898f7e8c  97fffd15   bl     $0x0000ffff898f72e0 -> %x30
T1926856   0x0000ffff898f72e0  d10403ff   sub    %sp $0x0100 lsl $0x00 -> %sp
T1926856   0x0000ffff898f72e4  a9027bfd   stp    %x29 %x30 -> +0x20(%sp)[16byte]
T1926856     write 16 byte(s) @ 0xffffd2962c70
T1926856   0x0000ffff898f72e8  910083fd   add    %sp $0x0020 lsl $0x00 -> %x29
